Reading from standard input... Use '-h' or '--help' for help.
==================================[MINISAT]===================================
| Conflicts |     ORIGINAL     |              LEARNT              | Progress |
|           | Clauses Literals |   Limit Clauses Literals  Lit/Cl |          |
==============================================================================
|         0 |  326801   916641 |  108933       0        0     nan |  0.000 % |
|       109 |  326813   916641 |  119826      96    10225   106.5 | 29.011 % |
|       259 |  326822   916641 |  131808     236    45343   192.1 | 29.011 % |
|       484 |  326830   916641 |  144989     452    82969   183.6 | 44.777 % |
|       823 |  269452   843550 |  159488     769   107250   139.5 | 44.905 % |
|      1329 |  269464   843550 |  175437    1261   169179   134.2 | 45.348 % |
|      2088 |  266450   839583 |  192981    1992   330570   165.9 | 45.367 % |
|      3227 |  266070   838968 |  212279    2949   416866   141.4 | 45.497 % |
|      4935 |  264384   836408 |  233507    4027   584452   145.1 | 45.704 % |
|      7497 |  261970   832787 |  256858    6388   755820   118.3 | 46.144 % |
|     11344 |  258221   827560 |  282544    9327   989387   106.1 | 46.841 % |
|     17111 |  255550   823903 |  310798   14141  1422449   100.6 | 47.310 % |
|     25760 |  254218   822076 |  341878   22420  2094391    93.4 | 47.484 % |
==============================================================================
restarts              : 13
conflicts             : 30666          (4227 /sec)
decisions             : 123135         (16972 /sec)
propagations          : 57504494       (7925826 /sec)
conflict literals     : 2637588        (41.10 % deleted)
Memory used           : 30.11 MB
CPU time              : 7.25533 s

UNSATISFIABLE
