Reading from standard input... Use '-h' or '--help' for help.
==================================[MINISAT]===================================
| Conflicts |     ORIGINAL     |              LEARNT              | Progress |
|           | Clauses Literals |   Limit Clauses Literals  Lit/Cl |          |
==============================================================================
|         0 |  324187   913234 |  108062       0        0     nan |  0.000 % |
|       100 |  324199   913234 |  118868      88     1197    13.6 | 29.453 % |
|       250 |  324202   913234 |  130755     235    21429    91.2 | 29.453 % |
|       476 |  324206   913234 |  143830     455    34804    76.5 | 29.457 % |
|       816 |  324194   913168 |  158213     761   110458   145.1 | 29.472 % |
|      1322 |  324064   913054 |  174034    1237   149356   120.7 | 29.517 % |
|      2081 |  324074   913054 |  191438    1986   326087   164.2 | 29.517 % |
|      3220 |  323764   912403 |  210582    3024   555771   183.8 | 29.528 % |
|      4928 |  323778   912403 |  231640    4717   792539   168.0 | 47.400 % |
|      7494 |  260150   832305 |  254804    7197  1205704   167.5 | 47.400 % |
|     11339 |  257378   828212 |  280284   10952  2075955   189.6 | 47.945 % |
|     17106 |  248057   814432 |  308313   14740  2564774   174.0 | 49.586 % |
==============================================================================
restarts              : 12
conflicts             : 19200          (3701 /sec)
decisions             : 70827          (13651 /sec)
propagations          : 35443880       (6831577 /sec)
conflict literals     : 2959564        (39.51 % deleted)
Memory used           : 31.02 MB
CPU time              : 5.18824 s

UNSATISFIABLE
