Reading from standard input... Use '-h' or '--help' for help.
==================================[MINISAT]===================================
| Conflicts |     ORIGINAL     |              LEARNT              | Progress |
|           | Clauses Literals |   Limit Clauses Literals  Lit/Cl |          |
==============================================================================
|         0 |  212858   591788 |   70952       0        0     nan |  0.000 % |
|       100 |  212860   591788 |   78047      98     1470    15.0 | 29.238 % |
|       253 |  212888   591788 |   85851     223     2513    11.3 | 29.238 % |
|       478 |  212835   591716 |   94437     402     9864    24.5 | 29.245 % |
|       815 |  212842   591716 |  103880     730    44971    61.6 | 47.066 % |
|      1321 |  171644   539801 |  114268    1204    76208    63.3 | 47.317 % |
|      2080 |  169983   537289 |  125695    1787   127191    71.2 | 47.809 % |
|      3221 |  169128   535992 |  138265    2856   212252    74.3 | 48.123 % |
|      4929 |  167486   533699 |  152091    4505   398527    88.5 | 48.422 % |
|      7495 |  165706   530861 |  167301    6974   536862    77.0 | 48.855 % |
==============================================================================
restarts              : 10
conflicts             : 9932           (6800 /sec)
decisions             : 36357          (24892 /sec)
propagations          : 15667914       (10726973 /sec)
conflict literals     : 643254         (33.66 % deleted)
Memory used           : 16.40 MB
CPU time              : 1.46061 s

UNSATISFIABLE
