Reading from standard input... Use '-h' or '--help' for help.
==================================[MINISAT]===================================
| Conflicts |     ORIGINAL     |              LEARNT              | Progress |
|           | Clauses Literals |   Limit Clauses Literals  Lit/Cl |          |
==============================================================================
|         0 |  323106   910838 |  107702       0        0     nan |  0.000 % |
|       104 |  323118   910838 |  118472      92     1178    12.8 | 29.693 % |
|       256 |  323129   910838 |  130319     233    16594    71.2 | 29.693 % |
|       482 |  323139   910838 |  143351     449    57991   129.2 | 29.693 % |
|       820 |  323157   910838 |  157686     769   108767   141.4 | 29.693 % |
|      1335 |  323184   910838 |  173455    1257   161618   128.6 | 29.693 % |
|      2094 |  323141   910775 |  190800    1995   282708   141.7 | 44.004 % |
|      3233 |  268983   840409 |  209880    3058   354231   115.8 | 44.064 % |
|      4941 |  267581   838755 |  230868    4731   526783   111.3 | 44.401 % |
|      7504 |  267339   838452 |  253955    7242   788186   108.8 | 44.445 % |
|     11348 |  266938   837696 |  279351   10961  1126620   102.8 | 45.030 % |
|     17114 |  262698   831978 |  307286   15814  1655981   104.7 | 45.410 % |
|     25766 |  261225   829333 |  338015   23478  2384162   101.5 | 45.703 % |
==============================================================================
restarts              : 13
conflicts             : 37798          (4274 /sec)
decisions             : 148295         (16770 /sec)
propagations          : 66258810       (7492758 /sec)
conflict literals     : 3325412        (45.18 % deleted)
Memory used           : 33.48 MB
CPU time              : 8.84305 s

UNSATISFIABLE
