Reading from standard input... Use '-h' or '--help' for help.
==================================[MINISAT]===================================
| Conflicts |     ORIGINAL     |              LEARNT              | Progress |
|           | Clauses Literals |   Limit Clauses Literals  Lit/Cl |          |
==============================================================================
|         0 |  336085   925056 |  112028       0        0     nan |  0.000 % |
|       101 |  336100   925056 |  123230      86     1417    16.5 | 27.518 % |
|       253 |  336105   925056 |  135553     233     5764    24.7 | 27.518 % |
|       479 |  336110   925056 |  149109     454    46927   103.4 | 27.518 % |
|       817 |  336129   925056 |  164020     772    71414    92.5 | 30.346 % |
|      1323 |  320367   899135 |  180422    1261   102700    81.4 | 30.346 % |
|      2083 |  320329   899129 |  198464    2004   144983    72.3 | 30.346 % |
|      3223 |  320353   899129 |  218310    3120   338764   108.6 | 30.346 % |
|      4931 |  320354   899129 |  240141    4820   575012   119.3 | 30.348 % |
|      7497 |  320377   898955 |  264156    7246   819568   113.1 | 30.384 % |
|     11345 |  320096   898400 |  290571   11009  1342218   121.9 | 30.426 % |
|     17111 |  319958   897974 |  319628   16625  1951008   117.4 | 30.440 % |
|     25760 |  320083   897887 |  351591   25072  2984760   119.0 | 30.446 % |
==============================================================================
restarts              : 13
conflicts             : 35580          (6166 /sec)
decisions             : 140239         (24304 /sec)
propagations          : 58269318       (10098425 /sec)
conflict literals     : 3918633        (50.02 % deleted)
Memory used           : 35.90 MB
CPU time              : 5.77014 s

UNSATISFIABLE
