Reading from standard input... Use '-h' or '--help' for help.
==================================[MINISAT]===================================
| Conflicts |     ORIGINAL     |              LEARNT              | Progress |
|           | Clauses Literals |   Limit Clauses Literals  Lit/Cl |          |
==============================================================================
|         0 |  327373   916120 |  109124       0        0     nan |  0.000 % |
|       101 |  327387   916120 |  120036      87      938    10.8 | 28.961 % |
|       252 |  327393   916120 |  132040     230    17232    74.9 | 28.965 % |
|       478 |  327399   916120 |  145244     449    59607   132.8 | 28.967 % |
|       818 |  327422   916120 |  159768     766    89711   117.1 | 28.967 % |
|      1324 |  327419   916021 |  175745    1203   127528   106.0 | 39.845 % |
|      2083 |  327461   916021 |  193319    1919   187573    97.7 | 39.849 % |
|      3222 |  283859   857579 |  212651    2910   360945   124.0 | 39.899 % |
|      4940 |  282492   855857 |  233916    4568   474271   103.8 | 40.184 % |
|      7502 |  281050   853673 |  257308    7006   704079   100.5 | 40.398 % |
|     11348 |  279864   851997 |  283039   10725  1005893    93.8 | 40.586 % |
|     17114 |  277467   848504 |  311343   15964  1567176    98.2 | 40.935 % |
|     25763 |  276655   847193 |  342477   24392  2648826   108.6 | 41.070 % |
|     38738 |  276254   846356 |  376725   37146  4558063   122.7 | 41.155 % |
|     58199 |  275200   844775 |  414398   56306  7151668   127.0 | 41.308 % |

*** INTERRUPTED ***
restarts              : 15
conflicts             : 84517          (2870 /sec)
decisions             : 324779         (11027 /sec)
propagations          : 169891197      (5768292 /sec)
conflict literals     : 10587443       (49.25 % deleted)
Memory used           : 64.44 MB
CPU time              : 29.4526 s

*** INTERRUPTED ***
