Reading from standard input... Use '-h' or '--help' for help.
==================================[MINISAT]===================================
| Conflicts |     ORIGINAL     |              LEARNT              | Progress |
|           | Clauses Literals |   Limit Clauses Literals  Lit/Cl |          |
==============================================================================
|         0 |  140500   382186 |   46833       0        0     nan |  0.000 % |
|       101 |  140504   382186 |   51516      97     4066    41.9 | 26.701 % |
|       251 |  140509   382186 |   56667     241    18918    78.5 | 26.702 % |
|       476 |  119569   354365 |   62334     452    24572    54.4 | 39.740 % |
|       813 |  119583   354365 |   68568     774    50203    64.9 | 39.744 % |
|      1319 |  119589   354332 |   75425    1239    75103    60.6 | 39.744 % |
|      2078 |  119278   353882 |   82967    1971   174039    88.3 | 40.106 % |
|      3218 |  118169   352441 |   91264    3065   230272    75.1 | 40.260 % |
|      4926 |  116443   350192 |  100390    4583   304802    66.5 | 41.039 % |
|      7489 |  114365   347229 |  110429    6904   436616    63.2 | 41.833 % |
|     11339 |  114049   346741 |  121472   10672   783799    73.4 | 42.257 % |
|     17105 |  112724   344788 |  133620   13707  1064635    77.7 | 42.634 % |
|     25754 |  112197   344038 |  146982   21638  1592643    73.6 | 42.816 % |
==============================================================================
restarts              : 13
conflicts             : 31342          (6440 /sec)
decisions             : 90067          (18508 /sec)
propagations          : 46006620       (9453919 /sec)
conflict literals     : 2185252        (45.39 % deleted)
Memory used           : 18.35 MB
CPU time              : 4.86641 s

UNSATISFIABLE
