Reading from standard input... Use '-h' or '--help' for help.
==================================[MINISAT]===================================
| Conflicts |     ORIGINAL     |              LEARNT              | Progress |
|           | Clauses Literals |   Limit Clauses Literals  Lit/Cl |          |
==============================================================================
|         0 |  210106   587900 |   70035       0        0     nan |  0.000 % |
|       102 |  210109   587900 |   77038      96     6201    64.6 | 52.573 % |
|       253 |  210118   587900 |   84742     238     9736    40.9 | 52.573 % |
|       478 |  210130   587900 |   93216     451    13810    30.6 | 52.573 % |
|       816 |  157143   524237 |  102538     773    22923    29.7 | 52.573 % |
|      1324 |  157137   524234 |  112792    1261    31704    25.1 | 52.579 % |
|      2083 |  157093   524138 |  124071    1984    54158    27.3 | 52.599 % |
|      3224 |  156967   523970 |  136478    2946    83670    28.4 | 52.613 % |
==============================================================================
restarts              : 8
conflicts             : 4148           (12663 /sec)
decisions             : 15645          (47762 /sec)
propagations          : 5270577        (16090221 /sec)
conflict literals     : 113259         (30.56 % deleted)
Memory used           : 14.98 MB
CPU time              : 0.327564 s

UNSATISFIABLE
