Reading from standard input... Use '-h' or '--help' for help.
==================================[MINISAT]===================================
| Conflicts |     ORIGINAL     |              LEARNT              | Progress |
|           | Clauses Literals |   Limit Clauses Literals  Lit/Cl |          |
==============================================================================
|         0 |  325786   913161 |  108595       0        0     nan |  0.000 % |
|       100 |  325802   913161 |  119454      84     1249    14.9 | 29.223 % |
|       250 |  325809   913161 |  131399     227    16503    72.7 | 29.223 % |
|       475 |  325811   913161 |  144539     449    34394    76.6 | 38.834 % |
|       813 |  325832   913161 |  158993     766    53429    69.8 | 38.834 % |
|      1319 |  285197   857967 |  174893    1128    74555    66.1 | 39.062 % |
|      2078 |  285206   857967 |  192382    1876   148415    79.1 | 39.098 % |
|      3218 |  284997   857630 |  211620    2961   429653   145.1 | 39.105 % |
|      4928 |  284132   856628 |  232783    4583   579941   126.5 | 39.260 % |
|      7491 |  281563   853310 |  256061    6949   804250   115.7 | 39.934 % |
|     11335 |  277526   847701 |  281667   10250  1131574   110.4 | 40.669 % |
|     17103 |  277261   847323 |  309834   15898  1704160   107.2 | 40.705 % |
|     25752 |  276209   845463 |  340817   24269  2590057   106.7 | 40.860 % |
|     38726 |  273704   841482 |  374899   34852  3683192   105.7 | 41.331 % |
==============================================================================
restarts              : 14
conflicts             : 46720          (4550 /sec)
decisions             : 161053         (15684 /sec)
propagations          : 64493556       (6280742 /sec)
conflict literals     : 4542260        (49.70 % deleted)
Memory used           : 38.91 MB
CPU time              : 10.2685 s

UNSATISFIABLE
