Reading from standard input... Use '-h' or '--help' for help.
==================================[MINISAT]===================================
| Conflicts |     ORIGINAL     |              LEARNT              | Progress |
|           | Clauses Literals |   Limit Clauses Literals  Lit/Cl |          |
==============================================================================
|         0 |  327400   916144 |  109133       0        0     nan |  0.000 % |
|       102 |  327415   916144 |  120046      87     1112    12.8 | 28.924 % |
|       252 |  327430   916144 |  132050     221    10843    49.1 | 28.932 % |
|       477 |  327451   916144 |  145256     424    20341    48.0 | 28.934 % |
|       814 |  327395   915979 |  159781     681    31946    46.9 | 39.945 % |
|      1320 |  284050   857944 |  175759    1159    65937    56.9 | 39.948 % |
|      2080 |  284058   857944 |  193335    1911   141695    74.1 | 39.948 % |
|      3220 |  283785   857520 |  212669    2990   202639    67.8 | 40.057 % |
|      4928 |  283153   856325 |  233936    4508   343197    76.1 | 40.102 % |
|      7492 |  282415   855236 |  257329    6976   694445    99.5 | 40.240 % |
|     11336 |  281753   854489 |  283062   10705  1229992   114.9 | 40.341 % |
|     17102 |  280294   852263 |  311369   16347  1780716   108.9 | 40.586 % |
|     25751 |  279657   851356 |  342506   24895  3096077   124.4 | 40.732 % |
|     38727 |  279013   850246 |  376756   37676  4490476   119.2 | 40.856 % |
|     58188 |  278704   849742 |  414432   56989  7278362   127.7 | 40.918 % |

*** INTERRUPTED ***
restarts              : 15
conflicts             : 83207          (2824 /sec)
decisions             : 306758         (10412 /sec)
propagations          : 192214688      (6523995 /sec)
conflict literals     : 10393587       (51.71 % deleted)
Memory used           : 63.85 MB
CPU time              : 29.4627 s

*** INTERRUPTED ***
