Reading from standard input... Use '-h' or '--help' for help.
==================================[MINISAT]===================================
| Conflicts |     ORIGINAL     |              LEARNT              | Progress |
|           | Clauses Literals |   Limit Clauses Literals  Lit/Cl |          |
==============================================================================
|         0 |  324765   912611 |  108255       0        0     nan |  0.000 % |
|       100 |  324779   912611 |  119080      86     1208    14.0 | 29.431 % |
|       251 |  324791   912611 |  130988     222     5093    22.9 | 40.267 % |
|       476 |  324795   912611 |  144087     443    11892    26.8 | 40.267 % |
|       814 |  324805   912611 |  158496     771    61496    79.8 | 40.267 % |
|      1322 |  281680   855409 |  174345    1253   135990   108.5 | 40.330 % |
|      2081 |  281195   854767 |  191780    1784   175919    98.6 | 40.435 % |
|      3223 |  279910   853201 |  210958    2809   279936    99.7 | 40.617 % |
|      4934 |  279885   853111 |  232054    4487   427410    95.3 | 40.624 % |
|      7498 |  279879   853024 |  255259    6987   668844    95.7 | 40.681 % |
|     11343 |  278893   851735 |  280785   10705  1056709    98.7 | 40.849 % |
|     17111 |  276520   848606 |  308864   16333  1655779   101.4 | 41.194 % |
|     25761 |  273561   843806 |  339750   21009  2358373   112.3 | 41.735 % |
|     38738 |  273329   843248 |  373725   33797  3875173   114.7 | 41.784 % |
|     58199 |  272661   842207 |  411098   52957  5916544   111.7 | 41.984 % |
==============================================================================
restarts              : 15
conflicts             : 61302          (4424 /sec)
decisions             : 207646         (14986 /sec)
propagations          : 109400924      (7895519 /sec)
conflict literals     : 6421438        (49.46 % deleted)
Memory used           : 46.13 MB
CPU time              : 13.8561 s

UNSATISFIABLE
