Reading from standard input... Use '-h' or '--help' for help.
==================================[MINISAT]===================================
| Conflicts |     ORIGINAL     |              LEARNT              | Progress |
|           | Clauses Literals |   Limit Clauses Literals  Lit/Cl |          |
==============================================================================
|         0 |  325044   913239 |  108348       0        0     nan |  0.000 % |
|       100 |  325053   913239 |  119182      91     1672    18.4 | 29.339 % |
|       251 |  325057   913239 |  131101     238    21805    91.6 | 29.339 % |
|       476 |  325065   913239 |  144211     455    49190   108.1 | 29.339 % |
|       813 |  325072   913239 |  158632     785   149129   190.0 | 29.339 % |
|      1320 |  325089   913239 |  174495    1275   254653   199.7 | 29.339 % |
|      2079 |  325107   913239 |  191945    2016   397947   197.4 | 29.339 % |
|      3218 |  276362   849284 |  211139    3076   482007   156.7 | 42.107 % |
|      4927 |  274803   846859 |  232253    4537   572211   126.1 | 42.621 % |
|      7489 |  273092   844596 |  255478    6876   787131   114.5 | 43.024 % |
|     11333 |  270262   840739 |  281026   10409  1004319    96.5 | 43.251 % |
|     17101 |  269384   839266 |  309129   16000  1607367   100.5 | 43.502 % |
|     25752 |  265491   832813 |  340042   19468  2086864   107.2 | 44.086 % |
|     38727 |  264829   831670 |  374046   32207  3616281   112.3 | 44.205 % |
==============================================================================
restarts              : 14
conflicts             : 55182          (3621 /sec)
decisions             : 203258         (13336 /sec)
propagations          : 102039889      (6695075 /sec)
conflict literals     : 5577304        (47.42 % deleted)
Memory used           : 41.73 MB
CPU time              : 15.241 s

UNSATISFIABLE
