Reading from standard input... Use '-h' or '--help' for help.
==================================[MINISAT]===================================
| Conflicts |     ORIGINAL     |              LEARNT              | Progress |
|           | Clauses Literals |   Limit Clauses Literals  Lit/Cl |          |
==============================================================================
|         0 |  331028   920529 |  110342       0        0     nan |  0.000 % |
|       100 |  331045   920529 |  121376      83     1380    16.6 | 28.233 % |
|       250 |  331056   920529 |  133513     222    16433    74.0 | 28.233 % |
|       475 |  330995   920358 |  146865     423    29941    70.8 | 28.260 % |
|       814 |  331013   920358 |  161551     743    58857    79.2 | 28.273 % |
|      1321 |  330869   920091 |  177706    1212    90583    74.7 | 38.024 % |
|      2082 |  290509   864545 |  195477    1932   177534    91.9 | 38.261 % |
|      3221 |  288810   862538 |  215025    2983   296522    99.4 | 38.311 % |
|      4929 |  288245   861905 |  236527    4646   452406    97.4 | 38.416 % |
|      7491 |  287750   861317 |  260180    7166   744900   103.9 | 38.494 % |
|     11335 |  286969   860276 |  286198   10897  1234900   113.3 | 38.655 % |
|     17102 |  282542   854830 |  314818   16176  1965212   121.5 | 39.541 % |
|     25754 |  282222   854194 |  346300   24731  3379595   136.7 | 39.574 % |
|     38728 |  281806   853678 |  380930   37609  5499056   146.2 | 39.647 % |
|     58192 |  281844   853507 |  419023   56905  8287728   145.6 | 39.647 % |
|     87387 |  282000   853381 |  460925   85825 11878825   138.4 | 39.678 % |

*** INTERRUPTED ***
restarts              : 16
conflicts             : 90244          (3073 /sec)
decisions             : 313886         (10690 /sec)
propagations          : 167210928      (5694617 /sec)
conflict literals     : 12194074       (49.72 % deleted)
Memory used           : 71.92 MB
CPU time              : 29.363 s

*** INTERRUPTED ***
