Reading from standard input... Use '-h' or '--help' for help.
==================================[MINISAT]===================================
| Conflicts |     ORIGINAL     |              LEARNT              | Progress |
|           | Clauses Literals |   Limit Clauses Literals  Lit/Cl |          |
==============================================================================
|         0 |  323996   913404 |  107998       0        0     nan |  0.000 % |
|       101 |  324010   913404 |  118797      85    43972   517.3 | 29.503 % |
|       251 |  324022   913404 |  130677     221    46510   210.5 | 52.834 % |
|       476 |  324035   913404 |  143745     433    56405   130.3 | 52.834 % |
|       814 |  235615   805753 |  158119     651    65486   100.6 | 52.844 % |
|      1320 |  235625   805753 |  173931    1147    84902    74.0 | 52.844 % |
|      2079 |  235631   805753 |  191325    1900   112265    59.1 | 52.844 % |
|      3218 |  235613   805708 |  210457    3031   159528    52.6 | 52.857 % |
==============================================================================
restarts              : 8
conflicts             : 4859           (7474 /sec)
decisions             : 18055          (27771 /sec)
propagations          : 6972511        (10724548 /sec)
conflict literals     : 219931         (30.17 % deleted)
Memory used           : 21.87 MB
CPU time              : 0.650145 s

UNSATISFIABLE
