Reading from standard input... Use '-h' or '--help' for help.
==================================[MINISAT]===================================
| Conflicts |     ORIGINAL     |              LEARNT              | Progress |
|           | Clauses Literals |   Limit Clauses Literals  Lit/Cl |          |
==============================================================================
|         0 |  324371   912821 |  108123       0        0     nan |  0.000 % |
|       100 |  324380   912821 |  118935      91     1074    11.8 | 29.462 % |
|       252 |  324391   912821 |  130828     232     6840    29.5 | 29.462 % |
|       485 |  324396   912821 |  143911     460    11668    25.4 | 29.462 % |
|       822 |  324402   912821 |  158302     791    36543    46.2 | 29.462 % |
|      1333 |  324426   912821 |  174133    1278    71058    55.6 | 29.462 % |
|      2093 |  272629   846159 |  191546    1967   152305    77.4 | 43.701 % |
|      3232 |  271246   844279 |  210701    3056   295113    96.6 | 43.800 % |
|      4940 |  271307   844279 |  231771    4686   547676   116.9 | 43.997 % |
|      7503 |  268210   840639 |  254948    7019   739781   105.4 | 44.409 % |
|     11348 |  265963   837287 |  280443   10724  1028616    95.9 | 44.751 % |
|     17116 |  263627   833375 |  308487   14264  1388116    97.3 | 45.272 % |
|     25765 |  261936   830688 |  339336   22665  2078877    91.7 | 45.500 % |
|     38742 |  261287   829554 |  373269   35490  3368631    94.9 | 45.595 % |
==============================================================================
restarts              : 14
conflicts             : 47381          (4220 /sec)
decisions             : 179283         (15967 /sec)
propagations          : 94950432       (8456223 /sec)
conflict literals     : 4252587        (48.34 % deleted)
Memory used           : 37.75 MB
CPU time              : 11.2285 s

UNSATISFIABLE
