Reading from standard input... Use '-h' or '--help' for help.
==================================[MINISAT]===================================
| Conflicts |     ORIGINAL     |              LEARNT              | Progress |
|           | Clauses Literals |   Limit Clauses Literals  Lit/Cl |          |
==============================================================================
|         0 |  327749   916840 |  109249       0        0     nan |  0.000 % |
|       102 |  327760   916840 |  120173      91     1505    16.5 | 28.812 % |
|       252 |  327773   916840 |  132191     227     4952    21.8 | 41.241 % |
|       478 |  327775   916840 |  145410     451    21707    48.1 | 41.241 % |
|       815 |  327797   916840 |  159951     766    40218    52.5 | 41.241 % |
|      1324 |  280292   854462 |  175946    1236    59848    48.4 | 41.245 % |
|      2085 |  280208   854275 |  193541    1959   135430    69.1 | 41.331 % |
|      3225 |  279477   853201 |  212895    2998   228166    76.1 | 41.398 % |
|      4935 |  279150   852634 |  234184    4668   364522    78.1 | 41.537 % |
|      7497 |  278114   851166 |  257603    7173   585377    81.6 | 41.613 % |
|     11341 |  278043   850947 |  283363   10935  1139882   104.2 | 41.646 % |
|     17107 |  273475   844507 |  311700   14578  1563984   107.3 | 42.549 % |
|     25756 |  272197   842602 |  342870   23121  2729888   118.1 | 42.827 % |
|     38730 |  270369   839740 |  377157   35764  4339062   121.3 | 43.113 % |
|     58191 |  270052   839133 |  414872   54877  6818871   124.3 | 43.257 % |

*** INTERRUPTED ***
restarts              : 15
conflicts             : 82688          (2809 /sec)
decisions             : 272627         (9261 /sec)
propagations          : 164105047      (5574561 /sec)
conflict literals     : 9687932        (51.92 % deleted)
Memory used           : 61.08 MB
CPU time              : 29.4382 s

*** INTERRUPTED ***
