Reading from standard input... Use '-h' or '--help' for help.
==================================[MINISAT]===================================
| Conflicts |     ORIGINAL     |              LEARNT              | Progress |
|           | Clauses Literals |   Limit Clauses Literals  Lit/Cl |          |
==============================================================================
|         0 |  211212   589888 |   70404       0        0     nan |  0.000 % |
|       101 |  211214   589888 |   77444      99     1159    11.7 | 29.738 % |
|       251 |  211219   589888 |   85188     243     3812    15.7 | 52.727 % |
|       478 |  211235   589888 |   93707     453    10595    23.4 | 52.727 % |
|       816 |  157237   524793 |  103078     778    24295    31.2 | 52.728 % |
|      1322 |  157245   524793 |  113386    1276    39100    30.6 | 52.728 % |
|      2081 |  156952   524202 |  124724    1774    56339    31.8 | 52.823 % |
|      3220 |  156971   524202 |  137197    2894    94912    32.8 | 52.823 % |
==============================================================================
restarts              : 8
conflicts             : 4132           (8875 /sec)
decisions             : 13837          (29719 /sec)
propagations          : 5391593        (11580056 /sec)
conflict literals     : 127702         (30.62 % deleted)
Memory used           : 14.97 MB
CPU time              : 0.465593 s

UNSATISFIABLE
