Reading from standard input... Use '-h' or '--help' for help.
==================================[MINISAT]===================================
| Conflicts |     ORIGINAL     |              LEARNT              | Progress |
|           | Clauses Literals |   Limit Clauses Literals  Lit/Cl |          |
==============================================================================
|         0 |  320172   906039 |  106724       0        0     nan |  0.000 % |
|       103 |  320189   906039 |  117396      86      941    10.9 | 30.392 % |
|       255 |  320192   906039 |  129136     235    21088    89.7 | 30.392 % |
|       480 |  320202   906039 |  142049     446    77789   174.4 | 30.423 % |
|       817 |  320030   905760 |  156254     767   113836   148.4 | 30.432 % |
|      1323 |  320046   905760 |  171880    1257   251714   200.2 | 30.432 % |
|      2082 |  320001   905595 |  189068    1929   358795   186.0 | 40.107 % |
|      3227 |  280862   852070 |  207974    3039   513189   168.9 | 40.194 % |
|      4935 |  279228   849967 |  228772    4590   626473   136.5 | 40.381 % |
|      7497 |  278806   849523 |  251649    7087   822638   116.1 | 40.512 % |
|     11342 |  278181   848554 |  276814   10861  1133964   104.4 | 40.582 % |
|     17109 |  274766   842941 |  304496   12363  1361527   110.1 | 41.159 % |
|     25758 |  272684   839854 |  334945   20540  2349442   114.4 | 41.504 % |
|     38733 |  272321   839194 |  368440   33277  3483050   104.7 | 41.616 % |
==============================================================================
restarts              : 14
conflicts             : 41926          (5682 /sec)
decisions             : 155124         (21023 /sec)
propagations          : 58437243       (7919514 /sec)
conflict literals     : 4218616        (43.07 % deleted)
Memory used           : 35.83 MB
CPU time              : 7.37889 s

UNSATISFIABLE
