Reading from standard input... Use '-h' or '--help' for help.
==================================[MINISAT]===================================
| Conflicts |     ORIGINAL     |              LEARNT              | Progress |
|           | Clauses Literals |   Limit Clauses Literals  Lit/Cl |          |
==============================================================================
|         0 |  133872   372879 |   44624       0        0     nan |  0.000 % |
|       109 |  133878   372879 |   49086     103     2892    28.1 | 29.673 % |
|       259 |  133883   372879 |   53995     247    46685   189.0 | 29.675 % |
|       484 |  133889   372879 |   59394     465    53502   115.1 | 49.732 % |
|       822 |  101137   332753 |   65333     767    57331    74.7 | 49.733 % |
|      1328 |  101047   332612 |   71867    1038    58829    56.7 | 49.762 % |
|      2089 |  100438   331424 |   79054    1714    78220    45.6 | 49.975 % |
|      3229 |   98364   329450 |   86959    1631    66994    41.1 | 50.915 % |
==============================================================================
restarts              : 8
conflicts             : 3288           (14035 /sec)
decisions             : 10935          (46677 /sec)
propagations          : 3865074        (16498303 /sec)
conflict literals     : 118472         (22.99 % deleted)
Memory used           : 10.52 MB
CPU time              : 0.234271 s

UNSATISFIABLE
