Reading from standard input... Use '-h' or '--help' for help.
==================================[MINISAT]===================================
| Conflicts |     ORIGINAL     |              LEARNT              | Progress |
|           | Clauses Literals |   Limit Clauses Literals  Lit/Cl |          |
==============================================================================
|         0 |  220300   600016 |   73433       0        0     nan |  0.000 % |
|       101 |  220305   600016 |   80776      95     2233    23.5 | 27.270 % |
|       256 |  220313   600016 |   88853     240     8187    34.1 | 32.944 % |
|       484 |  220325   600016 |   97739     456    17387    38.1 | 32.944 % |
|       824 |  203349   575562 |  107513     785    54390    69.3 | 32.947 % |
|      1330 |  203275   575520 |  118264    1275    90022    70.6 | 32.955 % |
|      2089 |  203310   575520 |  130091    1999   154463    77.3 | 32.955 % |
|      3229 |  203293   575454 |  143100    3117   286402    91.9 | 32.955 % |
|      4937 |  203280   575379 |  157410    4785   424245    88.7 | 32.988 % |
|      7499 |  203071   575067 |  173151    7321   596758    81.5 | 33.018 % |
|     11343 |  202318   574110 |  190466   10284   850503    82.7 | 33.242 % |
|     17110 |  202296   573930 |  209512   15911  1594938   100.2 | 33.292 % |
|     25761 |  200027   570876 |  230464   23384  2772186   118.6 | 33.921 % |
|     38737 |  199596   570168 |  253510   36161  4223804   116.8 | 34.114 % |
==============================================================================
restarts              : 14
conflicts             : 39010          (5197 /sec)
decisions             : 157589         (20994 /sec)
propagations          : 62691808       (8351752 /sec)
conflict literals     : 4389483        (45.75 % deleted)
Memory used           : 32.36 MB
CPU time              : 7.50643 s

UNSATISFIABLE
