Reading from standard input... Use '-h' or '--help' for help.
==================================[MINISAT]===================================
| Conflicts |     ORIGINAL     |              LEARNT              | Progress |
|           | Clauses Literals |   Limit Clauses Literals  Lit/Cl |          |
==============================================================================
|         0 | 3917775  9829535 | 1305925       0        0     nan |  0.000 % |
|       109 | 3917776  9829535 | 1436517     108    28583   264.7 |  8.611 % |
|       259 | 3917785  9829535 | 1580169     247    37990   153.8 |  8.612 % |
|       484 | 3917787  9829535 | 1738186     470    99436   211.6 |  8.612 % |
|       821 | 3917787  9829535 | 1912004     807   107081   132.7 |  8.612 % |
|      1328 | 3917792  9829535 | 2103205    1309   225127   172.0 |  8.612 % |
|      2089 | 3917795  9829535 | 2313525    2066   420755   203.7 |  8.612 % |
|      3230 | 3917836  9829535 | 2544878    3166   902517   285.1 |  8.612 % |

*** INTERRUPTED ***
restarts              : 8
conflicts             : 4583           (863 /sec)
decisions             : 276637         (52115 /sec)
propagations          : 22811501       (4297425 /sec)
conflict literals     : 1351942        (12.91 % deleted)
Memory used           : 203.59 MB
CPU time              : 5.30818 s

*** INTERRUPTED ***
