Reading from standard input... Use '-h' or '--help' for help.
==================================[MINISAT]===================================
| Conflicts |     ORIGINAL     |              LEARNT              | Progress |
|           | Clauses Literals |   Limit Clauses Literals  Lit/Cl |          |
==============================================================================
|         0 |  322728   910439 |  107576       0        0     nan |  0.000 % |
|       100 |  322736   910439 |  118333      92      959    10.4 | 29.785 % |
|       250 |  322746   910439 |  130166     232     8320    35.9 | 29.785 % |
|       477 |  322757   910439 |  143183     445    21797    49.0 | 29.793 % |
|       814 |  322727   910307 |  157502     722    40205    55.7 | 29.793 % |
|      1320 |  322748   910307 |  173252    1207   186962   154.9 | 29.793 % |
|      2080 |  270156   842728 |  190577    1926   242457   125.9 | 44.070 % |
|      3219 |  269628   841935 |  209635    3019   379242   125.6 | 44.109 % |
|      4927 |  267466   839032 |  230598    4544   532899   117.3 | 44.500 % |
|      7489 |  266222   837082 |  253658    6976   731148   104.8 | 44.694 % |
|     11335 |  265558   836029 |  279024   10721  1314694   122.6 | 44.899 % |
|     17104 |  263416   832531 |  306926   13846  1811939   130.9 | 45.332 % |
|     25753 |  262049   830395 |  337619   22254  2883122   129.6 | 45.534 % |
|     38728 |  260758   828388 |  371381   34899  4096315   117.4 | 45.785 % |
==============================================================================
restarts              : 14
conflicts             : 45207          (4066 /sec)
decisions             : 171863         (15458 /sec)
propagations          : 81691515       (7347504 /sec)
conflict literals     : 4715963        (45.08 % deleted)
Memory used           : 38.91 MB
CPU time              : 11.1183 s

UNSATISFIABLE
