Reading from standard input... Use '-h' or '--help' for help.
==================================[MINISAT]===================================
| Conflicts |     ORIGINAL     |              LEARNT              | Progress |
|           | Clauses Literals |   Limit Clauses Literals  Lit/Cl |          |
==============================================================================
|         0 |  327776   917425 |  109258       0        0     nan |  0.000 % |
|       100 |  327791   917425 |  120183      85     1237    14.6 | 28.769 % |
|       251 |  327793   917425 |  132202     234     9998    42.7 | 28.769 % |
|       477 |  327795   917425 |  145422     458    23596    51.5 | 28.769 % |
|       814 |  327797   917425 |  159964     793   130866   165.0 | 28.769 % |
|      1329 |  327761   917227 |  175961    1152   175992   152.8 | 42.983 % |
|      2089 |  274776   847847 |  193557    1799   227773   126.6 | 43.092 % |
|      3230 |  273778   846301 |  212912    2908   327373   112.6 | 43.238 % |
|      4938 |  270283   841632 |  234204    4484   436332    97.3 | 43.909 % |
|      7500 |  268781   839482 |  257624    6956   693207    99.7 | 44.160 % |
|     11345 |  262756   830924 |  283387   10078   967987    96.0 | 46.345 % |
|     17112 |  256247   820851 |  311725   14278  1334642    93.5 | 46.575 % |
==============================================================================
restarts              : 12
conflicts             : 24792          (5537 /sec)
decisions             : 117267         (26192 /sec)
propagations          : 39231230       (8762414 /sec)
conflict literals     : 1874987        (34.39 % deleted)
Memory used           : 26.62 MB
CPU time              : 4.47722 s

UNSATISFIABLE
