Reading from standard input... Use '-h' or '--help' for help.
==================================[MINISAT]===================================
| Conflicts |     ORIGINAL     |              LEARNT              | Progress |
|           | Clauses Literals |   Limit Clauses Literals  Lit/Cl |          |
==============================================================================
|         0 |  328249   916625 |  109416       0        0     nan |  0.000 % |
|       102 |  328265   916625 |  120357      86      800     9.3 | 28.764 % |
|       253 |  328270   916625 |  132393     232     8860    38.2 | 28.764 % |
|       478 |  328281   916625 |  145632     445    54342   122.1 | 28.777 % |
|       815 |  328197   916496 |  160195     693    95057   137.2 | 28.779 % |
|      1321 |  288496   861988 |  176215    1145   156885   137.0 | 38.394 % |
|      2080 |  288507   861955 |  193837    1871   282064   150.8 | 38.396 % |
|      3219 |  288523   861955 |  213220    2993   381332   127.4 | 38.402 % |
|      4930 |  288328   861604 |  234542    4597   485586   105.6 | 38.441 % |
|      7492 |  286431   859405 |  257997    7077   814308   115.1 | 38.757 % |
|     11336 |  285082   857548 |  283796   10789  1121022   103.9 | 39.068 % |
|     17105 |  284308   856282 |  312176   16356  1846441   112.9 | 39.156 % |
|     25754 |  283565   855037 |  343394   24836  2780877   112.0 | 39.362 % |
|     38729 |  281373   851946 |  377733   36996  4239064   114.6 | 39.646 % |
|     58190 |  281070   851205 |  415507   56159  6337495   112.8 | 40.147 % |
==============================================================================
restarts              : 15
conflicts             : 81616          (3176 /sec)
decisions             : 288691         (11233 /sec)
propagations          : 157355012      (6122924 /sec)
conflict literals     : 8695831        (50.18 % deleted)
Memory used           : 57.00 MB
CPU time              : 25.6993 s

UNSATISFIABLE
