Reading from standard input... Use '-h' or '--help' for help.
==================================[MINISAT]===================================
| Conflicts |     ORIGINAL     |              LEARNT              | Progress |
|           | Clauses Literals |   Limit Clauses Literals  Lit/Cl |          |
==============================================================================
|         0 |  210371   588574 |   70123       0        0     nan |  0.000 % |
|       101 |  210376   588574 |   77135      96     1037    10.8 | 30.027 % |
|       251 |  210381   588574 |   84848     239     3488    14.6 | 52.575 % |
|       477 |  210395   588574 |   93333     450     9594    21.3 | 52.576 % |
|       816 |  157180   524425 |  102667     780    18060    23.2 | 52.582 % |
|      1323 |  157197   524425 |  112933    1270    39050    30.7 | 52.582 % |
|      2083 |  157177   524389 |  124227    2013    62790    31.2 | 52.582 % |
|      3224 |  157191   524389 |  136649    3140    94030    29.9 | 52.582 % |
==============================================================================
restarts              : 8
conflicts             : 4606           (11257 /sec)
decisions             : 15853          (38746 /sec)
propagations          : 6191523        (15132463 /sec)
conflict literals     : 127221         (34.71 % deleted)
Memory used           : 14.97 MB
CPU time              : 0.409155 s

UNSATISFIABLE
