Reading from standard input... Use '-h' or '--help' for help.
==================================[MINISAT]===================================
| Conflicts |     ORIGINAL     |              LEARNT              | Progress |
|           | Clauses Literals |   Limit Clauses Literals  Lit/Cl |          |
==============================================================================
|         0 |  324032   913446 |  108010       0        0     nan |  0.000 % |
|       102 |  324045   913446 |  118811      87    16673   191.6 | 29.496 % |
|       252 |  324061   913446 |  130692     217    18951    87.3 | 52.866 % |
|       477 |  324070   913446 |  143761     432    24778    57.4 | 52.868 % |
|       817 |  234439   803549 |  158137     660    39891    60.4 | 53.093 % |
|      1327 |  234442   803549 |  173951    1166    57749    49.5 | 53.178 % |
|      2089 |  234008   802628 |  191346    1889    94840    50.2 | 53.178 % |
|      3229 |  234012   802628 |  210480    3025   144659    47.8 | 53.178 % |
==============================================================================
restarts              : 8
conflicts             : 4359           (7419 /sec)
decisions             : 18398          (31313 /sec)
propagations          : 6611341        (11252216 /sec)
conflict literals     : 187027         (28.30 % deleted)
Memory used           : 21.61 MB
CPU time              : 0.587559 s

UNSATISFIABLE
