Reading from standard input... Use '-h' or '--help' for help.
==================================[MINISAT]===================================
| Conflicts |     ORIGINAL     |              LEARNT              | Progress |
|           | Clauses Literals |   Limit Clauses Literals  Lit/Cl |          |
==============================================================================
|         0 |  319877   907158 |  106625       0        0     nan |  0.000 % |
|       101 |  319894   907158 |  117287      84     1180    14.0 | 30.288 % |
|       256 |  319902   907158 |  129016     228    14955    65.6 | 30.298 % |
|       483 |  319909   907158 |  141917     448    32907    73.5 | 30.298 % |
|       820 |  319867   906993 |  156109     725    86529   119.4 | 48.285 % |
|      1326 |  257650   828816 |  171720    1174   110498    94.1 | 48.290 % |
|      2086 |  257614   828756 |  188892    1916   210137   109.7 | 48.318 % |
|      3225 |  256405   826896 |  207781    3032   427572   141.0 | 48.492 % |
|      4934 |  254318   823503 |  228560    4072   612123   150.3 | 48.939 % |
|      7496 |  248850   815259 |  251416    5980   814601   136.2 | 49.717 % |
|     11342 |  246749   811956 |  276557    9434  1028337   109.0 | 50.229 % |
==============================================================================
restarts              : 11
conflicts             : 14699          (4753 /sec)
decisions             : 61369          (19844 /sec)
propagations          : 27355065       (8845261 /sec)
conflict literals     : 1315677        (34.04 % deleted)
Memory used           : 24.82 MB
CPU time              : 3.09262 s

UNSATISFIABLE
