Reading from standard input... Use '-h' or '--help' for help.
==================================[MINISAT]===================================
| Conflicts |     ORIGINAL     |              LEARNT              | Progress |
|           | Clauses Literals |   Limit Clauses Literals  Lit/Cl |          |
==============================================================================
|         0 |  214017   593712 |   71339       0        0     nan |  0.000 % |
|       100 |  214022   593712 |   78472      95     3950    41.6 | 28.893 % |
|       250 |  214029   593712 |   86320     238     7947    33.4 | 28.893 % |
|       476 |  213848   593340 |   94952     416    23730    57.0 | 46.586 % |
|       813 |  174055   543398 |  104447     704    41772    59.3 | 46.737 % |
|      1321 |  174081   543398 |  114892    1185   101242    85.4 | 46.819 % |
|      2080 |  172563   541251 |  126381    1897   165272    87.1 | 47.359 % |
|      3220 |  172029   540552 |  139019    2953   273764    92.7 | 47.419 % |
|      4932 |  170246   537771 |  152921    4595   408697    88.9 | 48.054 % |
|      7494 |  167792   533855 |  168213    6168   533732    86.5 | 48.625 % |
|     11339 |  165797   530906 |  185034    9885   747461    75.6 | 49.171 % |
==============================================================================
restarts              : 11
conflicts             : 13469          (7833 /sec)
decisions             : 46576          (27087 /sec)
propagations          : 19554189       (11372192 /sec)
conflict literals     : 893005         (40.31 % deleted)
Memory used           : 17.27 MB
CPU time              : 1.71947 s

UNSATISFIABLE
