Reading from standard input... Use '-h' or '--help' for help.
==================================[MINISAT]===================================
| Conflicts |     ORIGINAL     |              LEARNT              | Progress |
|           | Clauses Literals |   Limit Clauses Literals  Lit/Cl |          |
==============================================================================
|         0 |  210144   587942 |   70048       0        0     nan |  0.000 % |
|       100 |  210145   587942 |   77052      99     1133    11.4 | 30.097 % |
|       250 |  210150   587942 |   84758     244    10783    44.2 | 30.097 % |
|       476 |  210163   587942 |   93233     457    55652   121.8 | 30.097 % |
|       813 |  210084   587801 |  102557     779    65127    83.6 | 52.671 % |
|      1319 |  210102   587801 |  112813    1267    82653    65.2 | 52.671 % |
|      2079 |  156960   524007 |  124094    1974   107954    54.7 | 52.685 % |
|      3219 |  156808   523659 |  136503    3086   145222    47.1 | 52.727 % |
==============================================================================
restarts              : 8
conflicts             : 4603           (10460 /sec)
decisions             : 15216          (34576 /sec)
propagations          : 6627436        (15059924 /sec)
conflict literals     : 194844         (30.64 % deleted)
Memory used           : 14.98 MB
CPU time              : 0.440071 s

UNSATISFIABLE
