Reading from standard input... Use '-h' or '--help' for help.
==================================[MINISAT]===================================
| Conflicts |     ORIGINAL     |              LEARNT              | Progress |
|           | Clauses Literals |   Limit Clauses Literals  Lit/Cl |          |
==============================================================================
|         0 |  210517   588555 |   70172       0        0     nan |  0.000 % |
|       101 |  210522   588555 |   77189      96     1635    17.0 | 29.957 % |
|       251 |  210527   588555 |   84908     240     5925    24.7 | 52.440 % |
|       476 |  210541   588555 |   93398     451    11728    26.0 | 52.440 % |
|       816 |  157599   525123 |  102738     773    21236    27.5 | 52.440 % |
|      1322 |  157557   525114 |  113012    1247    32149    25.8 | 52.445 % |
|      2084 |  157571   525114 |  124313    1995    57614    28.9 | 52.445 % |
|      3226 |  157232   524376 |  136745    2951    98512    33.4 | 52.541 % |
==============================================================================
restarts              : 8
conflicts             : 3562           (8574 /sec)
decisions             : 12782          (30768 /sec)
propagations          : 5061341        (12183379 /sec)
conflict literals     : 114704         (30.63 % deleted)
Memory used           : 14.97 MB
CPU time              : 0.41543 s

UNSATISFIABLE
