Reading from standard input... Use '-h' or '--help' for help.
==================================[MINISAT]===================================
| Conflicts |     ORIGINAL     |              LEARNT              | Progress |
|           | Clauses Literals |   Limit Clauses Literals  Lit/Cl |          |
==============================================================================
|         0 |  319555   906039 |  106518       0        0     nan |  0.000 % |
|       100 |  319583   906039 |  117169      68      559     8.2 | 48.021 % |
|       251 |  319599   906039 |  128886     201     6445    32.1 | 48.025 % |
|       476 |  319608   906039 |  141775     417    22899    54.9 | 48.025 % |
|       813 |  257546   828499 |  155953     701    52333    74.7 | 48.184 % |
|      1321 |  257168   827869 |  171548    1153    88046    76.4 | 48.407 % |
|      2080 |  255704   825623 |  188703    1883   160253    85.1 | 48.477 % |
|      3219 |  254129   823391 |  207573    2978   269807    90.6 | 48.707 % |
|      4927 |  251512   819645 |  228330    4618   431249    93.4 | 49.225 % |
|      7494 |  249201   816063 |  251163    7072   685170    96.9 | 49.679 % |
|     11339 |  247586   813426 |  276280   10794   930251    86.2 | 49.830 % |
==============================================================================
restarts              : 11
conflicts             : 13833          (5360 /sec)
decisions             : 57080          (22118 /sec)
propagations          : 23970368       (9288385 /sec)
conflict literals     : 1081170        (36.28 % deleted)
Memory used           : 24.18 MB
CPU time              : 2.58068 s

UNSATISFIABLE
