Reading from standard input... Use '-h' or '--help' for help.
==================================[MINISAT]===================================
| Conflicts |     ORIGINAL     |              LEARNT              | Progress |
|           | Clauses Literals |   Limit Clauses Literals  Lit/Cl |          |
==============================================================================
|         0 |  322086   909851 |  107362       0        0     nan |  0.000 % |
|       102 |  322096   909851 |  118098      88     5867    66.7 | 45.517 % |
|       255 |  322103   909851 |  129908     234    16115    68.9 | 45.517 % |
|       482 |  322116   909851 |  142898     448    27946    62.4 | 45.517 % |
|       819 |  322127   909851 |  157188     774    66497    85.9 | 45.517 % |
|      1327 |  266030   839554 |  172907    1269    99145    78.1 | 45.517 % |
|      2086 |  266004   839494 |  190198    1996   159702    80.0 | 45.529 % |
|      3225 |  264552   837250 |  209218    2850   304224   106.7 | 45.747 % |
|      4934 |  264081   836628 |  230139    4526   517606   114.4 | 45.833 % |
|      7498 |  262986   834878 |  253153    7025   717171   102.1 | 46.045 % |
|     11343 |  262026   833417 |  278469   10798  1082616   100.3 | 46.215 % |
|     17109 |  261460   832538 |  306316   16478  1632568    99.1 | 46.314 % |
|     25761 |  260543   831080 |  336947   23258  2444289   105.1 | 46.446 % |
==============================================================================
restarts              : 13
conflicts             : 33226          (4196 /sec)
decisions             : 103480         (13069 /sec)
propagations          : 65664905       (8293246 /sec)
conflict literals     : 3272678        (49.78 % deleted)
Memory used           : 33.10 MB
CPU time              : 7.91788 s

UNSATISFIABLE
