Reading from standard input... Use '-h' or '--help' for help.
==================================[MINISAT]===================================
| Conflicts |     ORIGINAL     |              LEARNT              | Progress |
|           | Clauses Literals |   Limit Clauses Literals  Lit/Cl |          |
==============================================================================
|         0 |  323411   910686 |  107803       0        0     nan |  0.000 % |
|       100 |  323421   910686 |  118583      90     1105    12.3 | 29.639 % |
|       250 |  323425   910686 |  130441     236    14828    62.8 | 29.639 % |
|       479 |  323444   910686 |  143485     440    32508    73.9 | 42.117 % |
|       821 |  323461   910686 |  157834     764    78481   102.7 | 42.133 % |
|      1329 |  275740   847745 |  173617    1231   107971    87.7 | 42.185 % |
|      2088 |  275402   847274 |  190979    1946   169112    86.9 | 42.230 % |
|      3227 |  274785   846506 |  210077    3060   329617   107.7 | 42.330 % |
|      4936 |  274647   846314 |  231085    4639   574785   123.9 | 42.336 % |
|      7499 |  274172   845660 |  254193    7145   954941   133.7 | 42.478 % |
|     11344 |  271963   842660 |  279613   10799  1325293   122.7 | 42.858 % |
|     17110 |  270665   840743 |  307574   16429  2160694   131.5 | 43.006 % |
|     25760 |  270112   839909 |  338331   24975  3370891   135.0 | 43.086 % |
|     38737 |  269442   838709 |  372165   37750  4844683   128.3 | 43.225 % |
|     58200 |  268751   837479 |  409381   56981  6843095   120.1 | 43.299 % |
==============================================================================
restarts              : 15
conflicts             : 64476          (4321 /sec)
decisions             : 215993         (14475 /sec)
propagations          : 110844364      (7428377 /sec)
conflict literals     : 7402633        (48.46 % deleted)
Memory used           : 51.74 MB
CPU time              : 14.9217 s

UNSATISFIABLE
