Reading from standard input... Use '-h' or '--help' for help.
==================================[MINISAT]===================================
| Conflicts |     ORIGINAL     |              LEARNT              | Progress |
|           | Clauses Literals |   Limit Clauses Literals  Lit/Cl |          |
==============================================================================
|         0 |  333999   925511 |  111333       0        0     nan |  0.000 % |
|       101 |  334011   925511 |  122466      89     1080    12.1 | 27.670 % |
|       253 |  334019   925511 |  134712     229    11057    48.3 | 40.152 % |
|       479 |  284944   860176 |  148184     412    22645    55.0 | 40.221 % |
|       830 |  284959   860176 |  163002     744    48949    65.8 | 40.234 % |
|      1338 |  284988   860176 |  179302    1223   162292   132.7 | 40.234 % |
|      2097 |  284578   859369 |  197233    1874   214858   114.7 | 40.286 % |
|      3239 |  282756   857221 |  216956    2831   289460   102.2 | 40.614 % |
|      4948 |  281888   855760 |  238652    4351   410589    94.4 | 40.738 % |
|      7510 |  280377   853758 |  262517    6801   716762   105.4 | 41.042 % |
|     11354 |  275476   847600 |  288769   10309  1030428   100.0 | 42.468 % |
|     17121 |  271455   842228 |  317646   15760  1574397    99.9 | 42.829 % |
|     25771 |  269128   838891 |  349410   24024  2790744   116.2 | 43.139 % |
|     38745 |  268584   838036 |  384351   36814  4359005   118.4 | 43.228 % |
|     58206 |  267311   836104 |  422786   55934  6633647   118.6 | 43.418 % |
|     87399 |  267094   835669 |  465065   84916  9710778   114.4 | 43.481 % |
==============================================================================
restarts              : 16
conflicts             : 93411          (3457 /sec)
decisions             : 295288         (10929 /sec)
propagations          : 198771319      (7356884 /sec)
conflict literals     : 10299478       (51.94 % deleted)
Memory used           : 63.94 MB
CPU time              : 27.0184 s

UNSATISFIABLE
