Reading from standard input... Use '-h' or '--help' for help.
==================================[MINISAT]===================================
| Conflicts |     ORIGINAL     |              LEARNT              | Progress |
|           | Clauses Literals |   Limit Clauses Literals  Lit/Cl |          |
==============================================================================
|         0 |  217996   597301 |   72665       0        0     nan |  0.000 % |
|       100 |  218000   597301 |   79931      95     3113    32.8 | 27.907 % |
|       250 |  218010   597301 |   87924     235     6996    29.8 | 27.907 % |
|       476 |  218021   597301 |   96717     448    14133    31.5 | 34.976 % |
|       813 |  197969   568914 |  106388     777    54609    70.3 | 34.976 % |
|      1319 |  197918   568815 |  117027    1263    86019    68.1 | 34.993 % |
|      2078 |  197752   568548 |  128730    1996   138181    69.2 | 35.039 % |
|      3217 |  197516   568125 |  141603    2813   245766    87.4 | 35.127 % |
|      4925 |  197234   567954 |  155763    4464   425921    95.4 | 35.250 % |
|      7490 |  196720   567312 |  171340    6974   628785    90.2 | 35.337 % |
|     11334 |  196112   566445 |  188474   10721  1134149   105.8 | 35.492 % |
|     17102 |  195851   565899 |  207321   16331  2065662   126.5 | 35.577 % |
|     25753 |  195617   565500 |  228053   24797  3163183   127.6 | 35.654 % |
|     38728 |  195401   565032 |  250859   37576  4897478   130.3 | 35.815 % |
==============================================================================
restarts              : 14
conflicts             : 44515          (6096 /sec)
decisions             : 172756         (23656 /sec)
propagations          : 75012276       (10271818 /sec)
conflict literals     : 5584867        (45.97 % deleted)
Memory used           : 37.72 MB
CPU time              : 7.30273 s

UNSATISFIABLE
