Reading from standard input... Use '-h' or '--help' for help.
==================================[MINISAT]===================================
| Conflicts |     ORIGINAL     |              LEARNT              | Progress |
|           | Clauses Literals |   Limit Clauses Literals  Lit/Cl |          |
==============================================================================
|         0 |  344112   935279 |  114704       0        0     nan |  0.000 % |
|       100 |  344126   935279 |  126174      86     1010    11.7 | 25.967 % |
|       250 |  344136   935279 |  138791     225     3720    16.5 | 25.969 % |
|       476 |  344148   935279 |  152671     436    12630    29.0 | 30.204 % |
|       813 |  322164   901425 |  167938     758    25176    33.2 | 30.204 % |
|      1320 |  322166   901425 |  184731    1263   113095    89.5 | 30.204 % |
|      2079 |  322176   901425 |  203205    2008   185990    92.6 | 30.205 % |
|      3220 |  322078   901236 |  223525    3127   277928    88.9 | 30.255 % |
|      4928 |  321671   900648 |  245878    4807   503434   104.7 | 30.374 % |
|      7492 |  321180   899991 |  270466    7297   895683   122.7 | 30.383 % |
|     11336 |  320945   899721 |  297512   11025  1495460   135.6 | 30.425 % |
|     17104 |  321093   899715 |  327263   16639  2590977   155.7 | 30.425 % |
|     25755 |  321033   899706 |  359990   25219  3805231   150.9 | 30.469 % |
|     38731 |  320604   898962 |  395989   37978  6643904   174.9 | 30.556 % |
|     58193 |  320136   897955 |  435588   57176 11519693   201.5 | 30.622 % |
|     87388 |  320314   897733 |  479147   86014 18647494   216.8 | 30.629 % |

*** INTERRUPTED ***
restarts              : 16
conflicts             : 106247         (3599 /sec)
decisions             : 392617         (13300 /sec)
propagations          : 190308747      (6446794 /sec)
conflict literals     : 21761614       (45.99 % deleted)
Memory used           : 109.94 MB
CPU time              : 29.5199 s

*** INTERRUPTED ***
