Reading from standard input... Use '-h' or '--help' for help.
==================================[MINISAT]===================================
| Conflicts |     ORIGINAL     |              LEARNT              | Progress |
|           | Clauses Literals |   Limit Clauses Literals  Lit/Cl |          |
==============================================================================
|         0 |  213512   591730 |   71170       0        0     nan |  0.000 % |
|       100 |  213513   591730 |   78287      99     1124    11.4 | 29.214 % |
|       251 |  213520   591730 |   86115     243    17384    71.5 | 29.214 % |
|       477 |  213530   591730 |   94727     459    37941    82.7 | 29.214 % |
|       818 |  191386   561209 |  104199     762    44691    58.6 | 37.579 % |
|      1324 |  191401   561209 |  114619    1253    76417    61.0 | 37.579 % |
|      2085 |  191416   561176 |  126081    1986   113106    57.0 | 37.594 % |
|      3224 |  191380   561098 |  138690    3103   199086    64.2 | 37.595 % |
|      4934 |  191353   561041 |  152559    4746   292756    61.7 | 37.603 % |
|      7496 |  191203   560705 |  167815    7238   530430    73.3 | 37.675 % |
|     11340 |  190899   560207 |  184596   10990   992598    90.3 | 37.736 % |
|     17108 |  190735   559853 |  203056   16662  1582235    95.0 | 37.832 % |
|     25757 |  189304   557720 |  223361   23271  2200063    94.5 | 38.139 % |
==============================================================================
restarts              : 13
conflicts             : 34320          (7579 /sec)
decisions             : 101546         (22425 /sec)
propagations          : 46979948       (10374642 /sec)
conflict literals     : 2922247        (48.40 % deleted)
Memory used           : 26.18 MB
CPU time              : 4.52834 s

UNSATISFIABLE
