Reading from standard input... Use '-h' or '--help' for help.
==================================[MINISAT]===================================
| Conflicts |     ORIGINAL     |              LEARNT              | Progress |
|           | Clauses Literals |   Limit Clauses Literals  Lit/Cl |          |
==============================================================================
|         0 |  323505   912831 |  107835       0        0     nan |  0.000 % |
|       101 |  323516   912831 |  118618      90     2678    29.8 | 29.635 % |
|       254 |  323529   912831 |  130480     228     9185    40.3 | 29.640 % |
|       479 |  323552   912831 |  143528     429    14229    33.2 | 53.034 % |
|       818 |  323559   912831 |  157881     761    35739    47.0 | 53.034 % |
|      1325 |  235222   805085 |  173669    1232    62697    50.9 | 53.034 % |
|      2086 |  235224   805085 |  191036    1991   109811    55.2 | 53.034 % |
|      3225 |  235234   805085 |  210139    3120   162497    52.1 | 53.034 % |
|      4935 |  235243   805085 |  231153    4821   257563    53.4 | 53.034 % |
==============================================================================
restarts              : 9
conflicts             : 6568           (6652 /sec)
decisions             : 20539          (20802 /sec)
propagations          : 10439100       (10572761 /sec)
conflict literals     : 327781         (31.34 % deleted)
Memory used           : 21.72 MB
CPU time              : 0.987358 s

UNSATISFIABLE
