Reading from standard input... Use '-h' or '--help' for help.
==================================[MINISAT]===================================
| Conflicts |     ORIGINAL     |              LEARNT              | Progress |
|           | Clauses Literals |   Limit Clauses Literals  Lit/Cl |          |
==============================================================================
|         0 |  327692   916771 |  109230       0        0     nan |  0.000 % |
|       100 |  327707   916771 |  120153      85     1104    13.0 | 28.824 % |
|       251 |  327709   916771 |  132168     233    19658    84.4 | 28.828 % |
|       480 |  327718   916771 |  145385     453    39962    88.2 | 28.828 % |
|       817 |  327716   916705 |  159923     756    51243    67.8 | 41.267 % |
|      1324 |  279750   853845 |  175916    1158    72387    62.5 | 41.280 % |
|      2083 |  279624   853593 |  193507    1838   139338    75.8 | 41.307 % |
|      3222 |  277784   851219 |  212858    2920   206304    70.7 | 41.591 % |
|      4930 |  275536   848303 |  234144    4425   391912    88.6 | 42.094 % |
|      7492 |  274790   847127 |  257558    6918   667712    96.5 | 42.182 % |
|     11338 |  272129   843673 |  283314   10573  1066221   100.8 | 42.689 % |
|     17104 |  269737   840246 |  311645   16055  1693029   105.5 | 43.100 % |
|     25755 |  269300   839370 |  342810   24482  2482054   101.4 | 43.199 % |
|     38729 |  268468   837828 |  377091   37199  3839877   103.2 | 43.334 % |
==============================================================================
restarts              : 14
conflicts             : 54676          (4424 /sec)
decisions             : 201896         (16335 /sec)
propagations          : 106616090      (8626133 /sec)
conflict literals     : 5243602        (49.73 % deleted)
Memory used           : 42.76 MB
CPU time              : 12.3597 s

UNSATISFIABLE
