Reading from standard input... Use '-h' or '--help' for help.
==================================[MINISAT]===================================
| Conflicts |     ORIGINAL     |              LEARNT              | Progress |
|           | Clauses Literals |   Limit Clauses Literals  Lit/Cl |          |
==============================================================================
|         0 |  215235   595700 |   71745       0        0     nan |  0.000 % |
|       100 |  215237   595700 |   78919      98     6755    68.9 | 28.553 % |
|       250 |  215251   595700 |   86811     232    10960    47.2 | 46.105 % |
|       476 |  176032   546612 |   95492     438    19413    44.3 | 46.134 % |
|       820 |  176054   546612 |  105041     758    51612    68.1 | 46.205 % |
|      1326 |  175644   545928 |  115546    1239   122469    98.8 | 46.235 % |
|      2085 |  175488   545748 |  127100    1993   230464   115.6 | 46.235 % |
|      3224 |  175446   545694 |  139810    3091   307155    99.4 | 46.364 % |
|      4934 |  172819   541847 |  153791    4640   485211   104.6 | 46.875 % |
|      7499 |  169897   536982 |  169170    4652   453487    97.5 | 47.709 % |
|     11343 |  166066   531434 |  186088    8335   704935    84.6 | 48.796 % |
==============================================================================
restarts              : 11
conflicts             : 13677          (6982 /sec)
decisions             : 43662          (22290 /sec)
propagations          : 24772188       (12646653 /sec)
conflict literals     : 986856         (35.08 % deleted)
Memory used           : 17.05 MB
CPU time              : 1.95879 s

UNSATISFIABLE
