Reading from standard input... Use '-h' or '--help' for help.
==================================[MINISAT]===================================
| Conflicts |     ORIGINAL     |              LEARNT              | Progress |
|           | Clauses Literals |   Limit Clauses Literals  Lit/Cl |          |
==============================================================================
|         0 |  324185   912832 |  108061       0        0     nan |  0.000 % |
|       108 |  324203   912832 |  118867      90     9407   104.5 | 29.507 % |
|       258 |  324209   912832 |  130753     233    28611   122.8 | 29.521 % |
|       483 |  324214   912832 |  143829     453    42180    93.1 | 29.521 % |
|       820 |  324153   912730 |  158212     759    97201   128.1 | 29.521 % |
|      1328 |  324170   912730 |  174033    1250   216544   173.2 | 29.521 % |
|      2089 |  324109   912643 |  191436    1996   281490   141.0 | 45.397 % |
|      3228 |  266142   838452 |  210580    3085   347616   112.7 | 45.486 % |
|      4936 |  265973   838071 |  231638    4735   542271   114.5 | 45.524 % |
|      7498 |  263052   834059 |  254802    6686   782121   117.0 | 46.071 % |
|     11345 |  258756   828184 |  280282   10394  1147801   110.4 | 46.790 % |
|     17112 |  256588   825075 |  308310   15940  1629410   102.2 | 47.151 % |
|     25762 |  255834   823752 |  339141   24431  2324520    95.1 | 47.271 % |
==============================================================================
restarts              : 13
conflicts             : 34874          (3911 /sec)
decisions             : 115790         (12984 /sec)
propagations          : 69320025       (7773053 /sec)
conflict literals     : 2981173        (45.32 % deleted)
Memory used           : 32.51 MB
CPU time              : 8.91799 s

UNSATISFIABLE
