Reading from standard input... Use '-h' or '--help' for help.
==================================[MINISAT]===================================
| Conflicts |     ORIGINAL     |              LEARNT              | Progress |
|           | Clauses Literals |   Limit Clauses Literals  Lit/Cl |          |
==============================================================================
|         0 |  321766   909679 |  107255       0        0     nan |  0.000 % |
|       102 |  321777   909679 |  117980      91     1142    12.5 | 29.946 % |
|       252 |  321784   909679 |  129778     234    14061    60.1 | 29.946 % |
|       477 |  321812   909679 |  142756     425    20814    49.0 | 47.300 % |
|       815 |  261189   834492 |  157032     695    64869    93.3 | 47.344 % |
|      1322 |  261211   834492 |  172735    1177   149262   126.8 | 47.376 % |
|      2081 |  261015   834087 |  190008    1875   189250   100.9 | 47.376 % |
|      3221 |  261045   834087 |  209009    2980   294230    98.7 | 47.376 % |
|      4930 |  259510   831789 |  229910    4630   493695   106.6 | 47.649 % |
|      7493 |  256698   827531 |  252901    6875   829817   120.7 | 48.094 % |
|     11342 |  251126   819265 |  278191    8672  1030414   118.8 | 49.038 % |
==============================================================================
restarts              : 11
conflicts             : 15618          (4102 /sec)
decisions             : 62844          (16506 /sec)
propagations          : 30329351       (7965973 /sec)
conflict literals     : 1423311        (39.37 % deleted)
Memory used           : 25.29 MB
CPU time              : 3.80736 s

UNSATISFIABLE
