Reading from standard input... Use '-h' or '--help' for help.
==================================[MINISAT]===================================
| Conflicts |     ORIGINAL     |              LEARNT              | Progress |
|           | Clauses Literals |   Limit Clauses Literals  Lit/Cl |          |
==============================================================================
|         0 |  322965   910245 |  107655       0        0     nan |  0.000 % |
|       100 |  322978   910245 |  118420      87      762     8.8 | 29.766 % |
|       250 |  323008   910245 |  130262     205     3994    19.5 | 29.805 % |
|       475 |  323016   910245 |  143288     420    10016    23.8 | 41.966 % |
|       812 |  323019   910245 |  157617     754   156500   207.6 | 41.966 % |
|      1318 |  276034   849279 |  173379    1226   224223   182.9 | 42.016 % |
|      2080 |  275652   848645 |  190717    1903   274854   144.4 | 42.065 % |
|      3219 |  275385   848162 |  209789    3004   352271   117.3 | 42.288 % |
|      4930 |  273885   846331 |  230768    4569   507535   111.1 | 42.373 % |
|      7493 |  273723   846103 |  253844    7060   742050   105.1 | 42.418 % |
|     11337 |  273499   845806 |  279229   10848  1313469   121.1 | 42.421 % |
|     17104 |  272220   843766 |  307152   16414  1927274   117.4 | 42.881 % |
|     25754 |  269039   839273 |  337867   22726  2644777   116.4 | 43.394 % |
|     38728 |  267964   837713 |  371654   35452  4127226   116.4 | 43.458 % |
|     58190 |  267877   837443 |  408819   54754  5973721   109.1 | 43.466 % |
==============================================================================
restarts              : 15
conflicts             : 63593          (3960 /sec)
decisions             : 240911         (15003 /sec)
propagations          : 115374227      (7184835 /sec)
conflict literals     : 6465412        (49.43 % deleted)
Memory used           : 46.76 MB
CPU time              : 16.058 s

UNSATISFIABLE
