Reading from standard input... Use '-h' or '--help' for help.
==================================[MINISAT]===================================
| Conflicts |     ORIGINAL     |              LEARNT              | Progress |
|           | Clauses Literals |   Limit Clauses Literals  Lit/Cl |          |
==============================================================================
|         0 |  328144   916830 |  109381       0        0     nan |  0.000 % |
|       100 |  328159   916830 |  120319      85      896    10.5 | 28.765 % |
|       253 |  328172   916830 |  132351     219    15151    69.2 | 28.800 % |
|       479 |  328188   916830 |  145586     427    24445    57.2 | 39.796 % |
|       824 |  284259   858036 |  160144     732    54580    74.6 | 39.819 % |
|      1331 |  283932   857397 |  176159    1169    86259    73.8 | 39.848 % |
|      2092 |  283501   856704 |  193775    1803   158680    88.0 | 40.088 % |
|      3231 |  282521   855451 |  213152    2850   223691    78.5 | 40.109 % |
|      4939 |  282470   855391 |  234467    4524   373941    82.7 | 40.721 % |
|      7502 |  278443   850397 |  257914    6913   533098    77.1 | 40.990 % |
|     11348 |  276472   847631 |  283706    9531  1043094   109.4 | 41.209 % |
|     17114 |  274255   844658 |  312076   14705  1678209   114.1 | 41.687 % |
|     25764 |  273892   844031 |  343284   23170  2608032   112.6 | 41.773 % |
|     38738 |  273597   843569 |  377612   35990  4168905   115.8 | 41.828 % |
|     58200 |  273655   843383 |  415374   55254  6367457   115.2 | 41.842 % |
==============================================================================
restarts              : 15
conflicts             : 76026          (3812 /sec)
decisions             : 238772         (11971 /sec)
propagations          : 143480534      (7193335 /sec)
conflict literals     : 8243334        (52.82 % deleted)
Memory used           : 54.89 MB
CPU time              : 19.9463 s

UNSATISFIABLE
