Reading from standard input... Use '-h' or '--help' for help.
==================================[MINISAT]===================================
| Conflicts |     ORIGINAL     |              LEARNT              | Progress |
|           | Clauses Literals |   Limit Clauses Literals  Lit/Cl |          |
==============================================================================
|         0 |  212592   591723 |   70864       0        0     nan |  0.000 % |
|       103 |  212604   591723 |   77950      91    21986   241.6 | 29.309 % |
|       253 |  212621   591723 |   85745     223    24807   111.2 | 52.490 % |
|       481 |  157221   524501 |   94319     412    26774    65.0 | 52.563 % |
|       819 |  157230   524501 |  103751     741    37229    50.2 | 52.563 % |
|      1326 |  156958   523883 |  114127    1124    54054    48.1 | 52.566 % |
|      2086 |  156952   523850 |  125539    1861    73366    39.4 | 52.569 % |
|      3227 |  156909   523844 |  138093    2993   114689    38.3 | 52.570 % |
==============================================================================
restarts              : 8
conflicts             : 4126           (8662 /sec)
decisions             : 16446          (34528 /sec)
propagations          : 5589720        (11735466 /sec)
conflict literals     : 145455         (28.94 % deleted)
Memory used           : 14.98 MB
CPU time              : 0.47631 s

UNSATISFIABLE
