Reading from standard input... Use '-h' or '--help' for help.
==================================[MINISAT]===================================
| Conflicts |     ORIGINAL     |              LEARNT              | Progress |
|           | Clauses Literals |   Limit Clauses Literals  Lit/Cl |          |
==============================================================================
|         0 |  321214   908146 |  107071       0        0     nan |  0.000 % |
|       102 |  321227   908146 |  117778      89     1252    14.1 | 30.035 % |
|       252 |  321248   908146 |  129555     217    21281    98.1 | 30.041 % |
|       477 |  321252   908146 |  142511     438    38906    88.8 | 30.041 % |
|       815 |  321233   908047 |  156762     734    85386   116.3 | 30.041 % |
|      1321 |  268571   839881 |  172438    1093   149599   136.9 | 44.302 % |
|      2084 |  268272   839491 |  189682    1834   200281   109.2 | 44.343 % |
|      3225 |  267344   837997 |  208651    2923   286859    98.1 | 44.480 % |
|      4934 |  266874   837391 |  229516    4575   416680    91.1 | 44.585 % |
|      7497 |  263813   832462 |  252467    6983   617444    88.4 | 45.280 % |
|     11343 |  263867   832462 |  277714   10770   964345    89.5 | 45.281 % |
|     17109 |  263022   831025 |  305486   16414  1358363    82.8 | 45.427 % |
|     25762 |  263068   830905 |  336034   21328  1771928    83.1 | 45.451 % |
==============================================================================
restarts              : 13
conflicts             : 31265          (5327 /sec)
decisions             : 108012         (18402 /sec)
propagations          : 49076590       (8361217 /sec)
conflict literals     : 2404037        (50.30 % deleted)
Memory used           : 28.97 MB
CPU time              : 5.86955 s

UNSATISFIABLE
