Reading from standard input... Use '-h' or '--help' for help.
==================================[MINISAT]===================================
| Conflicts |     ORIGINAL     |              LEARNT              | Progress |
|           | Clauses Literals |   Limit Clauses Literals  Lit/Cl |          |
==============================================================================
|         0 |  337895   929637 |  112631       0        0     nan |  0.000 % |
|       100 |  337906   929637 |  123894      89     1138    12.8 | 26.981 % |
|       250 |  337916   929637 |  136283     228     4333    19.0 | 26.983 % |
|       475 |  337929   929637 |  149911     439    20985    47.8 | 36.535 % |
|       814 |  297709   874207 |  164903     731    78444   107.3 | 36.544 % |
|      1322 |  297605   874006 |  181393    1208   116480    96.4 | 36.555 % |
|      2081 |  296532   872710 |  199532    1936   187123    96.7 | 36.820 % |
|      3222 |  296575   872710 |  219485    3034   385685   127.1 | 36.820 % |
|      4930 |  295899   871621 |  241434    4570   503456   110.2 | 36.886 % |
|      7496 |  295683   871357 |  265578    7051  1165333   165.3 | 36.909 % |
|     11340 |  295009   870397 |  292135   10795  1615573   149.7 | 37.106 % |
|     17108 |  293261   868192 |  321349   16435  2469018   150.2 | 37.635 % |
|     25758 |  289567   863496 |  353484   24062  3515776   146.1 | 38.542 % |
|     38733 |  284476   857035 |  388832   36030  5921257   164.3 | 39.034 % |
|     58195 |  284371   856714 |  427716   55292  8998825   162.8 | 39.088 % |

*** INTERRUPTED ***
restarts              : 15
conflicts             : 85544          (2896 /sec)
decisions             : 351628         (11902 /sec)
propagations          : 179855041      (6087838 /sec)
conflict literals     : 13817115       (44.63 % deleted)
Memory used           : 76.20 MB
CPU time              : 29.5433 s

*** INTERRUPTED ***
