Reading from standard input... Use '-h' or '--help' for help.
==================================[MINISAT]===================================
| Conflicts |     ORIGINAL     |              LEARNT              | Progress |
|           | Clauses Literals |   Limit Clauses Literals  Lit/Cl |          |
==============================================================================
|         0 |  325186   913575 |  108395       0        0     nan |  0.000 % |
|       100 |  325199   913575 |  119234      87     1452    16.7 | 29.279 % |
|       251 |  325209   913575 |  131157     222    16692    75.2 | 43.200 % |
|       477 |  273482   847060 |  144273     428    28015    65.5 | 43.201 % |
|       815 |  273494   847060 |  158701     746    50049    67.1 | 43.266 % |
|      1321 |  273228   846709 |  174571    1223    98613    80.6 | 43.269 % |
|      2080 |  273253   846709 |  192028    1957   207463   106.0 | 43.269 % |
|      3219 |  272994   846244 |  211231    3060   376637   123.1 | 43.397 % |
|      4927 |  272531   845606 |  232354    4713   506401   107.4 | 43.478 % |
|      7491 |  270411   842579 |  255589    7110   720568   101.3 | 43.828 % |
|     11335 |  268254   839603 |  281148   10831  1080270    99.7 | 44.227 % |
|     17103 |  267071   837629 |  309263   16428  1699749   103.5 | 44.367 % |
|     25752 |  266550   836723 |  340189   24951  2580726   103.4 | 44.445 % |
|     38727 |  266597   836543 |  374208   37746  3914970   103.7 | 44.458 % |
==============================================================================
restarts              : 14
conflicts             : 53833          (3493 /sec)
decisions             : 178749         (11599 /sec)
propagations          : 105594830      (6851795 /sec)
conflict literals     : 5381827        (52.18 % deleted)
Memory used           : 42.92 MB
CPU time              : 15.4113 s

UNSATISFIABLE
