Reading from standard input... Use '-h' or '--help' for help.
==================================[MINISAT]===================================
| Conflicts |     ORIGINAL     |              LEARNT              | Progress |
|           | Clauses Literals |   Limit Clauses Literals  Lit/Cl |          |
==============================================================================
|         0 |  323179   910495 |  107726       0        0     nan |  0.000 % |
|       101 |  323198   910495 |  118498      82     1116    13.6 | 29.727 % |
|       252 |  323200   910495 |  130348     231    15915    68.9 | 29.727 % |
|       478 |  323207   910495 |  143383     450    53504   118.9 | 29.727 % |
|       815 |  275846   848541 |  157721     755    97380   129.0 | 42.046 % |
|      1324 |  275861   848541 |  173493    1246   128018   102.7 | 42.110 % |
|      2084 |  275412   847875 |  190843    1973   178244    90.3 | 42.161 % |
|      3223 |  275082   847326 |  209927    3067   326420   106.4 | 42.166 % |
|      4932 |  274408   846588 |  230920    4719   430120    91.1 | 42.277 % |
|      7495 |  273273   844748 |  254012    7196   637506    88.6 | 42.487 % |
|     11341 |  271652   842597 |  279413   10899  1006027    92.3 | 42.725 % |
|     17108 |  269873   840239 |  307354   16517  1407688    85.2 | 42.994 % |
|     25758 |  268611   837923 |  338090   17990  1973602   109.7 | 43.286 % |
|     38734 |  268168   837098 |  371899   30771  3697931   120.2 | 43.370 % |
|     58195 |  267982   836633 |  409089   50003  5204541   104.1 | 43.416 % |
==============================================================================
restarts              : 15
conflicts             : 64606          (3868 /sec)
decisions             : 217912         (13046 /sec)
propagations          : 116219617      (6957836 /sec)
conflict literals     : 6274327        (53.18 % deleted)
Memory used           : 44.75 MB
CPU time              : 16.7034 s

UNSATISFIABLE
