Reading from standard input... Use '-h' or '--help' for help.
==================================[MINISAT]===================================
| Conflicts |     ORIGINAL     |              LEARNT              | Progress |
|           | Clauses Literals |   Limit Clauses Literals  Lit/Cl |          |
==============================================================================
|         0 |  325284   913414 |  108428       0        0     nan |  0.000 % |
|       101 |  325298   913414 |  119270      87      840     9.7 | 29.314 % |
|       253 |  325306   913414 |  131197     231     9725    42.1 | 29.314 % |
|       478 |  325321   913414 |  144317     441    36650    83.1 | 29.314 % |
|       815 |  325336   913414 |  158749     763    85295   111.8 | 29.314 % |
|      1322 |  277767   851280 |  174624    1231   202529   164.5 | 41.659 % |
|      2081 |  277650   851087 |  192086    1968   268926   136.6 | 41.696 % |
|      3220 |  277542   850901 |  211295    3082   375287   121.8 | 41.717 % |
|      4932 |  277218   850384 |  232425    4733   616838   130.3 | 41.768 % |
|      7494 |  277155   850213 |  255667    7230   882816   122.1 | 42.240 % |
|     11339 |  274551   846916 |  281234   10806  1322599   122.4 | 42.339 % |
|     17108 |  274460   846739 |  309357   16482  2022707   122.7 | 42.385 % |
|     25758 |  271985   843430 |  340293   24387  3086715   126.6 | 42.750 % |
|     38733 |  270632   841387 |  374322   37070  4595256   124.0 | 43.005 % |
|     58194 |  267101   835566 |  411755   48514  6147530   126.7 | 43.749 % |
==============================================================================
restarts              : 15
conflicts             : 68057          (3328 /sec)
decisions             : 235302         (11507 /sec)
propagations          : 133203722      (6514143 /sec)
conflict literals     : 7589999        (50.21 % deleted)
Memory used           : 49.37 MB
CPU time              : 20.4484 s

UNSATISFIABLE
