Reading from standard input... Use '-h' or '--help' for help.
==================================[MINISAT]===================================
| Conflicts |     ORIGINAL     |              LEARNT              | Progress |
|           | Clauses Literals |   Limit Clauses Literals  Lit/Cl |          |
==============================================================================
|         0 |  323417   912719 |  107805       0        0     nan |  0.000 % |
|       100 |  323434   912719 |  118585      83     5708    68.8 | 29.662 % |
|       250 |  323438   912719 |  130444     229    70183   306.5 | 29.662 % |
|       475 |  323447   912719 |  143488     444    78073   175.8 | 52.929 % |
|       812 |  235712   805914 |  157837     758    87213   115.1 | 52.929 % |
|      1318 |  235648   805905 |  173621    1249   107385    86.0 | 52.930 % |
|      2081 |  235655   805905 |  190983    2005   134831    67.2 | 52.930 % |
|      3222 |  235662   805905 |  210081    3139   179705    57.2 | 52.930 % |
|      4930 |  235671   805905 |  231089    4838   241800    50.0 | 52.930 % |
==============================================================================
restarts              : 9
conflicts             : 5635           (8021 /sec)
decisions             : 20597          (29320 /sec)
propagations          : 8459105        (12041516 /sec)
conflict literals     : 264517         (34.24 % deleted)
Memory used           : 21.85 MB
CPU time              : 0.702495 s

UNSATISFIABLE
