Reading from standard input... Use '-h' or '--help' for help.
==================================[MINISAT]===================================
| Conflicts |     ORIGINAL     |              LEARNT              | Progress |
|           | Clauses Literals |   Limit Clauses Literals  Lit/Cl |          |
==============================================================================
|         0 |  214120   593731 |   71373       0        0     nan |  0.000 % |
|       100 |  214125   593731 |   78510      95     2218    23.3 | 28.851 % |
|       250 |  214134   593731 |   86361     236     4824    20.4 | 28.851 % |
|       476 |  214056   593626 |   94997     405    18096    44.7 | 28.860 % |
|       813 |  214073   593626 |  104497     724    67766    93.6 | 46.350 % |
|      1319 |  173515   542894 |  114946    1142   127378   111.5 | 46.733 % |
|      2078 |  172539   541355 |  126441    1863   181153    97.2 | 47.055 % |
|      3218 |  171379   539528 |  139085    2869   273986    95.5 | 47.207 % |
|      4931 |  168955   536163 |  152994    4486   416852    92.9 | 47.991 % |
|      7500 |  168147   535035 |  168293    6999   651324    93.1 | 48.186 % |
|     11344 |  166505   532816 |  185123   10702   926190    86.5 | 48.590 % |
==============================================================================
restarts              : 11
conflicts             : 14435          (7262 /sec)
decisions             : 45834          (23057 /sec)
propagations          : 22159320       (11147257 /sec)
conflict literals     : 1078472        (35.18 % deleted)
Memory used           : 18.18 MB
CPU time              : 1.98787 s

UNSATISFIABLE
