Reading from standard input... Use '-h' or '--help' for help.
==================================[MINISAT]===================================
| Conflicts |     ORIGINAL     |              LEARNT              | Progress |
|           | Clauses Literals |   Limit Clauses Literals  Lit/Cl |          |
==============================================================================
|         0 |  324991   912749 |  108330       0        0     nan |  0.000 % |
|       100 |  325000   912749 |  119163      91      958    10.5 | 29.384 % |
|       263 |  325003   912749 |  131079     251    19624    78.2 | 29.384 % |
|       488 |  325027   912749 |  144187     450    30420    67.6 | 40.323 % |
|       825 |  282101   855556 |  158605     772    59226    76.7 | 40.389 % |
|      1331 |  282123   855556 |  174466    1256   106599    84.9 | 40.389 % |
|      2091 |  281509   854385 |  191913    1905   138292    72.6 | 40.444 % |
|      3236 |  281531   854385 |  211104    3027   294606    97.3 | 40.455 % |
|      4944 |  281205   853860 |  232214    4596   489105   106.4 | 40.486 % |
|      7506 |  280664   853079 |  255436    7092   785243   110.7 | 40.609 % |
|     11351 |  279047   850666 |  280980   10872  1091445   100.4 | 40.894 % |
|     17117 |  277023   847741 |  309078   16021  1633071   101.9 | 41.515 % |
|     25766 |  274382   843574 |  339985   17137  1846295   107.7 | 41.839 % |
|     38740 |  273758   842596 |  373984   29877  3493818   116.9 | 41.958 % |
|     58203 |  272678   840763 |  411382   49075  5763698   117.4 | 42.083 % |
==============================================================================
restarts              : 15
conflicts             : 83301          (3168 /sec)
decisions             : 270187         (10274 /sec)
propagations          : 173133455      (6583364 /sec)
conflict literals     : 8775444        (52.85 % deleted)
Memory used           : 51.41 MB
CPU time              : 26.2986 s

UNSATISFIABLE
