Reading from standard input... Use '-h' or '--help' for help.
==================================[MINISAT]===================================
| Conflicts |     ORIGINAL     |              LEARNT              | Progress |
|           | Clauses Literals |   Limit Clauses Literals  Lit/Cl |          |
==============================================================================
|         0 |  326238   916351 |  108746       0        0     nan |  0.000 % |
|       101 |  326249   916351 |  119620      90     1370    15.2 | 29.125 % |
|       253 |  326268   916351 |  131582     219     3360    15.3 | 29.133 % |
|       478 |  262767   836781 |  144740     378    14211    37.6 | 47.048 % |
|       817 |  262796   836781 |  159215     666    44681    67.1 | 47.331 % |
|      1325 |  262810   836781 |  175136    1160   144731   124.8 | 47.331 % |
|      2084 |  260871   833406 |  192650    1847   212037   114.8 | 47.331 % |
|      3226 |  260433   832869 |  211915    2937   336182   114.5 | 47.580 % |
|      4934 |  256969   827625 |  233106    4578   536250   117.1 | 48.067 % |
|      7497 |  254152   823515 |  256417    7082   891540   125.9 | 48.418 % |
|     11345 |  251068   819030 |  282059   10864  1300726   119.7 | 49.010 % |
==============================================================================
restarts              : 11
conflicts             : 15277          (5164 /sec)
decisions             : 60022          (20291 /sec)
propagations          : 30408126       (10279503 /sec)
conflict literals     : 1580890        (36.92 % deleted)
Memory used           : 26.36 MB
CPU time              : 2.95813 s

UNSATISFIABLE
