Reading from standard input... Use '-h' or '--help' for help.
==================================[MINISAT]===================================
| Conflicts |     ORIGINAL     |              LEARNT              | Progress |
|           | Clauses Literals |   Limit Clauses Literals  Lit/Cl |          |
==============================================================================
|         0 |  322321   909942 |  107440       0        0     nan |  0.000 % |
|       102 |  322337   909942 |  118184      86      907    10.5 | 29.814 % |
|       252 |  322344   909942 |  130002     229    14020    61.2 | 29.814 % |
|       477 |  322348   909942 |  143002     450    49996   111.1 | 29.814 % |
|       814 |  322358   909942 |  157302     777   111995   144.1 | 29.814 % |
|      1320 |  322379   909942 |  173033    1262   195796   155.1 | 29.814 % |
|      2079 |  270595   843172 |  190336    1985   235807   118.8 | 44.107 % |
|      3219 |  270310   842658 |  209370    3037   300810    99.0 | 44.168 % |
|      4928 |  269809   841857 |  230307    4691   383679    81.8 | 44.701 % |
|      7490 |  265560   836103 |  253337    5638   478618    84.9 | 45.043 % |
|     11334 |  263976   833457 |  278671    8562   737775    86.2 | 45.329 % |
|     17100 |  262252   831315 |  306538   14104  1341610    95.1 | 45.811 % |
|     25751 |  258704   825797 |  337192   22110  2031984    91.9 | 46.277 % |
==============================================================================
restarts              : 13
conflicts             : 36505          (5438 /sec)
decisions             : 152408         (22702 /sec)
propagations          : 65606824       (9772336 /sec)
conflict literals     : 2911695        (44.76 % deleted)
Memory used           : 31.21 MB
CPU time              : 6.71352 s

UNSATISFIABLE
