Reading from standard input... Use '-h' or '--help' for help.
==================================[MINISAT]===================================
| Conflicts |     ORIGINAL     |              LEARNT              | Progress |
|           | Clauses Literals |   Limit Clauses Literals  Lit/Cl |          |
==============================================================================
|         0 |  319770   907154 |  106590       0        0     nan |  0.000 % |
|       100 |  319784   907154 |  117249      86     1220    14.2 | 30.286 % |
|       251 |  319792   907154 |  128973     229    50188   219.2 | 30.286 % |
|       478 |  319798   907154 |  141871     450    76589   170.2 | 30.286 % |
|       815 |  319766   907148 |  156058     763   111848   146.6 | 48.649 % |
|      1322 |  319785   907148 |  171664    1249   149595   119.8 | 48.712 % |
|      2081 |  254675   824461 |  188830    1904   222697   117.0 | 48.894 % |
|      3221 |  254303   823903 |  207713    3019   270363    89.6 | 49.256 % |
|      4934 |  250108   817756 |  228485    3928   343708    87.5 | 49.669 % |
|      7497 |  249367   816615 |  251333    5752   437398    76.0 | 49.807 % |
|     11341 |  246515   811730 |  276467    8713   584742    67.1 | 50.409 % |
==============================================================================
restarts              : 11
conflicts             : 13570          (5337 /sec)
decisions             : 51909          (20416 /sec)
propagations          : 25101433       (9872352 /sec)
conflict literals     : 815737         (35.44 % deleted)
Memory used           : 22.62 MB
CPU time              : 2.5426 s

UNSATISFIABLE
