Reading from standard input... Use '-h' or '--help' for help.
==================================[MINISAT]===================================
| Conflicts |     ORIGINAL     |              LEARNT              | Progress |
|           | Clauses Literals |   Limit Clauses Literals  Lit/Cl |          |
==============================================================================
|         0 |  322572   909588 |  107524       0        0     nan |  0.000 % |
|       101 |  322590   909588 |  118276      83     1177    14.2 | 29.875 % |
|       251 |  322601   909588 |  130104     215     5201    24.2 | 40.975 % |
|       476 |  322622   909588 |  143114     419    10304    24.6 | 40.975 % |
|       813 |  279335   851809 |  157425     683    26637    39.0 | 40.992 % |
|      1321 |  279359   851809 |  173168    1164    60699    52.1 | 41.149 % |
|      2080 |  278357   850624 |  190485    1879    94324    50.2 | 41.162 % |
|      3220 |  278139   850336 |  209533    2989   180203    60.3 | 41.187 % |
|      4929 |  278210   850336 |  230487    4627   383176    82.8 | 41.187 % |
|      7494 |  277613   849567 |  253535    7129   743303   104.3 | 41.312 % |
|     11338 |  277013   848549 |  278889   10868  1155895   106.4 | 41.752 % |
|     17106 |  271911   840516 |  306778   15101  1584644   104.9 | 43.071 % |
|     25761 |  267910   834496 |  337456   21096  2199283   104.3 | 43.247 % |
==============================================================================
restarts              : 13
conflicts             : 38040          (6272 /sec)
decisions             : 162138         (26732 /sec)
propagations          : 56622862       (9335476 /sec)
conflict literals     : 3531778        (43.60 % deleted)
Memory used           : 33.96 MB
CPU time              : 6.06534 s

UNSATISFIABLE
