Reading from standard input... Use '-h' or '--help' for help.
==================================[MINISAT]===================================
| Conflicts |     ORIGINAL     |              LEARNT              | Progress |
|           | Clauses Literals |   Limit Clauses Literals  Lit/Cl |          |
==============================================================================
|         0 |  211667   590120 |   70555       0        0     nan |  0.000 % |
|       100 |  211675   590120 |   77610      92     1503    16.3 | 29.614 % |
|       250 |  211684   590120 |   85371     233     9028    38.7 | 29.614 % |
|       478 |  211700   590120 |   93908     443    32364    73.1 | 29.615 % |
|       818 |  211657   590114 |  103299     775    62374    80.5 | 29.615 % |
|      1325 |  172470   540574 |  113629    1173   110967    94.6 | 47.458 % |
|      2084 |  171941   539761 |  124992    1891   148013    78.3 | 47.610 % |
|      3223 |  171330   538741 |  137491    2994   223204    74.6 | 47.962 % |
|      4931 |  169906   537079 |  151240    4692   375977    80.1 | 47.962 % |
|      7496 |  167993   534262 |  166364    7200   604300    83.9 | 48.555 % |
|     11345 |  164385   530128 |  183001    9686   827731    85.5 | 49.375 % |
==============================================================================
restarts              : 11
conflicts             : 13170          (6376 /sec)
decisions             : 42119          (20390 /sec)
propagations          : 19373145       (9378775 /sec)
conflict literals     : 1025808        (43.72 % deleted)
Memory used           : 17.66 MB
CPU time              : 2.06564 s

UNSATISFIABLE
