Reading from standard input... Use '-h' or '--help' for help.
==================================[MINISAT]===================================
| Conflicts |     ORIGINAL     |              LEARNT              | Progress |
|           | Clauses Literals |   Limit Clauses Literals  Lit/Cl |          |
==============================================================================
|         0 |  322127   909966 |  107375       0        0     nan |  0.000 % |
|       100 |  322139   909966 |  118112      88     1026    11.7 | 29.873 % |
|       251 |  322161   909966 |  129923     214     4246    19.8 | 29.890 % |
|       476 |  322074   909750 |  142916     419    19365    46.2 | 29.940 % |
|       814 |  322077   909750 |  157207     754    76826   101.9 | 29.940 % |
|      1321 |  321785   909231 |  172928    1238   138984   112.3 | 29.940 % |
|      2081 |  321805   909231 |  190221    1978   255466   129.2 | 29.940 % |
|      3220 |  321820   909231 |  209243    3102   435779   140.5 | 29.940 % |
|      4928 |  321848   909231 |  230167    4782   698578   146.1 | 29.940 % |
|      7490 |  321867   909198 |  253184    7208  1069450   148.4 | 29.942 % |
|     11342 |  261425   832613 |  278503   10939  1363786   124.7 | 46.631 % |
|     17109 |  259300   829661 |  306353   16524  1889154   114.3 | 46.917 % |
|     25759 |  258639   828518 |  336988   25011  2637360   105.4 | 47.005 % |
==============================================================================
restarts              : 13
conflicts             : 36374          (4314 /sec)
decisions             : 128431         (15231 /sec)
propagations          : 70731532       (8388462 /sec)
conflict literals     : 3542756        (51.58 % deleted)
Memory used           : 34.69 MB
CPU time              : 8.432 s

UNSATISFIABLE
