Reading from standard input... Use '-h' or '--help' for help.
==================================[MINISAT]===================================
| Conflicts |     ORIGINAL     |              LEARNT              | Progress |
|           | Clauses Literals |   Limit Clauses Literals  Lit/Cl |          |
==============================================================================
|         0 |  327201   916594 |  109067       0        0     nan |  0.000 % |
|       100 |  327213   916594 |  119973      88     1117    12.7 | 28.925 % |
|       250 |  327229   916594 |  131971     220    23707   107.8 | 28.933 % |
|       476 |  327235   916594 |  145168     440    50030   113.7 | 28.933 % |
|       814 |  327198   916462 |  159684     736    71102    96.6 | 42.904 % |
|      1324 |  327208   916462 |  175653    1236   110882    89.7 | 42.904 % |
|      2085 |  275077   849453 |  193218    1949   166470    85.4 | 42.904 % |
|      3225 |  274896   849177 |  212540    2995   272205    90.9 | 42.939 % |
|      4936 |  274499   848553 |  233794    4637   441859    95.3 | 43.194 % |
|      7499 |  272106   845167 |  257174    7124   645393    90.6 | 43.551 % |
|     11345 |  269759   841869 |  282891   10802  1042667    96.5 | 43.903 % |
|     17111 |  268646   840240 |  311180   16475  1722922   104.6 | 44.288 % |
|     25762 |  265138   835604 |  342298   24678  2570377   104.2 | 44.722 % |
|     38737 |  264141   833765 |  376528   37297  3924107   105.2 | 44.874 % |
|     58200 |  263021   831785 |  414181   56506  5841051   103.4 | 45.052 % |
==============================================================================
restarts              : 15
conflicts             : 67319          (3879 /sec)
decisions             : 199794         (11511 /sec)
propagations          : 135252635      (7792721 /sec)
conflict literals     : 6565809        (49.37 % deleted)
Memory used           : 48.15 MB
CPU time              : 17.3563 s

UNSATISFIABLE
