Reading from standard input... Use '-h' or '--help' for help.
==================================[MINISAT]===================================
| Conflicts |     ORIGINAL     |              LEARNT              | Progress |
|           | Clauses Literals |   Limit Clauses Literals  Lit/Cl |          |
==============================================================================
|         0 |  319607   906035 |  106535       0        0     nan |  0.000 % |
|       100 |  319619   906035 |  117188      88     1305    14.8 | 30.394 % |
|       251 |  319624   906035 |  128907     234    36782   157.2 | 30.394 % |
|       476 |  319638   906035 |  141798     444    45857   103.3 | 44.514 % |
|       816 |  267715   839273 |  155977     730    68707    94.1 | 44.518 % |
|      1323 |  267235   838595 |  171575    1176    88061    74.9 | 44.602 % |
|      2082 |  267147   838409 |  188733    1904   128213    67.3 | 44.674 % |
|      3222 |  266823   837964 |  207606    2985   206437    69.2 | 44.932 % |
|      4930 |  263134   832175 |  228367    4555   337047    74.0 | 45.445 % |
|      7494 |  262757   831530 |  251203    7042   503691    71.5 | 45.801 % |
|     11338 |  259883   826931 |  276324    9802   800548    81.7 | 45.975 % |
|     17104 |  258203   824078 |  303956   15352  1181767    77.0 | 46.259 % |
==============================================================================
restarts              : 12
conflicts             : 22470          (6056 /sec)
decisions             : 90428          (24371 /sec)
propagations          : 34593887       (9323437 /sec)
conflict literals     : 1537073        (41.96 % deleted)
Memory used           : 26.05 MB
CPU time              : 3.71042 s

UNSATISFIABLE
