Reading from standard input... Use '-h' or '--help' for help.
==================================[MINISAT]===================================
| Conflicts |     ORIGINAL     |              LEARNT              | Progress |
|           | Clauses Literals |   Limit Clauses Literals  Lit/Cl |          |
==============================================================================
|         0 |  325382   913547 |  108460       0        0     nan |  0.000 % |
|       102 |  325393   913547 |  119306      91      883     9.7 | 29.264 % |
|       254 |  325401   913547 |  131236     229    19059    83.2 | 41.722 % |
|       480 |  325410   913547 |  144360     445    23946    53.8 | 41.751 % |
|       819 |  325431   913547 |  158796     763    59007    77.3 | 41.751 % |
|      1327 |  277537   850434 |  174675    1222   115184    94.3 | 41.766 % |
|      2087 |  277431   850206 |  192143    1925   173220    90.0 | 42.128 % |
|      3227 |  275988   848121 |  211357    3021   251003    83.1 | 42.178 % |
|      4935 |  274597   846212 |  232493    4555   389334    85.5 | 42.557 % |
|      7500 |  273433   844459 |  255743    6634   710295   107.1 | 42.608 % |
|     11345 |  271452   841714 |  281317   10194  1317308   129.2 | 42.944 % |
|     17112 |  269969   839495 |  309449   15674  1985501   126.7 | 43.240 % |
|     25761 |  267758   836235 |  340393   23994  2832217   118.0 | 43.699 % |
==============================================================================
restarts              : 13
conflicts             : 37892          (4904 /sec)
decisions             : 158359         (20493 /sec)
propagations          : 57801560       (7480083 /sec)
conflict literals     : 3830775        (44.33 % deleted)
Memory used           : 35.39 MB
CPU time              : 7.7274 s

UNSATISFIABLE
