Reading from standard input... Use '-h' or '--help' for help.
==================================[MINISAT]===================================
| Conflicts |     ORIGINAL     |              LEARNT              | Progress |
|           | Clauses Literals |   Limit Clauses Literals  Lit/Cl |          |
==============================================================================
|         0 |  212735   591528 |   70911       0        0     nan |  0.000 % |
|       100 |  212739   591528 |   78002      96     1402    14.6 | 29.330 % |
|       252 |  212741   591528 |   85802     246     3709    15.1 | 29.330 % |
|       478 |  212717   591522 |   94382     447    13790    30.9 | 29.331 % |
|       815 |  212727   591522 |  103820     772    64557    83.6 | 44.957 % |
|      1322 |  176234   544788 |  114202    1182   108070    91.4 | 45.020 % |
|      2081 |  176190   544686 |  125623    1906   148674    78.0 | 45.064 % |
|      3222 |  175808   544038 |  138185    2853   198046    69.4 | 45.145 % |
|      4933 |  175736   543870 |  152004    4521   297506    65.8 | 45.189 % |
|      7495 |  174534   542103 |  167204    7005   452591    64.6 | 45.470 % |
|     11339 |  174253   541572 |  183924   10782   649787    60.3 | 45.597 % |
|     17105 |  173894   540984 |  202317   13789   861930    62.5 | 45.658 % |
==============================================================================
restarts              : 12
conflicts             : 24029          (7953 /sec)
decisions             : 71875          (23790 /sec)
propagations          : 39756736       (13159066 /sec)
conflict literals     : 1521465        (48.78 % deleted)
Memory used           : 19.60 MB
CPU time              : 3.02124 s

UNSATISFIABLE
