Reading from standard input... Use '-h' or '--help' for help.
==================================[MINISAT]===================================
| Conflicts |     ORIGINAL     |              LEARNT              | Progress |
|           | Clauses Literals |   Limit Clauses Literals  Lit/Cl |          |
==============================================================================
|         0 |  212966   591877 |   70988       0        0     nan |  0.000 % |
|       100 |  212968   591877 |   78086      98     3197    32.6 | 29.195 % |
|       250 |  212976   591877 |   85895     240    20210    84.2 | 29.195 % |
|       476 |  212989   591877 |   94485     453    44430    98.1 | 29.195 % |
|       813 |  212960   591871 |  103933     770    75206    97.7 | 29.195 % |
|      1319 |  171767   540639 |  114326    1118   106141    94.9 | 47.315 % |
|      2078 |  170056   538095 |  125759    1830   147578    80.6 | 47.939 % |
|      3217 |  168908   536184 |  138335    2858   226996    79.4 | 48.046 % |
|      4927 |  168087   534867 |  152169    4525   323263    71.4 | 48.283 % |
|      7489 |  166612   532719 |  167385    7024   478252    68.1 | 48.609 % |
|     11333 |  165929   531576 |  184124   10768   641425    59.6 | 48.803 % |
==============================================================================
restarts              : 11
conflicts             : 11479          (7834 /sec)
decisions             : 41217          (28129 /sec)
propagations          : 18381887       (12544769 /sec)
conflict literals     : 655705         (39.49 % deleted)
Memory used           : 16.45 MB
CPU time              : 1.4653 s

UNSATISFIABLE
