Reading from standard input... Use '-h' or '--help' for help.
==================================[MINISAT]===================================
| Conflicts |     ORIGINAL     |              LEARNT              | Progress |
|           | Clauses Literals |   Limit Clauses Literals  Lit/Cl |          |
==============================================================================
|         0 |  327415   916925 |  109138       0        0     nan |  0.000 % |
|       100 |  327431   916925 |  120051      84     1195    14.2 | 28.863 % |
|       251 |  327434   916925 |  132056     232    11137    48.0 | 28.863 % |
|       476 |  327441   916925 |  145262     450    40940    91.0 | 28.863 % |
|       813 |  327445   916925 |  159788     783    76585    97.8 | 28.863 % |
|      1321 |  327451   916925 |  175767    1285   137467   107.0 | 28.863 % |
|      2080 |  274605   848303 |  193344    1980   199602   100.8 | 43.059 % |
|      3221 |  274570   848138 |  212679    2909   302056   103.8 | 43.061 % |
|      4929 |  273759   846977 |  233946    4556   568665   124.8 | 43.240 % |
|      7491 |  270639   843098 |  257341    6917   893175   129.1 | 43.924 % |
|     11335 |  267850   839533 |  283075   10503  1394616   132.8 | 44.284 % |
|     17104 |  265306   835642 |  311383   15970  1941720   121.6 | 44.806 % |
|     25756 |  262863   831958 |  342521   24188  2786032   115.2 | 45.412 % |
|     38730 |  260876   828922 |  376773   36760  3791300   103.1 | 45.559 % |
==============================================================================
restarts              : 14
conflicts             : 45921          (4570 /sec)
decisions             : 181322         (18045 /sec)
propagations          : 89016581       (8859074 /sec)
conflict literals     : 4379645        (46.70 % deleted)
Memory used           : 38.78 MB
CPU time              : 10.0481 s

UNSATISFIABLE
