Reading from standard input... Use '-h' or '--help' for help.
==================================[MINISAT]===================================
| Conflicts |     ORIGINAL     |              LEARNT              | Progress |
|           | Clauses Literals |   Limit Clauses Literals  Lit/Cl |          |
==============================================================================
|         0 |  210933   588788 |   70311       0        0     nan |  0.000 % |
|       100 |  210941   588788 |   77342      92     5803    63.1 | 29.855 % |
|       251 |  210953   588788 |   85076     230    13094    56.9 | 45.190 % |
|       477 |  210967   588788 |   93583     441    28326    64.2 | 45.190 % |
|       814 |  175985   544743 |  102942     760    49641    65.3 | 45.261 % |
|      1320 |  175671   544242 |  113236    1219    73457    60.3 | 45.376 % |
|      2080 |  174832   542692 |  124560    1780   108356    60.9 | 45.649 % |
|      3220 |  174251   541573 |  137016    2809   167904    59.8 | 45.718 % |
|      4936 |  174322   541573 |  150717    4454   262526    58.9 | 45.718 % |
|      7499 |  173741   540706 |  165789    6950   436890    62.9 | 46.001 % |
|     11348 |  171048   536452 |  182368    9933   645303    65.0 | 46.490 % |
==============================================================================
restarts              : 11
conflicts             : 15355          (9152 /sec)
decisions             : 51371          (30620 /sec)
propagations          : 22824330       (13604633 /sec)
conflict literals     : 866327         (45.33 % deleted)
Memory used           : 17.29 MB
CPU time              : 1.67769 s

UNSATISFIABLE
