Reading from standard input... Use '-h' or '--help' for help.
==================================[MINISAT]===================================
| Conflicts |     ORIGINAL     |              LEARNT              | Progress |
|           | Clauses Literals |   Limit Clauses Literals  Lit/Cl |          |
==============================================================================
|         0 |  324583   913771 |  108194       0        0     nan |  0.000 % |
|       100 |  324594   913771 |  119013      89     2116    23.8 | 29.377 % |
|       257 |  324602   913771 |  130914     238    18424    77.4 | 29.377 % |
|       483 |  324618   913771 |  144006     448    54353   121.3 | 29.377 % |
|       820 |  262694   836079 |  158406     763    89409   117.2 | 46.958 % |
|      1326 |  262725   836079 |  174247    1238   141873   114.6 | 46.958 % |
|      2085 |  262711   835998 |  191672    1950   203956   104.6 | 47.270 % |
|      3226 |  259299   831379 |  210839    2987   311425   104.3 | 47.727 % |
|      4934 |  257361   828421 |  231923    4560   481028   105.5 | 47.965 % |
|      7496 |  251023   819243 |  255115    5860   700297   119.5 | 49.162 % |
|     11343 |  248417   815492 |  280627    9614  1101619   114.6 | 49.686 % |
==============================================================================
restarts              : 11
conflicts             : 15548          (3997 /sec)
decisions             : 61132          (15716 /sec)
propagations          : 28586485       (7348977 /sec)
conflict literals     : 1432727        (38.34 % deleted)
Memory used           : 25.45 MB
CPU time              : 3.88986 s

UNSATISFIABLE
