Reading from standard input... Use '-h' or '--help' for help.
==================================[MINISAT]===================================
| Conflicts |     ORIGINAL     |              LEARNT              | Progress |
|           | Clauses Literals |   Limit Clauses Literals  Lit/Cl |          |
==============================================================================
|         0 |  323007   910248 |  107669       0        0     nan |  0.000 % |
|       100 |  323024   910248 |  118435      83      814     9.8 | 29.764 % |
|       250 |  323047   910248 |  130279     204     3420    16.8 | 41.949 % |
|       475 |  323061   910248 |  143307     415     9938    23.9 | 41.949 % |
|       812 |  275700   848776 |  157638     692    35245    50.9 | 42.008 % |
|      1318 |  275715   848776 |  173402    1183    70669    59.7 | 42.008 % |
|      2087 |  275668   848716 |  190742    1945   101324    52.1 | 42.016 % |
|      3226 |  275416   848388 |  209816    3057   177479    58.1 | 42.081 % |
|      4934 |  275113   848145 |  230798    4732   406515    85.9 | 42.124 % |
|      7496 |  274924   847755 |  253877    7219   646605    89.6 | 42.216 % |
|     11344 |  273856   846222 |  279265   10954  1057930    96.6 | 42.370 % |
|     17113 |  273067   844905 |  307192   16540  1570353    94.9 | 42.539 % |
|     25762 |  272428   843729 |  337911   24968  2556620   102.4 | 42.631 % |
|     38737 |  272178   843171 |  371702   37826  4296456   113.6 | 42.648 % |
|     58201 |  272027   842814 |  408872   57179  6843583   119.7 | 42.682 % |
==============================================================================
restarts              : 15
conflicts             : 81111          (3046 /sec)
decisions             : 256035         (9615 /sec)
propagations          : 178235840      (6693706 /sec)
conflict literals     : 8918878        (54.19 % deleted)
Memory used           : 56.43 MB
CPU time              : 26.6274 s

UNSATISFIABLE
