Reading from standard input... Use '-h' or '--help' for help.
==================================[MINISAT]===================================
| Conflicts |     ORIGINAL     |              LEARNT              | Progress |
|           | Clauses Literals |   Limit Clauses Literals  Lit/Cl |          |
==============================================================================
|         0 |  327590   917298 |  109196       0        0     nan |  0.000 % |
|       101 |  327605   917298 |  120115      86      927    10.8 | 28.840 % |
|       252 |  327620   917298 |  132127     220     8948    40.7 | 28.852 % |
|       478 |  327636   917298 |  145339     430    39979    93.0 | 28.852 % |
|       817 |  327565   917100 |  159873     726    64565    88.9 | 28.852 % |
|      1323 |  327584   917034 |  175861    1162   107951    92.9 | 43.023 % |
|      2083 |  274283   847625 |  193447    1851   182697    98.7 | 43.041 % |
|      3222 |  273579   846827 |  212792    2955   283434    95.9 | 43.155 % |
|      4931 |  273502   846674 |  234071    4616   504009   109.2 | 43.182 % |
|      7494 |  271586   843933 |  257478    7066   786933   111.4 | 43.504 % |
|     11339 |  265195   835911 |  283226   10594  1072728   101.3 | 44.784 % |
|     17107 |  264943   835497 |  311548   16290  1722548   105.7 | 44.956 % |
|     25757 |  263201   832680 |  342703   24293  2435171   100.2 | 45.162 % |
|     38731 |  262355   831225 |  376974   37102  3782709   102.0 | 45.306 % |
==============================================================================
restarts              : 14
conflicts             : 56601          (3687 /sec)
decisions             : 171940         (11199 /sec)
propagations          : 105755466      (6888412 /sec)
conflict literals     : 5242024        (49.61 % deleted)
Memory used           : 41.13 MB
CPU time              : 15.3527 s

UNSATISFIABLE
