Reading from standard input... Use '-h' or '--help' for help.
==================================[MINISAT]===================================
| Conflicts |     ORIGINAL     |              LEARNT              | Progress |
|           | Clauses Literals |   Limit Clauses Literals  Lit/Cl |          |
==============================================================================
|         0 |  213853   593648 |   71284       0        0     nan |  0.000 % |
|       100 |  213857   593648 |   78412      93     5607    60.3 | 52.517 % |
|       251 |  213886   593648 |   86253     212     8166    38.5 | 52.523 % |
|       476 |  213900   593648 |   94879     417    12088    29.0 | 52.660 % |
|       814 |  156574   523641 |  104366     678    24863    36.7 | 52.663 % |
|      1321 |  156579   523641 |  114803    1180    44106    37.4 | 52.663 % |
|      2080 |  156570   523608 |  126283    1934    71475    37.0 | 52.663 % |
|      3220 |  156579   523608 |  138912    3065   111979    36.5 | 52.663 % |
==============================================================================
restarts              : 8
conflicts             : 4265           (10201 /sec)
decisions             : 15741          (37650 /sec)
propagations          : 5656581        (13529545 /sec)
conflict literals     : 144146         (30.63 % deleted)
Memory used           : 14.98 MB
CPU time              : 0.418091 s

UNSATISFIABLE
