Reading from standard input... Use '-h' or '--help' for help.
==================================[MINISAT]===================================
| Conflicts |     ORIGINAL     |              LEARNT              | Progress |
|           | Clauses Literals |   Limit Clauses Literals  Lit/Cl |          |
==============================================================================
|         0 |  223840   604850 |   74613       0        0     nan |  0.000 % |
|       103 |  223844   604850 |   82074      99     5174    52.3 | 26.129 % |
|       253 |  223848   604850 |   90281     244    10410    42.7 | 26.130 % |
|       481 |  223851   604850 |   99309     467    18670    40.0 | 34.667 % |
|       819 |  200520   572347 |  109240     777    47662    61.3 | 34.667 % |
|      1326 |  200540   572347 |  120164    1264    75438    59.7 | 34.667 % |

*** INTERRUPTED ***
restarts              : 6
conflicts             : 1497           (7688 /sec)
decisions             : 11031          (56654 /sec)
propagations          : 2180981        (11201291 /sec)
conflict literals     : 95995          (14.26 % deleted)
Memory used           : 14.95 MB
CPU time              : 0.194708 s

*** INTERRUPTED ***
