Reading from standard input... Use '-h' or '--help' for help.
==================================[MINISAT]===================================
| Conflicts |     ORIGINAL     |              LEARNT              | Progress |
|           | Clauses Literals |   Limit Clauses Literals  Lit/Cl |          |
==============================================================================
|         0 |  214773   593911 |   71591       0        0     nan |  0.000 % |
|       100 |  214778   593911 |   78750      95     4373    46.0 | 28.661 % |
|       250 |  214779   593911 |   86625     244    20213    82.8 | 28.661 % |
|       476 |  214788   593911 |   95287     460    27774    60.4 | 42.103 % |
|       815 |  182820   552575 |  104816     778    42244    54.3 | 42.103 % |
|      1321 |  182779   552512 |  115298    1264    68396    54.1 | 42.139 % |
|      2082 |  182463   552128 |  126827    1990   101305    50.9 | 42.200 % |
|      3222 |  181936   551342 |  139510    3098   186344    60.1 | 42.384 % |
|      4930 |  181620   550640 |  153461    4734   296428    62.6 | 42.480 % |
|      7492 |  181554   550532 |  168807    7267   481483    66.3 | 42.480 % |
|     11336 |  181128   549875 |  185688   10950   863425    78.9 | 42.598 % |
|     17102 |  180479   548881 |  204257   16548  1466017    88.6 | 42.913 % |
|     25753 |  179904   547865 |  224683   24798  2240344    90.3 | 42.940 % |
==============================================================================
restarts              : 13
conflicts             : 32357          (6993 /sec)
decisions             : 105286         (22755 /sec)
propagations          : 53131123       (11482758 /sec)
conflict literals     : 2926078        (50.66 % deleted)
Memory used           : 26.27 MB
CPU time              : 4.62704 s

UNSATISFIABLE
