Reading from standard input... Use '-h' or '--help' for help.
==================================[MINISAT]===================================
| Conflicts |     ORIGINAL     |              LEARNT              | Progress |
|           | Clauses Literals |   Limit Clauses Literals  Lit/Cl |          |
==============================================================================
|         0 |  326390   916534 |  108796       0        0     nan |  0.000 % |
|       100 |  326419   916534 |  119675      71      951    13.4 | 29.086 % |
|       250 |  326435   916534 |  131643     200    27297   136.5 | 46.793 % |
|       475 |  326462   916534 |  144807     395    37554    95.1 | 46.960 % |
|       817 |  262870   836158 |  159288     616    69812   113.3 | 46.990 % |
|      1324 |  262877   836158 |  175217    1116   177797   159.3 | 46.990 % |
|      2083 |  262660   835780 |  192738    1871   293511   156.9 | 46.990 % |
|      3222 |  262377   835405 |  212012    2981   469945   157.6 | 47.070 % |
|      4931 |  262237   835180 |  233213    4641   773244   166.6 | 47.070 % |
|      7496 |  262255   835180 |  256535    7188  1304607   181.5 | 47.070 % |
|     11340 |  258889   830554 |  282188   10920  1853210   169.7 | 47.864 % |
|     17106 |  252641   821882 |  310407   16608  2784828   167.7 | 48.691 % |
==============================================================================
restarts              : 12
conflicts             : 20456          (4005 /sec)
decisions             : 70392          (13783 /sec)
propagations          : 34438401       (6743379 /sec)
conflict literals     : 3110432        (39.04 % deleted)
Memory used           : 32.32 MB
CPU time              : 5.107 s

UNSATISFIABLE
