Reading from standard input... Use '-h' or '--help' for help.
==================================[MINISAT]===================================
| Conflicts |     ORIGINAL     |              LEARNT              | Progress |
|           | Clauses Literals |   Limit Clauses Literals  Lit/Cl |          |
==============================================================================
|         0 |  320541   907508 |  106847       0        0     nan |  0.000 % |
|       102 |  320560   907508 |  117531      83      961    11.6 | 30.207 % |
|       252 |  320571   907508 |  129284     220    20139    91.5 | 30.213 % |
|       477 |  320582   907508 |  142213     434    41404    95.4 | 30.213 % |
|       815 |  320562   907409 |  156434     740    78703   106.4 | 30.217 % |
|      1322 |  320574   907409 |  172078    1235   149531   121.1 | 30.217 % |
|      2087 |  267813   839020 |  189285    1934   220357   113.9 | 44.618 % |
|      3226 |  267828   839020 |  208214    3058   274568    89.8 | 44.618 % |
|      4934 |  265193   834946 |  229036    4453   394355    88.6 | 44.927 % |
|      7496 |  264215   833458 |  251939    6881   589997    85.7 | 45.122 % |
|     11343 |  263468   832354 |  277133   10628   931542    87.6 | 45.221 % |
|     17109 |  262262   830497 |  304846   16246  1422975    87.6 | 45.426 % |
|     25758 |  260762   827854 |  335331   23622  2010448    85.1 | 45.745 % |
==============================================================================
restarts              : 13
conflicts             : 36486          (5700 /sec)
decisions             : 141363         (22084 /sec)
propagations          : 66262725       (10351809 /sec)
conflict literals     : 2831859        (46.02 % deleted)
Memory used           : 31.82 MB
CPU time              : 6.40108 s

UNSATISFIABLE
