Reading from standard input... Use '-h' or '--help' for help.
==================================[MINISAT]===================================
| Conflicts |     ORIGINAL     |              LEARNT              | Progress |
|           | Clauses Literals |   Limit Clauses Literals  Lit/Cl |          |
==============================================================================
|         0 |  287343   747934 |   95781       0        0     nan |  0.000 % |
|       101 |  287351   747934 |  105359      84      573     6.8 |  9.261 % |
|       252 |  287361   747934 |  115895     221     2069     9.4 |  9.488 % |
|       477 |  287369   747934 |  127484     432     5774    13.4 |  9.571 % |
|       814 |  286082   746503 |  140232     693    12229    17.6 |  9.585 % |
|      1320 |  285878   746252 |  154256    1148    21013    18.3 |  9.864 % |
==============================================================================
restarts              : 6
conflicts             : 1645           (4521 /sec)
decisions             : 22577          (62051 /sec)
propagations          : 3724869        (10237544 /sec)
conflict literals     : 26906          (24.74 % deleted)
Memory used           : 20.21 MB
CPU time              : 0.363844 s

UNSATISFIABLE
