Reading from standard input... Use '-h' or '--help' for help.
==================================[MINISAT]===================================
| Conflicts |     ORIGINAL     |              LEARNT              | Progress |
|           | Clauses Literals |   Limit Clauses Literals  Lit/Cl |          |
==============================================================================
|         0 |  323000   910804 |  107666       0        0     nan |  0.000 % |
|       100 |  323013   910804 |  118432      87     1022    11.7 | 29.668 % |
|       251 |  323030   910804 |  130275     221     3130    14.2 | 29.668 % |
|       476 |  323026   910705 |  143303     365     9941    27.2 | 45.451 % |
|       815 |  323050   910705 |  157633     679    51734    76.2 | 45.457 % |
|      1324 |  266380   838928 |  173397    1165    91361    78.4 | 45.509 % |
|      2084 |  266065   838478 |  190736    1912   158680    83.0 | 45.520 % |
|      3224 |  265004   837224 |  209810    2996   252870    84.4 | 45.727 % |
|      4932 |  263751   835898 |  230791    4634   375994    81.1 | 46.080 % |
|      7494 |  261382   832559 |  253870    6775   556374    82.1 | 46.410 % |
|     11339 |  259807   830129 |  279257   10485   891064    85.0 | 46.658 % |
|     17107 |  258893   828749 |  307183   16156  1407063    87.1 | 46.857 % |
|     25759 |  256288   824297 |  337902   22448  1996540    88.9 | 47.336 % |
==============================================================================
restarts              : 13
conflicts             : 31912          (4636 /sec)
decisions             : 111045         (16132 /sec)
propagations          : 58791592       (8540835 /sec)
conflict literals     : 2678393        (48.10 % deleted)
Memory used           : 30.59 MB
CPU time              : 6.88359 s

UNSATISFIABLE
