Reading from standard input... Use '-h' or '--help' for help.
==================================[MINISAT]===================================
| Conflicts |     ORIGINAL     |              LEARNT              | Progress |
|           | Clauses Literals |   Limit Clauses Literals  Lit/Cl |          |
==============================================================================
|         0 |  323061   910567 |  107687       0        0     nan |  0.000 % |
|       100 |  323072   910567 |  118455      89      817     9.2 | 29.704 % |
|       252 |  323082   910567 |  130301     231     6113    26.5 | 29.704 % |
|       478 |  271136   843611 |  143331     420    27290    65.0 | 43.733 % |
|       815 |  271143   843611 |  157664     750    65724    87.6 | 43.733 % |
|      1322 |  270989   843386 |  173430    1157    87948    76.0 | 43.751 % |
|      2083 |  270673   843008 |  190774    1862   121908    65.5 | 43.783 % |
|      3222 |  270715   843008 |  209851    2957   241172    81.6 | 43.798 % |
|      4931 |  269915   841790 |  230836    4531   390577    86.2 | 43.940 % |
|      7493 |  268858   840319 |  253920    7022   726255   103.4 | 44.106 % |
|     11343 |  268198   839334 |  279312   10783  1073818    99.6 | 44.214 % |
|     17110 |  266434   836721 |  307243   15843  2829279   178.6 | 44.509 % |
|     25759 |  264760   834322 |  337967   24317  3771651   155.1 | 44.863 % |
|     38733 |  264053   832975 |  371764   36970  5303138   143.4 | 44.976 % |
==============================================================================
restarts              : 14
conflicts             : 53459          (3619 /sec)
decisions             : 168746         (11424 /sec)
propagations          : 105772122      (7160582 /sec)
conflict literals     : 6786308        (43.75 % deleted)
Memory used           : 48.08 MB
CPU time              : 14.7714 s

UNSATISFIABLE
