Reading from standard input... Use '-h' or '--help' for help.
==================================[MINISAT]===================================
| Conflicts |     ORIGINAL     |              LEARNT              | Progress |
|           | Clauses Literals |   Limit Clauses Literals  Lit/Cl |          |
==============================================================================
|         0 |  325740   914024 |  108580       0        0     nan |  0.000 % |
|       103 |  325756   914024 |  119438      87     1101    12.7 | 29.183 % |
|       253 |  325760   914024 |  131381     233    17697    76.0 | 29.183 % |
|       480 |  325763   914024 |  144519     457    54624   119.5 | 29.183 % |
|       817 |  325774   914024 |  158971     783    76780    98.1 | 29.183 % |
|      1323 |  325792   914024 |  174869    1271   154319   121.4 | 29.183 % |
|      2082 |  325812   914024 |  192356    2010   217949   108.4 | 29.183 % |
|      3221 |  276945   849759 |  211591    3092   305637    98.8 | 41.871 % |
|      4931 |  275272   847610 |  232750    4691   423992    90.4 | 42.179 % |
|      7493 |  272128   843351 |  256025    7096   721629   101.7 | 42.767 % |
|     11337 |  269122   838164 |  281628   10677  1061544    99.4 | 43.457 % |
|     17103 |  267575   835548 |  309791   16202  1592372    98.3 | 43.778 % |
|     25753 |  262049   827533 |  340770   21741  1958320    90.1 | 44.638 % |
==============================================================================
restarts              : 13
conflicts             : 28045          (5566 /sec)
decisions             : 112101         (22246 /sec)
propagations          : 42621736       (8458285 /sec)
conflict literals     : 2326530        (44.45 % deleted)
Memory used           : 28.83 MB
CPU time              : 5.03905 s

UNSATISFIABLE
