Reading from standard input... Use '-h' or '--help' for help.
==================================[MINISAT]===================================
| Conflicts |     ORIGINAL     |              LEARNT              | Progress |
|           | Clauses Literals |   Limit Clauses Literals  Lit/Cl |          |
==============================================================================
|         0 |  325169   912947 |  108389       0        0     nan |  0.000 % |
|       100 |  325182   912947 |  119227      87     1136    13.1 | 29.352 % |
|       250 |  325184   912947 |  131150     235    21329    90.8 | 29.352 % |
|       477 |  325194   912947 |  144265     451    41755    92.6 | 40.282 % |
|       816 |  325205   912947 |  158692     778    92741   119.2 | 40.283 % |
|      1322 |  282354   855889 |  174561    1262   187453   148.5 | 40.315 % |
|      2082 |  282395   855889 |  192017    1981   267065   134.8 | 40.315 % |
|      3221 |  282288   855769 |  211219    3079   395401   128.4 | 40.315 % |
|      4929 |  282195   855685 |  232341    4748   555952   117.1 | 40.406 % |
|      7491 |  281663   854963 |  255575    7267   787185   108.3 | 40.448 % |
|     11336 |  281007   853993 |  281133   11048  1267806   114.8 | 40.585 % |
|     17102 |  280725   853491 |  309246   16751  1994447   119.1 | 40.630 % |
|     25752 |  280086   852429 |  340171   25255  3221079   127.5 | 40.776 % |
|     38726 |  279594   851538 |  374188   38010  5090266   133.9 | 40.837 % |
|     58188 |  279219   850578 |  411607   57278  7690595   134.3 | 40.914 % |

*** INTERRUPTED ***
restarts              : 15
conflicts             : 84533          (2876 /sec)
decisions             : 273538         (9307 /sec)
propagations          : 174500786      (5937503 /sec)
conflict literals     : 11447116       (52.05 % deleted)
Memory used           : 67.91 MB
CPU time              : 29.3896 s

*** INTERRUPTED ***
