Reading from standard input... Use '-h' or '--help' for help.
==================================[MINISAT]===================================
| Conflicts |     ORIGINAL     |              LEARNT              | Progress |
|           | Clauses Literals |   Limit Clauses Literals  Lit/Cl |          |
==============================================================================
|         0 |  325403   913578 |  108467       0        0     nan |  0.000 % |
|       100 |  325420   913578 |  119313      83      804     9.7 | 29.256 % |
|       251 |  325428   913578 |  131245     225    33037   146.8 | 29.258 % |
|       476 |  325436   913578 |  144369     441    64781   146.9 | 41.727 % |
|       813 |  277935   851035 |  158806     749    99579   132.9 | 41.732 % |
|      1319 |  277960   851035 |  174687    1230   133107   108.2 | 41.732 % |
|      2079 |  277920   850969 |  192155    1949   203613   104.5 | 41.742 % |
|      3222 |  277872   850777 |  211371    2951   324836   110.1 | 41.750 % |
|      4930 |  277761   850608 |  232508    4635   507060   109.4 | 41.782 % |
|      7493 |  277585   850290 |  255759    7140  1157608   162.1 | 41.908 % |
|     11339 |  274252   846195 |  281335   10843  1707293   157.5 | 42.395 % |
|     17106 |  273893   845499 |  309469   16475  2524983   153.3 | 42.562 % |
|     25757 |  272766   843766 |  340415   24977  3851111   154.2 | 42.752 % |
|     38731 |  272193   842911 |  374457   37795  5664056   149.9 | 42.865 % |
|     58194 |  271865   842191 |  411903   57072  8645218   151.5 | 42.916 % |
==============================================================================
restarts              : 15
conflicts             : 85147          (3021 /sec)
decisions             : 256262         (9092 /sec)
propagations          : 165936491      (5887550 /sec)
conflict literals     : 11813855       (51.17 % deleted)
Memory used           : 68.25 MB
CPU time              : 28.1843 s

UNSATISFIABLE
