Reading from standard input... Use '-h' or '--help' for help.
==================================[MINISAT]===================================
| Conflicts |     ORIGINAL     |              LEARNT              | Progress |
|           | Clauses Literals |   Limit Clauses Literals  Lit/Cl |          |
==============================================================================
|         0 |  323831   912567 |  107943       0        0     nan |  0.000 % |
|       100 |  323840   912567 |  118737      91      972    10.7 | 29.564 % |
|       251 |  323845   912567 |  130611     237    26948   113.7 | 29.564 % |
|       478 |  323853   912567 |  143672     454    35711    78.7 | 45.347 % |
|       815 |  267882   841754 |  158039     740    77736   105.0 | 45.428 % |
|      1323 |  267159   841360 |  173843    1208   101199    83.8 | 45.560 % |
|      2082 |  266316   840088 |  191227    1933   138898    71.9 | 45.622 % |
|      3221 |  265455   838696 |  210350    2906   225347    77.5 | 45.762 % |
|      4930 |  263904   836317 |  231385    4545   329488    72.5 | 46.116 % |
|      7494 |  261474   832974 |  254523    7010   533002    76.0 | 46.541 % |
|     11339 |  258363   828337 |  279976   10714   866186    80.8 | 46.989 % |
|     17106 |  256969   825982 |  307973   16311  1286519    78.9 | 47.209 % |
|     25756 |  256198   824566 |  338771   24776  1812165    73.1 | 47.332 % |
==============================================================================
restarts              : 13
conflicts             : 26833          (4499 /sec)
decisions             : 105593         (17705 /sec)
propagations          : 56388064       (9454796 /sec)
conflict literals     : 1870898        (44.99 % deleted)
Memory used           : 27.90 MB
CPU time              : 5.96396 s

UNSATISFIABLE
