Reading from standard input... Use '-h' or '--help' for help.
==================================[MINISAT]===================================
| Conflicts |     ORIGINAL     |              LEARNT              | Progress |
|           | Clauses Literals |   Limit Clauses Literals  Lit/Cl |          |
==============================================================================
|         0 | 3917915  9829844 | 1305971       0        0     nan |  0.000 % |
|       109 | 3917916  9829844 | 1436568     108    28583   264.7 |  8.605 % |
|       259 | 3917925  9829844 | 1580224     247    39562   160.2 |  8.605 % |
|       484 | 3917927  9829844 | 1738247     470    72990   155.3 |  8.605 % |
|       822 | 3917934  9829844 | 1912072     801   127391   159.0 |  8.605 % |
|      1328 | 3617722  9522204 | 2103279     792    73692    93.0 | 17.067 % |
|      2087 | 3617817  9522204 | 2313607    1449   121885    84.1 | 17.203 % |
==============================================================================
restarts              : 7
conflicts             : 2153           (632 /sec)
decisions             : 171094         (50208 /sec)
propagations          : 16483925       (4837238 /sec)
conflict literals     : 245502         (32.81 % deleted)
Memory used           : 197.48 MB
CPU time              : 3.40771 s

UNSATISFIABLE
