Reading from standard input... Use '-h' or '--help' for help.
==================================[MINISAT]===================================
| Conflicts |     ORIGINAL     |              LEARNT              | Progress |
|           | Clauses Literals |   Limit Clauses Literals  Lit/Cl |          |
==============================================================================
|         0 |  322678   910443 |  107559       0        0     nan |  0.000 % |
|       100 |  322690   910443 |  118314      88     7124    81.0 | 29.763 % |
|       251 |  322700   910443 |  130146     229    16659    72.7 | 29.763 % |
|       476 |  322706   910443 |  143161     447   101308   226.6 | 29.776 % |
|       816 |  322648   910353 |  157477     762   126660   166.2 | 45.570 % |
|      1322 |  265785   838598 |  173224    1229   225592   183.6 | 45.633 % |
|      2083 |  264878   837106 |  190547    1732   256731   148.2 | 45.812 % |
|      3222 |  264928   837106 |  209602    2821   422959   149.9 | 45.812 % |
|      4931 |  263002   834140 |  230562    4463   590188   132.2 | 46.069 % |
|      7494 |  258940   828665 |  253618    6552   699312   106.7 | 46.714 % |
|     11338 |  256282   824765 |  278980   10220   989525    96.8 | 47.256 % |
|     17104 |  255694   823658 |  306878   15815  1450529    91.7 | 47.451 % |
==============================================================================
restarts              : 12
conflicts             : 25503          (5950 /sec)
decisions             : 103154         (24065 /sec)
propagations          : 44836085       (10459882 /sec)
conflict literals     : 2069351        (41.84 % deleted)
Memory used           : 28.06 MB
CPU time              : 4.28648 s

UNSATISFIABLE
