Reading from standard input... Use '-h' or '--help' for help.
==================================[MINISAT]===================================
| Conflicts |     ORIGINAL     |              LEARNT              | Progress |
|           | Clauses Literals |   Limit Clauses Literals  Lit/Cl |          |
==============================================================================
|         0 |  322147   910278 |  107382       0        0     nan |  0.000 % |
|       100 |  322163   910278 |  118120      84      831     9.9 | 29.880 % |
|       250 |  322170   910278 |  129932     227    13864    61.1 | 29.880 % |
|       475 |  322182   910278 |  142925     440    47321   107.5 | 29.880 % |
|       813 |  322191   910245 |  157217     735    70096    95.4 | 47.510 % |
|      1319 |  258038   830148 |  172939    1116   112712   101.0 | 47.997 % |
|      2078 |  255908   826710 |  190233    1819   183343   100.8 | 48.228 % |
|      3217 |  255956   826710 |  209257    2903   300538   103.5 | 48.344 % |
|      4925 |  252097   821162 |  230182    4523   532908   117.8 | 48.963 % |
|      7488 |  249783   817551 |  253201    6976   761030   109.1 | 49.401 % |
|     11332 |  248027   814707 |  278521   10708  1009901    94.3 | 49.659 % |
==============================================================================
restarts              : 11
conflicts             : 13286          (5359 /sec)
decisions             : 56271          (22696 /sec)
propagations          : 24511413       (9886433 /sec)
conflict literals     : 1091886        (36.23 % deleted)
Memory used           : 24.40 MB
CPU time              : 2.4793 s

UNSATISFIABLE
