Reading from standard input... Use '-h' or '--help' for help.
==================================[MINISAT]===================================
| Conflicts |     ORIGINAL     |              LEARNT              | Progress |
|           | Clauses Literals |   Limit Clauses Literals  Lit/Cl |          |
==============================================================================
|         0 |  324880   912932 |  108293       0        0     nan |  0.000 % |
|       100 |  324896   912932 |  119122      84      886    10.5 | 29.384 % |
|       252 |  324915   912932 |  131034     211     4440    21.0 | 29.429 % |
|       477 |  324921   912932 |  144137     430    16385    38.1 | 29.429 % |
|       815 |  324690   912368 |  158551     716    61004    85.2 | 41.740 % |
|      1321 |  277445   850502 |  174406    1165    86615    74.3 | 41.800 % |
|      2080 |  277154   850064 |  191847    1902   120369    63.3 | 41.808 % |
|      3221 |  277147   849965 |  211032    2968   238731    80.4 | 41.814 % |
|      4931 |  277114   849887 |  232135    4637   560880   121.0 | 41.857 % |
|      7498 |  275976   848325 |  255349    7116   819653   115.2 | 42.034 % |
|     11344 |  274978   847011 |  280884   10870  1107431   101.9 | 42.292 % |
|     17110 |  273974   845241 |  308972   16473  1734519   105.3 | 42.363 % |
|     25759 |  273153   844059 |  339869   25024  3021269   120.7 | 42.521 % |
|     38733 |  272846   843525 |  373856   37854  4878316   128.9 | 42.627 % |
|     58195 |  272227   842337 |  411242   57104  7464858   130.7 | 42.698 % |

*** INTERRUPTED ***
restarts              : 15
conflicts             : 82778          (2808 /sec)
decisions             : 263045         (8924 /sec)
propagations          : 177797725      (6032008 /sec)
conflict literals     : 10656068       (49.69 % deleted)
Memory used           : 65.02 MB
CPU time              : 29.4757 s

*** INTERRUPTED ***
