Reading from standard input... Use '-h' or '--help' for help.
==================================[MINISAT]===================================
| Conflicts |     ORIGINAL     |              LEARNT              | Progress |
|           | Clauses Literals |   Limit Clauses Literals  Lit/Cl |          |
==============================================================================
|         0 |  214621   593723 |   71540       0        0     nan |  0.000 % |
|       100 |  214623   593723 |   78694      98     1708    17.4 | 28.743 % |
|       250 |  214630   593723 |   86563     241    21053    87.4 | 28.743 % |
|       476 |  214641   593723 |   95219     456    29402    64.5 | 28.743 % |
|       813 |  214647   593723 |  104741     787    65735    83.5 | 28.743 % |
|      1321 |  182861   552675 |  115215    1249   120202    96.2 | 42.037 % |
|      2083 |  182757   552489 |  126737    1910   171617    89.9 | 42.051 % |
|      3224 |  182026   551186 |  139411    2874   275796    96.0 | 42.494 % |
|      4937 |  179013   547243 |  153352    4081   357055    87.5 | 43.211 % |
|      7500 |  178314   546310 |  168687    6544   533926    81.6 | 43.328 % |
|     11345 |  177458   544981 |  185556   10246   888294    86.7 | 43.574 % |
|     17114 |  175024   540607 |  204111   11764  1067467    90.7 | 44.275 % |
|     25765 |  174528   539791 |  224523   20274  1707685    84.2 | 44.428 % |
==============================================================================
restarts              : 13
conflicts             : 29461          (7765 /sec)
decisions             : 111667         (29431 /sec)
propagations          : 41970676       (11061909 /sec)
conflict literals     : 2220108        (43.96 % deleted)
Memory used           : 22.11 MB
CPU time              : 3.79416 s

UNSATISFIABLE
