Reading from standard input... Use '-h' or '--help' for help.
==================================[MINISAT]===================================
| Conflicts |     ORIGINAL     |              LEARNT              | Progress |
|           | Clauses Literals |   Limit Clauses Literals  Lit/Cl |          |
==============================================================================
|         0 |  140387   382333 |   46795       0        0     nan |  0.000 % |
|       100 |  140391   382333 |   51474      96     5801    60.4 | 26.760 % |
|       254 |  140400   382333 |   56621     241    13757    57.1 | 26.760 % |
|       480 |  140406   382333 |   62284     461    28814    62.5 | 26.760 % |
|       818 |  140397   382267 |   68512     755    53824    71.3 | 26.774 % |
|      1324 |  140361   382228 |   75363    1216    84587    69.6 | 26.775 % |
|      2083 |  140377   382228 |   82900    1959   174533    89.1 | 26.775 % |
|      3222 |  140411   382228 |   91190    3064   283686    92.6 | 26.775 % |
|      4933 |  140342   382129 |  100309    4753   509562   107.2 | 26.832 % |
|      7495 |  109700   341270 |  110340    4688   472774   100.8 | 44.903 % |
|     11341 |  108174   339214 |  121374    8181   718332    87.8 | 45.653 % |
==============================================================================
restarts              : 11
conflicts             : 13442          (6781 /sec)
decisions             : 44513          (22455 /sec)
propagations          : 21427838       (10809704 /sec)
conflict literals     : 1022728        (44.58 % deleted)
Memory used           : 13.19 MB
CPU time              : 1.98228 s

UNSATISFIABLE
