Reading from standard input... Use '-h' or '--help' for help.
==================================[MINISAT]===================================
| Conflicts |     ORIGINAL     |              LEARNT              | Progress |
|           | Clauses Literals |   Limit Clauses Literals  Lit/Cl |          |
==============================================================================
|         0 |  318345   905306 |  106115       0        0     nan |  0.000 % |
|       100 |  318360   905306 |  116726      85     7686    90.4 | 30.605 % |
|       252 |  318366   905306 |  128399     230    14309    62.2 | 53.177 % |
|       477 |  318377   905306 |  141239     442    19808    44.8 | 53.180 % |
|       815 |  234886   804144 |  155362     710    32741    46.1 | 53.181 % |
|      1322 |  234902   804144 |  170899    1199    50849    42.4 | 53.186 % |
|      2084 |  234905   804144 |  187989    1958    83959    42.9 | 53.186 % |
|      3225 |  234860   804075 |  206788    3051   126852    41.6 | 53.188 % |
|      4935 |  231275   800109 |  227466    2064    67576    32.7 | 54.129 % |
==============================================================================
restarts              : 9
conflicts             : 5252           (6565 /sec)
decisions             : 18818          (23524 /sec)
propagations          : 7519318        (9399758 /sec)
conflict literals     : 187759         (34.10 % deleted)
Memory used           : 21.70 MB
CPU time              : 0.799948 s

UNSATISFIABLE
