Reading from standard input... Use '-h' or '--help' for help.
==================================[MINISAT]===================================
| Conflicts |     ORIGINAL     |              LEARNT              | Progress |
|           | Clauses Literals |   Limit Clauses Literals  Lit/Cl |          |
==============================================================================
|         0 |  322309   909990 |  107436       0        0     nan |  0.000 % |
|       101 |  322320   909990 |  118179      90     1220    13.6 | 29.855 % |
|       251 |  322342   909990 |  129997     215    27198   126.5 | 45.355 % |
|       477 |  322371   909990 |  142997     412    36328    88.2 | 45.355 % |
|       814 |  266788   840105 |  157297     717    48061    67.0 | 45.379 % |
|      1321 |  266817   840105 |  173026    1194    85723    71.8 | 45.395 % |
|      2081 |  266250   839265 |  190329    1902   117379    61.7 | 45.438 % |
|      3220 |  266187   839199 |  209362    2936   225129    76.7 | 45.462 % |
|      4928 |  265533   838091 |  230298    4575   426167    93.2 | 45.558 % |
|      7490 |  261004   831406 |  253328    5148   520791   101.2 | 46.336 % |
|     11334 |  259291   828898 |  278661    8910   912765   102.4 | 46.751 % |
|     17100 |  258218   827305 |  306527   14548  1422507    97.8 | 46.875 % |
|     25749 |  256525   824531 |  337180   22978  2134456    92.9 | 47.150 % |
==============================================================================
restarts              : 13
conflicts             : 29938          (4820 /sec)
decisions             : 117677         (18946 /sec)
propagations          : 56422129       (9083747 /sec)
conflict literals     : 2550656        (45.06 % deleted)
Memory used           : 30.10 MB
CPU time              : 6.21133 s

UNSATISFIABLE
