Reading from standard input... Use '-h' or '--help' for help.
==================================[MINISAT]===================================
| Conflicts |     ORIGINAL     |              LEARNT              | Progress |
|           | Clauses Literals |   Limit Clauses Literals  Lit/Cl |          |
==============================================================================
|         0 |  323034   910370 |  107678       0        0     nan |  0.000 % |
|       100 |  323048   910370 |  118445      86     1085    12.6 | 29.752 % |
|       250 |  323056   910370 |  130290     228    11091    48.6 | 29.752 % |
|       475 |  323060   910370 |  143319     449    19196    42.8 | 29.752 % |
|       812 |  323076   910370 |  157651     770    65141    84.6 | 29.752 % |
|      1318 |  275675   848167 |  173416    1252   143863   114.9 | 42.212 % |
|      2078 |  275055   847234 |  190758    1949   189247    97.1 | 42.296 % |
|      3217 |  274703   846628 |  209833    2815   270824    96.2 | 42.346 % |
|      4925 |  274531   846259 |  230817    4469   453642   101.5 | 42.405 % |
|      7488 |  273825   845037 |  253899    6943   654358    94.2 | 42.887 % |
|     11332 |  271186   841397 |  279289   10523   921472    87.6 | 43.011 % |
|     17098 |  270992   840995 |  307217   16199  1504488    92.9 | 43.044 % |
|     25748 |  270473   839987 |  337939   24695  2264133    91.7 | 43.123 % |
|     38726 |  269395   838088 |  371733   37444  3350162    89.5 | 43.279 % |
==============================================================================
restarts              : 14
conflicts             : 45057          (4475 /sec)
decisions             : 180443         (17920 /sec)
propagations          : 82174938       (8160761 /sec)
conflict literals     : 3811007        (50.54 % deleted)
Memory used           : 36.57 MB
CPU time              : 10.0695 s

UNSATISFIABLE
