Reading from standard input... Use '-h' or '--help' for help.
==================================[MINISAT]===================================
| Conflicts |     ORIGINAL     |              LEARNT              | Progress |
|           | Clauses Literals |   Limit Clauses Literals  Lit/Cl |          |
==============================================================================
|         0 | 3916788  9827597 | 1305596       0        0     nan |  0.000 % |
|       109 | 3916789  9827597 | 1436155     108    28583   264.7 |  8.640 % |
|       260 | 3916793  9827597 | 1579771     254    56295   221.6 |  8.640 % |
|       485 | 3916795  9827597 | 1737748     477    82484   172.9 |  8.640 % |
|       822 | 3916796  9827597 | 1911523     812   182684   225.0 |  8.640 % |
|      1328 | 3916810  9827597 | 2102675    1302   311992   239.6 |  8.641 % |
|      2094 | 3916822  9827597 | 2312942    2054   667162   324.8 |  8.641 % |
|      3235 | 3916816  9827570 | 2544237    3170  1089536   343.7 |  8.641 % |
|      4960 | 3916824  9827570 | 2798660    4886  2011677   411.7 |  8.641 % |
|      7522 | 3916852  9827543 | 3078527    7397  2894434   391.3 |  8.641 % |
|     11367 | 3916905  9827543 | 3386379   11189  4364917   390.1 |  8.641 % |
|     17136 | 3916962  9827498 | 3725017   16845  7952463   472.1 |  8.642 % |
|     25787 | 3917021  9827471 | 4097519   25393 12960733   510.4 |  8.643 % |
|     38767 | 3917065  9827471 | 4507271   38329 40747374  1063.1 |  8.643 % |
|     58233 | 3917212  9827417 | 4957998   57598 52488736   911.3 |  8.644 % |
|     87437 | 3917314  9827363 | 5453798   86649 73785190   851.5 |  8.644 % |
|    131226 | 3917464  9827228 | 5999178  130150 109599138   842.1 |  8.646 % |
|    196911 | 3917651  9827192 | 6599096  195609 159263312   814.2 |  8.647 % |
|    295437 | 3917885  9827111 | 7259005  293787 230917248   786.0 |  8.652 % |
|    443226 | 3917849  9826811 | 7984906  441305 336106162   761.6 |  8.654 % |
==============================================================================
restarts              : 20
conflicts             : 544972         (1401 /sec)
decisions             : 3920611        (10076 /sec)
propagations          : 1674404042     (4303077 /sec)
conflict literals     : 412191352      (14.44 % deleted)
Memory used           : 1808.94 MB
CPU time              : 389.118 s

UNSATISFIABLE
