Reading from standard input... Use '-h' or '--help' for help.
==================================[MINISAT]===================================
| Conflicts |     ORIGINAL     |              LEARNT              | Progress |
|           | Clauses Literals |   Limit Clauses Literals  Lit/Cl |          |
==============================================================================
|         0 |  326796   916633 |  108932       0        0     nan |  0.000 % |
|       100 |  326811   916633 |  119825      85    11935   140.4 | 29.014 % |
|       251 |  326814   916633 |  131807     232    30290   130.6 | 29.015 % |
|       478 |  326823   916633 |  144988     449    52030   115.9 | 44.668 % |
|       815 |  269980   844567 |  159487     776    91752   118.2 | 44.668 % |
|      1321 |  269747   844174 |  175436    1255   109431    87.2 | 44.797 % |
|      2080 |  267568   841506 |  192979    1970   141704    71.9 | 45.155 % |
|      3219 |  267386   841245 |  212277    2937   214082    72.9 | 45.178 % |
|      4930 |  266962   840876 |  233505    4605   379242    82.4 | 45.241 % |
|      7492 |  266645   840420 |  256855    7097   565988    79.8 | 45.288 % |
|     11336 |  263099   835452 |  282541   10300   944291    91.7 | 45.951 % |
|     17106 |  260385   831874 |  310795   15943  1498509    94.0 | 46.483 % |
|     25755 |  258018   828132 |  341875   24414  2147943    88.0 | 46.818 % |
==============================================================================
restarts              : 13
conflicts             : 36359          (4194 /sec)
decisions             : 117871         (13597 /sec)
propagations          : 69793479       (8051003 /sec)
conflict literals     : 2828292        (49.16 % deleted)
Memory used           : 29.99 MB
CPU time              : 8.66892 s

UNSATISFIABLE
