Reading from standard input... Use '-h' or '--help' for help.
==================================[MINISAT]===================================
| Conflicts |     ORIGINAL     |              LEARNT              | Progress |
|           | Clauses Literals |   Limit Clauses Literals  Lit/Cl |          |
==============================================================================
|         0 |  322773   910497 |  107591       0        0     nan |  0.000 % |
|       102 |  322789   910497 |  118350      86      901    10.5 | 29.773 % |
|       253 |  322809   910497 |  130185     206     3313    16.1 | 44.021 % |
|       478 |  269882   841698 |  143203     388    12621    32.5 | 44.057 % |
|       815 |  269901   841698 |  157523     705    23626    33.5 | 44.223 % |
|      1321 |  268803   840206 |  173276    1060    77441    73.1 | 44.262 % |
|      2081 |  268733   840110 |  190604    1802   121298    67.3 | 44.277 % |
|      3220 |  268403   839906 |  209664    2874   258585    90.0 | 44.323 % |
|      4929 |  266222   836771 |  230630    4464   392695    88.0 | 44.748 % |
|      7492 |  265491   835828 |  253693    6965   647161    92.9 | 44.890 % |
|     11336 |  264108   833911 |  279063   10675  1117962   104.7 | 45.161 % |
|     17105 |  263613   833026 |  306969   16338  1657574   101.5 | 45.227 % |
|     25755 |  261916   830290 |  337666   24718  2340290    94.7 | 45.474 % |
==============================================================================
restarts              : 13
conflicts             : 37314          (4516 /sec)
decisions             : 138755         (16792 /sec)
propagations          : 68114567       (8243032 /sec)
conflict literals     : 3302155        (45.78 % deleted)
Memory used           : 30.88 MB
CPU time              : 8.26329 s

UNSATISFIABLE
