Reading from standard input... Use '-h' or '--help' for help.
==================================[MINISAT]===================================
| Conflicts |     ORIGINAL     |              LEARNT              | Progress |
|           | Clauses Literals |   Limit Clauses Literals  Lit/Cl |          |
==============================================================================
|         0 |  321012   907536 |  107004       0        0     nan |  0.000 % |
|       101 |  321024   907536 |  117704      89      962    10.8 | 30.178 % |
|       251 |  321041   907536 |  129474     216     9444    43.7 | 30.213 % |
|       476 |  321055   907536 |  142422     426    19764    46.4 | 42.550 % |
|       813 |  273915   845811 |  156664     708    37687    53.2 | 42.582 % |
|      1321 |  273946   845811 |  172331    1179   103632    87.9 | 42.689 % |
|      2080 |  273121   844698 |  189564    1847   184095    99.7 | 42.782 % |
|      3220 |  272290   843684 |  208520    2916   273300    93.7 | 42.812 % |
|      4928 |  272020   843279 |  229372    4558   394394    86.5 | 42.847 % |
|      7491 |  271991   843168 |  252309    7071   662612    93.7 | 42.866 % |
|     11336 |  271345   842277 |  277540   10829   960039    88.7 | 43.044 % |
|     17102 |  267981   836967 |  305294   15093  1407081    93.2 | 43.520 % |
|     25752 |  266986   835281 |  335824   23497  2195150    93.4 | 43.689 % |
|     38726 |  265344   832401 |  369406   32421  3185774    98.3 | 44.090 % |
==============================================================================
restarts              : 14
conflicts             : 57074          (4412 /sec)
decisions             : 215973         (16694 /sec)
propagations          : 106207944      (8209551 /sec)
conflict literals     : 4950832        (47.66 % deleted)
Memory used           : 39.68 MB
CPU time              : 12.9371 s

UNSATISFIABLE
