Reading from standard input... Use '-h' or '--help' for help.
==================================[MINISAT]===================================
| Conflicts |     ORIGINAL     |              LEARNT              | Progress |
|           | Clauses Literals |   Limit Clauses Literals  Lit/Cl |          |
==============================================================================
|         0 |  324764   913538 |  108254       0        0     nan |  0.000 % |
|       100 |  324776   913538 |  119079      88     1659    18.9 | 29.312 % |
|       250 |  324801   913538 |  130987     211    13531    64.1 | 29.316 % |
|       475 |  324820   913538 |  144086     417    38082    91.3 | 29.316 % |
|       812 |  324795   913472 |  158494     727    68013    93.6 | 29.329 % |
|      1319 |  271935   844545 |  174344    1205    95215    79.0 | 43.861 % |
|      2078 |  271409   843469 |  191778    1849   144684    78.2 | 43.911 % |
|      3217 |  271027   843385 |  210956    2953   277485    94.0 | 43.962 % |
|      4927 |  268212   839324 |  232052    4526   447102    98.8 | 44.501 % |
|      7490 |  266725   837333 |  255257    6882   700616   101.8 | 44.927 % |
|     11334 |  263286   832599 |  280782   10369  1070661   103.3 | 45.438 % |
|     17103 |  262094   830616 |  308861   15999  1529169    95.6 | 45.676 % |
|     25754 |  261035   828720 |  339747   24384  2429816    99.6 | 45.824 % |
==============================================================================
restarts              : 13
conflicts             : 34832          (4425 /sec)
decisions             : 141357         (17957 /sec)
propagations          : 58981887       (7492813 /sec)
conflict literals     : 3070653        (45.11 % deleted)
Memory used           : 31.91 MB
CPU time              : 7.87179 s

UNSATISFIABLE
