Reading from standard input... Use '-h' or '--help' for help.
==================================[MINISAT]===================================
| Conflicts |     ORIGINAL     |              LEARNT              | Progress |
|           | Clauses Literals |   Limit Clauses Literals  Lit/Cl |          |
==============================================================================
|         0 |  141081   382629 |   47027       0        0     nan |  0.000 % |
|       100 |  141087   382629 |   51729      94     4635    49.3 | 26.372 % |
|       253 |  141096   382629 |   56902     238    15265    64.1 | 26.372 % |
|       478 |  141109   382629 |   62592     450    32746    72.8 | 26.372 % |
|       815 |  141122   382629 |   68852     774    52572    67.9 | 26.372 % |
|      1321 |  141097   382623 |   75737    1258    79418    63.1 | 38.163 % |
|      2081 |  121422   355628 |   83311    1942   105403    54.3 | 38.321 % |
|      3221 |  120160   353958 |   91642    2992   210652    70.4 | 38.843 % |
|      4929 |  119737   353439 |  100806    4654   357518    76.8 | 38.983 % |
|      7491 |  119219   352761 |  110887    7172   615079    85.8 | 39.258 % |
|     11335 |  118526   351675 |  121975   10715   892634    83.3 | 39.532 % |
|     17101 |  118565   351675 |  134173   16431  1427668    86.9 | 39.908 % |
|     25750 |  117607   350277 |  147590   24717  2220727    89.8 | 40.012 % |
==============================================================================
restarts              : 13
conflicts             : 33266          (4763 /sec)
decisions             : 110203         (15780 /sec)
propagations          : 45113077       (6459579 /sec)
conflict literals     : 2784161        (51.40 % deleted)
Memory used           : 21.70 MB
CPU time              : 6.9839 s

UNSATISFIABLE
