Reading from standard input... Use '-h' or '--help' for help.
==================================[MINISAT]===================================
| Conflicts |     ORIGINAL     |              LEARNT              | Progress |
|           | Clauses Literals |   Limit Clauses Literals  Lit/Cl |          |
==============================================================================
|         0 |  323380   910984 |  107793       0        0     nan |  0.000 % |
|       100 |  323391   910984 |  118572      89      908    10.2 | 29.637 % |
|       250 |  323403   910984 |  130429     224    12484    55.7 | 29.646 % |
|       475 |  323417   910984 |  143472     434    32378    74.6 | 29.650 % |
|       815 |  323334   910753 |  157819     727    49171    67.6 | 29.650 % |
|      1321 |  323349   910753 |  173601    1218    90692    74.5 | 29.650 % |
|      2080 |  323361   910753 |  190961    1965   191272    97.3 | 29.650 % |
|      3219 |  270249   841926 |  210058    3044   261926    86.0 | 43.874 % |
|      4929 |  269390   840483 |  231063    4578   439130    95.9 | 44.132 % |
|      7492 |  267455   838077 |  254170    7033   605079    86.0 | 44.374 % |
|     11336 |  265475   835281 |  279587   10579   888133    84.0 | 44.757 % |
|     17102 |  264617   833850 |  307546   16173  1403928    86.8 | 44.927 % |
|     25752 |  262618   831228 |  338300   24428  2294108    93.9 | 45.246 % |
|     38727 |  260732   828288 |  372130   36195  3217832    88.9 | 45.572 % |
==============================================================================
restarts              : 14
conflicts             : 39475          (5008 /sec)
decisions             : 156563         (19861 /sec)
propagations          : 75284814       (9550421 /sec)
conflict literals     : 3392205        (47.32 % deleted)
Memory used           : 33.93 MB
CPU time              : 7.88288 s

UNSATISFIABLE
