Reading from standard input... Use '-h' or '--help' for help.
==================================[MINISAT]===================================
| Conflicts |     ORIGINAL     |              LEARNT              | Progress |
|           | Clauses Literals |   Limit Clauses Literals  Lit/Cl |          |
==============================================================================
|         0 |  324753   914071 |  108251       0        0     nan |  0.000 % |
|       100 |  324767   914071 |  119076      86     1500    17.4 | 29.338 % |
|       256 |  324780   914071 |  130983     226    18062    79.9 | 29.344 % |
|       481 |  324791   914071 |  144082     440   102176   232.2 | 29.344 % |
|       818 |  324765   913972 |  158490     745   142442   191.2 | 47.861 % |
|      1324 |  257744   828519 |  174339    1143   183138   160.2 | 47.957 % |
|      2085 |  257806   828519 |  191773    1836   267280   145.6 | 48.120 % |
|      3224 |  256468   826539 |  210950    2905   412546   142.0 | 48.299 % |
|      4932 |  254032   823279 |  232045    4566   688434   150.8 | 48.649 % |
|      7496 |  253813   822907 |  255250    7118   879623   123.6 | 48.649 % |
|     11340 |  249681   816876 |  280775   10843  1212337   111.8 | 49.506 % |
==============================================================================
restarts              : 11
conflicts             : 15964          (4531 /sec)
decisions             : 64424          (18287 /sec)
propagations          : 26805713       (7608941 /sec)
conflict literals     : 1520923        (39.66 % deleted)
Memory used           : 25.86 MB
CPU time              : 3.52292 s

UNSATISFIABLE
