Reading from standard input... Use '-h' or '--help' for help.
==================================[MINISAT]===================================
| Conflicts |     ORIGINAL     |              LEARNT              | Progress |
|           | Clauses Literals |   Limit Clauses Literals  Lit/Cl |          |
==============================================================================
|         0 |  319195   905601 |  106398       0        0     nan |  0.000 % |
|       100 |  319209   905601 |  117037      86      809     9.4 | 30.446 % |
|       269 |  319219   905601 |  128741     245    17349    70.8 | 30.446 % |
|       494 |  319231   905601 |  141615     457   112237   245.6 | 30.447 % |
|       831 |  257973   828982 |  155777     760   143803   189.2 | 47.931 % |
|      1338 |  257787   828682 |  171355    1221   186205   152.5 | 48.045 % |
|      2106 |  257808   828682 |  188490    1968   234274   119.0 | 48.045 % |
|      3245 |  257016   827506 |  207339    3084   400969   130.0 | 48.105 % |
|      4955 |  253601   822180 |  228073    4718   559756   118.6 | 48.775 % |
|      7526 |  252241   820209 |  250880    7246   862014   119.0 | 48.944 % |
|     11372 |  249388   815853 |  275969   11033  1189117   107.8 | 49.397 % |
==============================================================================
restarts              : 11
conflicts             : 16690          (4888 /sec)
decisions             : 55394          (16223 /sec)
propagations          : 28991495       (8490494 /sec)
conflict literals     : 1430009        (38.22 % deleted)
Memory used           : 25.46 MB
CPU time              : 3.41458 s

UNSATISFIABLE
