Reading from standard input... Use '-h' or '--help' for help.
==================================[MINISAT]===================================
| Conflicts |     ORIGINAL     |              LEARNT              | Progress |
|           | Clauses Literals |   Limit Clauses Literals  Lit/Cl |          |
==============================================================================
|         0 |  327165   916553 |  109055       0        0     nan |  0.000 % |
|       100 |  327188   916553 |  119960      77      858    11.1 | 28.920 % |
|       251 |  327200   916553 |  131956     211     2622    12.4 | 28.929 % |
|       478 |  327211   916553 |  145152     427    23096    54.1 | 28.929 % |
|       815 |  327146   916388 |  159667     673    44950    66.8 | 28.929 % |
|      1321 |  327160   916355 |  175634    1138   103395    90.9 | 28.933 % |
|      2080 |  327182   916355 |  193197    1875   258662   138.0 | 28.933 % |
|      3219 |  327188   916322 |  212517    2980   467072   156.7 | 28.933 % |
|      4930 |  272975   845745 |  233769    4410   587184   133.1 | 43.367 % |
|      7494 |  272780   845403 |  257145    6894   951491   138.0 | 43.430 % |
|     11342 |  271490   843645 |  282860   10662  1382643   129.7 | 43.641 % |
|     17108 |  269165   840582 |  311146   16215  1956428   120.7 | 44.051 % |
|     25759 |  268701   839907 |  342261   24743  3262594   131.9 | 44.171 % |
|     38733 |  268453   839505 |  376487   37612  4991623   132.7 | 44.214 % |
|     58197 |  267133   837415 |  414136   56898  7197261   126.5 | 44.439 % |
==============================================================================
restarts              : 15
conflicts             : 70197          (3116 /sec)
decisions             : 219785         (9757 /sec)
propagations          : 146502938      (6503734 /sec)
conflict literals     : 8270386        (54.08 % deleted)
Memory used           : 51.50 MB
CPU time              : 22.526 s

UNSATISFIABLE
