Reading from standard input... Use '-h' or '--help' for help.
==================================[MINISAT]===================================
| Conflicts |     ORIGINAL     |              LEARNT              | Progress |
|           | Clauses Literals |   Limit Clauses Literals  Lit/Cl |          |
==============================================================================
|         0 |  325354   913968 |  108451       0        0     nan |  0.000 % |
|       101 |  325363   913968 |  119296      92     1170    12.7 | 29.259 % |
|       251 |  325367   913968 |  131225     238    19335    81.2 | 29.259 % |
|       476 |  325375   913968 |  144348     454    27428    60.4 | 43.296 % |
|       815 |  325379   913968 |  158783     787   127826   162.4 | 43.479 % |
|      1322 |  272066   844848 |  174661    1255   194211   154.7 | 43.479 % |
|      2081 |  272033   844749 |  192127    1932   266673   138.0 | 43.489 % |
|      3221 |  269109   841036 |  211340    2854   339102   118.8 | 44.138 % |
|      4930 |  269011   840808 |  232474    4485   462102   103.0 | 44.275 % |
|      7493 |  265361   835594 |  255721    6742   619745    91.9 | 44.976 % |
|     11338 |  257873   824076 |  281293    9254   770050    83.2 | 46.334 % |
|     17104 |  256380   821700 |  309423   14825  1157347    78.1 | 46.589 % |
|     25753 |  255124   819696 |  340365   21189  1399786    66.1 | 46.756 % |
==============================================================================
restarts              : 13
conflicts             : 26596          (6477 /sec)
decisions             : 110332         (26868 /sec)
propagations          : 41231739       (10040777 /sec)
conflict literals     : 1755776        (40.99 % deleted)
Memory used           : 26.51 MB
CPU time              : 4.10643 s

UNSATISFIABLE
