Reading from standard input... Use '-h' or '--help' for help.
==================================[MINISAT]===================================
| Conflicts |     ORIGINAL     |              LEARNT              | Progress |
|           | Clauses Literals |   Limit Clauses Literals  Lit/Cl |          |
==============================================================================
|         0 |  217262   598401 |   72420       0        0     nan |  0.000 % |
|       100 |  217264   598401 |   79662      98     6032    61.6 | 27.990 % |
|       252 |  217272   598401 |   87628     242    37402   154.6 | 27.990 % |
|       477 |  217273   598401 |   96391     466    62069   133.2 | 27.990 % |
|       814 |  178542   549852 |  106030     791    85196   107.7 | 45.330 % |
|      1324 |  178564   549852 |  116633    1279   120986    94.6 | 45.330 % |
|      2083 |  178204   549324 |  128296    1988   183226    92.2 | 46.024 % |
|      3223 |  174798   544785 |  141126    2911   231282    79.5 | 46.352 % |
|      4932 |  174049   543615 |  155238    4531   369470    81.5 | 46.550 % |
|      7495 |  171813   540156 |  170762    6988   553307    79.2 | 47.510 % |
|     11339 |  167484   534160 |  187838    9581   637570    66.5 | 48.248 % |
==============================================================================
restarts              : 11
conflicts             : 13571          (5648 /sec)
decisions             : 47901          (19936 /sec)
propagations          : 24237908       (10087864 /sec)
conflict literals     : 812788         (41.39 % deleted)
Memory used           : 16.47 MB
CPU time              : 2.40268 s

UNSATISFIABLE
