Reading from standard input... Use '-h' or '--help' for help.
==================================[MINISAT]===================================
| Conflicts |     ORIGINAL     |              LEARNT              | Progress |
|           | Clauses Literals |   Limit Clauses Literals  Lit/Cl |          |
==============================================================================
|         0 |  321211   908227 |  107070       0        0     nan |  0.000 % |
|       100 |  321221   908227 |  117777      90     6418    71.3 | 30.043 % |
|       264 |  321230   908227 |  129554     245    27354   111.6 | 30.043 % |
|       491 |  265288   838056 |  142510     456    35039    76.8 | 45.556 % |
|       831 |  265308   838056 |  156761     776    52096    67.1 | 45.556 % |
|      1340 |  265251   837963 |  172437    1257    83844    66.7 | 45.733 % |
|      2099 |  263091   835015 |  189681    1930   139060    72.1 | 46.017 % |
|      3242 |  262437   834268 |  208649    2825   195463    69.2 | 46.091 % |
|      4950 |  262350   834058 |  229514    3708   254734    68.7 | 46.146 % |
|      7512 |  260582   831497 |  252465    6170   422321    68.4 | 46.602 % |
|     11356 |  259526   829778 |  277712    9921   695629    70.1 | 46.681 % |
|     17123 |  257504   826457 |  305483   15503  1121241    72.3 | 46.979 % |
==============================================================================
restarts              : 12
conflicts             : 23770          (6071 /sec)
decisions             : 86914          (22200 /sec)
propagations          : 43156969       (11023413 /sec)
conflict literals     : 1631506        (48.03 % deleted)
Memory used           : 26.39 MB
CPU time              : 3.91503 s

UNSATISFIABLE
