Reading from standard input... Use '-h' or '--help' for help.
==================================[MINISAT]===================================
| Conflicts |     ORIGINAL     |              LEARNT              | Progress |
|           | Clauses Literals |   Limit Clauses Literals  Lit/Cl |          |
==============================================================================
|         0 |  339683   931122 |  113227       0        0     nan |  0.000 % |
|       100 |  339695   931122 |  124549      88     1023    11.6 | 26.677 % |
|       250 |  339703   931122 |  137004     230    11807    51.3 | 26.677 % |
|       475 |  339712   931122 |  150705     446    43866    98.4 | 26.677 % |
|       812 |  339718   931122 |  165775     777    66321    85.4 | 26.677 % |
|      1322 |  311538   889659 |  182353    1245    97058    78.0 | 33.031 % |
|      2082 |  311377   889455 |  200588    1987   166960    84.0 | 33.048 % |
|      3222 |  311401   889455 |  220647    3103   248226    80.0 | 33.048 % |
|      4931 |  311379   889449 |  242712    4779   498957   104.4 | 33.059 % |
|      7494 |  310723   888624 |  266983    7287   818479   112.3 | 33.166 % |
|     11338 |  310782   888624 |  293681   11071  1351042   122.0 | 33.174 % |
|     17107 |  310835   888537 |  323049   16730  3090298   184.7 | 33.174 % |
|     25756 |  309701   887004 |  355354   25251  4440376   175.8 | 33.373 % |
|     38731 |  307666   883983 |  390890   37447  6354715   169.7 | 33.766 % |
|     58193 |  306671   882582 |  429979   56628 10172198   179.6 | 33.976 % |
|     87385 |  304458   879087 |  472977   73732 14285125   193.7 | 34.361 % |
|    131174 |  302885   876818 |  520275  117382 23969861   204.2 | 34.662 % |
|    196858 |  302453   876290 |  572302  182918 39314290   214.9 | 34.774 % |
|    295386 |  302185   875816 |  629532  281322 61862139   219.9 | 34.808 % |
|    443175 |  301266   874565 |  692486  428559 93542295   218.3 | 34.973 % |
|    664858 |  300245   873173 |  761734  649983 136919580   210.7 | 35.145 % |

*** INTERRUPTED ***
restarts              : 21
conflicts             : 718623         (1042 /sec)
decisions             : 1577322        (2286 /sec)
propagations          : 2417365318     (3503642 /sec)
conflict literals     : 149331919      (61.00 % deleted)
Memory used           : 630.18 MB
CPU time              : 689.958 s

*** INTERRUPTED ***
