Reading from standard input... Use '-h' or '--help' for help.
==================================[MINISAT]===================================
| Conflicts |     ORIGINAL     |              LEARNT              | Progress |
|           | Clauses Literals |   Limit Clauses Literals  Lit/Cl |          |
==============================================================================
|         0 |  322694   909920 |  107564       0        0     nan |  0.000 % |
|       100 |  322702   909920 |  118320      92      856     9.3 | 29.831 % |
|       251 |  322721   909920 |  130152     222    14998    67.6 | 29.836 % |
|       476 |  322727   909920 |  143167     440    46146   104.9 | 29.844 % |
|       813 |  322655   909689 |  157484     712    87337   122.7 | 29.845 % |
|      1319 |  322677   909689 |  173232    1196   130825   109.4 | 29.845 % |
|      2078 |  322633   909683 |  190556    1944   175043    90.0 | 29.858 % |
|      3218 |  322564   909566 |  209611    3063   243666    79.6 | 29.858 % |
|      4927 |  322591   909566 |  230572    4745   410894    86.6 | 29.858 % |
|      7489 |  273005   844610 |  253630    7201   605064    84.0 | 42.728 % |
|     11334 |  269353   839248 |  278993    9479   798714    84.3 | 43.297 % |
|     17100 |  268998   838689 |  306892   15143  1430858    94.5 | 43.394 % |
|     25750 |  268056   837288 |  337581   23651  2564349   108.4 | 43.537 % |
|     38725 |  267227   835977 |  371340   36446  4074079   111.8 | 43.676 % |
|     58186 |  266864   835137 |  408474   55298  6129487   110.8 | 43.815 % |
==============================================================================
restarts              : 15
conflicts             : 66867          (3352 /sec)
decisions             : 240374         (12049 /sec)
propagations          : 123617793      (6196324 /sec)
conflict literals     : 7000009        (51.38 % deleted)
Memory used           : 49.26 MB
CPU time              : 19.9502 s

UNSATISFIABLE
