Reading from standard input... Use '-h' or '--help' for help.
==================================[MINISAT]===================================
| Conflicts |     ORIGINAL     |              LEARNT              | Progress |
|           | Clauses Literals |   Limit Clauses Literals  Lit/Cl |          |
==============================================================================
|         0 |  335287   924857 |  111762       0        0     nan |  0.000 % |
|       101 |  335300   924857 |  122938      88      961    10.9 | 27.478 % |
|       251 |  335313   924857 |  135232     225     9932    44.1 | 27.478 % |
|       477 |  335326   924857 |  148755     438    23352    53.3 | 27.478 % |
|       814 |  302668   878516 |  163630     734    39490    53.8 | 34.679 % |
|      1320 |  302682   878516 |  179993    1226   218709   178.4 | 34.679 % |
|      2081 |  302648   878453 |  197993    1965   347740   177.0 | 34.700 % |
|      3220 |  301765   877250 |  217792    3067   535648   174.6 | 34.830 % |
|      4928 |  301155   876587 |  239571    4738   629242   132.8 | 34.951 % |
|      7490 |  300756   876113 |  263528    7262   806189   111.0 | 35.034 % |
|     11334 |  300543   875792 |  289881   11049  1456362   131.8 | 35.075 % |
|     17100 |  298077   872413 |  318870   16510  2368065   143.4 | 38.124 % |
|     25749 |  285268   855267 |  350757   21525  3440651   159.8 | 38.146 % |
|     38723 |  285313   855015 |  385832   34178  5141135   150.4 | 38.184 % |
|     58185 |  281616   851880 |  424416   18532  2195870   118.5 | 38.766 % |
==============================================================================
restarts              : 15
conflicts             : 59123          (5249 /sec)
decisions             : 245328         (21781 /sec)
propagations          : 85472401       (7588385 /sec)
conflict literals     : 7759834        (43.88 % deleted)
Memory used           : 51.24 MB
CPU time              : 11.2636 s

UNSATISFIABLE
