Reading from standard input... Use '-h' or '--help' for help.
==================================[MINISAT]===================================
| Conflicts |     ORIGINAL     |              LEARNT              | Progress |
|           | Clauses Literals |   Limit Clauses Literals  Lit/Cl |          |
==============================================================================
|         0 |  284028   744111 |   94676       0        0     nan |  0.000 % |
|       103 |  284056   744111 |  104143      69      876    12.7 | 10.013 % |
|       254 |  284078   744111 |  114557     193     4958    25.7 | 10.578 % |
|       480 |  282804   741940 |  126013     389    12163    31.3 | 10.616 % |
|       817 |  282815   741940 |  138615     710    20103    28.3 | 10.674 % |
|      1323 |  282500   741532 |  152476    1173    28011    23.9 | 10.697 % |
==============================================================================
restarts              : 6
conflicts             : 1689           (4739 /sec)
decisions             : 37422          (105009 /sec)
propagations          : 3424434        (9609183 /sec)
conflict literals     : 36823          (16.76 % deleted)
Memory used           : 20.22 MB
CPU time              : 0.356371 s

UNSATISFIABLE
