Reading from standard input... Use '-h' or '--help' for help.
==================================[MINISAT]===================================
| Conflicts |     ORIGINAL     |              LEARNT              | Progress |
|           | Clauses Literals |   Limit Clauses Literals  Lit/Cl |          |
==============================================================================
|         0 |  324845   913276 |  108281       0        0     nan |  0.000 % |
|       101 |  324856   913276 |  119109      90      922    10.2 | 29.361 % |
|       251 |  324868   913276 |  131020     226    11332    50.1 | 29.368 % |
|       476 |  324894   913276 |  144122     418    31379    75.1 | 43.406 % |
|       814 |  272965   845915 |  158534     671    49349    73.5 | 43.412 % |
|      1322 |  272899   845795 |  174387    1158    75950    65.6 | 43.420 % |
|      2081 |  272917   845795 |  191826    1898   225076   118.6 | 43.421 % |
|      3220 |  271234   843575 |  211009    2980   314121   105.4 | 43.705 % |
|      4928 |  269864   841619 |  232109    4618   430742    93.3 | 43.918 % |
|      7492 |  268913   840151 |  255320    7100   693252    97.6 | 44.092 % |
|     11336 |  265000   834907 |  280853   10629  1046332    98.4 | 44.921 % |
|     17104 |  264410   833848 |  308938   16283  1639526   100.7 | 44.990 % |
|     25755 |  263703   832648 |  339832   24706  2430415    98.4 | 45.105 % |
|     38733 |  262919   831349 |  373815   37450  3402205    90.8 | 45.321 % |
==============================================================================
restarts              : 14
conflicts             : 50512          (3801 /sec)
decisions             : 195224         (14691 /sec)
propagations          : 99654186       (7499147 /sec)
conflict literals     : 4161701        (52.25 % deleted)
Memory used           : 37.62 MB
CPU time              : 13.2887 s

UNSATISFIABLE
