Reading from standard input... Use '-h' or '--help' for help.
==================================[MINISAT]===================================
| Conflicts |     ORIGINAL     |              LEARNT              | Progress |
|           | Clauses Literals |   Limit Clauses Literals  Lit/Cl |          |
==============================================================================
|         0 |  323946   913305 |  107982       0        0     nan |  0.000 % |
|       101 |  323961   913305 |  118780      84     9158   109.0 | 29.501 % |
|       251 |  323983   913305 |  130658     204    13774    67.5 | 53.121 % |
|       476 |  323999   913305 |  143724     412    19435    47.2 | 53.123 % |
|       816 |  324013   913305 |  158096     736    30518    41.5 | 53.131 % |
|      1322 |  234861   804519 |  173906    1145    62662    54.7 | 53.131 % |
|      2082 |  234868   804519 |  191296    1898   101048    53.2 | 53.131 % |
|      3229 |  234873   804519 |  210426    3040   149680    49.2 | 53.131 % |
|      4938 |  230985   799828 |  231469    2219    82425    37.1 | 53.873 % |
==============================================================================
restarts              : 9
conflicts             : 5005           (7490 /sec)
decisions             : 18347          (27456 /sec)
propagations          : 7815161        (11695106 /sec)
conflict literals     : 218203         (31.43 % deleted)
Memory used           : 21.61 MB
CPU time              : 0.668242 s

UNSATISFIABLE
