Reading from standard input... Use '-h' or '--help' for help.
==================================[MINISAT]===================================
| Conflicts |     ORIGINAL     |              LEARNT              | Progress |
|           | Clauses Literals |   Limit Clauses Literals  Lit/Cl |          |
==============================================================================
|         0 |  320829   908034 |  106943       0        0     nan |  0.000 % |
|       100 |  320841   908034 |  117637      88      684     7.8 | 30.105 % |
|       250 |  320854   908034 |  129401     222    18529    83.5 | 30.122 % |
|       476 |  259909   832728 |  142341     419    37044    88.4 | 47.492 % |
|       814 |  259933   832728 |  156575     724    56585    78.2 | 47.650 % |
|      1323 |  259959   832728 |  172232    1200   128296   106.9 | 47.796 % |
|      2083 |  256784   828103 |  189456    1896   186488    98.4 | 48.078 % |
|      3224 |  255218   825915 |  208401    2855   265137    92.9 | 48.450 % |
|      4933 |  254566   824823 |  229241    4540   552563   121.7 | 48.479 % |
|      7498 |  254533   824730 |  252165    7072   850468   120.3 | 49.032 % |
|     11342 |  249327   816507 |  277382    9860  1204436   122.2 | 49.550 % |
==============================================================================
restarts              : 11
conflicts             : 16164          (5002 /sec)
decisions             : 66516          (20584 /sec)
propagations          : 28475444       (8811895 /sec)
conflict literals     : 1571288        (38.99 % deleted)
Memory used           : 25.80 MB
CPU time              : 3.23148 s

UNSATISFIABLE
