Reading from standard input... Use '-h' or '--help' for help.
==================================[MINISAT]===================================
| Conflicts |     ORIGINAL     |              LEARNT              | Progress |
|           | Clauses Literals |   Limit Clauses Literals  Lit/Cl |          |
==============================================================================
|         0 |  329486   920459 |  109828       0        0     nan |  0.000 % |
|       100 |  329505   920459 |  120810      81      925    11.4 | 28.514 % |
|       250 |  329509   920459 |  132891     227    18936    83.4 | 28.514 % |
|       475 |  329337   920147 |  146181     393    44666   113.7 | 44.127 % |
|       812 |  329353   920147 |  160799     714    84624   118.5 | 44.127 % |
|      1318 |  329381   920147 |  176879    1191   120233   101.0 | 44.135 % |
|      2077 |  272270   847064 |  194567    1926   247148   128.3 | 44.144 % |
|      3218 |  271987   846679 |  214023    3039   368720   121.3 | 44.200 % |
|      4926 |  271401   845953 |  235426    4691   484202   103.2 | 44.303 % |
|      7488 |  269355   843201 |  258968    7086   649737    91.7 | 44.694 % |
|     11332 |  264779   837068 |  284865   10792   888845    82.4 | 45.549 % |
|     17100 |  261917   833342 |  313352   16450  1481768    90.1 | 46.041 % |
|     25749 |  260671   831397 |  344687   24965  2398632    96.1 | 46.284 % |
|     38726 |  259125   828829 |  379156   35337  3307816    93.6 | 46.430 % |
==============================================================================
restarts              : 14
conflicts             : 42162          (3934 /sec)
decisions             : 137976         (12875 /sec)
propagations          : 89818055       (8381534 /sec)
conflict literals     : 3739930        (49.73 % deleted)
Memory used           : 34.21 MB
CPU time              : 10.7162 s

UNSATISFIABLE
