Reading from standard input... Use '-h' or '--help' for help.
==================================[MINISAT]===================================
| Conflicts |     ORIGINAL     |              LEARNT              | Progress |
|           | Clauses Literals |   Limit Clauses Literals  Lit/Cl |          |
==============================================================================
|         0 |  322900   910695 |  107633       0        0     nan |  0.000 % |
|       102 |  322920   910695 |  118396      82     3147    38.4 | 29.702 % |
|       252 |  322927   910695 |  130235     224     7361    32.9 | 45.406 % |
|       477 |  322933   910695 |  143259     443    25556    57.7 | 45.406 % |
|       814 |  266634   839230 |  157585     708    36964    52.2 | 45.450 % |
|      1320 |  266653   839230 |  173344    1193   103928    87.1 | 45.457 % |
|      2079 |  266494   839023 |  190678    1906   160839    84.4 | 45.528 % |
|      3218 |  264597   836451 |  209746    2926   243438    83.2 | 45.782 % |
|      4928 |  264622   836451 |  230720    4611   427890    92.8 | 45.782 % |
|      7493 |  264078   835707 |  253792    7131   792622   111.2 | 45.900 % |
|     11337 |  264135   835707 |  279172   10918  1132369   103.7 | 45.900 % |
|     17109 |  264054   835569 |  307089   16650  1606821    96.5 | 45.912 % |
|     25762 |  264108   835569 |  337798   25249  2274182    90.1 | 45.912 % |
==============================================================================
restarts              : 13
conflicts             : 31616          (4322 /sec)
decisions             : 101256         (13841 /sec)
propagations          : 58422981       (7986048 /sec)
conflict literals     : 2660617        (54.06 % deleted)
Memory used           : 30.04 MB
CPU time              : 7.31563 s

UNSATISFIABLE
