Reading from standard input... Use '-h' or '--help' for help.
==================================[MINISAT]===================================
| Conflicts |     ORIGINAL     |              LEARNT              | Progress |
|           | Clauses Literals |   Limit Clauses Literals  Lit/Cl |          |
==============================================================================
|         0 |  325453   913199 |  108484       0        0     nan |  0.000 % |
|       100 |  325469   913199 |  119332      84     1247    14.8 | 29.273 % |
|       250 |  325475   913199 |  131265     228     8659    38.0 | 29.273 % |
|       475 |  325494   913199 |  144392     433    42896    99.1 | 40.065 % |
|       812 |  282419   855944 |  158831     739    56329    76.2 | 40.067 % |
|      1319 |  282380   855938 |  174714    1222    73511    60.2 | 40.068 % |
|      2080 |  282400   855938 |  192186    1963   196906   100.3 | 40.068 % |
|      3221 |  282318   855719 |  211404    2934   268009    91.3 | 40.102 % |
|      4929 |  281942   855164 |  232545    4546   398861    87.7 | 40.330 % |
|      7491 |  279143   851087 |  255799    6953   707983   101.8 | 40.638 % |
|     11337 |  273816   844101 |  281379   10090  1020536   101.1 | 41.708 % |
|     17103 |  272650   842643 |  309517   15728  1693144   107.7 | 41.847 % |
|     25753 |  271540   840862 |  340469   24209  2699102   111.5 | 42.045 % |
|     38731 |  270511   839251 |  374516   36774  3917597   106.5 | 42.230 % |
==============================================================================
restarts              : 14
conflicts             : 52617          (4637 /sec)
decisions             : 196725         (17339 /sec)
propagations          : 95168071       (8387708 /sec)
conflict literals     : 5083032        (46.52 % deleted)
Memory used           : 41.67 MB
CPU time              : 11.3461 s

UNSATISFIABLE
