Reading from standard input... Use '-h' or '--help' for help.
==================================[MINISAT]===================================
| Conflicts |     ORIGINAL     |              LEARNT              | Progress |
|           | Clauses Literals |   Limit Clauses Literals  Lit/Cl |          |
==============================================================================
|         0 |  322642   910230 |  107547       0        0     nan |  0.000 % |
|       102 |  322658   910230 |  118301      86     1073    12.5 | 29.790 % |
|       253 |  322664   910230 |  130131     231     6833    29.6 | 29.790 % |
|       478 |  322490   909759 |  143145     358    28484    79.6 | 29.826 % |
|       816 |  322516   909759 |  157459     670    51293    76.6 | 29.826 % |
|      1323 |  322537   909759 |  173205    1155   115581   100.1 | 29.830 % |
|      2082 |  322469   909576 |  190526    1876   186866    99.6 | 29.843 % |
|      3221 |  270141   842353 |  209578    2965   300537   101.4 | 43.992 % |
|      4929 |  268909   840579 |  230536    4623   464694   100.5 | 44.185 % |
|      7493 |  267751   838862 |  253590    7095   719525   101.4 | 44.414 % |
|     11340 |  267038   837782 |  278949   10839  1206091   111.3 | 44.536 % |
|     17107 |  266152   836372 |  306844   16492  2060437   124.9 | 44.660 % |
|     25756 |  265881   835808 |  337528   25029  3032211   121.1 | 44.737 % |
|     38735 |  265428   835004 |  371281   37900  4382311   115.6 | 44.796 % |
==============================================================================
restarts              : 14
conflicts             : 54012          (3423 /sec)
decisions             : 188657         (11956 /sec)
propagations          : 108804349      (6895396 /sec)
conflict literals     : 5665106        (50.22 % deleted)
Memory used           : 44.28 MB
CPU time              : 15.7793 s

UNSATISFIABLE
