Reading from standard input... Use '-h' or '--help' for help.
==================================[MINISAT]===================================
| Conflicts |     ORIGINAL     |              LEARNT              | Progress |
|           | Clauses Literals |   Limit Clauses Literals  Lit/Cl |          |
==============================================================================
|         0 |  320477   907084 |  106825       0        0     nan |  0.000 % |
|       100 |  320490   907084 |  117507      87     1230    14.1 | 30.227 % |
|       251 |  320505   907084 |  129258     223    19020    85.3 | 30.227 % |
|       477 |  320528   907084 |  142184     424    37051    87.4 | 30.236 % |
|       814 |  320544   907084 |  156402     745    63852    85.7 | 30.236 % |
|      1320 |  320520   906970 |  172042    1211   107635    88.9 | 42.770 % |
|      2081 |  273477   845079 |  189247    1926   212281   110.2 | 42.783 % |
|      3221 |  273492   845079 |  208171    3051   366307   120.1 | 42.783 % |
|      4930 |  273260   844746 |  228988    4726   565386   119.6 | 42.865 % |
|      7494 |  272616   843783 |  251887    7245   767834   106.0 | 42.926 % |
|     11340 |  269224   839150 |  277076    9740   963666    98.9 | 43.549 % |
|     17106 |  268724   838163 |  304784   14672  1516982   103.4 | 43.678 % |
|     25757 |  267603   836234 |  335262   20803  2227415   107.1 | 43.929 % |
|     38731 |  266691   834695 |  368788   33585  3450267   102.7 | 44.019 % |
==============================================================================
restarts              : 14
conflicts             : 44615          (4486 /sec)
decisions             : 161948         (16284 /sec)
propagations          : 81848245       (8229933 /sec)
conflict literals     : 4094004        (46.06 % deleted)
Memory used           : 36.51 MB
CPU time              : 9.94519 s

UNSATISFIABLE
