Reading from standard input... Use '-h' or '--help' for help.
==================================[MINISAT]===================================
| Conflicts |     ORIGINAL     |              LEARNT              | Progress |
|           | Clauses Literals |   Limit Clauses Literals  Lit/Cl |          |
==============================================================================
|         0 |  321495   908614 |  107165       0        0     nan |  0.000 % |
|       104 |  321504   908614 |  117881      95     8837    93.0 | 29.973 % |
|       255 |  321514   908614 |  129669     236    34807   147.5 | 29.973 % |
|       480 |  321526   908614 |  142636     449    71260   158.7 | 29.973 % |
|       817 |  265243   837388 |  156900     768   115756   150.7 | 45.781 % |
|      1323 |  263370   834910 |  172590    1184   141719   119.7 | 46.137 % |
|      2082 |  263385   834910 |  189849    1926   251531   130.6 | 46.149 % |
|      3222 |  262601   833788 |  208834    2965   372394   125.6 | 46.389 % |
|      4932 |  261837   832669 |  229717    4613   562247   121.9 | 46.398 % |
|      7496 |  261892   832669 |  252689    7122   845747   118.8 | 46.398 % |
|     11342 |  260952   831169 |  277958   10871  1186367   109.1 | 46.789 % |
|     17108 |  256946   825362 |  305754   16351  1820312   111.3 | 47.276 % |
==============================================================================
restarts              : 12
conflicts             : 23874          (5070 /sec)
decisions             : 84734          (17996 /sec)
propagations          : 39852765       (8463882 /sec)
conflict literals     : 2270533        (44.41 % deleted)
Memory used           : 29.12 MB
CPU time              : 4.70857 s

UNSATISFIABLE
