Reading from standard input... Use '-h' or '--help' for help.
==================================[MINISAT]===================================
| Conflicts |     ORIGINAL     |              LEARNT              | Progress |
|           | Clauses Literals |   Limit Clauses Literals  Lit/Cl |          |
==============================================================================
|         0 |  282374   741205 |   94124       0        0     nan |  0.000 % |
|       100 |  282383   741205 |  103536      83      712     8.6 | 10.613 % |
|       251 |  282386   741205 |  113890     228     2546    11.2 | 10.615 % |
|       478 |  281137   740009 |  125279     434     6057    14.0 | 10.765 % |
|       818 |  280239   738986 |  137806     747    14012    18.8 | 10.901 % |
|      1326 |  280214   738971 |  151587    1223    27870    22.8 | 10.923 % |
==============================================================================
restarts              : 6
conflicts             : 1526           (5034 /sec)
decisions             : 21735          (71702 /sec)
propagations          : 3474884        (11463346 /sec)
conflict literals     : 34108          (24.16 % deleted)
Memory used           : 20.21 MB
CPU time              : 0.30313 s

UNSATISFIABLE
