Reading from standard input... Use '-h' or '--help' for help.
==================================[MINISAT]===================================
| Conflicts |     ORIGINAL     |              LEARNT              | Progress |
|           | Clauses Literals |   Limit Clauses Literals  Lit/Cl |          |
==============================================================================
|         0 |  322996   910435 |  107665       0        0     nan |  0.000 % |
|       100 |  323012   910435 |  118431      84      761     9.1 | 29.712 % |
|       250 |  323032   910435 |  130274     211     2901    13.7 | 43.631 % |
|       475 |  323045   910435 |  143302     422    36690    86.9 | 43.638 % |
|       817 |  271740   844699 |  157632     733    60142    82.0 | 43.646 % |
|      1323 |  271763   844699 |  173395    1216   125970   103.6 | 43.646 % |
|      2084 |  271729   844645 |  190735    1963   243053   123.8 | 43.716 % |
|      3224 |  271231   843912 |  209808    3025   485059   160.4 | 43.721 % |
|      4934 |  271004   843888 |  230789    4681   735238   157.1 | 43.829 % |
|      7499 |  271045   843888 |  253868    7205  1041459   144.5 | 43.829 % |
|     11343 |  270364   842891 |  279255   10964  1541135   140.6 | 44.125 % |
|     17116 |  267709   839329 |  307180   16408  2039682   124.3 | 44.460 % |
|     25765 |  265458   835639 |  337898   20196  2675558   132.5 | 44.956 % |
|     38740 |  264810   834394 |  371688   26779  3591752   134.1 | 45.052 % |
==============================================================================
restarts              : 14
conflicts             : 52437          (3836 /sec)
decisions             : 179381         (13121 /sec)
propagations          : 98930387       (7236262 /sec)
conflict literals     : 6264351        (50.09 % deleted)
Memory used           : 41.29 MB
CPU time              : 13.6715 s

UNSATISFIABLE
