Reading from standard input... Use '-h' or '--help' for help.
==================================[MINISAT]===================================
| Conflicts |     ORIGINAL     |              LEARNT              | Progress |
|           | Clauses Literals |   Limit Clauses Literals  Lit/Cl |          |
==============================================================================
|         0 |  325561   913022 |  108520       0        0     nan |  0.000 % |
|       102 |  325576   913022 |  119372      87     1206    13.9 | 29.288 % |
|       252 |  325584   913022 |  131309     229    14203    62.0 | 29.288 % |
|       477 |  325591   913022 |  144440     446    32991    74.0 | 38.931 % |
|       819 |  325611   913022 |  158884     767    57407    74.8 | 38.949 % |
|      1338 |  286336   859525 |  174772    1272   153097   120.4 | 38.949 % |
|      2098 |  286294   859519 |  192249    2017   292588   145.1 | 38.951 % |
|      3238 |  286159   859261 |  211474    3090   405867   131.3 | 38.976 % |
|      4946 |  286001   859048 |  232622    4744   566805   119.5 | 39.014 % |
|      7510 |  285862   858823 |  255884    7261   833507   114.8 | 39.027 % |
|     11359 |  284685   857077 |  281472   10988  1204176   109.6 | 39.244 % |
|     17125 |  281855   852844 |  309620   15608  1791375   114.8 | 39.716 % |
|     25777 |  281848   852667 |  340582   24124  2966928   123.0 | 39.874 % |
|     38755 |  281015   851425 |  374640   36893  4622740   125.3 | 39.895 % |
==============================================================================
restarts              : 14
conflicts             : 57272          (3618 /sec)
decisions             : 202518         (12794 /sec)
propagations          : 102907748      (6501053 /sec)
conflict literals     : 6473171        (48.82 % deleted)
Memory used           : 45.78 MB
CPU time              : 15.8294 s

UNSATISFIABLE
