Reading from standard input... Use '-h' or '--help' for help.
==================================[MINISAT]===================================
| Conflicts |     ORIGINAL     |              LEARNT              | Progress |
|           | Clauses Literals |   Limit Clauses Literals  Lit/Cl |          |
==============================================================================
|         0 |  327781   916494 |  109260       0        0     nan |  0.000 % |
|       101 |  327795   916494 |  120186      87     1441    16.6 | 28.842 % |
|       251 |  327804   916494 |  132204     228    18657    81.8 | 28.842 % |
|       476 |  327807   916494 |  145425     449    45764   101.9 | 39.628 % |
|       813 |  327819   916494 |  159967     774    62598    80.9 | 39.628 % |
|      1319 |  284997   859342 |  175964    1242   104849    84.4 | 39.629 % |
|      2079 |  284877   859189 |  193560    1968   173153    88.0 | 39.682 % |
|      3218 |  280000   852877 |  212916    2774   250634    90.4 | 40.618 % |
|      4927 |  279986   852754 |  234208    4404   402254    91.3 | 40.626 % |
|      7491 |  279466   851902 |  257629    6710   567520    84.6 | 40.708 % |
|     11335 |  277044   848527 |  283392    8718   924934   106.1 | 41.170 % |
|     17101 |  274858   845021 |  311731   14222  1466613   103.1 | 41.531 % |
|     25750 |  274390   844187 |  342904   22669  2356292   103.9 | 41.601 % |
|     38726 |  274170   843743 |  377195   35509  4028397   113.4 | 41.653 % |
|     58190 |  274143   843524 |  414914   54811  6459668   117.9 | 41.694 % |
|     87384 |  271667   839771 |  456406   78467  9939625   126.7 | 42.208 % |

*** INTERRUPTED ***
restarts              : 16
conflicts             : 99144          (3356 /sec)
decisions             : 287675         (9738 /sec)
propagations          : 212391463      (7189888 /sec)
conflict literals     : 11880048       (49.58 % deleted)
Memory used           : 68.11 MB
CPU time              : 29.5403 s

*** INTERRUPTED ***
