Reading from standard input... Use '-h' or '--help' for help.
==================================[MINISAT]===================================
| Conflicts |     ORIGINAL     |              LEARNT              | Progress |
|           | Clauses Literals |   Limit Clauses Literals  Lit/Cl |          |
==============================================================================
|         0 |  330540   919252 |  110180       0        0     nan |  0.000 % |
|       101 |  330556   919252 |  121198      85     1270    14.9 | 28.363 % |
|       251 |  330564   919252 |  133317     224     4471    20.0 | 28.412 % |
|       477 |  330580   919252 |  146649     434    28694    66.1 | 28.412 % |
|       816 |  330279   918904 |  161314     759    77841   102.6 | 28.412 % |
|      1323 |  330287   918895 |  177445    1252   114466    91.4 | 28.412 % |
|      2083 |  330308   918895 |  195190    1987   150058    75.5 | 35.798 % |
|      3223 |  297757   872311 |  214709    3039   242000    79.6 | 35.901 % |
|      4932 |  297321   871735 |  236180    4716   350488    74.3 | 35.972 % |
|      7495 |  297112   871432 |  259798    7170   587009    81.9 | 36.016 % |
|     11342 |  296863   870970 |  285778   10857   891053    82.1 | 36.028 % |
|     17108 |  295520   869230 |  314356   16426  1524943    92.8 | 36.364 % |
|     25758 |  294209   867283 |  345792   24823  3116358   125.5 | 36.562 % |
|     38734 |  293372   866047 |  380371   37541  5313624   141.5 | 36.701 % |
==============================================================================
restarts              : 14
conflicts             : 53061          (3576 /sec)
decisions             : 207393         (13978 /sec)
propagations          : 88255290       (5948345 /sec)
conflict literals     : 6916950        (49.73 % deleted)
Memory used           : 48.70 MB
CPU time              : 14.8369 s

UNSATISFIABLE
