Reading from standard input... Use '-h' or '--help' for help.
==================================[MINISAT]===================================
| Conflicts |     ORIGINAL     |              LEARNT              | Progress |
|           | Clauses Literals |   Limit Clauses Literals  Lit/Cl |          |
==============================================================================
|         0 |  322973   909556 |  107657       0        0     nan |  0.000 % |
|       102 |  322989   909556 |  118422      86     1211    14.1 | 29.819 % |
|       252 |  323011   909556 |  130264     211     2523    12.0 | 39.370 % |
|       477 |  323028   909556 |  143291     411    16370    39.8 | 39.467 % |
|       816 |  283236   855173 |  157620     627    24543    39.1 | 39.489 % |
|      1324 |  283271   855173 |  173382    1100    76275    69.3 | 39.489 % |
|      2083 |  283288   855173 |  190720    1784   171042    95.9 | 39.500 % |
|      3223 |  283223   855050 |  209793    2907   300690   103.4 | 39.500 % |
|      4931 |  282774   854345 |  230772    4551   424726    93.3 | 39.579 % |
|      7494 |  282394   853808 |  253849    7063   584280    82.7 | 39.658 % |
|     11339 |  281612   852572 |  279234   10824   961855    88.9 | 39.779 % |
|     17107 |  277550   846978 |  307157   15385  1519894    98.8 | 40.493 % |
|     25757 |  277214   846399 |  337873   23802  2570579   108.0 | 40.559 % |
|     38732 |  276639   845547 |  371661   36488  3801823   104.2 | 40.668 % |
==============================================================================
restarts              : 14
conflicts             : 50389          (4681 /sec)
decisions             : 207051         (19234 /sec)
propagations          : 92677223       (8609419 /sec)
conflict literals     : 4909552        (47.87 % deleted)
Memory used           : 41.04 MB
CPU time              : 10.7646 s

UNSATISFIABLE
