Reading from standard input... Use '-h' or '--help' for help.
==================================[MINISAT]===================================
| Conflicts |     ORIGINAL     |              LEARNT              | Progress |
|           | Clauses Literals |   Limit Clauses Literals  Lit/Cl |          |
==============================================================================
|         0 |  320889   907971 |  106963       0        0     nan |  0.000 % |
|       104 |  320902   907971 |  117659      91    10876   119.5 | 30.078 % |
|       254 |  320907   907971 |  129425     236    20617    87.4 | 30.078 % |
|       481 |  320924   907971 |  142367     446    49602   111.2 | 30.078 % |
|       818 |  320942   907971 |  156604     765    86539   113.1 | 30.078 % |
|      1324 |  320964   907971 |  172264    1249   110945    88.8 | 30.078 % |
|      2083 |  320981   907971 |  189491    1991   180898    90.9 | 30.078 % |
|      3226 |  321007   907971 |  208440    3108   312778   100.6 | 30.078 % |
|      4935 |  321059   907971 |  229284    4765   494341   103.7 | 30.078 % |
|      7497 |  259372   829101 |  252213    7023   639362    91.0 | 46.759 % |
|     11342 |  259064   828657 |  277434   10809  1020289    94.4 | 46.807 % |
|     17108 |  257921   826764 |  305177   16405  1443107    88.0 | 47.033 % |
==============================================================================
restarts              : 12
conflicts             : 23035          (4868 /sec)
decisions             : 88497          (18704 /sec)
propagations          : 39727101       (8396353 /sec)
conflict literals     : 1874237        (50.12 % deleted)
Memory used           : 27.64 MB
CPU time              : 4.73147 s

UNSATISFIABLE
