Reading from standard input... Use '-h' or '--help' for help.
==================================[MINISAT]===================================
| Conflicts |     ORIGINAL     |              LEARNT              | Progress |
|           | Clauses Literals |   Limit Clauses Literals  Lit/Cl |          |
==============================================================================
|         0 |  321052   907469 |  107017       0        0     nan |  0.000 % |
|       101 |  321064   907469 |  117718      89      950    10.7 | 30.120 % |
|       251 |  321073   907469 |  129490     230    32878   142.9 | 30.120 % |
|       477 |  321084   907469 |  142439     445    45168   101.5 | 30.120 % |
|       815 |  273728   845631 |  156683     757    67518    89.2 | 42.683 % |
|      1321 |  273750   845631 |  172351    1240   129200   104.2 | 42.683 % |
|      2084 |  273183   844806 |  189587    1984   227239   114.5 | 42.683 % |
|      3223 |  273157   844719 |  208545    3088   285087    92.3 | 43.279 % |
|      4931 |  270524   840112 |  229400    4518   433380    95.9 | 43.279 % |
|      7494 |  270277   839641 |  252340    7007   689592    98.4 | 43.425 % |
|     11338 |  269127   837940 |  277574   10656   905368    85.0 | 43.631 % |
|     17104 |  264996   831559 |  305331   11338  1223083   107.9 | 44.234 % |
|     25754 |  264017   829936 |  335865   19733  2051353   104.0 | 44.397 % |
==============================================================================
restarts              : 13
conflicts             : 33908          (5382 /sec)
decisions             : 125978         (19995 /sec)
propagations          : 51610513       (8191423 /sec)
conflict literals     : 3059253        (44.00 % deleted)
Memory used           : 31.46 MB
CPU time              : 6.30056 s

UNSATISFIABLE
