Reading from standard input... Use '-h' or '--help' for help.
==================================[MINISAT]===================================
| Conflicts |     ORIGINAL     |              LEARNT              | Progress |
|           | Clauses Literals |   Limit Clauses Literals  Lit/Cl |          |
==============================================================================
|         0 |  211232   589900 |   70410       0        0     nan |  0.000 % |
|       100 |  211235   589900 |   77451      97     1244    12.8 | 29.735 % |
|       250 |  211241   589900 |   85196     240     5860    24.4 | 52.772 % |
|       476 |  211244   589900 |   93715     462    13460    29.1 | 52.772 % |
|       819 |  157175   524969 |  103087     788    28799    36.5 | 52.773 % |
|      1326 |  157198   524969 |  113396    1272    44707    35.1 | 52.773 % |
|      2088 |  157191   524966 |  124735    2010    64113    31.9 | 52.773 % |
|      3228 |  157197   524966 |  137209    3144   100677    32.0 | 52.773 % |
|      4937 |  157209   524966 |  150930    4841   176407    36.4 | 52.773 % |
==============================================================================
restarts              : 9
conflicts             : 5201           (10892 /sec)
decisions             : 14916          (31237 /sec)
propagations          : 7226084        (15132621 /sec)
conflict literals     : 182175         (32.40 % deleted)
Memory used           : 14.98 MB
CPU time              : 0.477517 s

UNSATISFIABLE
