Reading from standard input... Use '-h' or '--help' for help.
==================================[MINISAT]===================================
| Conflicts |     ORIGINAL     |              LEARNT              | Progress |
|           | Clauses Literals |   Limit Clauses Literals  Lit/Cl |          |
==============================================================================
|         0 |  327814   916974 |  109271       0        0     nan |  0.000 % |
|       100 |  327825   916974 |  120198      89      950    10.7 | 28.772 % |
|       253 |  327832   916974 |  132217     230    21965    95.5 | 28.794 % |
|       478 |  279895   853450 |  145439     402    31323    77.9 | 41.382 % |
|       815 |  279907   853450 |  159983     727    71268    98.0 | 41.382 % |
|      1321 |  279917   853450 |  175982    1223   116279    95.1 | 41.382 % |
|      2082 |  279899   853360 |  193580    1946   227727   117.0 | 41.418 % |
|      3221 |  279264   852385 |  212938    2916   332755   114.1 | 41.469 % |
|      4929 |  279267   852322 |  234232    4566   616860   135.1 | 41.484 % |
|      7491 |  278904   851797 |  257655    7080   869016   122.7 | 41.614 % |
|     11336 |  275966   847907 |  283420   10285  1374009   133.6 | 42.437 % |
|     17102 |  274174   844991 |  311762   15905  2166790   136.2 | 42.770 % |
|     25751 |  272706   843197 |  342939   24368  3107957   127.5 | 42.830 % |
|     38725 |  272737   843119 |  377233   37236  4913030   131.9 | 42.889 % |
==============================================================================
restarts              : 14
conflicts             : 45186          (4064 /sec)
decisions             : 163410         (14697 /sec)
propagations          : 67500900       (6070900 /sec)
conflict literals     : 5678024        (49.20 % deleted)
Memory used           : 43.36 MB
CPU time              : 11.1188 s

UNSATISFIABLE
