Reading from standard input... Use '-h' or '--help' for help.
==================================[MINISAT]===================================
| Conflicts |     ORIGINAL     |              LEARNT              | Progress |
|           | Clauses Literals |   Limit Clauses Literals  Lit/Cl |          |
==============================================================================
|         0 |  322606   910705 |  107535       0        0     nan |  0.000 % |
|       100 |  322622   910705 |  118288      84      806     9.6 | 29.734 % |
|       250 |  322630   910705 |  130117     226     7588    33.6 | 29.734 % |
|       475 |  322636   910705 |  143129     445    33778    75.9 | 29.734 % |
|       813 |  322640   910705 |  157441     779    56257    72.2 | 29.734 % |
|      1319 |  260790   833197 |  173186    1214   102532    84.5 | 47.537 % |
|      2079 |  258756   830139 |  190504    1543   148666    96.3 | 47.731 % |
|      3220 |  257341   828083 |  209555    2638   317037   120.2 | 48.425 % |
|      4928 |  255311   825573 |  230510    4304   471102   109.5 | 48.864 % |
|      7490 |  255334   825573 |  253561    6841   675519    98.7 | 49.123 % |
|     11334 |  248071   814193 |  278918    9635   985417   102.3 | 49.830 % |
==============================================================================
restarts              : 11
conflicts             : 16238          (5217 /sec)
decisions             : 61304          (19696 /sec)
propagations          : 27958023       (8982668 /sec)
conflict literals     : 1290383        (43.03 % deleted)
Memory used           : 24.81 MB
CPU time              : 3.11244 s

UNSATISFIABLE
