Reading from standard input... Use '-h' or '--help' for help.
==================================[MINISAT]===================================
| Conflicts |     ORIGINAL     |              LEARNT              | Progress |
|           | Clauses Literals |   Limit Clauses Literals  Lit/Cl |          |
==============================================================================
|         0 |  323191   910808 |  107730       0        0     nan |  0.000 % |
|       100 |  323203   910808 |  118503      88     2112    24.0 | 29.662 % |
|       251 |  323208   910808 |  130353     234     7751    33.1 | 29.662 % |
|       479 |  323211   910808 |  143388     459    36661    79.9 | 29.662 % |
|       817 |  323217   910808 |  157727     791   130065   164.4 | 29.662 % |
|      1323 |  323240   910808 |  173500    1274   241884   189.9 | 29.662 % |
|      2082 |  323249   910808 |  190850    2024   381717   188.6 | 29.662 % |
|      3222 |  323260   910709 |  209935    3073   476478   155.1 | 29.676 % |
|      4933 |  323208   910571 |  230928    4627   710845   153.6 | 29.687 % |
|      7496 |  323218   910511 |  254021    7113  1077120   151.4 | 29.687 % |
|     11342 |  264981   834000 |  279423   10506  1529672   145.6 | 45.025 % |
|     17108 |  264580   833151 |  307366   16154  2056527   127.3 | 45.099 % |
|     25759 |  263674   831807 |  338102   24571  2809921   114.4 | 45.271 % |
==============================================================================
restarts              : 13
conflicts             : 32195          (4150 /sec)
decisions             : 112959         (14561 /sec)
propagations          : 54556655       (7032455 /sec)
conflict literals     : 3263905        (52.92 % deleted)
Memory used           : 33.52 MB
CPU time              : 7.75784 s

UNSATISFIABLE
