Reading from standard input... Use '-h' or '--help' for help.
==================================[MINISAT]===================================
| Conflicts |     ORIGINAL     |              LEARNT              | Progress |
|           | Clauses Literals |   Limit Clauses Literals  Lit/Cl |          |
==============================================================================
|         0 |  324185   913001 |  108061       0        0     nan |  0.000 % |
|       102 |  324202   913001 |  118867      85     2631    31.0 | 29.482 % |
|       256 |  324213   913001 |  130753     228    19855    87.1 | 29.482 % |
|       488 |  324220   913001 |  143829     453    55144   121.7 | 29.482 % |
|       825 |  324225   913001 |  158212     785    78978   100.6 | 29.482 % |
|      1331 |  267673   841068 |  174033    1261   116580    92.5 | 45.359 % |
|      2094 |  267391   840734 |  191436    2004   270369   134.9 | 45.359 % |
|      3233 |  267408   840734 |  210580    3126   604722   193.4 | 45.359 % |
|      4941 |  266558   839423 |  231638    4740   752511   158.8 | 45.537 % |
|      7504 |  261294   832065 |  254802    7132   989973   138.8 | 46.475 % |
|     11348 |  258725   828249 |  280282   10828  1290440   119.2 | 46.952 % |
|     17115 |  256441   824574 |  308310   16351  1801097   110.2 | 47.303 % |
|     25765 |  254694   821781 |  339141   24483  2355181    96.2 | 47.567 % |
==============================================================================
restarts              : 13
conflicts             : 26828          (4743 /sec)
decisions             : 99514          (17594 /sec)
propagations          : 49882331       (8819161 /sec)
conflict literals     : 2460419        (41.17 % deleted)
Memory used           : 29.94 MB
CPU time              : 5.65613 s

UNSATISFIABLE
