Reading from standard input... Use '-h' or '--help' for help.
==================================[MINISAT]===================================
| Conflicts |     ORIGINAL     |              LEARNT              | Progress |
|           | Clauses Literals |   Limit Clauses Literals  Lit/Cl |          |
==============================================================================
|         0 |  319770   905907 |  106590       0        0     nan |  0.000 % |
|       102 |  319785   905907 |  117249      87      782     9.0 | 30.345 % |
|       252 |  319810   905907 |  128973     212     9506    44.8 | 30.345 % |
|       479 |  319825   905907 |  141871     424    18906    44.6 | 30.345 % |
|       816 |  268784   840478 |  156058     741    46334    62.5 | 44.384 % |
|      1322 |  268791   840478 |  171664    1239    78922    63.7 | 44.384 % |
|      2085 |  268761   840472 |  188830    1976   129475    65.5 | 44.398 % |
|      3224 |  268257   840139 |  207713    3004   176925    58.9 | 44.471 % |
|      4932 |  267913   839590 |  228485    4641   320587    69.1 | 44.637 % |
|      7496 |  265868   836410 |  251333    7118   501996    70.5 | 44.838 % |
|     11341 |  265828   836317 |  276467   10897   835051    76.6 | 44.854 % |
|     17109 |  264933   834859 |  304113   16538  1337400    80.9 | 45.029 % |
|     25759 |  263964   833227 |  334525   24929  2039575    81.8 | 45.347 % |
==============================================================================
restarts              : 13
conflicts             : 32968          (4507 /sec)
decisions             : 112307         (15352 /sec)
propagations          : 59650864       (8153965 /sec)
conflict literals     : 2529142        (51.03 % deleted)
Memory used           : 30.83 MB
CPU time              : 7.31557 s

UNSATISFIABLE
