Reading from standard input... Use '-h' or '--help' for help.
==================================[MINISAT]===================================
| Conflicts |     ORIGINAL     |              LEARNT              | Progress |
|           | Clauses Literals |   Limit Clauses Literals  Lit/Cl |          |
==============================================================================
|         0 |  334235   925199 |  111411       0        0     nan |  0.000 % |
|       102 |  334249   925199 |  122552      88      872     9.9 | 27.655 % |
|       254 |  334259   925199 |  134807     227     5441    24.0 | 27.661 % |
|       479 |  334276   925199 |  148288     433    18457    42.6 | 27.662 % |
|       820 |  334247   925100 |  163116     737    54880    74.5 | 38.522 % |
|      1326 |  334263   925100 |  179428    1226    99544    81.2 | 38.535 % |
|      2086 |  290173   865786 |  197371    1944   146615    75.4 | 38.547 % |
|      3228 |  288675   863605 |  217108    2962   250378    84.5 | 38.791 % |
|      4936 |  288018   862656 |  238819    4623   453302    98.1 | 38.899 % |
|      7499 |  287284   861582 |  262701    7122   658949    92.5 | 39.049 % |
|     11343 |  284700   858175 |  288971   10827   954910    88.2 | 39.750 % |
|     17110 |  278723   849988 |  317868   12695  1229365    96.8 | 40.649 % |
|     25759 |  277303   847870 |  349655   21119  2327516   110.2 | 40.842 % |
|     38735 |  276751   846910 |  384620   33833  4280779   126.5 | 40.935 % |
|     58197 |  276873   846910 |  423083   53134  7389983   139.1 | 41.045 % |
|     87393 |  276004   845671 |  465391   81910 11346953   138.5 | 41.094 % |

*** INTERRUPTED ***
restarts              : 16
conflicts             : 96590          (3261 /sec)
decisions             : 330983         (11174 /sec)
propagations          : 229871177      (7760542 /sec)
conflict literals     : 12901592       (48.08 % deleted)
Memory used           : 72.88 MB
CPU time              : 29.6205 s

*** INTERRUPTED ***
