Reading from standard input... Use '-h' or '--help' for help.
==================================[MINISAT]===================================
| Conflicts |     ORIGINAL     |              LEARNT              | Progress |
|           | Clauses Literals |   Limit Clauses Literals  Lit/Cl |          |
==============================================================================
|         0 |  325914   915997 |  108638       0        0     nan |  0.000 % |
|       100 |  325934   915997 |  119501      80      698     8.7 | 29.176 % |
|       251 |  325941   915997 |  131451     224     8130    36.3 | 29.176 % |
|       476 |  325962   915997 |  144597     426    27522    64.6 | 46.782 % |
|       814 |  264269   838813 |  159056     733    45272    61.8 | 47.003 % |
|      1321 |  263174   837292 |  174962    1192    75678    63.5 | 47.009 % |
|      2081 |  263144   837226 |  192458    1925   188856    98.1 | 47.025 % |
|      3223 |  263067   837112 |  211704    3039   329375   108.4 | 47.333 % |
|      4932 |  261247   833995 |  232875    4059   558443   137.6 | 47.375 % |
|      7495 |  259099   831009 |  256162    6168   747489   121.2 | 48.023 % |
|     11340 |  252746   821885 |  281778    9686  1053627   108.8 | 48.836 % |
|     17112 |  248201   815146 |  309956   15334  1428568    93.2 | 49.719 % |
==============================================================================
restarts              : 12
conflicts             : 17198          (5264 /sec)
decisions             : 69951          (21412 /sec)
propagations          : 36209380       (11083841 /sec)
conflict literals     : 1520742        (38.03 % deleted)
Memory used           : 25.85 MB
CPU time              : 3.26686 s

UNSATISFIABLE
