Reading from standard input... Use '-h' or '--help' for help.
==================================[MINISAT]===================================
| Conflicts |     ORIGINAL     |              LEARNT              | Progress |
|           | Clauses Literals |   Limit Clauses Literals  Lit/Cl |          |
==============================================================================
|         0 |  340699   931077 |  113566       0        0     nan |  0.000 % |
|       101 |  340711   931077 |  124922      89      801     9.0 | 26.542 % |
|       251 |  340714   931077 |  137414     236    14647    62.1 | 26.542 % |
|       477 |  340730   931077 |  151156     444    36612    82.5 | 30.877 % |
|       814 |  318972   897534 |  166271     756    52960    70.1 | 30.876 % |
|      1320 |  318999   897534 |  182899    1235    76719    62.1 | 30.876 % |
|      2084 |  319000   897501 |  201189    1966   146415    74.5 | 30.883 % |
|      3227 |  318321   896577 |  221308    2951   225400    76.4 | 30.978 % |
|      4936 |  318359   896577 |  243438    4621   445313    96.4 | 31.012 % |
|      7499 |  318167   896286 |  267782    7124   772151   108.4 | 31.092 % |
|     11344 |  317586   895509 |  294560   10850  1460157   134.6 | 31.180 % |
|     17110 |  309310   882585 |  324017   14008  2224987   158.8 | 32.894 % |
|     25761 |  309349   882465 |  356418   22502  3464891   154.0 | 32.924 % |
|     38735 |  309368   882297 |  392060   35336  5775690   163.5 | 32.930 % |

*** INTERRUPTED ***
restarts              : 14
conflicts             : 45826          (5329 /sec)
decisions             : 226540         (26345 /sec)
propagations          : 67164964       (7810803 /sec)
conflict literals     : 7048429        (49.36 % deleted)
Memory used           : 49.20 MB
CPU time              : 8.59898 s

*** INTERRUPTED ***
