Reading from standard input... Use '-h' or '--help' for help.
==================================[MINISAT]===================================
| Conflicts |     ORIGINAL     |              LEARNT              | Progress |
|           | Clauses Literals |   Limit Clauses Literals  Lit/Cl |          |
==============================================================================
|         0 |  322566   910759 |  107522       0        0     nan |  0.000 % |
|       100 |  322584   910759 |  118274      82     1138    13.9 | 29.776 % |
|       250 |  322616   910759 |  130101     196     4471    22.8 | 47.396 % |
|       476 |  260957   833691 |  143111     366    17144    46.8 | 47.442 % |
|       813 |  260979   833691 |  157422     675    35318    52.3 | 47.688 % |
|      1321 |  259217   831105 |  173165    1129    83601    74.0 | 47.697 % |
|      2080 |  257433   828519 |  190481    1845   219308   118.9 | 48.032 % |
|      3222 |  257450   828519 |  209529    2967   392876   132.4 | 48.168 % |
|      4933 |  252318   821409 |  230482    4579   598370   130.7 | 48.858 % |
|      7495 |  252177   821238 |  253531    7100   800923   112.8 | 48.960 % |
|     11342 |  249360   816872 |  278884   10846  1118481   103.1 | 49.428 % |
==============================================================================
restarts              : 11
conflicts             : 15698          (4580 /sec)
decisions             : 59776          (17440 /sec)
propagations          : 28747351       (8387165 /sec)
conflict literals     : 1402168        (40.82 % deleted)
Memory used           : 25.61 MB
CPU time              : 3.42754 s

UNSATISFIABLE
