Reading from standard input... Use '-h' or '--help' for help.
==================================[MINISAT]===================================
| Conflicts |     ORIGINAL     |              LEARNT              | Progress |
|           | Clauses Literals |   Limit Clauses Literals  Lit/Cl |          |
==============================================================================
|         0 |  333783   924108 |  111261       0        0     nan |  0.000 % |
|       100 |  333797   924108 |  122387      86      884    10.3 | 27.728 % |
|       250 |  333812   924108 |  134625     219     5586    25.5 | 27.736 % |
|       477 |  333822   924108 |  148088     433    21616    49.9 | 37.258 % |
|       815 |  294672   870506 |  162897     717    44175    61.6 | 37.283 % |
|      1322 |  294466   870239 |  179186    1193    73271    61.4 | 37.302 % |
|      2083 |  294372   870164 |  197105    1932   161642    83.7 | 37.313 % |
|      3222 |  294329   870071 |  216816    3040   326028   107.2 | 37.387 % |
|      4931 |  293656   869183 |  238497    4722   519733   110.1 | 37.480 % |
|      7495 |  292291   867581 |  262347    7203   732353   101.7 | 37.721 % |
|     11339 |  291392   866600 |  288582   10931  1265623   115.8 | 37.917 % |
|     17105 |  290440   865034 |  317440   16560  2061653   124.5 | 38.068 % |
|     25755 |  288184   862118 |  349184   25021  3084998   123.3 | 38.435 % |
|     38729 |  287860   861476 |  384103   37873  5149379   136.0 | 38.500 % |
|     58193 |  287190   860462 |  422513   57129  8038459   140.7 | 39.109 % |

*** INTERRUPTED ***
restarts              : 15
conflicts             : 81783          (2793 /sec)
decisions             : 331144         (11307 /sec)
propagations          : 178279213      (6087639 /sec)
conflict literals     : 11663825       (46.37 % deleted)
Memory used           : 68.61 MB
CPU time              : 29.2854 s

*** INTERRUPTED ***
