Reading from standard input... Use '-h' or '--help' for help.
==================================[MINISAT]===================================
| Conflicts |     ORIGINAL     |              LEARNT              | Progress |
|           | Clauses Literals |   Limit Clauses Literals  Lit/Cl |          |
==============================================================================
|         0 |  322600   910792 |  107533       0        0     nan |  0.000 % |
|       100 |  322616   910792 |  118286      84     1206    14.4 | 29.756 % |
|       252 |  322617   910792 |  130114     235    10046    42.7 | 29.756 % |
|       477 |  322629   910792 |  143126     448    36199    80.8 | 29.756 % |
|       817 |  259836   831836 |  157439     756    66175    87.5 | 47.510 % |
|      1323 |  259847   831836 |  173182    1250    96129    76.9 | 47.513 % |
|      2083 |  257796   829106 |  190501    1888   158079    83.7 | 48.093 % |
|      3223 |  255728   826529 |  209551    2983   262318    87.9 | 48.404 % |
|      4931 |  252855   822311 |  230506    4650   460348    99.0 | 48.820 % |
|      7494 |  250220   818219 |  253557    7115   662708    93.1 | 49.297 % |
|     11338 |  249470   816959 |  278912   10830   892359    82.4 | 49.418 % |
==============================================================================
restarts              : 11
conflicts             : 14586          (4849 /sec)
decisions             : 56133          (18661 /sec)
propagations          : 27767033       (9231172 /sec)
conflict literals     : 1036093        (39.18 % deleted)
Memory used           : 24.01 MB
CPU time              : 3.00796 s

UNSATISFIABLE
