Reading from standard input... Use '-h' or '--help' for help.
==================================[MINISAT]===================================
| Conflicts |     ORIGINAL     |              LEARNT              | Progress |
|           | Clauses Literals |   Limit Clauses Literals  Lit/Cl |          |
==============================================================================
|         0 |  140684   382156 |   46894       0        0     nan |  0.000 % |
|       102 |  140687   382156 |   51583      99     2207    22.3 | 26.582 % |
|       254 |  140696   382156 |   56741     239     9738    40.7 | 37.933 % |
|       479 |  140707   382156 |   62415     453    20549    45.4 | 37.933 % |
|       816 |  122028   357055 |   68657     736    32600    44.3 | 38.028 % |
|      1322 |  121578   356287 |   75523    1170    56725    48.5 | 38.163 % |
|      2085 |  121583   356287 |   83075    1928   101455    52.6 | 38.163 % |
|      3224 |  121303   355729 |   91383    2292   132686    57.9 | 38.253 % |
|      4932 |  121096   355318 |  100521    3822   257472    67.4 | 38.473 % |
|      7496 |  119595   353449 |  110573    6314   501255    79.4 | 38.991 % |
|     11340 |  118522   351835 |  121630   10039   785918    78.3 | 39.483 % |
|     17108 |  117520   350515 |  133794   15682  1245509    79.4 | 39.818 % |
|     25758 |  117068   349882 |  147173   24179  1927845    79.7 | 40.138 % |
|     38734 |  116685   349201 |  161890   37061  2944583    79.5 | 40.166 % |
==============================================================================
restarts              : 14
conflicts             : 55934          (4795 /sec)
decisions             : 148591         (12738 /sec)
propagations          : 82257015       (7051436 /sec)
conflict literals     : 4125521        (52.53 % deleted)
Memory used           : 26.69 MB
CPU time              : 11.6653 s

UNSATISFIABLE
