Reading from standard input... Use '-h' or '--help' for help.
==================================[MINISAT]===================================
| Conflicts |     ORIGINAL     |              LEARNT              | Progress |
|           | Clauses Literals |   Limit Clauses Literals  Lit/Cl |          |
==============================================================================
|         0 |  322257   910208 |  107419       0        0     nan |  0.000 % |
|       101 |  322268   910208 |  118160      90     1081    12.0 | 29.872 % |
|       252 |  322290   910208 |  129976     219    30920   141.2 | 29.872 % |
|       477 |  322293   910208 |  142974     441    54931   124.6 | 29.872 % |
|       817 |  322298   910208 |  157272     776    84925   109.4 | 29.872 % |
|      1323 |  322261   910202 |  172999    1259   141335   112.3 | 45.789 % |
|      2083 |  264719   836715 |  190299    1984   220078   110.9 | 45.856 % |
|      3222 |  264075   835602 |  209329    2958   281819    95.3 | 46.001 % |
|      4930 |  262079   832664 |  230262    4540   399556    88.0 | 46.229 % |
|      7494 |  260004   829591 |  253288    6739   564587    83.8 | 46.926 % |
|     11339 |  255533   823122 |  278617    9569   801301    83.7 | 47.459 % |
|     17105 |  254358   821538 |  306478   15157  1232384    81.3 | 47.670 % |
|     25758 |  252785   818577 |  337126   21139  1511264    71.5 | 48.010 % |
==============================================================================
restarts              : 13
conflicts             : 25963          (4909 /sec)
decisions             : 102341         (19349 /sec)
propagations          : 49669265       (9390887 /sec)
conflict literals     : 1802666        (44.61 % deleted)
Memory used           : 26.25 MB
CPU time              : 5.28909 s

UNSATISFIABLE
