Reading from standard input... Use '-h' or '--help' for help.
==================================[MINISAT]===================================
| Conflicts |     ORIGINAL     |              LEARNT              | Progress |
|           | Clauses Literals |   Limit Clauses Literals  Lit/Cl |          |
==============================================================================
|         0 |  320974   908212 |  106991       0        0     nan |  0.000 % |
|       100 |  320991   908212 |  117690      83      908    10.9 | 30.086 % |
|       251 |  321007   908212 |  129459     218     9951    45.6 | 30.086 % |
|       476 |  321016   908212 |  142405     432    78815   182.4 | 30.094 % |
|       813 |  320969   908047 |  156645     705   100523   142.6 | 47.767 % |
|      1320 |  320983   908047 |  172310    1193   165183   138.5 | 47.801 % |
|      2079 |  258188   829678 |  189541    1896   227221   119.8 | 47.993 % |
|      3218 |  255620   825763 |  208495    2959   323631   109.4 | 48.601 % |
|      4927 |  251572   819430 |  229344    3708   512209   138.1 | 49.124 % |
|      7490 |  249926   817069 |  252279    6231   888142   142.5 | 49.359 % |
|     11334 |  247697   813571 |  277507    9949  1223050   122.9 | 49.850 % |
==============================================================================
restarts              : 11
conflicts             : 16373          (6094 /sec)
decisions             : 75801          (28214 /sec)
propagations          : 26651777       (9920255 /sec)
conflict literals     : 1564487        (36.23 % deleted)
Memory used           : 26.09 MB
CPU time              : 2.6866 s

UNSATISFIABLE
