Reading from standard input... Use '-h' or '--help' for help.
==================================[MINISAT]===================================
| Conflicts |     ORIGINAL     |              LEARNT              | Progress |
|           | Clauses Literals |   Limit Clauses Literals  Lit/Cl |          |
==============================================================================
|         0 |  318490   905175 |  106163       0        0     nan |  0.000 % |
|       102 |  318511   905175 |  116779      81    16508   203.8 | 30.566 % |
|       253 |  318518   905175 |  128457     224    22871   102.1 | 53.065 % |
|       480 |  318534   905175 |  141302     435    37882    87.1 | 53.065 % |
|       817 |  235134   803975 |  155433     756    54492    72.1 | 53.065 % |
|      1323 |  235062   803966 |  170976    1258    71299    56.7 | 53.066 % |
|      2082 |  235064   803966 |  188074    2015    94459    46.9 | 53.066 % |
|      3221 |  235078   803966 |  206881    3140   132415    42.2 | 53.066 % |
|      4929 |  235095   803966 |  227569    4831   188213    39.0 | 53.066 % |
==============================================================================
restarts              : 9
conflicts             : 6872           (7933 /sec)
decisions             : 20385          (23533 /sec)
propagations          : 10449056       (12062681 /sec)
conflict literals     : 249416         (30.67 % deleted)
Memory used           : 21.70 MB
CPU time              : 0.86623 s

UNSATISFIABLE
