Reading from standard input... Use '-h' or '--help' for help.
==================================[MINISAT]===================================
| Conflicts |     ORIGINAL     |              LEARNT              | Progress |
|           | Clauses Literals |   Limit Clauses Literals  Lit/Cl |          |
==============================================================================
|         0 |  341019   933177 |  113673       0        0     nan |  0.000 % |
|       102 |  341031   933177 |  125040      90     1568    17.4 | 26.428 % |
|       252 |  341035   933177 |  137544     236    29510   125.0 | 26.428 % |
|       477 |  341038   933177 |  151298     458    58098   126.9 | 26.428 % |
|       815 |  341069   933177 |  166428     765    98590   128.9 | 26.428 % |
|      1323 |  302573   878534 |  183071    1239   151597   122.4 | 36.810 % |
|      2082 |  296397   871546 |  201378    1942   212287   109.3 | 36.892 % |
|      3221 |  296366   871471 |  221516    3049   310503   101.8 | 36.902 % |
==============================================================================
restarts              : 8
conflicts             : 4543           (6501 /sec)
decisions             : 38028          (54417 /sec)
propagations          : 9999077        (14308413 /sec)
conflict literals     : 380614         (18.87 % deleted)
Memory used           : 22.20 MB
CPU time              : 0.698825 s

UNSATISFIABLE
