Reading from standard input... Use '-h' or '--help' for help.
==================================[MINISAT]===================================
| Conflicts |     ORIGINAL     |              LEARNT              | Progress |
|           | Clauses Literals |   Limit Clauses Literals  Lit/Cl |          |
==============================================================================
|         0 |  327798   917060 |  109266       0        0     nan |  0.000 % |
|       100 |  327810   917060 |  120192      88      860     9.8 | 28.820 % |
|       252 |  327820   917060 |  132211     230    22290    96.9 | 28.821 % |
|       478 |  327825   917060 |  145433     451    59310   131.5 | 28.820 % |
|       815 |  327840   917060 |  159976     773   176630   228.5 | 28.820 % |
|      1321 |  327823   916961 |  175973    1234   240959   195.3 | 28.826 % |
|      2082 |  277415   850620 |  193571    1977   307312   155.4 | 41.681 % |
|      3221 |  277137   850290 |  212928    3065   420099   137.1 | 41.982 % |
|      4930 |  275579   848082 |  234221    4706   678036   144.1 | 42.372 % |
|      7492 |  273435   845166 |  257643    6991   859185   122.9 | 42.454 % |
|     11337 |  272424   843712 |  283407   10729  1215906   113.3 | 42.659 % |
|     17103 |  271903   842935 |  311748   16363  1753353   107.2 | 42.978 % |
|     25753 |  269044   838705 |  342923   24369  2582023   106.0 | 43.541 % |
|     38729 |  266645   835441 |  377215   36830  3675476    99.8 | 43.695 % |
==============================================================================
restarts              : 14
conflicts             : 50007          (4096 /sec)
decisions             : 200209         (16399 /sec)
propagations          : 92787328       (7600335 /sec)
conflict literals     : 4559235        (45.89 % deleted)
Memory used           : 39.37 MB
CPU time              : 12.2083 s

UNSATISFIABLE
