Reading from standard input... Use '-h' or '--help' for help.
==================================[MINISAT]===================================
| Conflicts |     ORIGINAL     |              LEARNT              | Progress |
|           | Clauses Literals |   Limit Clauses Literals  Lit/Cl |          |
==============================================================================
|         0 |  333815   924822 |  111271       0        0     nan |  0.000 % |
|       100 |  333824   924822 |  122398      91      943    10.4 | 27.746 % |
|       250 |  333830   924822 |  134637     235    18305    77.9 | 27.746 % |
|       475 |  333839   924822 |  148101     451    41361    91.7 | 27.746 % |
|       812 |  290191   865941 |  162911     776   101541   130.9 | 38.610 % |
|      1318 |  290148   865872 |  179203    1260   155076   123.1 | 38.817 % |
|      2078 |  288634   864051 |  197123    1921   288367   150.1 | 38.864 % |
|      3220 |  288473   863807 |  216835    3022   582676   192.8 | 38.908 % |
|      4933 |  288550   863807 |  238519    4656   804451   172.8 | 38.953 % |
|      7496 |  287134   861981 |  262371    7029  1003789   142.8 | 39.240 % |
|     11340 |  284309   858410 |  288608   10732  1348425   125.6 | 39.717 % |
|     17106 |  283348   857191 |  317469   16362  1974971   120.7 | 39.808 % |
|     25756 |  282300   855790 |  349216   24821  3346480   134.8 | 40.029 % |
|     38730 |  281460   854215 |  384137   37431  5049468   134.9 | 40.160 % |
|     58192 |  279260   851044 |  422551   56069  7445932   132.8 | 40.655 % |

*** INTERRUPTED ***
restarts              : 15
conflicts             : 85213          (2904 /sec)
decisions             : 307257         (10470 /sec)
propagations          : 165080937      (5625515 /sec)
conflict literals     : 10497958       (47.94 % deleted)
Memory used           : 64.32 MB
CPU time              : 29.345 s

*** INTERRUPTED ***
