Reading from standard input... Use '-h' or '--help' for help.
==================================[MINISAT]===================================
| Conflicts |     ORIGINAL     |              LEARNT              | Progress |
|           | Clauses Literals |   Limit Clauses Literals  Lit/Cl |          |
==============================================================================
|         0 |  218868   598782 |   72956       0        0     nan |  0.000 % |
|       101 |  218869   598782 |   80251     100     8767    87.7 | 27.528 % |
|       252 |  218878   598782 |   88276     241    23724    98.4 | 37.416 % |
|       479 |  218890   598782 |   97104     453    47333   104.5 | 37.449 % |
|       817 |  192660   563235 |  106814     767    79834   104.1 | 37.526 % |
|      1326 |  192677   563235 |  117496    1258   108456    86.2 | 37.561 % |
|      2085 |  191973   562251 |  129246    1983   173353    87.4 | 37.701 % |
|      3226 |  192005   562251 |  142170    3091   300190    97.1 | 37.722 % |
|      4936 |  191400   561285 |  156387    4614   406503    88.1 | 38.004 % |
|      7500 |  190772   560394 |  172026    6991   681629    97.5 | 38.072 % |
|     11348 |  190036   559491 |  189229   10792  1185358   109.8 | 38.307 % |
|     17114 |  189493   558807 |  208151   16465  1909959   116.0 | 38.437 % |
|     25763 |  188837   558021 |  228967   25008  3448925   137.9 | 38.656 % |
|     38737 |  187075   555414 |  251863   37060  4845761   130.8 | 39.074 % |
==============================================================================
restarts              : 14
conflicts             : 44087          (5724 /sec)
decisions             : 158782         (20615 /sec)
propagations          : 83171315       (10798547 /sec)
conflict literals     : 5350753        (45.50 % deleted)
Memory used           : 36.05 MB
CPU time              : 7.70208 s

UNSATISFIABLE
