Reading from standard input... Use '-h' or '--help' for help.
==================================[MINISAT]===================================
| Conflicts |     ORIGINAL     |              LEARNT              | Progress |
|           | Clauses Literals |   Limit Clauses Literals  Lit/Cl |          |
==============================================================================
|         0 |  320006   905598 |  106668       0        0     nan |  0.000 % |
|       100 |  320021   905598 |  117334      85     1130    13.3 | 30.415 % |
|       250 |  320037   905598 |  129068     218    18503    84.9 | 30.423 % |
|       475 |  320045   905598 |  141975     435    27943    64.2 | 30.423 % |
|       814 |  320049   905598 |  156172     770   106552   138.4 | 30.423 % |
|      1320 |  320019   905466 |  171789    1231   131128   106.5 | 39.876 % |
|      2080 |  320046   905466 |  188968    1963   262192   133.6 | 39.877 % |
|      3219 |  281488   853257 |  207865    3036   343332   113.1 | 39.898 % |
|      4928 |  281376   853077 |  228652    4716   442428    93.8 | 39.922 % |
|      7491 |  281248   852813 |  251517    7234   731655   101.1 | 39.947 % |
|     11341 |  280336   851400 |  276669   11010   958270    87.0 | 40.101 % |
|     17107 |  280052   850848 |  304336   16654  1781884   107.0 | 40.502 % |
|     25758 |  277376   846468 |  334769   19737  2505769   127.0 | 40.670 % |
|     38734 |  276312   844587 |  368246   32187  3810561   118.4 | 41.076 % |
==============================================================================
restarts              : 14
conflicts             : 45453          (4808 /sec)
decisions             : 156965         (16602 /sec)
propagations          : 65631545       (6941976 /sec)
conflict literals     : 4814827        (47.60 % deleted)
Memory used           : 38.45 MB
CPU time              : 9.4543 s

UNSATISFIABLE
