Reading from standard input... Use '-h' or '--help' for help.
==================================[MINISAT]===================================
| Conflicts |     ORIGINAL     |              LEARNT              | Progress |
|           | Clauses Literals |   Limit Clauses Literals  Lit/Cl |          |
==============================================================================
|         0 |  325064   912266 |  108354       0        0     nan |  0.000 % |
|       101 |  325079   912266 |  119189      86     1288    15.0 | 29.434 % |
|       251 |  325092   912266 |  131108     223    14001    62.8 | 29.434 % |
|       476 |  325112   912266 |  144219     428    24924    58.2 | 29.434 % |
|       813 |  325130   912266 |  158641     747    41194    55.1 | 29.434 % |
|      1320 |  325152   912266 |  174505    1232   108329    87.9 | 29.434 % |
|      2079 |  325163   912266 |  191955    1980   183971    92.9 | 29.434 % |
|      3221 |  325170   912266 |  211151    3115   379768   121.9 | 29.434 % |
|      4930 |  289247   862294 |  232266    4791   540745   112.9 | 37.987 % |
|      7492 |  288373   861160 |  255493    7310   997714   136.5 | 38.030 % |
|     11337 |  288122   860749 |  281042   11084  1563712   141.1 | 38.090 % |
|     17106 |  286109   858193 |  309146   16651  2171591   130.4 | 38.672 % |
|     25756 |  283979   854571 |  340061   23522  2961042   125.9 | 38.812 % |
|     38732 |  283323   853494 |  374067   35946  4307259   119.8 | 38.948 % |
==============================================================================
restarts              : 14
conflicts             : 53616          (3478 /sec)
decisions             : 216839         (14067 /sec)
propagations          : 106003664      (6876810 /sec)
conflict literals     : 5795072        (49.73 % deleted)
Memory used           : 44.55 MB
CPU time              : 15.4147 s

UNSATISFIABLE
