Reading from standard input... Use '-h' or '--help' for help.
==================================[MINISAT]===================================
| Conflicts |     ORIGINAL     |              LEARNT              | Progress |
|           | Clauses Literals |   Limit Clauses Literals  Lit/Cl |          |
==============================================================================
|         0 |  320266   905980 |  106755       0        0     nan |  0.000 % |
|       100 |  320281   905980 |  117430      85      892    10.5 | 30.383 % |
|       251 |  320286   905980 |  129173     228    22863   100.3 | 30.389 % |
|       476 |  320298   905980 |  142090     439    40771    92.9 | 30.391 % |
|       813 |  320207   905842 |  156299     724    69022    95.3 | 39.877 % |
|      1319 |  320222   905842 |  171929    1214   109997    90.6 | 39.905 % |
|      2082 |  280941   852254 |  189122    1887   204361   108.3 | 39.982 % |
|      3222 |  279633   850667 |  208035    2930   291366    99.4 | 40.157 % |
|      4930 |  279149   849977 |  228838    4354   403198    92.6 | 40.771 % |
|      7493 |  275398   845249 |  251722    6749   594573    88.1 | 40.839 % |
|     11340 |  275166   844886 |  276894   10494  1043870    99.5 | 40.947 % |
|     17108 |  273075   841568 |  304584   12323  1370508   111.2 | 41.369 % |
|     25759 |  272899   841094 |  335042   20807  2245989   107.9 | 41.414 % |
|     38733 |  272018   839522 |  368547   33423  3333507    99.7 | 42.112 % |
==============================================================================
restarts              : 14
conflicts             : 39074          (6337 /sec)
decisions             : 135613         (21993 /sec)
propagations          : 51395775       (8335044 /sec)
conflict literals     : 3689544        (41.23 % deleted)
Memory used           : 34.47 MB
CPU time              : 6.16623 s

UNSATISFIABLE
