Reading from standard input... Use '-h' or '--help' for help.
==================================[MINISAT]===================================
| Conflicts |     ORIGINAL     |              LEARNT              | Progress |
|           | Clauses Literals |   Limit Clauses Literals  Lit/Cl |          |
==============================================================================
|         0 |  330799   920559 |  110266       0        0     nan |  0.000 % |
|       101 |  330810   920559 |  121292      90     1549    17.2 | 28.238 % |
|       251 |  330824   920559 |  133421     226     7049    31.2 | 28.238 % |
|       476 |  330830   920559 |  146764     445    41038    92.2 | 28.238 % |
|       814 |  287265   861931 |  161440     751    56945    75.8 | 39.211 % |
|      1320 |  287272   861931 |  177584    1247    92703    74.3 | 39.254 % |
|      2080 |  286744   861106 |  195342    1935   165366    85.5 | 39.299 % |
|      3221 |  286582   860904 |  214877    3051   289953    95.0 | 39.362 % |
|      4929 |  285993   860141 |  236364    4704   497579   105.8 | 39.544 % |
|      7493 |  283922   857453 |  260001    6988   701254   100.4 | 40.103 % |
|     11338 |  281018   853879 |  286001   10602  1085953   102.4 | 40.355 % |
|     17105 |  279060   851220 |  314601   16184  1668980   103.1 | 40.688 % |
|     25755 |  276261   847293 |  346061   24413  2667477   109.3 | 41.294 % |
|     38729 |  275767   846576 |  380668   37233  4049430   108.8 | 41.342 % |
|     58190 |  274638   844803 |  418734   56441  6300767   111.6 | 41.527 % |
|     87383 |  274314   844008 |  460608   85347  9291424   108.9 | 41.583 % |
==============================================================================
restarts              : 16
conflicts             : 91297          (3719 /sec)
decisions             : 318640         (12979 /sec)
propagations          : 205261347      (8360719 /sec)
conflict literals     : 9650854        (52.58 % deleted)
Memory used           : 61.54 MB
CPU time              : 24.5507 s

UNSATISFIABLE
