Reading from standard input... Use '-h' or '--help' for help.
==================================[MINISAT]===================================
| Conflicts |     ORIGINAL     |              LEARNT              | Progress |
|           | Clauses Literals |   Limit Clauses Literals  Lit/Cl |          |
==============================================================================
|         0 |  140377   380770 |   46792       0        0     nan |  0.000 % |
|       100 |  140396   380770 |   51471      75      839    11.2 | 33.462 % |
|       251 |  140405   380770 |   56618     214     6594    30.8 | 33.503 % |
|       476 |  127644   361416 |   62280     403    17330    43.0 | 33.516 % |
|       814 |  127655   361416 |   68508     730    23746    32.5 | 33.516 % |
|      1322 |  127666   361416 |   75358    1227    44940    36.6 | 33.516 % |
|      2082 |  127688   361416 |   82894    1965    94274    48.0 | 33.516 % |
|      3221 |  127721   361416 |   91184    3071   166350    54.2 | 33.516 % |
|      4929 |  127619   361194 |  100302    4731   273780    57.9 | 33.563 % |
|      7492 |  127665   361194 |  110333    7248   519539    71.7 | 33.563 % |
|     11337 |  126407   359235 |  121366    8738   691572    79.1 | 34.281 % |
|     17103 |  126073   358656 |  133503   14336  1123321    78.4 | 34.314 % |
==============================================================================
restarts              : 12
conflicts             : 22752          (10456 /sec)
decisions             : 78514          (36082 /sec)
propagations          : 27005387       (12410701 /sec)
conflict literals     : 1626070        (46.89 % deleted)
Memory used           : 16.50 MB
CPU time              : 2.17598 s

UNSATISFIABLE
