Reading from standard input... Use '-h' or '--help' for help.
==================================[MINISAT]===================================
| Conflicts |     ORIGINAL     |              LEARNT              | Progress |
|           | Clauses Literals |   Limit Clauses Literals  Lit/Cl |          |
==============================================================================
|         0 |  213903   593305 |   71301       0        0     nan |  0.000 % |
|       100 |  213909   593305 |   78431      93     3576    38.5 | 28.983 % |
|       254 |  213913   593305 |   86274     243    91852   378.0 | 28.983 % |
|       479 |  213926   593305 |   94901     454    98999   218.1 | 44.196 % |
|       817 |  179453   549742 |  104391     752   115755   153.9 | 44.206 % |
|      1323 |  178340   548137 |  114830    1058   116269   109.9 | 44.554 % |
|      2082 |  178057   547609 |  126314    1654   141886    85.8 | 44.799 % |
|      3222 |  176067   544453 |  138945    2744   271575    99.0 | 45.000 % |
|      4932 |  174015   541586 |  152840    4400   383855    87.2 | 45.615 % |
|      7498 |  172264   539427 |  168124    6789   532585    78.4 | 45.966 % |
|     11345 |  170792   536728 |  184936    8597   651940    75.8 | 46.462 % |
|     17112 |  170624   536416 |  203430   13506   943786    69.9 | 46.509 % |
==============================================================================
restarts              : 12
conflicts             : 23747          (5838 /sec)
decisions             : 87922          (21613 /sec)
propagations          : 37805171       (9293316 /sec)
conflict literals     : 1518632        (38.97 % deleted)
Memory used           : 19.49 MB
CPU time              : 4.068 s

UNSATISFIABLE
