Reading from standard input... Use '-h' or '--help' for help.
==================================[MINISAT]===================================
| Conflicts |     ORIGINAL     |              LEARNT              | Progress |
|           | Clauses Literals |   Limit Clauses Literals  Lit/Cl |          |
==============================================================================
|         0 |  321352   908289 |  107117       0        0     nan |  0.000 % |
|       100 |  321369   908289 |  117828      83     1664    20.0 | 30.002 % |
|       251 |  321378   908289 |  129611     222    19258    86.7 | 45.642 % |
|       476 |  321411   908289 |  142572     404    27297    67.6 | 45.689 % |
|       813 |  264642   836527 |  156829     626    75429   120.5 | 45.734 % |
|      1320 |  263981   835435 |  172512    1074   109252   101.7 | 45.841 % |
|      2080 |  263696   835111 |  189764    1803   190907   105.9 | 45.888 % |
|      3219 |  263050   834211 |  208740    2869   279065    97.3 | 46.005 % |
|      4927 |  263071   834211 |  229614    4555   461116   101.2 | 46.036 % |
|      7490 |  258238   826906 |  252576    6951   615102    88.5 | 46.801 % |
|     11334 |  257221   825409 |  277833   10639  1004696    94.4 | 46.965 % |
|     17104 |  254746   821599 |  305617   16254  1488881    91.6 | 47.389 % |
|     25754 |  254039   820267 |  336179   24777  2076306    83.8 | 47.513 % |
==============================================================================
restarts              : 13
conflicts             : 27183          (5659 /sec)
decisions             : 96600          (20109 /sec)
propagations          : 46870112       (9756903 /sec)
conflict literals     : 2186215        (44.73 % deleted)
Memory used           : 29.11 MB
CPU time              : 4.80379 s

UNSATISFIABLE
