Reading from standard input... Use '-h' or '--help' for help.
==================================[MINISAT]===================================
| Conflicts |     ORIGINAL     |              LEARNT              | Progress |
|           | Clauses Literals |   Limit Clauses Literals  Lit/Cl |          |
==============================================================================
|         0 |  325790   913685 |  108596       0        0     nan |  0.000 % |
|       102 |  325806   913685 |  119455      86      880    10.2 | 29.196 % |
|       252 |  325816   913685 |  131401     226    17173    76.0 | 29.196 % |
|       478 |  325825   913685 |  144541     442    22996    52.0 | 29.196 % |
|       815 |  325830   913685 |  158995     771    70012    90.8 | 29.196 % |
|      1323 |  281003   853287 |  174894    1193   110157    92.3 | 40.464 % |
|      2084 |  279973   852092 |  192384    1895   177806    93.8 | 40.625 % |
|      3223 |  279935   851984 |  211622    3002   348163   116.0 | 40.693 % |
|      4932 |  279327   851147 |  232785    4623   459779    99.5 | 40.800 % |
|      7496 |  277693   848837 |  256063    7021   834690   118.9 | 41.079 % |
|     11342 |  276922   847979 |  281670   10693  1496159   139.9 | 41.172 % |
|     17108 |  272552   840943 |  309837   15804  2141358   135.5 | 42.161 % |
|     25758 |  268476   834862 |  340820   20485  2781943   135.8 | 42.995 % |
|     38735 |  266776   831961 |  374902   32928  3918067   119.0 | 43.244 % |
==============================================================================
restarts              : 14
conflicts             : 40646          (4883 /sec)
decisions             : 180843         (21725 /sec)
propagations          : 59362906       (7131473 /sec)
conflict literals     : 4413054        (43.53 % deleted)
Memory used           : 37.11 MB
CPU time              : 8.32407 s

UNSATISFIABLE
