Reading from standard input... Use '-h' or '--help' for help.
==================================[MINISAT]===================================
| Conflicts |     ORIGINAL     |              LEARNT              | Progress |
|           | Clauses Literals |   Limit Clauses Literals  Lit/Cl |          |
==============================================================================
|         0 |  225451   606661 |   75150       0        0     nan |  0.000 % |
|       100 |  225455   606661 |   82665      96     2785    29.0 | 25.771 % |
|       250 |  225457   606661 |   90931     244    14515    59.5 | 25.771 % |
|       476 |  225479   606661 |  100024     447    33446    74.8 | 31.579 % |
|       814 |  208217   581379 |  110027     767    59049    77.0 | 31.593 % |
|      1320 |  208240   581379 |  121029    1250    90669    72.5 | 31.593 % |
|      2080 |  208221   581277 |  133132    1975   194592    98.5 | 31.626 % |
|      3219 |  207563   580194 |  146446    3060   295351    96.5 | 31.769 % |
|      4927 |  207332   579822 |  161090    4722   545327   115.5 | 31.902 % |
|      7492 |  206962   579339 |  177199    7246   859645   118.6 | 31.937 % |
|     11336 |  204696   576699 |  194919   10983  1129309   102.8 | 32.622 % |
|     17103 |  200484   571243 |  214411   14680  1469142   100.1 | 36.128 % |
|     25756 |  192335   560660 |  235852   19712  2162929   109.7 | 36.129 % |
|     38731 |  191353   558644 |  259438   27705  2897044   104.6 | 36.470 % |
==============================================================================
restarts              : 14
conflicts             : 47629          (6180 /sec)
decisions             : 169751         (22027 /sec)
propagations          : 61703420       (8006829 /sec)
conflict literals     : 4611460        (41.96 % deleted)
Memory used           : 30.34 MB
CPU time              : 7.70635 s

UNSATISFIABLE
