Reading from standard input... Use '-h' or '--help' for help.
==================================[MINISAT]===================================
| Conflicts |     ORIGINAL     |              LEARNT              | Progress |
|           | Clauses Literals |   Limit Clauses Literals  Lit/Cl |          |
==============================================================================
|         0 |  322791   909215 |  107597       0        0     nan |  0.000 % |
|       100 |  322807   909215 |  118356      84      947    11.3 | 29.845 % |
|       250 |  322811   909215 |  130192     230     4039    17.6 | 29.845 % |
|       477 |  322846   909215 |  143211     412    33856    82.2 | 29.889 % |
|       815 |  322608   908651 |  157532     712    62070    87.2 | 39.322 % |
|      1321 |  322619   908651 |  173286    1200   157513   131.3 | 39.377 % |
|      2080 |  283857   856263 |  190614    1914   223753   116.9 | 39.377 % |
|      3219 |  283863   856263 |  209676    3047   546527   179.4 | 39.377 % |
|      4929 |  283822   856176 |  230643    4733   632620   133.7 | 39.395 % |
|      7492 |  283256   855438 |  253708    7262   750228   103.3 | 39.467 % |
|     11336 |  283178   855230 |  279078   11046  1154944   104.6 | 39.502 % |
|     17105 |  283035   854882 |  306986   16723  2020070   120.8 | 39.609 % |
|     25754 |  279976   849986 |  337685   22768  2727933   119.8 | 40.058 % |
|     38728 |  279649   849233 |  371454   35501  4305468   121.3 | 40.134 % |
==============================================================================
restarts              : 14
conflicts             : 53776          (4677 /sec)
decisions             : 187387         (16297 /sec)
propagations          : 91853922       (7988371 /sec)
conflict literals     : 5844856        (47.80 % deleted)
Memory used           : 44.26 MB
CPU time              : 11.4985 s

UNSATISFIABLE
