Reading from standard input... Use '-h' or '--help' for help.
==================================[MINISAT]===================================
| Conflicts |     ORIGINAL     |              LEARNT              | Progress |
|           | Clauses Literals |   Limit Clauses Literals  Lit/Cl |          |
==============================================================================
|         0 |  214078   593526 |   71359       0        0     nan |  0.000 % |
|       100 |  214081   593526 |   78494      97     4727    48.7 | 28.888 % |
|       250 |  214085   593526 |   86344     243    39045   160.7 | 28.888 % |
|       475 |  178503   548506 |   94978     454    54459   120.0 | 44.372 % |
|       812 |  178519   548506 |  104476     773    84954   109.9 | 44.415 % |
|      1319 |  178112   547846 |  114924    1255   153414   122.2 | 44.431 % |
|      2080 |  177798   547477 |  126416    1988   218996   110.2 | 44.488 % |
|      3222 |  177821   547477 |  139058    3107   348840   112.3 | 44.488 % |
|      4930 |  176411   545695 |  152964    4264   427539   100.3 | 44.887 % |
|      7492 |  173601   541626 |  168260    6676   594497    89.0 | 45.579 % |
|     11337 |  173226   540876 |  185086    9470   901942    95.2 | 45.944 % |
|     17103 |  171329   538059 |  203595   15043  1282532    85.3 | 46.259 % |
==============================================================================
restarts              : 12
conflicts             : 22133          (6658 /sec)
decisions             : 76546          (23025 /sec)
propagations          : 32500606       (9776091 /sec)
conflict literals     : 1657291        (38.35 % deleted)
Memory used           : 20.43 MB
CPU time              : 3.3245 s

UNSATISFIABLE
