Reading from standard input... Use '-h' or '--help' for help.
==================================[MINISAT]===================================
| Conflicts |     ORIGINAL     |              LEARNT              | Progress |
|           | Clauses Literals |   Limit Clauses Literals  Lit/Cl |          |
==============================================================================
|         0 |  320894   907940 |  106964       0        0     nan |  0.000 % |
|       100 |  320908   907940 |  117660      86     4388    51.0 | 30.128 % |
|       251 |  320912   907940 |  129426     233    17781    76.3 | 30.129 % |
|       476 |  320930   907940 |  142369     440    51417   116.9 | 30.128 % |
|       815 |  320949   907940 |  156605     760    88642   116.6 | 30.128 % |
|      1321 |  263890   835830 |  172266    1229   126083   102.6 | 45.928 % |
|      2081 |  263562   835638 |  189493    1936   195772   101.1 | 45.936 % |
|      3221 |  262361   833655 |  208442    2987   355822   119.1 | 46.211 % |
|      4930 |  261067   831732 |  229286    4657   467722   100.4 | 46.382 % |
|      7494 |  260730   831144 |  252215    7118   684238    96.1 | 46.479 % |
|     11338 |  258299   827465 |  277437   10845   957365    88.3 | 46.836 % |
|     17104 |  256468   824543 |  305180   16465  1483719    90.1 | 47.104 % |
|     25754 |  254962   821744 |  335698   24390  2080661    85.3 | 47.423 % |
==============================================================================
restarts              : 13
conflicts             : 26294          (4826 /sec)
decisions             : 95205          (17475 /sec)
propagations          : 50842206       (9331890 /sec)
conflict literals     : 2140591        (42.65 % deleted)
Memory used           : 28.55 MB
CPU time              : 5.44822 s

UNSATISFIABLE
