Reading from standard input... Use '-h' or '--help' for help.
==================================[MINISAT]===================================
| Conflicts |     ORIGINAL     |              LEARNT              | Progress |
|           | Clauses Literals |   Limit Clauses Literals  Lit/Cl |          |
==============================================================================
|         0 |  323040   910798 |  107680       0        0     nan |  0.000 % |
|       102 |  323053   910798 |  118448      89     1030    11.6 | 29.683 % |
|       256 |  323055   910798 |  130292     241    10249    42.5 | 29.683 % |
|       481 |  323070   910798 |  143322     450    47732   106.1 | 29.694 % |
|       820 |  323013   910714 |  157654     768    80090   104.3 | 29.694 % |
|      1327 |  323027   910714 |  173419    1260   159750   126.8 | 45.257 % |
|      2086 |  266856   840073 |  190761    1998   202486   101.3 | 45.284 % |
|      3226 |  266589   839710 |  209837    3014   307503   102.0 | 45.376 % |
|      4934 |  263604   835501 |  230821    4604   511179   111.0 | 45.850 % |
|      7497 |  262494   833962 |  253903    7088   672324    94.9 | 46.016 % |
|     11342 |  260799   831616 |  279294   10800   986415    91.3 | 46.486 % |
|     17109 |  258279   827755 |  307223   16405  1482411    90.4 | 46.746 % |
|     25759 |  256701   825385 |  337945   24846  2207866    88.9 | 47.249 % |
==============================================================================
restarts              : 13
conflicts             : 28851          (4625 /sec)
decisions             : 97810          (15681 /sec)
propagations          : 52750305       (8457012 /sec)
conflict literals     : 2451785        (46.05 % deleted)
Memory used           : 30.27 MB
CPU time              : 6.23746 s

UNSATISFIABLE
