Reading from standard input... Use '-h' or '--help' for help.
==================================[MINISAT]===================================
| Conflicts |     ORIGINAL     |              LEARNT              | Progress |
|           | Clauses Literals |   Limit Clauses Literals  Lit/Cl |          |
==============================================================================
|         0 |  325011   913046 |  108337       0        0     nan |  0.000 % |
|       100 |  325025   913046 |  119170      86      821     9.5 | 29.359 % |
|       250 |  325031   913046 |  131087     230    14704    63.9 | 29.359 % |
|       475 |  325034   913046 |  144196     452    45479   100.6 | 29.359 % |
|       812 |  325047   913046 |  158616     776    86648   111.7 | 29.359 % |
|      1318 |  325042   912980 |  174477    1226   198582   162.0 | 29.363 % |
|      2078 |  325046   912974 |  191925    1920   268961   140.1 | 41.649 % |
|      3218 |  275926   849035 |  211118    2978   401290   134.8 | 41.908 % |
|      4926 |  275383   848180 |  232229    4608   570474   123.8 | 41.993 % |
|      7489 |  274416   846926 |  255452    7091   974693   137.5 | 42.172 % |
|     11333 |  273133   844950 |  280998   10835  1434774   132.4 | 42.393 % |
|     17100 |  272999   844722 |  309098   16491  2230560   135.3 | 42.428 % |
|     25749 |  272581   844002 |  340007   24984  3364058   134.6 | 42.508 % |
|     38726 |  272175   843372 |  374008   37875  4892418   129.2 | 42.587 % |
|     58187 |  271481   842175 |  411409   57078  7345412   128.7 | 42.673 % |
|     87379 |  270550   840603 |  452550   85785 10415018   121.4 | 42.971 % |

*** INTERRUPTED ***
restarts              : 16
conflicts             : 91541          (3111 /sec)
decisions             : 270336         (9187 /sec)
propagations          : 182544886      (6203807 /sec)
conflict literals     : 10848509       (51.09 % deleted)
Memory used           : 65.30 MB
CPU time              : 29.4247 s

*** INTERRUPTED ***
