Reading from standard input... Use '-h' or '--help' for help.
==================================[MINISAT]===================================
| Conflicts |     ORIGINAL     |              LEARNT              | Progress |
|           | Clauses Literals |   Limit Clauses Literals  Lit/Cl |          |
==============================================================================
|         0 |  133976   372970 |   44658       0        0     nan |  0.000 % |
|       100 |  133991   372970 |   49123      85     1041    12.2 | 29.644 % |
|       255 |  133996   372970 |   54036     234    13235    56.6 | 43.044 % |
|       481 |  134010   372970 |   59439     446    22625    50.7 | 43.044 % |
|       819 |  113551   346312 |   65383     771    39097    50.7 | 43.045 % |
|      1327 |  113578   346312 |   71922    1252    65779    52.5 | 43.045 % |
|      2086 |  113214   345787 |   79114    1979   104008    52.6 | 43.162 % |
|      3225 |  113142   345646 |   87025    3081   181174    58.8 | 43.205 % |
|      4933 |  112107   344113 |   95728    4735   266410    56.3 | 43.602 % |
|      7495 |  111930   343747 |  105301    7201   420679    58.4 | 43.859 % |
|     11339 |  110322   341251 |  115831   10888   614368    56.4 | 44.265 % |
==============================================================================
restarts              : 11
conflicts             : 13152          (2194 /sec)
decisions             : 44778          (7468 /sec)
propagations          : 16548286       (2759987 /sec)
conflict literals     : 703652         (42.06 % deleted)
Memory used           : 12.72 MB
CPU time              : 5.99578 s

UNSATISFIABLE
