Reading from standard input... Use '-h' or '--help' for help.
==================================[MINISAT]===================================
| Conflicts |     ORIGINAL     |              LEARNT              | Progress |
|           | Clauses Literals |   Limit Clauses Literals  Lit/Cl |          |
==============================================================================
|         0 |  327723   917363 |  109241       0        0     nan |  0.000 % |
|       101 |  327739   917363 |  120165      85     1294    15.2 | 28.811 % |
|       252 |  327750   917363 |  132181     222     4307    19.4 | 43.039 % |
|       480 |  274186   847723 |  145399     402    23461    58.4 | 43.086 % |
|       817 |  274212   847723 |  159939     706    44198    62.6 | 43.258 % |
|      1323 |  272677   845473 |  175933    1142    80569    70.6 | 43.336 % |
|      2082 |  272450   845110 |  193527    1859   130954    70.4 | 43.666 % |
|      3221 |  269278   841129 |  212879    2901   209571    72.2 | 43.978 % |
|      4934 |  269335   841129 |  234167    4549   326255    71.7 | 44.545 % |
|      7496 |  265174   835372 |  257584    6944   489013    70.4 | 44.798 % |
|     11342 |  262839   831882 |  283343   10636   781238    73.5 | 45.212 % |
|     17108 |  261903   830376 |  311677   16275  1255767    77.2 | 45.361 % |
|     25757 |  261217   829170 |  342845   24759  2008648    81.1 | 45.518 % |
==============================================================================
restarts              : 13
conflicts             : 36155          (4895 /sec)
decisions             : 129130         (17484 /sec)
propagations          : 61131985       (8277074 /sec)
conflict literals     : 2678488        (48.12 % deleted)
Memory used           : 31.32 MB
CPU time              : 7.3857 s

UNSATISFIABLE
