Reading from standard input... Use '-h' or '--help' for help.
==================================[MINISAT]===================================
| Conflicts |     ORIGINAL     |              LEARNT              | Progress |
|           | Clauses Literals |   Limit Clauses Literals  Lit/Cl |          |
==============================================================================
|         0 |  320120   906549 |  106706       0        0     nan |  0.000 % |
|       101 |  320133   906549 |  117376      88    12732   144.7 | 30.267 % |
|       253 |  320139   906549 |  129114     233    22379    96.0 | 30.278 % |
|       479 |  320142   906549 |  142025     456    27307    59.9 | 30.278 % |
|       816 |  320114   906468 |  156228     747    66013    88.4 | 30.301 % |
|      1322 |  261548   832704 |  171851    1113   129153   116.0 | 46.418 % |
|      2083 |  261512   832569 |  189036    1830   216743   118.4 | 46.830 % |
|      3222 |  259200   829141 |  207939    2838   374131   131.8 | 47.065 % |
|      4930 |  257687   826915 |  228733    4507   577218   128.1 | 47.140 % |
|      7493 |  257209   826249 |  251607    6988   756852   108.3 | 47.226 % |
|     11337 |  256444   825340 |  276767   10724  1218192   113.6 | 47.334 % |
|     17106 |  254114   821623 |  304444   16291  1754940   107.7 | 47.731 % |
==============================================================================
restarts              : 12
conflicts             : 22483          (5815 /sec)
decisions             : 82232          (21267 /sec)
propagations          : 35922082       (9290335 /sec)
conflict literals     : 2073129        (40.31 % deleted)
Memory used           : 27.69 MB
CPU time              : 3.86661 s

UNSATISFIABLE
