Reading from standard input... Use '-h' or '--help' for help.
==================================[MINISAT]===================================
| Conflicts |     ORIGINAL     |              LEARNT              | Progress |
|           | Clauses Literals |   Limit Clauses Literals  Lit/Cl |          |
==============================================================================
|         0 |  326988   916083 |  108996       0        0     nan |  0.000 % |
|       100 |  327001   916083 |  119895      87     1291    14.8 | 28.963 % |
|       250 |  327009   916083 |  131885     229     7796    34.0 | 28.963 % |
|       482 |  327028   916083 |  145073     442    31182    70.5 | 28.963 % |
|       819 |  327041   916083 |  159581     766    69175    90.3 | 28.963 % |
|      1326 |  327052   916083 |  175539    1262   118607    94.0 | 28.963 % |
|      2085 |  279497   853874 |  193093    1987   273899   137.8 | 41.471 % |
|      3224 |  279406   853727 |  212402    3089   416066   134.7 | 41.491 % |
|      4932 |  279125   853343 |  233642    4760   603498   126.8 | 41.537 % |
|      7496 |  278602   852503 |  257006    7261   852780   117.4 | 41.627 % |
|     11340 |  278344   852094 |  282707   11022  1492728   135.4 | 41.758 % |
|     17106 |  276511   849891 |  310978   16675  2406695   144.3 | 42.009 % |
|     25757 |  275933   848952 |  342076   25210  3663689   145.3 | 42.107 % |
|     38732 |  275955   848907 |  376283   38130  5563855   145.9 | 42.107 % |
|     58193 |  275698   848439 |  413912   57524  8503032   147.8 | 42.183 % |

*** INTERRUPTED ***
restarts              : 15
conflicts             : 78555          (2663 /sec)
decisions             : 259386         (8794 /sec)
propagations          : 169189797      (5736024 /sec)
conflict literals     : 11277434       (53.03 % deleted)
Memory used           : 67.75 MB
CPU time              : 29.496 s

*** INTERRUPTED ***
