Reading from standard input... Use '-h' or '--help' for help.
==================================[MINISAT]===================================
| Conflicts |     ORIGINAL     |              LEARNT              | Progress |
|           | Clauses Literals |   Limit Clauses Literals  Lit/Cl |          |
==============================================================================
|         0 |  325014   913352 |  108338       0        0     nan |  0.000 % |
|       100 |  325031   913352 |  119171      83      739     8.9 | 29.317 % |
|       250 |  325048   913352 |  131088     211     6802    32.2 | 43.179 % |
|       477 |  325064   913352 |  144197     420    16391    39.0 | 43.189 % |
|       815 |  273262   846703 |  158617     683    38114    55.8 | 43.199 % |
|      1322 |  273278   846703 |  174479    1173    78441    66.9 | 43.238 % |
|      2081 |  272922   846202 |  191927    1880   354973   188.8 | 43.245 % |
|      3220 |  271777   844753 |  211120    2954   466866   158.0 | 43.437 % |
|      4928 |  271775   844753 |  232232    4633   635304   137.1 | 43.464 % |
|      7490 |  270194   842788 |  255455    6996  1025893   146.6 | 43.738 % |
|     11334 |  267943   839707 |  281000   10714  1343459   125.4 | 44.123 % |
|     17100 |  263845   833300 |  309100   16184  1899811   117.4 | 44.872 % |
|     25751 |  263790   832958 |  340011   24675  2646320   107.2 | 44.912 % |
|     38725 |  262393   830813 |  374012   37385  3684660    98.6 | 45.102 % |
==============================================================================
restarts              : 14
conflicts             : 50702          (4636 /sec)
decisions             : 161869         (14802 /sec)
propagations          : 99841896       (9129793 /sec)
conflict literals     : 4555173        (49.03 % deleted)
Memory used           : 39.51 MB
CPU time              : 10.9358 s

UNSATISFIABLE
