Reading from standard input... Use '-h' or '--help' for help.
==================================[MINISAT]===================================
| Conflicts |     ORIGINAL     |              LEARNT              | Progress |
|           | Clauses Literals |   Limit Clauses Literals  Lit/Cl |          |
==============================================================================
|         0 |  340686   932035 |  113562       0        0     nan |  0.000 % |
|       101 |  340695   932035 |  124918      92     1331    14.5 | 26.506 % |
|       252 |  340711   932035 |  137410     226    11557    51.1 | 26.508 % |
|       478 |  340720   932035 |  151151     442    55543   125.7 | 26.510 % |
|       815 |  340705   931969 |  166266     728    72227    99.2 | 33.009 % |
|      1321 |  309632   886589 |  182892    1214    99430    81.9 | 33.586 % |
==============================================================================
restarts              : 6
conflicts             : 1472           (4709 /sec)
decisions             : 21969          (70277 /sec)
propagations          : 4352905        (13924573 /sec)
conflict literals     : 105200         (24.48 % deleted)
Memory used           : 21.56 MB
CPU time              : 0.312606 s

UNSATISFIABLE
