Reading from standard input... Use '-h' or '--help' for help.
==================================[MINISAT]===================================
| Conflicts |     ORIGINAL     |              LEARNT              | Progress |
|           | Clauses Literals |   Limit Clauses Literals  Lit/Cl |          |
==============================================================================
|         0 |  321679   907799 |  107226       0        0     nan |  0.000 % |
|       100 |  321689   907799 |  117948      90     1434    15.9 | 30.132 % |
|       250 |  321693   907799 |  129743     236     3566    15.1 | 30.132 % |
|       477 |  321700   907799 |  142717     456    16936    37.1 | 30.132 % |
|       814 |  321715   907799 |  156989     778    43041    55.3 | 30.132 % |
|      1322 |  321740   907799 |  172688    1261   127443   101.1 | 30.132 % |
|      2084 |  321749   907799 |  189957    2010   232599   115.7 | 30.132 % |
|      3223 |  286470   858820 |  208953    3094   400062   129.3 | 38.458 % |
|      4932 |  286497   858820 |  229848    4770   529402   111.0 | 38.459 % |
|      7494 |  286280   858451 |  252833    7286   893427   122.6 | 38.495 % |
|     11338 |  284721   856603 |  278116   11010  1442475   131.0 | 38.745 % |
|     17106 |  283944   855424 |  305928   16521  2058803   124.6 | 38.887 % |
|     25755 |  282021   852295 |  336521   21200  2700177   127.4 | 39.444 % |
|     38731 |  280195   849706 |  370173   33901  3928288   115.9 | 39.575 % |
==============================================================================
restarts              : 14
conflicts             : 42819          (5721 /sec)
decisions             : 146741         (19605 /sec)
propagations          : 62512718       (8351907 /sec)
conflict literals     : 4582072        (45.58 % deleted)
Memory used           : 37.71 MB
CPU time              : 7.48484 s

UNSATISFIABLE
