Reading from standard input... Use '-h' or '--help' for help.
==================================[MINISAT]===================================
| Conflicts |     ORIGINAL     |              LEARNT              | Progress |
|           | Clauses Literals |   Limit Clauses Literals  Lit/Cl |          |
==============================================================================
|         0 |  321869   910020 |  107289       0        0     nan |  0.000 % |
|       100 |  321881   910020 |  118017      86    18568   215.9 | 29.894 % |
|       255 |  321899   910020 |  129819     221    21027    95.1 | 52.960 % |
|       480 |  321906   910020 |  142801     439    33613    76.6 | 52.960 % |
|       823 |  235499   805938 |  157081     755    43769    58.0 | 52.971 % |
|      1329 |  235508   805938 |  172790    1252    57856    46.2 | 52.971 % |
|      2088 |  235441   805740 |  190069    1944   101103    52.0 | 52.971 % |
|      3227 |  235460   805740 |  209075    3064   145543    47.5 | 52.971 % |
|      4936 |  235470   805740 |  229983    4763   218640    45.9 | 52.971 % |
==============================================================================
restarts              : 9
conflicts             : 5865           (8245 /sec)
decisions             : 19311          (27146 /sec)
propagations          : 8899977        (12511073 /sec)
conflict literals     : 258863         (32.37 % deleted)
Memory used           : 21.72 MB
CPU time              : 0.711368 s

UNSATISFIABLE
