Reading from standard input... Use '-h' or '--help' for help.
==================================[MINISAT]===================================
| Conflicts |     ORIGINAL     |              LEARNT              | Progress |
|           | Clauses Literals |   Limit Clauses Literals  Lit/Cl |          |
==============================================================================
|         0 |  216294   595902 |   72098       0        0     nan |  0.000 % |
|       101 |  216301   595902 |   79307      94     4152    44.2 | 28.262 % |
|       251 |  216318   595902 |   87238     224    14581    65.1 | 28.276 % |
|       476 |  216332   595902 |   95962     434    26993    62.2 | 40.018 % |
|       815 |  187469   557661 |  105558     762    49538    65.0 | 40.018 % |
|      1321 |  187470   557661 |  116114    1267   114980    90.7 | 40.018 % |
|      2081 |  187485   557661 |  127726    2012   195069    97.0 | 40.018 % |
|      3223 |  187387   557469 |  140498    3108   319909   102.9 | 40.331 % |
|      4937 |  186813   556289 |  154548    4742   446290    94.1 | 40.856 % |
|      7499 |  184638   553275 |  170003    6966   572095    82.1 | 42.067 % |
|     11345 |  179586   545630 |  187003   10068   785035    78.0 | 42.441 % |
|     17111 |  178495   544029 |  205704   15638  1212059    77.5 | 42.912 % |
|     25761 |  176527   541053 |  226274   21770  1594867    73.3 | 43.521 % |
==============================================================================
restarts              : 13
conflicts             : 28560          (9386 /sec)
decisions             : 101508         (33359 /sec)
propagations          : 37377014       (12283446 /sec)
conflict literals     : 1945200        (40.28 % deleted)
Memory used           : 21.23 MB
CPU time              : 3.04288 s

UNSATISFIABLE
