Reading from standard input... Use '-h' or '--help' for help.
==================================[MINISAT]===================================
| Conflicts |     ORIGINAL     |              LEARNT              | Progress |
|           | Clauses Literals |   Limit Clauses Literals  Lit/Cl |          |
==============================================================================
|         0 |  321523   908172 |  107174       0        0     nan |  0.000 % |
|       100 |  321540   908172 |  117891      83     1095    13.2 | 29.981 % |
|       251 |  321559   908172 |  129680     208     9313    44.8 | 30.011 % |
|       476 |  321577   908172 |  142648     415    29887    72.0 | 30.011 % |
|       814 |  270065   842231 |  156913     732    53573    73.2 | 44.022 % |
|      1320 |  269393   841409 |  172604    1180    83532    70.8 | 44.118 % |
|      2080 |  268848   840677 |  189865    1905   141993    74.5 | 44.201 % |
|      3220 |  268430   840077 |  208851    2994   248622    83.0 | 44.287 % |
|      4929 |  266031   836957 |  229736    4525   457092   101.0 | 44.694 % |
|      7491 |  263333   832984 |  252710    6720   670779    99.8 | 45.129 % |
|     11335 |  262794   832021 |  277981   10442  1032729    98.9 | 45.223 % |
|     17101 |  261197   829426 |  305779   16033  1493948    93.2 | 45.483 % |
|     25751 |  260903   828790 |  336357   24488  2243830    91.6 | 45.591 % |
==============================================================================
restarts              : 13
conflicts             : 33048          (5771 /sec)
decisions             : 137606         (24030 /sec)
propagations          : 55334558       (9663038 /sec)
conflict literals     : 2808186        (47.28 % deleted)
Memory used           : 31.70 MB
CPU time              : 5.72641 s

UNSATISFIABLE
