Reading from standard input... Use '-h' or '--help' for help.
==================================[MINISAT]===================================
| Conflicts |     ORIGINAL     |              LEARNT              | Progress |
|           | Clauses Literals |   Limit Clauses Literals  Lit/Cl |          |
==============================================================================
|         0 |  327800   916981 |  109266       0        0     nan |  0.000 % |
|       101 |  327812   916981 |  120192      89      821     9.2 | 28.814 % |
|       251 |  327818   916981 |  132211     233     9942    42.7 | 28.814 % |
|       476 |  327826   916981 |  145433     450    22146    49.2 | 28.814 % |
|       813 |  280130   853970 |  159976     773    60863    78.7 | 41.256 % |
|      1320 |  280145   853970 |  175973    1265   106272    84.0 | 41.256 % |
|      2080 |  280155   853970 |  193571    2015   162533    80.7 | 41.256 % |
|      3220 |  280135   853868 |  212928    3102   251920    81.2 | 41.286 % |
|      4931 |  279799   853247 |  234221    4731   364319    77.0 | 41.314 % |
|      7495 |  278503   851226 |  257643    6065   517841    85.4 | 41.529 % |
|     11339 |  274813   845866 |  283407    9330   848879    91.0 | 42.283 % |
|     17108 |  271124   841019 |  311748   14807  1406899    95.0 | 42.983 % |
|     25757 |  270148   839552 |  342923   23270  2400790   103.2 | 43.145 % |
|     38732 |  270029   839210 |  377215   36116  3937783   109.0 | 43.317 % |
|     58193 |  268862   837644 |  414937   55381  6045367   109.2 | 43.367 % |
==============================================================================
restarts              : 15
conflicts             : 67809          (3772 /sec)
decisions             : 222179         (12360 /sec)
propagations          : 131067433      (7291568 /sec)
conflict literals     : 6965247        (51.25 % deleted)
Memory used           : 49.72 MB
CPU time              : 17.9752 s

UNSATISFIABLE
