Reading from standard input... Use '-h' or '--help' for help.
==================================[MINISAT]===================================
| Conflicts |     ORIGINAL     |              LEARNT              | Progress |
|           | Clauses Literals |   Limit Clauses Literals  Lit/Cl |          |
==============================================================================
|         0 |  327958   916145 |  109319       0        0     nan |  0.000 % |
|       100 |  327969   916145 |  120250      89     1043    11.7 | 28.880 % |
|       251 |  327990   916145 |  132275     219    12683    57.9 | 28.880 % |
|       477 |  328020   916145 |  145503     413    27736    67.2 | 37.214 % |
|       814 |  292241   866073 |  160053     705    49346    70.0 | 37.264 % |
|      1320 |  291667   865212 |  176059    1192    88392    74.2 | 37.350 % |
|      2079 |  291682   865212 |  193665    1935   154424    79.8 | 37.466 % |
|      3218 |  290710   864048 |  213031    3041   326384   107.3 | 37.538 % |
|      4926 |  289968   862924 |  234334    4693   479931   102.3 | 37.637 % |
|      7488 |  288919   861547 |  257768    7140   709264    99.3 | 37.812 % |
|     11335 |  280576   850273 |  283545    8764   915596   104.5 | 39.392 % |
|     17102 |  279311   848503 |  311899   14306  1545252   108.0 | 39.617 % |
|     25752 |  278564   847318 |  343089   22722  2604855   114.6 | 39.730 % |
|     38726 |  277960   846205 |  377398   35444  4008731   113.1 | 39.824 % |
==============================================================================
restarts              : 14
conflicts             : 52807          (5441 /sec)
decisions             : 219623         (22629 /sec)
propagations          : 74205069       (7645632 /sec)
conflict literals     : 5668528        (43.91 % deleted)
Memory used           : 42.60 MB
CPU time              : 9.70555 s

UNSATISFIABLE
