Reading from standard input... Use '-h' or '--help' for help.
==================================[MINISAT]===================================
| Conflicts |     ORIGINAL     |              LEARNT              | Progress |
|           | Clauses Literals |   Limit Clauses Literals  Lit/Cl |          |
==============================================================================
|         0 |  216253   595726 |   72084       0        0     nan |  0.000 % |
|       100 |  216258   595726 |   79292      95     3819    40.2 | 28.293 % |
|       250 |  216264   595726 |   87221     239     7226    30.2 | 28.293 % |
|       475 |  216284   595726 |   95943     444    20658    46.5 | 28.293 % |
|       815 |  216303   595726 |  105538     765    62844    82.1 | 28.293 % |
|      1321 |  216321   595726 |  116092    1253   110724    88.4 | 28.293 % |
|      2080 |  187594   557649 |  127701    1970   163817    83.2 | 39.898 % |
|      3219 |  187608   557583 |  140471    3047   242260    79.5 | 39.965 % |
|      4927 |  187396   557076 |  154518    4669   412128    88.3 | 39.965 % |
|      7490 |  187450   557061 |  169970    7168   582593    81.3 | 39.971 % |
|     11336 |  187096   556587 |  186967   10956   795751    72.6 | 40.040 % |
|     17104 |  186998   556434 |  205664   16655  1456419    87.4 | 40.071 % |
|     25753 |  186981   556350 |  226230   25214  2501718    99.2 | 40.093 % |
|     38730 |  186381   555456 |  248853   38018  3902006   102.6 | 40.247 % |
==============================================================================
restarts              : 14
conflicts             : 55138          (5825 /sec)
decisions             : 166659         (17606 /sec)
propagations          : 96353808       (10178612 /sec)
conflict literals     : 5301396        (53.54 % deleted)
Memory used           : 36.77 MB
CPU time              : 9.4663 s

UNSATISFIABLE
