Reading from standard input... Use '-h' or '--help' for help.
==================================[MINISAT]===================================
| Conflicts |     ORIGINAL     |              LEARNT              | Progress |
|           | Clauses Literals |   Limit Clauses Literals  Lit/Cl |          |
==============================================================================
|         0 |  330933   920413 |  110311       0        0     nan |  0.000 % |
|       101 |  330944   920413 |  121342      90     1268    14.1 | 28.253 % |
|       253 |  330959   920413 |  133476     226     4356    19.3 | 28.259 % |
|       482 |  330975   920413 |  146823     439    44806   102.1 | 28.259 % |
|       819 |  330965   920314 |  161506     736    75939   103.2 | 28.259 % |
|      1327 |  330966   920314 |  177656    1242    98387    79.2 | 37.857 % |
|      2086 |  291441   866185 |  195422    1978   156113    78.9 | 37.859 % |
|      3227 |  291140   865786 |  214964    3069   260706    84.9 | 37.899 % |
|      4935 |  290745   864937 |  236461    4671   552846   118.4 | 37.982 % |
|      7497 |  290203   864232 |  260107    7194   785429   109.2 | 38.073 % |
|     11341 |  290227   864232 |  286118   11012  2389605   217.0 | 38.240 % |
|     17107 |  288412   861964 |  314730   16660  3390298   203.5 | 38.398 % |
|     25758 |  288239   861652 |  346203   25035  4853171   193.9 | 39.686 % |
|     38734 |  281191   852730 |  380823   36573  6811958   186.3 | 39.754 % |
|     58202 |  281204   852613 |  418905   55939  9495824   169.8 | 39.790 % |
|     87394 |  280878   851563 |  460796   84696 13414710   158.4 | 39.856 % |

*** INTERRUPTED ***
restarts              : 16
conflicts             : 87924          (2982 /sec)
decisions             : 292935         (9936 /sec)
propagations          : 170624210      (5787510 /sec)
conflict literals     : 13551292       (46.19 % deleted)
Memory used           : 76.91 MB
CPU time              : 29.4815 s

*** INTERRUPTED ***
