Reading from standard input... Use '-h' or '--help' for help.
==================================[MINISAT]===================================
| Conflicts |     ORIGINAL     |              LEARNT              | Progress |
|           | Clauses Literals |   Limit Clauses Literals  Lit/Cl |          |
==============================================================================
|         0 |  325240   913584 |  108413       0        0     nan |  0.000 % |
|       100 |  325263   913584 |  119254      77      884    11.5 | 29.308 % |
|       251 |  325269   913584 |  131179     222    11997    54.0 | 29.308 % |
|       477 |  325275   913584 |  144297     442    34876    78.9 | 29.308 % |
|       814 |  277643   851157 |  158727     767    62863    82.0 | 41.732 % |
|      1320 |  277440   850896 |  174600    1261    86562    68.6 | 41.785 % |
|      2080 |  277465   850896 |  192060    1988   134222    67.5 | 41.834 % |
|      3221 |  276837   850131 |  211266    3082   225466    73.2 | 41.902 % |
|      4930 |  276346   849263 |  232392    4643   446784    96.2 | 41.940 % |
|      7493 |  275652   848173 |  255632    7145   629079    88.0 | 42.865 % |
|     11337 |  271007   842038 |  281195   10738   979319    91.2 | 42.963 % |
|     17104 |  270471   841138 |  309314   16413  1618880    98.6 | 43.049 % |
|     25754 |  269365   839374 |  340246   24828  2312072    93.1 | 43.209 % |
|     38729 |  269158   838900 |  374271   37627  3681655    97.8 | 43.259 % |
==============================================================================
restarts              : 14
conflicts             : 55369          (3777 /sec)
decisions             : 179237         (12227 /sec)
propagations          : 108862930      (7425995 /sec)
conflict literals     : 5267760        (49.10 % deleted)
Memory used           : 42.64 MB
CPU time              : 14.6597 s

UNSATISFIABLE
