Reading from standard input... Use '-h' or '--help' for help.
==================================[MINISAT]===================================
| Conflicts |     ORIGINAL     |              LEARNT              | Progress |
|           | Clauses Literals |   Limit Clauses Literals  Lit/Cl |          |
==============================================================================
|         0 |  325235   913860 |  108411       0        0     nan |  0.000 % |
|       103 |  325244   913860 |  119252      94     1098    11.7 | 29.284 % |
|       253 |  325261   913860 |  131177     227    14564    64.2 | 29.284 % |
|       483 |  325265   913860 |  144295     453    56636   125.0 | 29.284 % |
|       820 |  325285   913860 |  158724     766   191070   249.4 | 29.284 % |
|      1327 |  325311   913860 |  174596    1245   263780   211.9 | 43.525 % |
|      2089 |  272035   844611 |  192056    1931   306542   158.7 | 43.597 % |
|      3229 |  271304   843504 |  211262    3001   397574   132.5 | 43.728 % |
|      4937 |  270757   842906 |  232388    4661   547436   117.5 | 44.017 % |
|      7499 |  266166   836500 |  255627    6681   701758   105.0 | 44.680 % |
|     11343 |  264003   833429 |  281190   10367  1034738    99.8 | 45.001 % |
|     17111 |  262375   830993 |  309309   15870  1558890    98.2 | 45.344 % |
|     25760 |  260590   828251 |  340240   24181  2251713    93.1 | 45.600 % |
|     38734 |  255421   821492 |  374264   18598  1467562    78.9 | 46.687 % |
==============================================================================
restarts              : 14
conflicts             : 39188          (5344 /sec)
decisions             : 141715         (19325 /sec)
propagations          : 70913643       (9670388 /sec)
conflict literals     : 3243982        (43.52 % deleted)
Memory used           : 32.93 MB
CPU time              : 7.33307 s

UNSATISFIABLE
