Reading from standard input... Use '-h' or '--help' for help.
==================================[MINISAT]===================================
| Conflicts |     ORIGINAL     |              LEARNT              | Progress |
|           | Clauses Literals |   Limit Clauses Literals  Lit/Cl |          |
==============================================================================
|         0 |  322666   910218 |  107555       0        0     nan |  0.000 % |
|       100 |  322677   910218 |  118310      89      784     8.8 | 29.780 % |
|       250 |  322683   910218 |  130141     233    29101   124.9 | 29.780 % |
|       477 |  322693   910218 |  143155     449    69010   153.7 | 29.792 % |
|       814 |  322624   910134 |  157471     783    93366   119.2 | 29.792 % |
|      1320 |  322638   910134 |  173218    1275   145086   113.8 | 29.792 % |
|      2083 |  322688   910134 |  190540    1988   226903   114.1 | 29.792 % |
|      3223 |  322697   910134 |  209594    3119   321691   103.1 | 29.792 % |
|      4932 |  268454   840016 |  230553    4748   537568   113.2 | 44.423 % |
|      7494 |  268036   839494 |  253609    7216   699029    96.9 | 44.478 % |
|     11339 |  267332   838399 |  278969   10959  1007550    91.9 | 44.596 % |
|     17105 |  266887   837736 |  306866   16645  1673707   100.6 | 44.678 % |
|     25754 |  266367   836989 |  337553   25141  2534596   100.8 | 44.781 % |
|     38728 |  264917   834949 |  371309   36704  3511078    95.7 | 44.994 % |
==============================================================================
restarts              : 14
conflicts             : 50192          (3881 /sec)
decisions             : 163986         (12680 /sec)
propagations          : 92793426       (7175135 /sec)
conflict literals     : 4467662        (52.18 % deleted)
Memory used           : 38.46 MB
CPU time              : 12.9326 s

UNSATISFIABLE
