Reading from standard input... Use '-h' or '--help' for help.
==================================[MINISAT]===================================
| Conflicts |     ORIGINAL     |              LEARNT              | Progress |
|           | Clauses Literals |   Limit Clauses Literals  Lit/Cl |          |
==============================================================================
|         0 |  330268   920032 |  110089       0        0     nan |  0.000 % |
|       100 |  330285   920032 |  121097      83     1053    12.7 | 28.381 % |
|       251 |  330297   920032 |  133207     221     3802    17.2 | 28.383 % |
|       476 |  330304   920032 |  146528     439    36485    83.1 | 28.383 % |
|       814 |  330305   919999 |  161181     760    90353   118.9 | 39.283 % |
|      1320 |  330325   919999 |  177299    1243   134398   108.1 | 39.332 % |
|      2079 |  286465   861418 |  195029    1904   240388   126.3 | 39.345 % |
|      3218 |  285543   859751 |  214532    2868   331641   115.6 | 39.494 % |
|      4926 |  285236   859256 |  235985    4500   569776   126.6 | 39.580 % |
|      7489 |  284116   857612 |  259584    6971   791112   113.5 | 39.905 % |
|     11336 |  282091   854777 |  285542   10575  1463219   138.4 | 40.193 % |
|     17103 |  279846   852007 |  314096   16016  2282354   142.5 | 40.695 % |
|     25752 |  277608   849183 |  345506   24381  3593413   147.4 | 40.997 % |
|     38730 |  276062   846935 |  380057   36535  5619212   153.8 | 41.305 % |
|     58193 |  276114   846848 |  418062   55884  8378659   149.9 | 41.312 % |

*** INTERRUPTED ***
restarts              : 15
conflicts             : 85808          (2907 /sec)
decisions             : 337904         (11447 /sec)
propagations          : 170507892      (5776109 /sec)
conflict literals     : 12142476       (50.44 % deleted)
Memory used           : 71.04 MB
CPU time              : 29.5195 s

*** INTERRUPTED ***
