Reading from standard input... Use '-h' or '--help' for help.
==================================[MINISAT]===================================
| Conflicts |     ORIGINAL     |              LEARNT              | Progress |
|           | Clauses Literals |   Limit Clauses Literals  Lit/Cl |          |
==============================================================================
|         0 |  211058   589820 |   70352       0        0     nan |  0.000 % |
|       101 |  211062   589820 |   77387      97     6990    72.1 | 29.792 % |
|       251 |  211066   589820 |   85125     243    40094   165.0 | 29.792 % |
|       476 |  211073   589820 |   93638     460    50709   110.2 | 52.749 % |
|       813 |  157044   524315 |  103002     778    57749    74.2 | 52.752 % |
|      1319 |  157064   524315 |  113302    1263    87030    68.9 | 52.753 % |
|      2079 |  156990   524273 |  124632    1948   115935    59.5 | 52.759 % |
|      3219 |  156970   524207 |  137096    3024   152899    50.6 | 52.759 % |
==============================================================================
restarts              : 8
conflicts             : 3644           (8335 /sec)
decisions             : 11864          (27138 /sec)
propagations          : 4956977        (11338760 /sec)
conflict literals     : 168748         (28.30 % deleted)
Memory used           : 14.98 MB
CPU time              : 0.437171 s

UNSATISFIABLE
