Reading from standard input... Use '-h' or '--help' for help.
==================================[MINISAT]===================================
| Conflicts |     ORIGINAL     |              LEARNT              | Progress |
|           | Clauses Literals |   Limit Clauses Literals  Lit/Cl |          |
==============================================================================
|         0 |  320324   907697 |  106774       0        0     nan |  0.000 % |
|       100 |  320338   907697 |  117451      86     8281    96.3 | 30.223 % |
|       250 |  320350   907697 |  129196     224    71043   317.2 | 30.223 % |
|       476 |  320367   907697 |  142116     432    75507   174.8 | 52.789 % |
|       813 |  235825   806195 |  156327     736    88754   120.6 | 52.789 % |
|      1319 |  235830   806195 |  171960    1235   110857    89.8 | 52.792 % |
|      2079 |  235803   806159 |  189156    1977   152309    77.0 | 52.794 % |
|      3218 |  235816   806126 |  208072    3082   197854    64.2 | 52.796 % |
|      4930 |  235763   806087 |  228879    4763   259619    54.5 | 52.800 % |
==============================================================================
restarts              : 9
conflicts             : 5190           (7112 /sec)
decisions             : 19984          (27386 /sec)
propagations          : 7787319        (10671844 /sec)
conflict literals     : 266739         (28.07 % deleted)
Memory used           : 21.84 MB
CPU time              : 0.729707 s

UNSATISFIABLE
