Reading from standard input... Use '-h' or '--help' for help.
==================================[MINISAT]===================================
| Conflicts |     ORIGINAL     |              LEARNT              | Progress |
|           | Clauses Literals |   Limit Clauses Literals  Lit/Cl |          |
==============================================================================
|         0 |  327396   915851 |  109132       0        0     nan |  0.000 % |
|       100 |  327413   915851 |  120045      83     1026    12.4 | 28.952 % |
|       250 |  327424   915851 |  132049     221     9853    44.6 | 28.954 % |
|       475 |  327431   915851 |  145254     438    58013   132.4 | 38.664 % |
|       813 |  287785   861734 |  159780     755    96930   128.4 | 38.664 % |
|      1323 |  287816   861734 |  175758    1234   123505   100.1 | 38.664 % |
|      2084 |  287836   861734 |  193333    1975   186135    94.2 | 38.664 % |
|      3223 |  287812   861671 |  212667    3081   308226   100.0 | 38.856 % |
|      4931 |  285922   859355 |  233934    4553   469349   103.1 | 39.118 % |
|      7493 |  285094   858317 |  257327    7065   686949    97.2 | 39.128 % |
|     11337 |  282376   854623 |  283060   10138  1140756   112.5 | 39.723 % |
|     17105 |  280247   851479 |  311366   15670  1593432   101.7 | 40.038 % |
|     25754 |  279143   849844 |  342502   24143  2825045   117.0 | 40.210 % |
|     38728 |  272978   840288 |  376753   30540  3399937   111.3 | 41.777 % |
==============================================================================
restarts              : 14
conflicts             : 54887          (4206 /sec)
decisions             : 215056         (16480 /sec)
propagations          : 85491337       (6551264 /sec)
conflict literals     : 5282127        (43.20 % deleted)
Memory used           : 39.14 MB
CPU time              : 13.0496 s

UNSATISFIABLE
