Reading from standard input... Use '-h' or '--help' for help.
==================================[MINISAT]===================================
| Conflicts |     ORIGINAL     |              LEARNT              | Progress |
|           | Clauses Literals |   Limit Clauses Literals  Lit/Cl |          |
==============================================================================
|         0 |  321136   908525 |  107045       0        0     nan |  0.000 % |
|       100 |  321150   908525 |  117749      86     1564    18.2 | 30.036 % |
|       250 |  321156   908525 |  129524     230    14238    61.9 | 30.036 % |
|       476 |  321179   908525 |  142476     432    41218    95.4 | 30.038 % |
|       814 |  321184   908492 |  156724     742    58826    79.3 | 30.038 % |
|      1320 |  321134   908420 |  172397    1188    89121    75.0 | 47.865 % |
|      2080 |  258233   829698 |  189636    1859   155839    83.8 | 48.029 % |
|      3219 |  254762   824492 |  208600    2950   313700   106.3 | 48.491 % |
|      4929 |  252581   821597 |  229460    4581   508554   111.0 | 49.010 % |
|      7491 |  251596   820076 |  252406    7067   921801   130.4 | 49.138 % |
|     11336 |  244803   808812 |  277647    9240  1143128   123.7 | 50.405 % |
==============================================================================
restarts              : 11
conflicts             : 14979          (5207 /sec)
decisions             : 62975          (21892 /sec)
propagations          : 25087053       (8721178 /sec)
conflict literals     : 1467399        (37.02 % deleted)
Memory used           : 25.43 MB
CPU time              : 2.87657 s

UNSATISFIABLE
