Reading from standard input... Use '-h' or '--help' for help.
==================================[MINISAT]===================================
| Conflicts |     ORIGINAL     |              LEARNT              | Progress |
|           | Clauses Literals |   Limit Clauses Literals  Lit/Cl |          |
==============================================================================
|         0 |  211878   590253 |   70626       0        0     nan |  0.000 % |
|       101 |  211883   590253 |   77688      96     4960    51.7 | 29.535 % |
|       251 |  211895   590253 |   85457     233    18061    77.5 | 29.538 % |
|       478 |  211822   590148 |   94003     430    31759    73.9 | 29.544 % |
|       816 |  211838   590148 |  103403     752    71226    94.7 | 29.544 % |
|      1322 |  172009   540626 |  113743    1215   114616    94.3 | 47.476 % |
|      2083 |  171815   540317 |  125118    1941   166585    85.8 | 48.033 % |
|      3222 |  168779   535856 |  137630    3028   220093    72.7 | 48.209 % |
|      4931 |  167741   534233 |  151393    4679   301150    64.4 | 48.452 % |
|      7493 |  166995   533114 |  166532    7164   417125    58.2 | 48.688 % |
==============================================================================
restarts              : 10
conflicts             : 10763          (9624 /sec)
decisions             : 38829          (34720 /sec)
propagations          : 16237291       (14519023 /sec)
conflict literals     : 537923         (34.89 % deleted)
Memory used           : 15.89 MB
CPU time              : 1.11835 s

UNSATISFIABLE
