Reading from standard input... Use '-h' or '--help' for help.
==================================[MINISAT]===================================
| Conflicts |     ORIGINAL     |              LEARNT              | Progress |
|           | Clauses Literals |   Limit Clauses Literals  Lit/Cl |          |
==============================================================================
|         0 |  322376   910214 |  107458       0        0     nan |  0.000 % |
|       100 |  322388   910214 |  118203      88      897    10.2 | 29.827 % |
|       250 |  322397   910214 |  130024     225     9928    44.1 | 29.834 % |
|       477 |  322397   910214 |  143026     452    32042    70.9 | 29.834 % |
|       814 |  322371   910082 |  157329     732    54302    74.2 | 29.834 % |
|      1320 |  322302   909974 |  173062    1208   133645   110.6 | 29.849 % |
|      2079 |  264634   836613 |  190368    1930   179633    93.1 | 46.058 % |
|      3219 |  263608   835002 |  209405    2981   263927    88.5 | 46.106 % |
|      4930 |  262845   833939 |  230345    4643   398815    85.9 | 46.210 % |
|      7492 |  261966   832589 |  253380    7041   608242    86.4 | 46.304 % |
|     11344 |  259776   828982 |  278718   10777  1149270   106.6 | 46.789 % |
|     17111 |  258844   827470 |  306590   16442  1858647   113.0 | 46.930 % |
|     25761 |  257851   825745 |  337249   24916  2530333   101.6 | 47.321 % |
==============================================================================
restarts              : 13
conflicts             : 28982          (4237 /sec)
decisions             : 113491         (16593 /sec)
propagations          : 52042167       (7609062 /sec)
conflict literals     : 2780408        (45.12 % deleted)
Memory used           : 31.59 MB
CPU time              : 6.8395 s

UNSATISFIABLE
