Reading from standard input... Use '-h' or '--help' for help.
==================================[MINISAT]===================================
| Conflicts |     ORIGINAL     |              LEARNT              | Progress |
|           | Clauses Literals |   Limit Clauses Literals  Lit/Cl |          |
==============================================================================
|         0 |  334334   925437 |  111444       0        0     nan |  0.000 % |
|       101 |  334354   925437 |  122588      81     1185    14.6 | 27.607 % |
|       251 |  334365   925437 |  134847     217     6431    29.6 | 38.651 % |
|       478 |  289568   864752 |  148331     361    20017    55.4 | 38.712 % |
|       815 |  289575   864752 |  163165     690    47756    69.2 | 38.728 % |
|      1321 |  289225   864035 |  179481    1160    80610    69.5 | 38.736 % |
|      2082 |  288056   862700 |  197429    1886   166485    88.3 | 38.928 % |
|      3221 |  287969   862580 |  217172    2998   277971    92.7 | 38.975 % |
|      4930 |  287138   861635 |  238890    4633   445159    96.1 | 39.075 % |
|      7493 |  286057   860245 |  262779    7108   634397    89.3 | 39.313 % |
|     11337 |  286128   860245 |  289057   10881  1371358   126.0 | 39.313 % |
|     17103 |  284593   857806 |  317962   16377  2325435   142.0 | 39.502 % |
|     25755 |  281994   854481 |  349759   24798  3626207   146.2 | 40.170 % |
|     38729 |  280943   852954 |  384734   37517  6034185   160.8 | 40.216 % |
|     58192 |  280379   851901 |  423208   56785  9403421   165.6 | 40.359 % |

*** INTERRUPTED ***
restarts              : 15
conflicts             : 85004          (2879 /sec)
decisions             : 325845         (11035 /sec)
propagations          : 169229599      (5730995 /sec)
conflict literals     : 13310225       (49.29 % deleted)
Memory used           : 75.28 MB
CPU time              : 29.5288 s

*** INTERRUPTED ***
