Reading from standard input... Use '-h' or '--help' for help.
==================================[MINISAT]===================================
| Conflicts |     ORIGINAL     |              LEARNT              | Progress |
|           | Clauses Literals |   Limit Clauses Literals  Lit/Cl |          |
==============================================================================
|         0 |  323434   910111 |  107811       0        0     nan |  0.000 % |
|       100 |  323457   910111 |  118592      77      856    11.1 | 29.813 % |
|       250 |  323473   910111 |  130451     204     4552    22.3 | 37.040 % |
|       476 |  323485   910111 |  143496     417    18314    43.9 | 37.042 % |
|       813 |  323493   910111 |  157846     746    38546    51.7 | 37.042 % |
|      1323 |  291675   864469 |  173630    1187    98978    83.4 | 37.046 % |
|      2083 |  291712   864469 |  190993    1910   196868   103.1 | 37.046 % |
|      3222 |  291649   864406 |  210093    3032   464521   153.2 | 37.051 % |
|      4932 |  291647   864319 |  231102    4632   704896   152.2 | 37.058 % |
|      7496 |  291559   864226 |  254212    7166   889586   124.1 | 37.092 % |
|     11340 |  291317   863692 |  279633   10916  1438694   131.8 | 37.123 % |
|     17106 |  289633   860719 |  307597   12155  1982552   163.1 | 37.555 % |
|     25757 |  286611   857101 |  338357   20470  3629822   177.3 | 38.060 % |
|     38731 |  285618   855679 |  372192   33222  5340208   160.7 | 38.242 % |
==============================================================================
restarts              : 14
conflicts             : 56967          (4193 /sec)
decisions             : 207694         (15288 /sec)
propagations          : 79591277       (5858490 /sec)
conflict literals     : 7403632        (45.66 % deleted)
Memory used           : 48.26 MB
CPU time              : 13.5856 s

UNSATISFIABLE
