Reading from standard input... Use '-h' or '--help' for help.
==================================[MINISAT]===================================
| Conflicts |     ORIGINAL     |              LEARNT              | Progress |
|           | Clauses Literals |   Limit Clauses Literals  Lit/Cl |          |
==============================================================================
|         0 |  325465   913994 |  108488       0        0     nan |  0.000 % |
|       101 |  325479   913994 |  119336      87     1294    14.9 | 29.211 % |
|       251 |  325491   913994 |  131270     223     7221    32.4 | 43.315 % |
|       477 |  325508   913994 |  144397     432    12296    28.5 | 43.315 % |
|       819 |  272990   846176 |  158837     726    25310    34.9 | 43.361 % |
|      1326 |  273022   846176 |  174721    1201    86777    72.3 | 43.361 % |
|      2085 |  273014   846116 |  192193    1914   229133   119.7 | 43.369 % |
|      3225 |  272859   845900 |  211412    3010   300287    99.8 | 43.393 % |
|      4934 |  272836   845807 |  232553    4655   495392   106.4 | 43.524 % |
|      7498 |  270068   841928 |  255809    6733   674116   100.1 | 43.859 % |
|     11343 |  268917   840301 |  281389   10200  1088747   106.7 | 44.145 % |
|     17109 |  267415   837815 |  309528   15719  1674623   106.5 | 44.667 % |
|     25760 |  261203   829003 |  340481   23297  2458383   105.5 | 45.599 % |
|     38735 |  260250   827260 |  374529   33644  3307621    98.3 | 45.815 % |
==============================================================================
restarts              : 14
conflicts             : 40925          (4438 /sec)
decisions             : 159898         (17340 /sec)
propagations          : 68450272       (7422826 /sec)
conflict literals     : 3686184        (48.25 % deleted)
Memory used           : 34.59 MB
CPU time              : 9.22159 s

UNSATISFIABLE
