Reading from standard input... Use '-h' or '--help' for help.
==================================[MINISAT]===================================
| Conflicts |     ORIGINAL     |              LEARNT              | Progress |
|           | Clauses Literals |   Limit Clauses Literals  Lit/Cl |          |
==============================================================================
|         0 |  319965   905668 |  106655       0        0     nan |  0.000 % |
|       100 |  319979   905668 |  117320      86      968    11.3 | 30.425 % |
|       250 |  319990   905668 |  129052     224     5825    26.0 | 30.427 % |
|       475 |  320009   905668 |  141957     430    73144   170.1 | 30.427 % |
|       812 |  319968   905536 |  156153     660    99108   150.2 | 39.960 % |
|      1319 |  319991   905536 |  171768    1140   117671   103.2 | 40.024 % |
|      2078 |  281065   853184 |  188945    1834   204763   111.6 | 40.061 % |
|      3217 |  280557   852263 |  207840    2905   302862   104.3 | 40.113 % |
|      4925 |  279957   851438 |  228624    4538   508385   112.0 | 40.206 % |
|      7487 |  280015   851438 |  251486    7041   778354   110.5 | 40.207 % |
|     11331 |  278739   849719 |  276635   10341  1082919   104.7 | 40.606 % |
|     17099 |  277119   847085 |  304299   12929  1408986   109.0 | 40.849 % |
|     25748 |  275999   845579 |  334729   21127  2204797   104.4 | 40.968 % |
==============================================================================
restarts              : 13
conflicts             : 37063          (5683 /sec)
decisions             : 135884         (20837 /sec)
propagations          : 52150548       (7996940 /sec)
conflict literals     : 3651358        (46.79 % deleted)
Memory used           : 34.14 MB
CPU time              : 6.52131 s

UNSATISFIABLE
