Reading from standard input... Use '-h' or '--help' for help.
==================================[MINISAT]===================================
| Conflicts |     ORIGINAL     |              LEARNT              | Progress |
|           | Clauses Literals |   Limit Clauses Literals  Lit/Cl |          |
==============================================================================
|         0 |  320875   907611 |  106958       0        0     nan |  0.000 % |
|       104 |  320889   907611 |  117653      90     1681    18.7 | 30.131 % |
|       254 |  320891   907611 |  129419     237    23119    97.5 | 30.144 % |
|       480 |  320896   907611 |  142361     458    30933    67.5 | 30.144 % |
|       818 |  320826   907521 |  156597     786    83811   106.6 | 30.144 % |
|      1326 |  320845   907521 |  172256    1274   134753   105.8 | 44.178 % |
|      2085 |  269660   841682 |  189482    1993   179187    89.9 | 44.178 % |
|      3226 |  269678   841649 |  208430    2995   272544    91.0 | 44.182 % |
|      4934 |  269229   840959 |  229273    4652   404518    87.0 | 44.257 % |
|      7497 |  268477   839837 |  252201    7030   635752    90.4 | 44.398 % |
|     11342 |  267305   838358 |  277421   10748  1064450    99.0 | 44.599 % |
|     17109 |  266941   837641 |  305163   16400  1616229    98.6 | 44.722 % |
|     25759 |  265985   836093 |  335680   24853  2588564   104.2 | 44.845 % |
|     38734 |  264942   834281 |  369248   37580  3958264   105.3 | 44.985 % |
==============================================================================
restarts              : 14
conflicts             : 43559          (3853 /sec)
decisions             : 149616         (13233 /sec)
propagations          : 82304456       (7279654 /sec)
conflict literals     : 4408018        (51.78 % deleted)
Memory used           : 38.86 MB
CPU time              : 11.3061 s

UNSATISFIABLE
