Reading from standard input... Use '-h' or '--help' for help.
==================================[MINISAT]===================================
| Conflicts |     ORIGINAL     |              LEARNT              | Progress |
|           | Clauses Literals |   Limit Clauses Literals  Lit/Cl |          |
==============================================================================
|         0 |  216412   596227 |   72137       0        0     nan |  0.000 % |
|       102 |  216417   596227 |   79350      97     7123    73.4 | 28.192 % |
|       252 |  216425   596227 |   87285     239    16839    70.5 | 28.192 % |
|       478 |  216436   596227 |   96014     453    31352    69.2 | 28.195 % |
|       815 |  216439   596194 |  105615     755    50949    67.5 | 41.579 % |
|      1321 |  184264   554513 |  116177    1242    99316    80.0 | 41.601 % |
|      2080 |  183879   553940 |  127795    1888   165547    87.7 | 41.727 % |
|      3220 |  183931   553940 |  140574    2973   256721    86.4 | 41.837 % |
|      4929 |  181685   550806 |  154632    4477   502282   112.2 | 42.435 % |
|      7491 |  179864   548241 |  170095    6834   711884   104.2 | 42.939 % |
|     11337 |  179590   547869 |  187104   10607  1044496    98.5 | 43.010 % |
|     17103 |  179517   547716 |  205815   16301  1549184    95.0 | 43.042 % |
|     25752 |  179610   547716 |  226396   24848  2314204    93.1 | 43.043 % |
==============================================================================
restarts              : 13
conflicts             : 33610          (6535 /sec)
decisions             : 106878         (20782 /sec)
propagations          : 56589872       (11003480 /sec)
conflict literals     : 3113353        (51.78 % deleted)
Memory used           : 27.42 MB
CPU time              : 5.14291 s

UNSATISFIABLE
