Reading from standard input... Use '-h' or '--help' for help.
==================================[MINISAT]===================================
| Conflicts |     ORIGINAL     |              LEARNT              | Progress |
|           | Clauses Literals |   Limit Clauses Literals  Lit/Cl |          |
==============================================================================
|         0 |  213163   591756 |   71054       0        0     nan |  0.000 % |
|       101 |  213168   591756 |   78159      96     3663    38.2 | 29.170 % |
|       252 |  213177   591756 |   85975     238    17833    74.9 | 29.170 % |
|       479 |  213187   591756 |   94572     454    48782   107.4 | 43.032 % |
|       816 |  180055   549173 |  104030     764    63853    83.6 | 43.058 % |
|      1322 |  179206   548074 |  114433    1217    85026    69.9 | 43.329 % |
|      2083 |  179226   548074 |  125876    1958   149276    76.2 | 43.329 % |
|      3224 |  177084   544491 |  138464    2822   204600    72.5 | 43.952 % |
|      4932 |  176450   543552 |  152310    4424   286094    64.7 | 44.107 % |
|      7495 |  175829   542598 |  167541    6867   480359    70.0 | 44.306 % |
|     11339 |  173294   538647 |  184295    9737   646614    66.4 | 44.965 % |
|     17105 |  171216   535233 |  202725   13586   879198    64.7 | 45.416 % |
==============================================================================
restarts              : 12
conflicts             : 18291          (8507 /sec)
decisions             : 70607          (32837 /sec)
propagations          : 23728790       (11035548 /sec)
conflict literals     : 1080500        (40.96 % deleted)
Memory used           : 18.07 MB
CPU time              : 2.15021 s

UNSATISFIABLE
