Reading from standard input... Use '-h' or '--help' for help.
==================================[MINISAT]===================================
| Conflicts |     ORIGINAL     |              LEARNT              | Progress |
|           | Clauses Literals |   Limit Clauses Literals  Lit/Cl |          |
==============================================================================
|         0 |  328545   916886 |  109515       0        0     nan |  0.000 % |
|       100 |  328557   916886 |  120466      88      755     8.6 | 28.673 % |
|       250 |  328563   916886 |  132513     230    24054   104.6 | 28.677 % |
|       478 |  328576   916886 |  145764     443    44114    99.6 | 38.280 % |
|       815 |  289361   863340 |  160340     735    62493    85.0 | 38.291 % |
|      1323 |  289236   863184 |  176375    1191    90518    76.0 | 38.296 % |
|      2082 |  289260   863184 |  194012    1925   158908    82.5 | 38.304 % |
|      3221 |  288945   862758 |  213413    3028   270208    89.2 | 38.368 % |
|      4929 |  287578   860854 |  234755    4502   714352   158.7 | 38.633 % |
|      7492 |  287569   860782 |  258230    7001  1094884   156.4 | 39.062 % |
|     11336 |  285702   858644 |  284053   10769  1606891   149.2 | 39.062 % |
|     17103 |  285527   858080 |  312459   16437  2183019   132.8 | 39.106 % |
|     25754 |  285597   858080 |  343704   25012  3458328   138.3 | 39.107 % |
|     38731 |  285721   858080 |  378075   37861  5255136   138.8 | 39.107 % |
==============================================================================
restarts              : 14
conflicts             : 53385          (3807 /sec)
decisions             : 187999         (13405 /sec)
propagations          : 76550903       (5458408 /sec)
conflict literals     : 6886007        (54.50 % deleted)
Memory used           : 49.16 MB
CPU time              : 14.0244 s

UNSATISFIABLE
