Reading from standard input... Use '-h' or '--help' for help.
==================================[MINISAT]===================================
| Conflicts |     ORIGINAL     |              LEARNT              | Progress |
|           | Clauses Literals |   Limit Clauses Literals  Lit/Cl |          |
==============================================================================
|         0 |  323577   910562 |  107859       0        0     nan |  0.000 % |
|       100 |  323591   910562 |  118644      86     1496    17.4 | 29.642 % |
|       250 |  323599   910562 |  130509     228    10346    45.4 | 29.642 % |
|       476 |  280237   852926 |  143560     428    28658    67.0 | 40.560 % |
|       813 |  280247   852926 |  157916     753    80356   106.7 | 40.579 % |
|      1321 |  279704   852056 |  173707    1236   137930   111.6 | 40.780 % |
|      2082 |  279733   852056 |  191078    1966   198978   101.2 | 40.793 % |
|      3223 |  279283   851304 |  210186    3083   266263    86.4 | 40.805 % |
|      4932 |  278998   850836 |  231205    4581   392321    85.6 | 40.983 % |
|      7494 |  277619   848966 |  254325    6930   721170   104.1 | 41.825 % |
|     11341 |  274553   843367 |  279758   10509  1265853   120.5 | 42.171 % |
|     17108 |  271885   839770 |  307734   15517  2004687   129.2 | 42.357 % |
|     25757 |  268521   833950 |  338507   19647  2377039   121.0 | 42.893 % |
|     38735 |  267143   832111 |  372358   30162  3078361   102.1 | 43.103 % |
==============================================================================
restarts              : 14
conflicts             : 42863          (6004 /sec)
decisions             : 169048         (23678 /sec)
propagations          : 61885349       (8667932 /sec)
conflict literals     : 4281560        (45.31 % deleted)
Memory used           : 34.21 MB
CPU time              : 7.13957 s

UNSATISFIABLE
