Reading from standard input... Use '-h' or '--help' for help.
==================================[MINISAT]===================================
| Conflicts |     ORIGINAL     |              LEARNT              | Progress |
|           | Clauses Literals |   Limit Clauses Literals  Lit/Cl |          |
==============================================================================
|         0 |  213544   593266 |   71181       0        0     nan |  0.000 % |
|       100 |  213547   593266 |   78299      95    17355   182.7 | 29.061 % |
|       250 |  213560   593266 |   86129     228    20502    89.9 | 52.403 % |
|       476 |  213583   593266 |   94741     425    30555    71.9 | 52.451 % |
|       816 |  157186   524971 |  104216     715    38408    53.7 | 52.451 % |
|      1323 |  157193   524971 |  114637    1215    53907    44.4 | 52.451 % |
|      2083 |  157204   524971 |  126101    1964    76101    38.7 | 52.451 % |
|      3222 |  157212   524971 |  138711    3095   107217    34.6 | 52.451 % |
==============================================================================
restarts              : 8
conflicts             : 4440           (8366 /sec)
decisions             : 14773          (27837 /sec)
propagations          : 6651367        (12533267 /sec)
conflict literals     : 142744         (32.94 % deleted)
Memory used           : 14.98 MB
CPU time              : 0.530697 s

UNSATISFIABLE
