Reading from standard input... Use '-h' or '--help' for help.
==================================[MINISAT]===================================
| Conflicts |     ORIGINAL     |              LEARNT              | Progress |
|           | Clauses Literals |   Limit Clauses Literals  Lit/Cl |          |
==============================================================================
|         0 |  325265   913005 |  108421       0        0     nan |  0.000 % |
|       102 |  325280   913005 |  119263      87      851     9.8 | 29.315 % |
|       262 |  325287   913005 |  131189     240    17449    72.7 | 29.315 % |
|       490 |  325296   913005 |  144308     459    75099   163.6 | 29.315 % |
|       829 |  282110   855264 |  158739     783   135300   172.8 | 40.216 % |
|      1335 |  282123   855264 |  174613    1274   158178   124.2 | 40.251 % |
|      2094 |  281870   854802 |  192074    2010   237032   117.9 | 40.305 % |
|      3236 |  281791   854620 |  211281    3139   331133   105.5 | 40.305 % |
|      4945 |  281745   854533 |  232410    4815   500409   103.9 | 40.336 % |
|      7507 |  280629   852779 |  255651    7289   752292   103.2 | 40.537 % |
|     11351 |  279126   850631 |  281216   11028  1120780   101.6 | 40.738 % |
|     17119 |  277062   848129 |  309337   16634  1828658   109.9 | 41.078 % |
|     25771 |  274158   844156 |  340271   24542  2716927   110.7 | 41.601 % |
|     38745 |  273856   843721 |  374298   37432  4703698   125.7 | 41.652 % |
|     58206 |  272555   841093 |  411728   53465  6615660   123.7 | 41.977 % |
==============================================================================
restarts              : 15
conflicts             : 81457          (3689 /sec)
decisions             : 270072         (12229 /sec)
propagations          : 174080257      (7882705 /sec)
conflict literals     : 9253802        (51.55 % deleted)
Memory used           : 58.32 MB
CPU time              : 22.0838 s

UNSATISFIABLE
