Reading from standard input... Use '-h' or '--help' for help.
==================================[MINISAT]===================================
| Conflicts |     ORIGINAL     |              LEARNT              | Progress |
|           | Clauses Literals |   Limit Clauses Literals  Lit/Cl |          |
==============================================================================
|         0 |  319403   905641 |  106467       0        0     nan |  0.000 % |
|       101 |  319414   905641 |  117113      90     9623   106.9 | 30.421 % |
|       252 |  319417   905641 |  128825     238    26846   112.8 | 30.421 % |
|       480 |  319430   905641 |  141707     453    72868   160.9 | 30.421 % |
|       818 |  319450   905641 |  155878     770   101420   131.7 | 44.694 % |
|      1325 |  267555   838777 |  171466    1258   143889   114.4 | 44.694 % |
|      2084 |  267541   838690 |  188612    1973   178921    90.7 | 44.706 % |
|      3223 |  267430   838606 |  207474    3080   233589    75.8 | 44.783 % |
|      4932 |  266231   836503 |  228221    4521   332917    73.6 | 44.942 % |
|      7494 |  262116   829940 |  251043    6671   480133    72.0 | 45.746 % |
|     11338 |  261032   828329 |  276147   10286   791397    76.9 | 45.967 % |
|     17107 |  258647   824480 |  303762   15743  1306780    83.0 | 46.295 % |
==============================================================================
restarts              : 12
conflicts             : 24627          (5759 /sec)
decisions             : 93377          (21838 /sec)
propagations          : 37922958       (8868838 /sec)
conflict literals     : 1904745        (42.30 % deleted)
Memory used           : 27.71 MB
CPU time              : 4.27598 s

UNSATISFIABLE
