Reading from standard input... Use '-h' or '--help' for help.
==================================[MINISAT]===================================
| Conflicts |     ORIGINAL     |              LEARNT              | Progress |
|           | Clauses Literals |   Limit Clauses Literals  Lit/Cl |          |
==============================================================================
|         0 |  326958   916464 |  108986       0        0     nan |  0.000 % |
|       100 |  326971   916464 |  119884      87     1572    18.1 | 28.967 % |
|       250 |  326977   916464 |  131873     231    12368    53.5 | 28.967 % |
|       475 |  326985   916464 |  145060     448    34936    78.0 | 28.967 % |
|       812 |  275018   849076 |  159566     741    47255    63.8 | 43.032 % |
|      1319 |  275024   849076 |  175523    1241    71034    57.2 | 43.038 % |
|      2088 |  274929   848920 |  193075    1977   125836    63.6 | 43.049 % |
|      3230 |  274880   848811 |  212382    3091   221819    71.8 | 43.058 % |
|      4939 |  272638   845853 |  233621    4152   366150    88.2 | 43.473 % |
|      7501 |  270723   843371 |  256983    6609   565242    85.5 | 43.779 % |
|     11346 |  269624   841911 |  282681   10365   920296    88.8 | 44.005 % |
|     17112 |  268402   839963 |  310949   16004  1506186    94.1 | 44.417 % |
|     25761 |  266966   837801 |  342044   24131  2583620   107.1 | 44.556 % |
|     38736 |  264149   833758 |  376249   36797  3987763   108.4 | 45.008 % |
|     58198 |  262764   831421 |  413874   55862  5728142   102.5 | 45.262 % |
==============================================================================
restarts              : 15
conflicts             : 70803          (3343 /sec)
decisions             : 223268         (10541 /sec)
propagations          : 151959914      (7174261 /sec)
conflict literals     : 6822630        (52.19 % deleted)
Memory used           : 48.33 MB
CPU time              : 21.1813 s

UNSATISFIABLE
