Reading from standard input... Use '-h' or '--help' for help.
==================================[MINISAT]===================================
| Conflicts |     ORIGINAL     |              LEARNT              | Progress |
|           | Clauses Literals |   Limit Clauses Literals  Lit/Cl |          |
==============================================================================
|         0 |  327148   916216 |  109049       0        0     nan |  0.000 % |
|       101 |  327166   916216 |  119953      83      675     8.1 | 28.980 % |
|       251 |  327175   916216 |  131949     224     6536    29.2 | 28.980 % |
|       477 |  327186   916216 |  145144     435    69136   158.9 | 29.025 % |
|       814 |  326851   915892 |  159658     763   103171   135.2 | 29.026 % |
|      1320 |  326867   915892 |  175624    1253   203469   162.4 | 29.026 % |
|      2081 |  326806   915817 |  193186    1996   281914   141.2 | 29.034 % |
|      3223 |  326843   915817 |  212505    3097   414213   133.7 | 41.531 % |
|      4935 |  277318   851296 |  233756    4691   640167   136.5 | 41.578 % |
|      7497 |  276727   850372 |  257131    7076   939761   132.8 | 41.687 % |
|     11341 |  276379   849833 |  282845   10852  1439612   132.7 | 41.809 % |
|     17110 |  275791   848983 |  311129   16507  2170419   131.5 | 42.046 % |
|     25759 |  272790   844849 |  342242   24963  3120784   125.0 | 42.385 % |
|     38734 |  272745   844666 |  376466   37846  4786632   126.5 | 42.458 % |
|     58195 |  272152   843886 |  414113   57064  7323167   128.3 | 42.543 % |
|     87387 |  271792   843100 |  455524   85973 10689412   124.3 | 42.579 % |

*** INTERRUPTED ***
restarts              : 16
conflicts             : 99019          (3352 /sec)
decisions             : 318139         (10771 /sec)
propagations          : 212097587      (7180959 /sec)
conflict literals     : 11907485       (53.19 % deleted)
Memory used           : 71.11 MB
CPU time              : 29.5361 s

*** INTERRUPTED ***
