Reading from standard input... Use '-h' or '--help' for help.
==================================[MINISAT]===================================
| Conflicts |     ORIGINAL     |              LEARNT              | Progress |
|           | Clauses Literals |   Limit Clauses Literals  Lit/Cl |          |
==============================================================================
|         0 |  214013   593501 |   71337       0        0     nan |  0.000 % |
|       102 |  214020   593501 |   78470      95     2340    24.6 | 28.905 % |
|       252 |  214029   593501 |   86317     232     7151    30.8 | 28.926 % |
|       477 |  213970   593270 |   94949     354    24450    69.1 | 46.597 % |
|       815 |  173588   542641 |  104444     608    35970    59.2 | 46.775 % |
|      1321 |  172975   541705 |  114888    1091    88045    80.7 | 46.788 % |
|      2080 |  172988   541705 |  126377    1822   138529    76.0 | 47.097 % |
|      3219 |  170674   538438 |  139015    2863   233561    81.6 | 47.512 % |
|      4928 |  170006   537436 |  152917    4527   367945    81.3 | 47.789 % |
|      7490 |  166938   533303 |  168208    7001   543855    77.7 | 48.324 % |
==============================================================================
restarts              : 10
conflicts             : 10469          (7611 /sec)
decisions             : 46979          (34155 /sec)
propagations          : 17037938       (12387111 /sec)
conflict literals     : 713111         (36.48 % deleted)
Memory used           : 16.39 MB
CPU time              : 1.37546 s

UNSATISFIABLE
