Reading from standard input... Use '-h' or '--help' for help.
==================================[MINISAT]===================================
| Conflicts |     ORIGINAL     |              LEARNT              | Progress |
|           | Clauses Literals |   Limit Clauses Literals  Lit/Cl |          |
==============================================================================
|         0 |  323204   910836 |  107734       0        0     nan |  0.000 % |
|       100 |  323216   910836 |  118507      88     1108    12.6 | 29.655 % |
|       250 |  323230   910836 |  130358     224     8236    36.8 | 29.655 % |
|       475 |  323233   910836 |  143393     446   124825   279.9 | 29.655 % |
|       813 |  270875   843301 |  157733     767   179717   234.3 | 43.783 % |
|      1320 |  270809   843193 |  173506    1268   228949   180.6 | 43.791 % |
|      2080 |  270842   843193 |  190857    1995   288881   144.8 | 43.791 % |
|      3219 |  270816   843091 |  209943    3090   413257   133.7 | 43.821 % |
|      4927 |  270627   842815 |  230937    4756   612426   128.8 | 43.830 % |
|      7491 |  269898   841609 |  254031    7042   752885   106.9 | 44.018 % |
|     11335 |  267391   838358 |  279434   10679  1093501   102.4 | 44.455 % |
|     17102 |  262203   830872 |  307377   15607  1522618    97.6 | 45.491 % |
|     25752 |  262002   830545 |  338115   24085  2266321    94.1 | 45.515 % |
==============================================================================
restarts              : 13
conflicts             : 30293          (5095 /sec)
decisions             : 111464         (18747 /sec)
propagations          : 47901982       (8056661 /sec)
conflict literals     : 2650883        (46.72 % deleted)
Memory used           : 30.90 MB
CPU time              : 5.94564 s

UNSATISFIABLE
