Reading from standard input... Use '-h' or '--help' for help.
==================================[MINISAT]===================================
| Conflicts |     ORIGINAL     |              LEARNT              | Progress |
|           | Clauses Literals |   Limit Clauses Literals  Lit/Cl |          |
==============================================================================
|         0 |  330582   920874 |  110194       0        0     nan |  0.000 % |
|       100 |  330598   920874 |  121213      84      887    10.6 | 28.276 % |
|       254 |  330607   920874 |  133334     227     5548    24.4 | 40.727 % |
|       479 |  330618   920874 |  146668     440    20625    46.9 | 40.729 % |
|       816 |  282732   857396 |  161335     755    53939    71.4 | 40.729 % |
|      1322 |  282743   857396 |  177468    1250    85827    68.7 | 40.729 % |
|      2083 |  282717   857312 |  195215    1975   200673   101.6 | 40.754 % |
|      3222 |  282753   857312 |  214736    3076   475893   154.7 | 40.789 % |
|      4930 |  281803   856103 |  236210    4680   619539   132.4 | 41.266 % |
|      7493 |  280335   853786 |  259831    7205  1057067   146.7 | 41.307 % |
|     11338 |  278089   850894 |  285814   10783  2059752   191.0 | 41.941 % |
|     17104 |  274330   845781 |  314396   16115  2924469   181.5 | 42.769 % |
|     25754 |  270079   839877 |  345835   24124  4060568   168.3 | 43.279 % |
|     38731 |  266381   834695 |  380419   35621  5260553   147.7 | 43.988 % |
==============================================================================
restarts              : 14
conflicts             : 56882          (3405 /sec)
decisions             : 212703         (12731 /sec)
propagations          : 105283198      (6301673 /sec)
conflict literals     : 7043580        (45.18 % deleted)
Memory used           : 48.91 MB
CPU time              : 16.7072 s

UNSATISFIABLE
