Reading from standard input... Use '-h' or '--help' for help.
==================================[MINISAT]===================================
| Conflicts |     ORIGINAL     |              LEARNT              | Progress |
|           | Clauses Literals |   Limit Clauses Literals  Lit/Cl |          |
==============================================================================
|         0 |  322949   910835 |  107649       0        0     nan |  0.000 % |
|       100 |  322962   910835 |  118413      87      859     9.9 | 29.711 % |
|       250 |  322967   910835 |  130255     232    15981    68.9 | 29.712 % |
|       475 |  265679   838154 |  143280     438    55597   126.9 | 45.559 % |
|       815 |  265696   838154 |  157608     759    86053   113.4 | 45.615 % |
|      1322 |  265710   838154 |  173369    1246   257167   206.4 | 45.662 % |
|      2082 |  265043   837347 |  190706    1946   333331   171.3 | 45.972 % |
|      3223 |  262808   834515 |  209777    3015   432593   143.5 | 46.126 % |
|      4936 |  260922   831845 |  230755    4562   555490   121.8 | 46.480 % |
|      7498 |  258915   828824 |  253830    6999   738252   105.5 | 46.819 % |
|     11343 |  257676   826898 |  279213   10706  1042526    97.4 | 47.129 % |
|     17109 |  256128   824381 |  307135   16328  1494171    91.5 | 47.585 % |
|     25759 |  252897   819260 |  337848   22742  1910040    84.0 | 47.932 % |
==============================================================================
restarts              : 13
conflicts             : 26588          (4687 /sec)
decisions             : 111891         (19726 /sec)
propagations          : 49101033       (8656196 /sec)
conflict literals     : 2091796        (42.08 % deleted)
Memory used           : 28.02 MB
CPU time              : 5.67236 s

UNSATISFIABLE
