Reading from standard input... Use '-h' or '--help' for help.
==================================[MINISAT]===================================
| Conflicts |     ORIGINAL     |              LEARNT              | Progress |
|           | Clauses Literals |   Limit Clauses Literals  Lit/Cl |          |
==============================================================================
|         0 |  215864   595651 |   71954       0        0     nan |  0.000 % |
|       100 |  215867   595651 |   79149      96     1921    20.0 | 28.419 % |
|       250 |  215870   595651 |   87064     242    16209    67.0 | 41.881 % |
|       476 |  215883   595651 |   95770     455    32206    70.8 | 41.881 % |
|       813 |  183941   554151 |  105347     761    43135    56.7 | 41.945 % |
|      1319 |  183965   554151 |  115882    1243    78983    63.5 | 41.945 % |
|      2080 |  183711   553794 |  127470    1979   132252    66.8 | 41.945 % |
|      3220 |  183079   553326 |  140217    3043   204979    67.4 | 42.106 % |
|      4928 |  180736   550121 |  154239    4533   328010    72.4 | 42.920 % |
|      7491 |  178565   546806 |  169663    6851   478789    69.9 | 43.306 % |
|     11335 |  177255   544664 |  186630   10005   708722    70.8 | 43.655 % |
|     17102 |  177246   544568 |  205293   15708  1106247    70.4 | 43.848 % |
|     25753 |  175667   542294 |  225822   24123  1966478    81.5 | 44.099 % |
==============================================================================
restarts              : 13
conflicts             : 32981          (5374 /sec)
decisions             : 120961         (19708 /sec)
propagations          : 54226296       (8834954 /sec)
conflict literals     : 2472291        (42.41 % deleted)
Memory used           : 24.50 MB
CPU time              : 6.1377 s

UNSATISFIABLE
