Reading from standard input... Use '-h' or '--help' for help.
==================================[MINISAT]===================================
| Conflicts |     ORIGINAL     |              LEARNT              | Progress |
|           | Clauses Literals |   Limit Clauses Literals  Lit/Cl |          |
==============================================================================
|         0 |  321373   908301 |  107124       0        0     nan |  0.000 % |
|       100 |  321392   908301 |  117836      81     5323    65.7 | 29.991 % |
|       253 |  321395   908301 |  129620     230    48969   212.9 | 45.654 % |
|       478 |  321403   908301 |  142582     447    61807   138.3 | 45.654 % |
|       816 |  265305   837649 |  156840     748    81572   109.1 | 45.680 % |
|      1322 |  265317   837649 |  172524    1242   118551    95.5 | 45.680 % |
|      2082 |  265158   837307 |  189776    1969   224315   113.9 | 45.746 % |
|      3225 |  263460   834761 |  208754    2911   347788   119.5 | 45.990 % |
|      4933 |  262220   832776 |  229629    4549   487481   107.2 | 46.300 % |
|      7499 |  260680   830767 |  252592    7046   935973   132.8 | 46.534 % |
|     11346 |  259592   829165 |  277852   10766  1354479   125.8 | 46.736 % |
|     17114 |  258395   827110 |  305637   16413  1921572   117.1 | 47.035 % |
|     25763 |  254593   821347 |  336201   24801  2727455   110.0 | 47.525 % |
==============================================================================
restarts              : 13
conflicts             : 27346          (4737 /sec)
decisions             : 103232         (17882 /sec)
propagations          : 47211228       (8178017 /sec)
conflict literals     : 2821375        (42.60 % deleted)
Memory used           : 31.57 MB
CPU time              : 5.77294 s

UNSATISFIABLE
