Reading from standard input... Use '-h' or '--help' for help.
==================================[MINISAT]===================================
| Conflicts |     ORIGINAL     |              LEARNT              | Progress |
|           | Clauses Literals |   Limit Clauses Literals  Lit/Cl |          |
==============================================================================
|         0 |  217282   598347 |   72427       0        0     nan |  0.000 % |
|       101 |  217289   598347 |   79669      94     2660    28.3 | 27.989 % |
|       252 |  217293   598347 |   87636     241     6809    28.3 | 27.989 % |
|       478 |  217316   598347 |   96400     439    16077    36.6 | 45.626 % |
|       815 |  177034   547847 |  106040     725    33197    45.8 | 45.642 % |
|      1321 |  176497   546935 |  116644    1164    56561    48.6 | 45.778 % |
|      2080 |  176552   546935 |  128308    1865   110093    59.0 | 46.014 % |
|      3219 |  175561   545420 |  141139    2950   340411   115.4 | 46.025 % |
|      4928 |  175239   544964 |  155253    4638   593902   128.1 | 46.187 % |
|      7492 |  173167   541969 |  170779    7133   921891   129.2 | 46.700 % |
|     11336 |  170031   537492 |  187856   10877  1300077   119.5 | 47.739 % |
==============================================================================
restarts              : 11
conflicts             : 14656          (6089 /sec)
decisions             : 48540          (20167 /sec)
propagations          : 23727250       (9858225 /sec)
conflict literals     : 1491786        (37.22 % deleted)
Memory used           : 19.82 MB
CPU time              : 2.40685 s

UNSATISFIABLE
