Reading from standard input... Use '-h' or '--help' for help.
==================================[MINISAT]===================================
| Conflicts |     ORIGINAL     |              LEARNT              | Progress |
|           | Clauses Literals |   Limit Clauses Literals  Lit/Cl |          |
==============================================================================
|         0 |  321716   909975 |  107238       0        0     nan |  0.000 % |
|       100 |  321731   909975 |  117961      85      891    10.5 | 29.927 % |
|       250 |  321737   909975 |  129757     229    15642    68.3 | 29.927 % |
|       478 |  321740   909975 |  142733     452    28245    62.5 | 29.936 % |
|       817 |  321696   909873 |  157007     781   183800   235.3 | 29.936 % |
|      1324 |  321702   909873 |  172707    1279   352114   275.3 | 29.943 % |
|      2083 |  321681   909741 |  189978    1935   457264   236.3 | 47.855 % |
|      3222 |  259247   830503 |  208976    3047   550375   180.6 | 48.016 % |
|      4933 |  256949   826606 |  229874    3513   705619   200.9 | 48.330 % |
|      7496 |  256958   826606 |  252861    6067   997237   164.4 | 48.330 % |
|     11342 |  256614   826579 |  278147    9892  1530562   154.7 | 48.704 % |
|     17108 |  250300   817660 |  305962   15521  2032755   131.0 | 49.578 % |
==============================================================================
restarts              : 12
conflicts             : 24099          (5030 /sec)
decisions             : 71424          (14908 /sec)
propagations          : 41386250       (8638156 /sec)
conflict literals     : 2583701        (40.27 % deleted)
Memory used           : 30.21 MB
CPU time              : 4.7911 s

UNSATISFIABLE
