Reading from standard input... Use '-h' or '--help' for help.
==================================[MINISAT]===================================
| Conflicts |     ORIGINAL     |              LEARNT              | Progress |
|           | Clauses Literals |   Limit Clauses Literals  Lit/Cl |          |
==============================================================================
|         0 |  334398   924872 |  111466       0        0     nan |  0.000 % |
|       103 |  334410   924872 |  122612      91     1643    18.1 | 27.603 % |
|       254 |  334414   924872 |  134873     238     7594    31.9 | 27.603 % |
|       479 |  294537   870045 |  148361     424    16934    39.9 | 37.265 % |
|       817 |  294547   870045 |  163197     749   105135   140.4 | 37.414 % |
|      1323 |  294017   869250 |  179517    1199   181656   151.5 | 37.603 % |
|      2082 |  292784   867777 |  197468    1895   234378   123.7 | 37.685 % |
|      3221 |  289633   863509 |  217215    2513   360704   143.5 | 38.177 % |
|      4931 |  289216   862903 |  238937    4165   512474   123.0 | 38.275 % |
|      7493 |  287349   860697 |  262830    6543   944173   144.3 | 38.600 % |
|     11337 |  283651   855931 |  289114    9920  1264685   127.5 | 39.670 % |
|     17103 |  281077   852543 |  318025   15265  1903814   124.7 | 39.857 % |
|     25753 |  280016   850887 |  349828   23605  2946025   124.8 | 40.049 % |
|     38731 |  279553   850047 |  384810   36351  4566833   125.6 | 40.392 % |
|     58192 |  277753   847405 |  423291   55082  7122527   129.3 | 40.501 % |
==============================================================================
restarts              : 15
conflicts             : 81710          (3443 /sec)
decisions             : 324377         (13670 /sec)
propagations          : 140100890      (5904035 /sec)
conflict literals     : 9855360        (48.16 % deleted)
Memory used           : 62.23 MB
CPU time              : 23.7297 s

UNSATISFIABLE
