Reading from standard input... Use '-h' or '--help' for help.
==================================[MINISAT]===================================
| Conflicts |     ORIGINAL     |              LEARNT              | Progress |
|           | Clauses Literals |   Limit Clauses Literals  Lit/Cl |          |
==============================================================================
|         0 |  133992   373135 |   44664       0        0     nan |  0.000 % |
|       100 |  134003   373135 |   49130      89     3818    42.9 | 29.614 % |
|       251 |  134012   373135 |   54043     231    12706    55.0 | 29.614 % |
|       476 |  134033   373135 |   59447     435    23083    53.1 | 29.614 % |
|       815 |  133982   372943 |   65392     642    46414    72.3 | 29.666 % |
|      1322 |  133988   372943 |   71931    1143   113519    99.3 | 29.666 % |
|      2081 |  133972   372877 |   79125    1864   160732    86.2 | 29.666 % |
==============================================================================
restarts              : 7
conflicts             : 2586           (8052 /sec)
decisions             : 10267          (31967 /sec)
propagations          : 4078283        (12698048 /sec)
conflict literals     : 197964         (56.34 % deleted)
Memory used           : 10.90 MB
CPU time              : 0.321174 s

UNSATISFIABLE
