Reading from standard input... Use '-h' or '--help' for help.
==================================[MINISAT]===================================
| Conflicts |     ORIGINAL     |              LEARNT              | Progress |
|           | Clauses Literals |   Limit Clauses Literals  Lit/Cl |          |
==============================================================================
|         0 |  321429   908159 |  107143       0        0     nan |  0.000 % |
|       100 |  321443   908159 |  117857      86      970    11.3 | 30.007 % |
|       252 |  321460   908159 |  129643     217     3322    15.3 | 44.049 % |
|       477 |  321480   908159 |  142607     422    26044    61.7 | 44.050 % |
|       814 |  269534   841434 |  156868     712    48938    68.7 | 44.070 % |
|      1320 |  269545   841434 |  172554    1205    96365    80.0 | 44.266 % |
|      2079 |  268345   839942 |  189810    1912   141018    73.8 | 44.412 % |
|      3218 |  266675   837266 |  208791    2870   225591    78.6 | 44.654 % |
|      4928 |  264626   834482 |  229670    4414   358346    81.2 | 45.409 % |
|      7490 |  261007   828821 |  252637    6512   496912    76.3 | 45.679 % |
|     11335 |  260148   827579 |  277901   10171   851634    83.7 | 45.822 % |
|     17102 |  258866   825284 |  305691   15620  1250007    80.0 | 46.201 % |
==============================================================================
restarts              : 12
conflicts             : 23383          (6097 /sec)
decisions             : 97830          (25509 /sec)
propagations          : 36261104       (9455182 /sec)
conflict literals     : 1642953        (41.16 % deleted)
Memory used           : 26.50 MB
CPU time              : 3.83505 s

UNSATISFIABLE
