Reading from standard input... Use '-h' or '--help' for help.
==================================[MINISAT]===================================
| Conflicts |     ORIGINAL     |              LEARNT              | Progress |
|           | Clauses Literals |   Limit Clauses Literals  Lit/Cl |          |
==============================================================================
|         0 |  321270   907712 |  107090       0        0     nan |  0.000 % |
|       100 |  321285   907712 |  117799      85      945    11.1 | 30.091 % |
|       251 |  321298   907712 |  129578     223     9358    42.0 | 30.091 % |
|       476 |  321312   907712 |  142536     433    26400    61.0 | 42.498 % |
|       817 |  274360   846642 |  156790     762    39036    51.2 | 42.516 % |
|      1323 |  274387   846642 |  172469    1241    83795    67.5 | 42.516 % |
|      2082 |  274276   846423 |  189716    1978   212475   107.4 | 42.556 % |
|      3221 |  274127   846207 |  208688    3099   373935   120.7 | 42.581 % |
|      4929 |  273750   845580 |  229556    4759   504595   106.0 | 42.690 % |
|      7491 |  273230   844677 |  252512    7144   835805   117.0 | 42.690 % |
|     11336 |  273018   844224 |  277763   10896  1388712   127.5 | 42.737 % |
|     17102 |  269903   839190 |  305540   16128  2122089   131.6 | 43.923 % |
|     25753 |  265734   833868 |  336094   23850  2987070   125.2 | 44.084 % |
|     38729 |  265120   832611 |  369703   36576  4305526   117.7 | 44.228 % |
==============================================================================
restarts              : 14
conflicts             : 43460          (4926 /sec)
decisions             : 148259         (16806 /sec)
propagations          : 65070157       (7375966 /sec)
conflict literals     : 4692967        (45.28 % deleted)
Memory used           : 39.35 MB
CPU time              : 8.82192 s

UNSATISFIABLE
