Reading from standard input... Use '-h' or '--help' for help.
==================================[MINISAT]===================================
| Conflicts |     ORIGINAL     |              LEARNT              | Progress |
|           | Clauses Literals |   Limit Clauses Literals  Lit/Cl |          |
==============================================================================
|         0 |  328128   916564 |  109376       0        0     nan |  0.000 % |
|       100 |  328142   916564 |  120313      86     1037    12.1 | 28.754 % |
|       250 |  328151   916564 |  132344     227    42472   187.1 | 28.754 % |
|       475 |  328187   916564 |  145579     416    63295   152.2 | 28.754 % |
|       812 |  288458   862637 |  160137     721    75044   104.1 | 38.567 % |
|      1319 |  288460   862637 |  176151    1226   113533    92.6 | 38.567 % |
|      2079 |  288007   862010 |  193766    1911   170947    89.5 | 38.601 % |
|      3220 |  287176   860876 |  213142    2944   275473    93.6 | 38.699 % |
|      4929 |  287224   860876 |  234457    4602   493105   107.2 | 38.844 % |
|      7494 |  286448   859862 |  257902    7104   705409    99.3 | 38.880 % |
|     11338 |  285742   858736 |  283693   10681  1274759   119.3 | 38.987 % |
|     17104 |  276834   845867 |  312062   14563  1869104   128.3 | 40.794 % |
|     25754 |  275900   844151 |  343268   22871  2745875   120.1 | 41.033 % |
|     38730 |  273092   840326 |  377595   33585  3580267   106.6 | 41.357 % |
==============================================================================
restarts              : 14
conflicts             : 47025          (4576 /sec)
decisions             : 213425         (20768 /sec)
propagations          : 71020371       (6910771 /sec)
conflict literals     : 4715588        (43.77 % deleted)
Memory used           : 38.49 MB
CPU time              : 10.2768 s

UNSATISFIABLE
