Reading from standard input... Use '-h' or '--help' for help.
==================================[MINISAT]===================================
| Conflicts |     ORIGINAL     |              LEARNT              | Progress |
|           | Clauses Literals |   Limit Clauses Literals  Lit/Cl |          |
==============================================================================
|         0 |  320408   907318 |  106802       0        0     nan |  0.000 % |
|       100 |  320421   907318 |  117482      87     5206    59.8 | 30.214 % |
|       252 |  320426   907318 |  129230     234    30711   131.2 | 30.214 % |
|       477 |  320445   907318 |  142153     439    49105   111.9 | 44.395 % |
|       814 |  320456   907318 |  156368     765    84476   110.4 | 44.395 % |
|      1320 |  268706   840367 |  172005    1246   172867   138.7 | 44.411 % |
|      2083 |  268622   840160 |  189206    1953   213420   109.3 | 44.496 % |
|      3223 |  267480   838222 |  208126    2802   274586    98.0 | 44.581 % |
|      4931 |  267242   837745 |  228939    4435   399043    90.0 | 44.664 % |
|      7496 |  266567   836776 |  251833    6940   571831    82.4 | 44.774 % |
|     11340 |  264789   833989 |  277016   10628   958260    90.2 | 45.044 % |
|     17110 |  264191   832999 |  304718   16246  1431531    88.1 | 45.153 % |
|     25759 |  264064   832660 |  335190   24758  2387582    96.4 | 45.235 % |
|     38735 |  261995   829417 |  368709   35025  3149012    89.9 | 45.567 % |
==============================================================================
restarts              : 14
conflicts             : 40283          (4342 /sec)
decisions             : 146497         (15792 /sec)
propagations          : 77114868       (8312587 /sec)
conflict literals     : 3654996        (46.31 % deleted)
Memory used           : 34.05 MB
CPU time              : 9.27688 s

UNSATISFIABLE
