Reading from standard input... Use '-h' or '--help' for help.
==================================[MINISAT]===================================
| Conflicts |     ORIGINAL     |              LEARNT              | Progress |
|           | Clauses Literals |   Limit Clauses Literals  Lit/Cl |          |
==============================================================================
|         0 | 3916198  9825985 | 1305399       0        0     nan |  0.000 % |
|       109 | 3916199  9825985 | 1435938     108    28583   264.7 |  8.655 % |
|       260 | 3916203  9825985 | 1579532     254    56295   221.6 |  8.655 % |
|       485 | 3916210  9825985 | 1737486     472   107938   228.7 |  8.655 % |
|       822 | 3916212  9825985 | 1911234     807   199685   247.4 |  8.655 % |
|      1329 | 3916221  9825985 | 2102358    1305   431627   330.7 |  8.655 % |
|      2090 | 3916241  9825985 | 2312593    2042   851290   416.9 |  8.656 % |
|      3229 | 3916261  9825985 | 2543853    3161  1118225   353.8 |  8.656 % |
|      4937 | 3916272  9825958 | 2798238    4830  1620752   335.6 |  8.656 % |
|      7499 | 3916311  9825949 | 3078062    7341  3885508   529.3 |  8.656 % |
|     11344 | 3916361  9825949 | 3385868   11133  5904985   530.4 |  8.656 % |
|     17110 | 3916384  9825931 | 3724455   16855  8692311   515.7 |  8.656 % |
|     25759 | 3916412  9825931 | 4096901   25476 12296179   482.7 |  8.656 % |
|     38735 | 3916523  9825904 | 4506591   38294 18668497   487.5 |  8.658 % |
|     58197 | 3916639  9825877 | 4957250   57599 34724485   602.9 |  8.658 % |
|     87391 | 3916700  9825832 | 5452975   86666 56694395   654.2 |  8.660 % |
|    131181 | 3916795  9825472 | 5998273  130016 91255683   701.9 |  8.664 % |
|    196867 | 3916905  9825400 | 6598100  195495 140012818   716.2 |  8.666 % |
|    295397 | 3917059  9825283 | 7257910  293734 218456685   743.7 |  8.668 % |
==============================================================================
restarts              : 19
conflicts             : 350445         (1546 /sec)
decisions             : 3428247        (15122 /sec)
propagations          : 1248830421     (5508613 /sec)
conflict literals     : 263237077      (13.08 % deleted)
Memory used           : 1231.48 MB
CPU time              : 226.705 s

UNSATISFIABLE
