Reading from standard input... Use '-h' or '--help' for help.
==================================[MINISAT]===================================
| Conflicts |     ORIGINAL     |              LEARNT              | Progress |
|           | Clauses Literals |   Limit Clauses Literals  Lit/Cl |          |
==============================================================================
|         0 |  322362   910334 |  107454       0        0     nan |  0.000 % |
|       102 |  322378   910334 |  118199      86      938    10.9 | 29.839 % |
|       252 |  322380   910334 |  130019     233    28813   123.7 | 29.847 % |
|       478 |  322398   910334 |  143021     439    34491    78.6 | 29.853 % |
|       815 |  322321   910103 |  157323     728    69895    96.0 | 29.883 % |
|      1322 |  322344   910103 |  173055    1212   118954    98.1 | 29.883 % |
|      2081 |  264837   836952 |  190361    1864   187408   100.5 | 45.828 % |
|      3220 |  264873   836952 |  209397    2963   375631   126.8 | 46.130 % |
|      4930 |  261088   831906 |  230337    4567   556314   121.8 | 46.552 % |
|      7492 |  259374   829302 |  253370    6908   796749   115.3 | 46.819 % |
|     11339 |  258721   828180 |  278708   10643  1176609   110.6 | 47.055 % |
|     17105 |  257911   826857 |  306578   16335  1656257   101.4 | 47.072 % |
|     25758 |  255805   823857 |  337236   24792  2314051    93.3 | 47.517 % |
==============================================================================
restarts              : 13
conflicts             : 32896          (4190 /sec)
decisions             : 110702         (14100 /sec)
propagations          : 64523449       (8218286 /sec)
conflict literals     : 2782568        (45.59 % deleted)
Memory used           : 31.28 MB
CPU time              : 7.85121 s

UNSATISFIABLE
