Reading from standard input... Use '-h' or '--help' for help.
==================================[MINISAT]===================================
| Conflicts |     ORIGINAL     |              LEARNT              | Progress |
|           | Clauses Literals |   Limit Clauses Literals  Lit/Cl |          |
==============================================================================
|         0 |  319316   905484 |  106438       0        0     nan |  0.000 % |
|       107 |  319332   905484 |  117081      91     5686    62.5 | 30.439 % |
|       257 |  319344   905484 |  128789     228    17373    76.2 | 44.541 % |
|       482 |  319360   905484 |  141668     437    27741    63.5 | 44.541 % |
|       819 |  268058   839635 |  155835     753    56757    75.4 | 44.541 % |
|      1326 |  268049   839569 |  171419    1197    74687    62.4 | 44.551 % |
|      2086 |  267286   838366 |  188561    1888   285412   151.2 | 44.670 % |
|      3226 |  267172   838174 |  207417    2987   405411   135.7 | 44.748 % |
|      4935 |  265546   835435 |  228159    4613   547281   118.6 | 45.521 % |
|      7497 |  261700   829382 |  250975    6985   726256   104.0 | 45.819 % |
|     11341 |  261302   828767 |  276072   10682  1045443    97.9 | 45.918 % |
|     17111 |  257697   823806 |  303680   15563  1460046    93.8 | 46.524 % |
==============================================================================
restarts              : 12
conflicts             : 24008          (5659 /sec)
decisions             : 98629          (23247 /sec)
propagations          : 36744326       (8660589 /sec)
conflict literals     : 1933006        (41.43 % deleted)
Memory used           : 27.65 MB
CPU time              : 4.2427 s

UNSATISFIABLE
