Reading from standard input... Use '-h' or '--help' for help.
==================================[MINISAT]===================================
| Conflicts |     ORIGINAL     |              LEARNT              | Progress |
|           | Clauses Literals |   Limit Clauses Literals  Lit/Cl |          |
==============================================================================
|         0 |  323763   913053 |  107921       0        0     nan |  0.000 % |
|       101 |  323781   913053 |  118713      81     8891   109.8 | 29.564 % |
|       251 |  323791   913053 |  130584     217    11467    52.8 | 52.782 % |
|       476 |  323796   913053 |  143642     437    16959    38.8 | 52.782 % |
|       813 |  323806   913053 |  158007     764    25485    33.4 | 52.782 % |
|      1320 |  235787   806346 |  173807    1234    44755    36.3 | 52.782 % |
|      2080 |  235794   806346 |  191188    1987    75550    38.0 | 52.782 % |
|      3220 |  235806   806346 |  210307    3115   119567    38.4 | 52.782 % |
|      4929 |  235809   806346 |  231338    3253   121828    37.5 | 52.804 % |
==============================================================================
restarts              : 9
conflicts             : 5365           (7411 /sec)
decisions             : 19330          (26701 /sec)
propagations          : 8017028        (11074253 /sec)
conflict literals     : 199380         (33.98 % deleted)
Memory used           : 21.60 MB
CPU time              : 0.723934 s

UNSATISFIABLE
