Reading from standard input... Use '-h' or '--help' for help.
==================================[MINISAT]===================================
| Conflicts |     ORIGINAL     |              LEARNT              | Progress |
|           | Clauses Literals |   Limit Clauses Literals  Lit/Cl |          |
==============================================================================
|         0 |  324069   913066 |  108023       0        0     nan |  0.000 % |
|       100 |  324082   913066 |  118825      87      987    11.3 | 29.490 % |
|       250 |  324092   913066 |  130707     227    19726    86.9 | 29.490 % |
|       475 |  324106   913066 |  143778     438    31057    70.9 | 29.490 % |
|       814 |  324128   913066 |  158156     755   139764   185.1 | 29.490 % |
|      1320 |  324053   912964 |  173972    1237   187270   151.4 | 47.166 % |
|      2084 |  259046   830572 |  191369    1843   250868   136.1 | 47.630 % |
|      3223 |  257780   829002 |  210506    2938   383307   130.5 | 47.995 % |
|      4931 |  255227   825213 |  231556    4583   552434   120.5 | 48.268 % |
|      7499 |  253719   822822 |  254712    7065   828809   117.3 | 48.845 % |
|     11344 |  249745   817008 |  280183    8835  1019266   115.4 | 49.372 % |
|     17113 |  246771   812389 |  308202   14397  1347891    93.6 | 49.939 % |
==============================================================================
restarts              : 12
conflicts             : 17624          (4490 /sec)
decisions             : 65469          (16678 /sec)
propagations          : 34593860       (8812856 /sec)
conflict literals     : 1569312        (34.56 % deleted)
Memory used           : 25.58 MB
CPU time              : 3.92539 s

UNSATISFIABLE
