Reading from standard input... Use '-h' or '--help' for help.
==================================[MINISAT]===================================
| Conflicts |     ORIGINAL     |              LEARNT              | Progress |
|           | Clauses Literals |   Limit Clauses Literals  Lit/Cl |          |
==============================================================================
|         0 |  322327   910120 |  107442       0        0     nan |  0.000 % |
|       100 |  322336   910120 |  118186      91     1345    14.8 | 29.862 % |
|       250 |  322345   910120 |  130004     229     5538    24.2 | 45.314 % |
|       476 |  322357   910120 |  143005     443    24727    55.8 | 45.314 % |
|       814 |  266832   840164 |  157305     748    48342    64.6 | 45.322 % |
|      1320 |  266856   840164 |  173036    1228   100128    81.5 | 45.325 % |
|      2082 |  266573   839786 |  190340    1840   142982    77.7 | 45.373 % |
|      3224 |  266607   839786 |  209374    2945   240787    81.8 | 45.392 % |
|      4933 |  264471   836521 |  230311    4544   379821    83.6 | 45.716 % |
|      7497 |  261996   832848 |  253342    6676   583935    87.5 | 46.169 % |
|     11341 |  261218   831729 |  278676   10445   976585    93.5 | 46.315 % |
|     17107 |  259748   829719 |  306544   16095  1446398    89.9 | 46.533 % |
|     25756 |  258717   828252 |  337199   24622  2132152    86.6 | 46.719 % |
==============================================================================
restarts              : 13
conflicts             : 35635          (4315 /sec)
decisions             : 113079         (13692 /sec)
propagations          : 70645192       (8554109 /sec)
conflict literals     : 2850421        (48.90 % deleted)
Memory used           : 31.96 MB
CPU time              : 8.25863 s

UNSATISFIABLE
