Reading from standard input... Use '-h' or '--help' for help.
==================================[MINISAT]===================================
| Conflicts |     ORIGINAL     |              LEARNT              | Progress |
|           | Clauses Literals |   Limit Clauses Literals  Lit/Cl |          |
==============================================================================
|         0 |  322843   909512 |  107614       0        0     nan |  0.000 % |
|       100 |  322858   909512 |  118375      85     1244    14.6 | 29.800 % |
|       251 |  322866   909512 |  130212     225     9208    40.9 | 39.368 % |
|       479 |  322872   909512 |  143234     447    15828    35.4 | 39.368 % |
|       816 |  283701   856547 |  157557     709    30761    43.4 | 39.469 % |
|      1323 |  283731   856547 |  173313    1186    93609    78.9 | 39.469 % |
|      2082 |  283434   856262 |  190644    1926   179168    93.0 | 39.486 % |
|      3221 |  283302   856085 |  209709    3047   284208    93.3 | 39.494 % |
|      4929 |  283145   855797 |  230680    4669   422770    90.5 | 39.580 % |
|      7493 |  282044   854047 |  253748    7142   627172    87.8 | 39.729 % |
|     11337 |  278670   848740 |  279123    8380   882399   105.3 | 40.302 % |
|     17110 |  277566   847321 |  307035   14020  1709973   122.0 | 40.513 % |
|     25759 |  277005   846289 |  337738   22376  2906912   129.9 | 40.616 % |
|     38734 |  276546   845383 |  371512   35103  4386883   125.0 | 40.682 % |
==============================================================================
restarts              : 14
conflicts             : 49488          (4037 /sec)
decisions             : 174373         (14224 /sec)
propagations          : 84360101       (6881533 /sec)
conflict literals     : 5503243        (46.93 % deleted)
Memory used           : 42.16 MB
CPU time              : 12.2589 s

UNSATISFIABLE
