Reading from standard input... Use '-h' or '--help' for help.
==================================[MINISAT]===================================
| Conflicts |     ORIGINAL     |              LEARNT              | Progress |
|           | Clauses Literals |   Limit Clauses Literals  Lit/Cl |          |
==============================================================================
|         0 |  328353   916708 |  109451       0        0     nan |  0.000 % |
|       101 |  328365   916708 |  120396      89     1411    15.9 | 28.745 % |
|       251 |  328369   916708 |  132435     235    10219    43.5 | 28.745 % |
|       477 |  328321   916702 |  145679     455    30574    67.2 | 28.746 % |
|       814 |  328337   916702 |  160247     772    40564    52.5 | 38.315 % |
|      1324 |  288399   862442 |  176271    1269   137444   108.3 | 38.324 % |
|      2083 |  288419   862442 |  193899    2008   200162    99.7 | 38.324 % |
|      3223 |  288207   862070 |  213289    3125   286893    91.8 | 38.358 % |
|      4932 |  287785   861521 |  234617    4795   542386   113.1 | 38.454 % |
|      7494 |  287137   860519 |  258079    7196   761606   105.8 | 38.624 % |
|     11338 |  286314   859429 |  283887   10925  1070715    98.0 | 38.776 % |
|     17104 |  284366   856402 |  312276   16320  1651706   101.2 | 39.223 % |
|     25753 |  281342   852350 |  343504   24109  2450211   101.6 | 39.806 % |
|     38728 |  280457   851045 |  377854   36854  4111732   111.6 | 39.973 % |
|     58190 |  278780   848946 |  415639   55927  6349073   113.5 | 40.370 % |
==============================================================================
restarts              : 15
conflicts             : 74535          (3349 /sec)
decisions             : 253049         (11368 /sec)
propagations          : 135038441      (6066661 /sec)
conflict literals     : 8090088        (52.07 % deleted)
Memory used           : 55.07 MB
CPU time              : 22.2591 s

UNSATISFIABLE
