Reading from standard input... Use '-h' or '--help' for help.
==================================[MINISAT]===================================
| Conflicts |     ORIGINAL     |              LEARNT              | Progress |
|           | Clauses Literals |   Limit Clauses Literals  Lit/Cl |          |
==============================================================================
|         0 |  325732   916232 |  108577       0        0     nan |  0.000 % |
|       100 |  325744   916232 |  119434      86    10393   120.8 | 29.216 % |
|       251 |  325752   916232 |  131378     227    12844    56.6 | 52.991 % |
|       478 |  325760   916232 |  144515     446    19190    43.0 | 52.991 % |
|       817 |  325773   916232 |  158967     772    27911    36.2 | 52.991 % |
|      1324 |  235218   805539 |  174864    1261    45187    35.8 | 52.991 % |
|      2083 |  235223   805539 |  192350    2015    69660    34.6 | 52.991 % |
|      3224 |  235230   805539 |  211585    3149   111560    35.4 | 52.991 % |
==============================================================================
restarts              : 8
conflicts             : 4355           (6894 /sec)
decisions             : 18108          (28664 /sec)
propagations          : 6790078        (10748301 /sec)
conflict literals     : 146166         (35.60 % deleted)
Memory used           : 21.60 MB
CPU time              : 0.631735 s

UNSATISFIABLE
