Reading from standard input... Use '-h' or '--help' for help.
==================================[MINISAT]===================================
| Conflicts |     ORIGINAL     |              LEARNT              | Progress |
|           | Clauses Literals |   Limit Clauses Literals  Lit/Cl |          |
==============================================================================
|         0 |  225587   607007 |   75195       0        0     nan |  0.000 % |
|       100 |  225593   607007 |   82714      93     2264    24.3 | 25.734 % |
|       250 |  225609   607007 |   90985     227    10530    46.4 | 25.734 % |
|       476 |  225504   606857 |  100084     438    22162    50.6 | 25.741 % |
|       813 |  225526   606857 |  110092     753    49819    66.2 | 25.741 % |
|      1321 |  225543   606857 |  121102    1244    91107    73.2 | 25.741 % |
|      2080 |  205554   578489 |  133212    1954   141307    72.3 | 32.709 % |
|      3219 |  205377   578213 |  146533    3050   222019    72.8 | 32.712 % |
|      4928 |  205058   577598 |  161187    4719   475614   100.8 | 32.860 % |
|      7490 |  203552   575456 |  177305    7016   731673   104.3 | 33.282 % |
|     11336 |  201063   572451 |  195036   10597   933012    88.0 | 33.825 % |
|     17103 |  200679   571902 |  214540   16263  1485342    91.3 | 33.935 % |

*** INTERRUPTED ***
restarts              : 12
conflicts             : 25548          (674 /sec)
decisions             : 118328         (3120 /sec)
propagations          : 43269018       (1141071 /sec)
conflict literals     : 2416499        (35.91 % deleted)
Memory used           : 24.52 MB
CPU time              : 37.9196 s

*** INTERRUPTED ***
