Reading from standard input... Use '-h' or '--help' for help.
==================================[MINISAT]===================================
| Conflicts |     ORIGINAL     |              LEARNT              | Progress |
|           | Clauses Literals |   Limit Clauses Literals  Lit/Cl |          |
==============================================================================
|         0 |  321914   909902 |  107304       0        0     nan |  0.000 % |
|       103 |  321929   909902 |  118034      88     1000    11.4 | 29.870 % |
|       254 |  321936   909902 |  129837     230     8394    36.5 | 29.880 % |
|       479 |  321956   909902 |  142821     434    41048    94.6 | 29.882 % |
|       819 |  321897   909704 |  157103     723    73439   101.6 | 45.761 % |
|      1326 |  266069   838494 |  172814    1179    96884    82.2 | 45.791 % |
|      2087 |  266098   838494 |  190095    1911   279262   146.1 | 45.791 % |
|      3226 |  265316   838128 |  209105    3023   433334   143.3 | 46.067 % |
|      4934 |  264320   836946 |  230015    4639   656348   141.5 | 46.108 % |
|      7497 |  263657   836076 |  253017    7155   974869   136.3 | 46.280 % |
|     11344 |  261992   833495 |  278318   10923  1383762   126.7 | 46.607 % |
|     17112 |  261170   832177 |  306150   16570  1903998   114.9 | 46.705 % |
|     25762 |  260157   830479 |  336765   25107  2724656   108.5 | 46.851 % |
==============================================================================
restarts              : 13
conflicts             : 36239          (4095 /sec)
decisions             : 139139         (15723 /sec)
propagations          : 70893323       (8011181 /sec)
conflict literals     : 3591519        (50.54 % deleted)
Memory used           : 35.29 MB
CPU time              : 8.8493 s

UNSATISFIABLE
