Reading from standard input... Use '-h' or '--help' for help.
==================================[MINISAT]===================================
| Conflicts |     ORIGINAL     |              LEARNT              | Progress |
|           | Clauses Literals |   Limit Clauses Literals  Lit/Cl |          |
==============================================================================
|         0 |  327593   915558 |  109197       0        0     nan |  0.000 % |
|       100 |  327605   915558 |  120116      88     1224    13.9 | 28.914 % |
|       252 |  327614   915558 |  132128     229     9733    42.5 | 37.189 % |
|       477 |  327627   915558 |  145341     441    22431    50.9 | 37.189 % |
|       818 |  327634   915558 |  159875     775    46815    60.4 | 37.189 % |
|      1324 |  292637   866933 |  175862    1247    75592    60.6 | 37.189 % |
|      2083 |  292657   866933 |  193449    1985   115273    58.1 | 37.207 % |
|      3224 |  292597   866741 |  212794    3032   178595    58.9 | 37.207 % |
|      4932 |  292627   866741 |  234073    4710   378970    80.5 | 37.207 % |
|      7494 |  292249   866096 |  257480    7202   580166    80.6 | 37.280 % |
|     11339 |  292323   866096 |  283228   10884  1147967   105.5 | 37.432 % |
|     17105 |  289877   862855 |  311551   15887  1841407   115.9 | 37.830 % |
|     25755 |  285246   856051 |  342706   23651  2776305   117.4 | 38.672 % |
|     38730 |  284934   855646 |  376977   36462  4351212   119.3 | 38.738 % |
==============================================================================
restarts              : 14
conflicts             : 56066          (4269 /sec)
decisions             : 191458         (14577 /sec)
propagations          : 90331106       (6877337 /sec)
conflict literals     : 6270248        (51.09 % deleted)
Memory used           : 46.82 MB
CPU time              : 13.1346 s

UNSATISFIABLE
