Reading from standard input... Use '-h' or '--help' for help.
==================================[MINISAT]===================================
| Conflicts |     ORIGINAL     |              LEARNT              | Progress |
|           | Clauses Literals |   Limit Clauses Literals  Lit/Cl |          |
==============================================================================
|         0 |  320345   907707 |  106781       0        0     nan |  0.000 % |
|       102 |  320359   907707 |  117459      88     3887    44.2 | 30.222 % |
|       252 |  320385   907707 |  129205     212     8080    38.1 | 30.222 % |
|       477 |  320390   907707 |  142125     431    35276    81.8 | 30.222 % |
|       814 |  320340   907701 |  156338     764    48887    64.0 | 52.841 % |
|      1320 |  320356   907701 |  171971    1252    75538    60.3 | 52.853 % |
|      2079 |  235591   805685 |  189169    1936   106849    55.2 | 52.853 % |
|      3218 |  235593   805685 |  208085    1766    82387    46.7 | 52.875 % |
==============================================================================
restarts              : 8
conflicts             : 4499           (6274 /sec)
decisions             : 19143          (26697 /sec)
propagations          : 7782474        (10853461 /sec)
conflict literals     : 218498         (35.39 % deleted)
Memory used           : 21.71 MB
CPU time              : 0.71705 s

UNSATISFIABLE
