Reading from standard input... Use '-h' or '--help' for help.
==================================[MINISAT]===================================
| Conflicts |     ORIGINAL     |              LEARNT              | Progress |
|           | Clauses Literals |   Limit Clauses Literals  Lit/Cl |          |
==============================================================================
|         0 |  327543   915248 |  109181       0        0     nan |  0.000 % |
|       100 |  327557   915248 |  120099      86      800     9.3 | 28.977 % |
|       250 |  327568   915248 |  132109     224     3615    16.1 | 28.978 % |
|       476 |  327573   915248 |  145319     442    13610    30.8 | 36.094 % |
|       819 |  295595   870082 |  159851     738    47828    64.8 | 36.174 % |
|      1327 |  295607   870082 |  175837    1231    98951    80.4 | 36.184 % |
|      2086 |  295342   869632 |  193420    1919   160727    83.8 | 36.249 % |
|      3226 |  295381   869632 |  212762    3020   339145   112.3 | 36.249 % |
|      4934 |  293951   867727 |  234039    4455   429785    96.5 | 36.464 % |
|      7496 |  293385   866881 |  257443    6971   726520   104.2 | 36.557 % |
|     11343 |  293013   866386 |  283187   10768  1035841    96.2 | 36.622 % |
|     17110 |  292099   864992 |  311506   16471  1645914    99.9 | 36.861 % |
|     25760 |  291226   863495 |  342656   24967  2620646   105.0 | 36.985 % |
|     38735 |  291310   863237 |  376922   37654  4332600   115.1 | 37.022 % |
==============================================================================
restarts              : 14
conflicts             : 55037          (3733 /sec)
decisions             : 225876         (15321 /sec)
propagations          : 102895143      (6979184 /sec)
conflict literals     : 6024895        (49.50 % deleted)
Memory used           : 45.69 MB
CPU time              : 14.7431 s

UNSATISFIABLE
