Reading from standard input... Use '-h' or '--help' for help.
==================================[MINISAT]===================================
| Conflicts |     ORIGINAL     |              LEARNT              | Progress |
|           | Clauses Literals |   Limit Clauses Literals  Lit/Cl |          |
==============================================================================
|         0 |  214237   593290 |   71412       0        0     nan |  0.000 % |
|       100 |  214238   593290 |   78553      99     1839    18.6 | 28.877 % |
|       254 |  214242   593290 |   86408     247     8169    33.1 | 42.095 % |
|       480 |  214267   593290 |   95049     447    15355    34.4 | 42.111 % |
|       819 |  182902   553128 |  104554     773    40208    52.0 | 42.173 % |
|      1325 |  182927   553128 |  115009    1254    79582    63.5 | 42.173 % |
|      2084 |  182957   553128 |  126510    1979   125757    63.5 | 42.180 % |
|      3228 |  182969   553083 |  139161    3085   264014    85.6 | 42.202 % |
|      4936 |  182195   552216 |  153077    4741   395007    83.3 | 42.571 % |
|      7499 |  180344   549429 |  168385    7186   562979    78.3 | 42.917 % |
|     11348 |  178928   547485 |  185224   10830   893695    82.5 | 43.204 % |
|     17114 |  177381   545169 |  203746   16393  1322872    80.7 | 43.536 % |
|     25765 |  177318   544950 |  224121   24871  2037476    81.9 | 43.571 % |
|     38740 |  176986   544287 |  246533   37648  2894450    76.9 | 44.420 % |
==============================================================================
restarts              : 14
conflicts             : 38806          (5741 /sec)
decisions             : 135364         (20026 /sec)
propagations          : 68785661       (10176350 /sec)
conflict literals     : 2903908        (45.73 % deleted)
Memory used           : 26.66 MB
CPU time              : 6.75936 s

UNSATISFIABLE
