Reading from standard input... Use '-h' or '--help' for help.
==================================[MINISAT]===================================
| Conflicts |     ORIGINAL     |              LEARNT              | Progress |
|           | Clauses Literals |   Limit Clauses Literals  Lit/Cl |          |
==============================================================================
|         0 |  320907   907488 |  106969       0        0     nan |  0.000 % |
|       103 |  320919   907488 |  117665      91      895     9.8 | 30.166 % |
|       254 |  320927   907488 |  129432     233    20911    89.7 | 30.168 % |
|       480 |  320931   907488 |  142375     454    40555    89.3 | 42.688 % |
|       818 |  273581   845134 |  156613     768    54647    71.2 | 42.730 % |
|      1324 |  273616   845134 |  172274    1239    93061    75.1 | 42.730 % |
|      2083 |  273167   844555 |  189502    1980   126461    63.9 | 42.774 % |
|      3222 |  272973   844186 |  208452    3090   187804    60.8 | 42.896 % |
|      4931 |  270628   840775 |  229297    3859   264999    68.7 | 43.221 % |
|      7495 |  270176   840151 |  252227    6316   441065    69.8 | 43.304 % |
|     11340 |  269036   838321 |  277450   10032   793434    79.1 | 43.477 % |
|     17108 |  268241   837028 |  305195   15567  1351371    86.8 | 43.634 % |
|     25757 |  265861   833777 |  335714   23572  2160314    91.6 | 44.054 % |
==============================================================================
restarts              : 13
conflicts             : 38595          (4352 /sec)
decisions             : 152606         (17209 /sec)
propagations          : 67472166       (7608708 /sec)
conflict literals     : 3415861        (46.46 % deleted)
Memory used           : 33.79 MB
CPU time              : 8.86776 s

UNSATISFIABLE
