Reading from standard input... Use '-h' or '--help' for help.
==================================[MINISAT]===================================
| Conflicts |     ORIGINAL     |              LEARNT              | Progress |
|           | Clauses Literals |   Limit Clauses Literals  Lit/Cl |          |
==============================================================================
|         0 |  323111   910270 |  107703       0        0     nan |  0.000 % |
|       100 |  323126   910270 |  118473      85      764     9.0 | 29.716 % |
|       251 |  323134   910270 |  130320     227     5833    25.7 | 29.724 % |
|       476 |  323156   910270 |  143352     430    64199   149.3 | 29.724 % |
|       813 |  323112   910138 |  157687     744   121316   163.1 | 29.724 % |
|      1319 |  323122   910138 |  173456    1240   193350   155.9 | 29.724 % |
|      2083 |  323103   910039 |  190802    1929   282580   146.5 | 29.729 % |
|      3222 |  275955   848327 |  209882    3026   375694   124.2 | 42.047 % |
|      4932 |  275822   848153 |  230870    4715   544052   115.4 | 42.056 % |
|      7495 |  275002   847134 |  253958    7215   824784   114.3 | 42.202 % |
|     11342 |  273404   845286 |  279353   10790  1254049   116.2 | 42.490 % |
|     17108 |  273011   844599 |  307289   16474  1843355   111.9 | 42.576 % |
|     25758 |  272664   843987 |  338018   25005  3046092   121.8 | 42.656 % |
|     38732 |  271819   842826 |  371819   37817  4665544   123.4 | 42.779 % |
|     58193 |  271464   842202 |  409001   57101  7227940   126.6 | 42.847 % |
|     87385 |  271555   842109 |  449902   86133 10661480   123.8 | 42.855 % |
==============================================================================
restarts              : 16
conflicts             : 96841          (3692 /sec)
decisions             : 286339         (10917 /sec)
propagations          : 199158735      (7593044 /sec)
conflict literals     : 11569485       (55.18 % deleted)
Memory used           : 68.64 MB
CPU time              : 26.2291 s

UNSATISFIABLE
