Reading from standard input... Use '-h' or '--help' for help.
==================================[MINISAT]===================================
| Conflicts |     ORIGINAL     |              LEARNT              | Progress |
|           | Clauses Literals |   Limit Clauses Literals  Lit/Cl |          |
==============================================================================
|         0 |  318823   905752 |  106274       0        0     nan |  0.000 % |
|       100 |  318834   905752 |  116901      89     1055    11.9 | 30.519 % |
|       251 |  318861   905752 |  128591     202     7784    38.5 | 53.402 % |
|       476 |  318874   905752 |  141450     409    12002    29.3 | 53.510 % |
|       814 |  318878   905752 |  155595     743    25263    34.0 | 53.510 % |
|      1320 |  233902   801855 |  171155    1142    46522    40.7 | 53.511 % |
|      2082 |  233731   801576 |  188270    1879    77385    41.2 | 53.558 % |
|      3221 |  233735   801576 |  207097    3013   119608    39.7 | 53.577 % |
|      4932 |  233512   801189 |  227807    4712   178056    37.8 | 53.577 % |
==============================================================================
restarts              : 9
conflicts             : 5424           (8599 /sec)
decisions             : 19315          (30620 /sec)
propagations          : 7667214        (12154727 /sec)
conflict literals     : 193454         (34.56 % deleted)
Memory used           : 21.70 MB
CPU time              : 0.630801 s

UNSATISFIABLE
