Reading from standard input... Use '-h' or '--help' for help.
==================================[MINISAT]===================================
| Conflicts |     ORIGINAL     |              LEARNT              | Progress |
|           | Clauses Literals |   Limit Clauses Literals  Lit/Cl |          |
==============================================================================
|         0 |  320524   907785 |  106841       0        0     nan |  0.000 % |
|       100 |  320539   907785 |  117525      85     4674    55.0 | 30.120 % |
|       250 |  320549   907785 |  129277     225    31451   139.8 | 30.120 % |
|       475 |  320564   907785 |  142205     435    51066   117.4 | 30.120 % |
|       815 |  320575   907785 |  156425     764   132593   173.6 | 30.120 % |
|      1321 |  264602   836152 |  172068    1240   163542   131.9 | 46.119 % |
|      2080 |  264615   836152 |  189275    1986   203598   102.5 | 46.119 % |
|      3219 |  264558   835960 |  208202    3021   279677    92.6 | 46.137 % |
|      4927 |  263110   833749 |  229023    4639   393170    84.8 | 46.402 % |
|      7489 |  262626   833005 |  251925    7114   588130    82.7 | 46.479 % |
|     11333 |  262695   833005 |  277118   10889   852080    78.3 | 46.479 % |
|     17099 |  258685   827370 |  304829   15603  1425833    91.4 | 47.332 % |
|     25751 |  256133   823173 |  335312   23977  2083142    86.9 | 47.819 % |
==============================================================================
restarts              : 13
conflicts             : 26925          (4320 /sec)
decisions             : 85477          (13715 /sec)
propagations          : 48198370       (7733454 /sec)
conflict literals     : 2197391        (49.70 % deleted)
Memory used           : 28.87 MB
CPU time              : 6.23245 s

UNSATISFIABLE
