Reading from standard input... Use '-h' or '--help' for help.
==================================[MINISAT]===================================
| Conflicts |     ORIGINAL     |              LEARNT              | Progress |
|           | Clauses Literals |   Limit Clauses Literals  Lit/Cl |          |
==============================================================================
|         0 |  211141   589744 |   70380       0        0     nan |  0.000 % |
|       100 |  211142   589744 |   77418      99     1804    18.2 | 29.778 % |
|       251 |  211150   589744 |   85159     240    16397    68.3 | 52.756 % |
|       478 |  211162   589744 |   93675     455    19803    43.5 | 52.756 % |
|       815 |  157188   525263 |  103043     757    28039    37.0 | 52.870 % |
|      1321 |  157193   525263 |  113347    1258    45475    36.1 | 52.870 % |
|      2083 |  156824   524399 |  124682    1746    60957    34.9 | 53.038 % |
==============================================================================
restarts              : 7
conflicts             : 3128           (10413 /sec)
decisions             : 11551          (38452 /sec)
propagations          : 4243758        (14126883 /sec)
conflict literals     : 107646         (28.30 % deleted)
Memory used           : 14.97 MB
CPU time              : 0.300403 s

UNSATISFIABLE
