Reading from standard input... Use '-h' or '--help' for help.
==================================[MINISAT]===================================
| Conflicts |     ORIGINAL     |              LEARNT              | Progress |
|           | Clauses Literals |   Limit Clauses Literals  Lit/Cl |          |
==============================================================================
|         0 |  323134   910290 |  107711       0        0     nan |  0.000 % |
|       100 |  323145   910290 |  118482      89     1048    11.8 | 29.759 % |
|       250 |  323160   910290 |  130330     222     6086    27.4 | 29.762 % |
|       477 |  323162   910290 |  143363     446    18465    41.4 | 29.763 % |
|       814 |  323091   910218 |  157699     746    46509    62.3 | 29.763 % |
|      1323 |  323105   910218 |  173469    1241    92924    74.9 | 29.763 % |
|      2082 |  278361   850163 |  190816    1781   152628    85.7 | 40.983 % |
|      3221 |  278045   849803 |  209898    2856   273483    95.8 | 41.182 % |
|      4933 |  275297   845275 |  230888    4427   458186   103.5 | 41.647 % |
|      7497 |  275356   845275 |  253976    6929   719798   103.9 | 41.708 % |
|     11342 |  275031   844630 |  279374   10666  1200028   112.5 | 41.708 % |
|     17108 |  274468   843667 |  307312   16290  1871140   114.9 | 41.787 % |
|     25760 |  273728   842374 |  338043   24653  2862262   116.1 | 41.910 % |
==============================================================================
restarts              : 13
conflicts             : 37450          (4653 /sec)
decisions             : 154501         (19195 /sec)
propagations          : 56557846       (7026607 /sec)
conflict literals     : 4071107        (48.49 % deleted)
Memory used           : 37.19 MB
CPU time              : 8.0491 s

UNSATISFIABLE
