Reading from standard input... Use '-h' or '--help' for help.
==================================[MINISAT]===================================
| Conflicts |     ORIGINAL     |              LEARNT              | Progress |
|           | Clauses Literals |   Limit Clauses Literals  Lit/Cl |          |
==============================================================================
|         0 |  318974   905718 |  106324       0        0     nan |  0.000 % |
|       100 |  318994   905718 |  116956      80     9580   119.8 | 30.471 % |
|       250 |  318999   905718 |  128652     224    15481    69.1 | 52.706 % |
|       475 |  319003   905718 |  141517     445    28667    64.4 | 52.706 % |
|       812 |  319015   905718 |  155668     770    35993    46.7 | 52.706 % |
|      1318 |  235576   804722 |  171235    1230    51084    41.5 | 52.919 % |
|      2078 |  235587   804722 |  188359    1978    80881    40.9 | 53.036 % |
|      3217 |  233883   801596 |  207195    2810   112373    40.0 | 53.036 % |
|      4927 |  233862   801560 |  227914    4501   169021    37.6 | 53.040 % |
==============================================================================
restarts              : 9
conflicts             : 5727           (7711 /sec)
decisions             : 19926          (26830 /sec)
propagations          : 8733411        (11759192 /sec)
conflict literals     : 203925         (31.22 % deleted)
Memory used           : 21.70 MB
CPU time              : 0.742688 s

UNSATISFIABLE
