Reading from standard input... Use '-h' or '--help' for help.
==================================[MINISAT]===================================
| Conflicts |     ORIGINAL     |              LEARNT              | Progress |
|           | Clauses Literals |   Limit Clauses Literals  Lit/Cl |          |
==============================================================================
|         0 |  321607   908222 |  107202       0        0     nan |  0.000 % |
|       101 |  321621   908222 |  117922      87      911    10.5 | 30.014 % |
|       253 |  321629   908222 |  129714     228    19877    87.2 | 30.019 % |
|       479 |  321653   908222 |  142685     429    31798    74.1 | 42.318 % |
|       825 |  274502   846683 |  156954     712    58551    82.2 | 42.318 % |
|      1332 |  274518   846683 |  172649    1194    95740    80.2 | 42.422 % |
|      2091 |  273734   845312 |  189914    1873   147858    78.9 | 42.444 % |
|      3232 |  273154   844412 |  208906    2959   240285    81.2 | 42.529 % |
|      4940 |  271761   842435 |  229797    4468   327103    73.2 | 42.989 % |
|      7502 |  269833   839810 |  252776    6907   473615    68.6 | 43.334 % |
|     11346 |  267876   836627 |  278054    9218   670704    72.8 | 43.458 % |
|     17112 |  266450   834494 |  305859   10753   992686    92.3 | 43.809 % |
|     25761 |  265636   833078 |  336445   19136  1761710    92.1 | 43.927 % |
|     38736 |  265008   831914 |  370090   31881  2919860    91.6 | 44.050 % |
==============================================================================
restarts              : 14
conflicts             : 39428          (5075 /sec)
decisions             : 154282         (19859 /sec)
propagations          : 67097598       (8636800 /sec)
conflict literals     : 3333224        (47.61 % deleted)
Memory used           : 32.61 MB
CPU time              : 7.7688 s

UNSATISFIABLE
