Reading from standard input... Use '-h' or '--help' for help.
==================================[MINISAT]===================================
| Conflicts |     ORIGINAL     |              LEARNT              | Progress |
|           | Clauses Literals |   Limit Clauses Literals  Lit/Cl |          |
==============================================================================
|         0 |  324622   912451 |  108207       0        0     nan |  0.000 % |
|       100 |  324635   912451 |  119027      87     1195    13.7 | 29.466 % |
|       250 |  324640   912451 |  130930     232     9543    41.1 | 29.466 % |
|       475 |  324648   912451 |  144023     448    24460    54.6 | 29.467 % |
|       812 |  323469   911146 |  158425     759    50120    66.0 | 29.652 % |
|      1319 |  323497   911146 |  174268    1236    73963    59.8 | 40.448 % |
|      2078 |  280787   854238 |  191695    1949   123518    63.4 | 40.531 % |
|      3217 |  280224   853605 |  210864    2824   282691   100.1 | 40.545 % |
|      4925 |  280026   853317 |  231951    4481   462621   103.2 | 40.594 % |
|      7488 |  279769   852888 |  255146    6963   692626    99.5 | 40.764 % |
|     11333 |  277428   849459 |  280661   10619  1075845   101.3 | 41.010 % |
|     17099 |  276913   848566 |  308727   16235  1806877   111.3 | 41.195 % |
|     25749 |  269958   837949 |  339599   20779  2124098   102.2 | 42.537 % |
|     38724 |  267867   834511 |  373559   32989  3030265    91.9 | 42.866 % |
==============================================================================
restarts              : 14
conflicts             : 40882          (5528 /sec)
decisions             : 174540         (23602 /sec)
propagations          : 62199195       (8410668 /sec)
conflict literals     : 3657648        (42.12 % deleted)
Memory used           : 33.73 MB
CPU time              : 7.39527 s

UNSATISFIABLE
