Reading from standard input... Use '-h' or '--help' for help.
==================================[MINISAT]===================================
| Conflicts |     ORIGINAL     |              LEARNT              | Progress |
|           | Clauses Literals |   Limit Clauses Literals  Lit/Cl |          |
==============================================================================
|         0 |  324376   913415 |  108125       0        0     nan |  0.000 % |
|       100 |  324389   913415 |  118937      87     1166    13.4 | 29.413 % |
|       250 |  324391   913415 |  130831     235    10066    42.8 | 29.413 % |
|       475 |  324401   913415 |  143914     443    20191    45.6 | 46.978 % |
|       813 |  324424   913415 |  158305     758    49310    65.1 | 46.978 % |
|      1320 |  262879   836216 |  174136    1203    94047    78.2 | 47.105 % |
|      2079 |  261055   833393 |  191550    1924   182168    94.7 | 47.232 % |
|      3222 |  260872   833153 |  210705    3013   303147   100.6 | 47.369 % |
|      4930 |  257821   828662 |  231775    4670   462958    99.1 | 48.201 % |
|      7492 |  254691   823948 |  254953    6683   829135   124.1 | 48.317 % |
|     11336 |  253436   822052 |  280448   10492  1210457   115.4 | 48.667 % |
|     17103 |  247241   813076 |  308493   14276  1612859   113.0 | 49.713 % |
==============================================================================
restarts              : 12
conflicts             : 20399          (4694 /sec)
decisions             : 62840          (14459 /sec)
propagations          : 36677195       (8438934 /sec)
conflict literals     : 1956183        (38.16 % deleted)
Memory used           : 27.25 MB
CPU time              : 4.34619 s

UNSATISFIABLE
