Reading from standard input... Use '-h' or '--help' for help.
==================================[MINISAT]===================================
| Conflicts |     ORIGINAL     |              LEARNT              | Progress |
|           | Clauses Literals |   Limit Clauses Literals  Lit/Cl |          |
==============================================================================
|         0 |  342211   933021 |  114070       0        0     nan |  0.000 % |
|       101 |  342223   933021 |  125477      89     1457    16.4 | 26.340 % |
|       251 |  342225   933021 |  138024     237     3747    15.8 | 26.340 % |
|       476 |  342239   933021 |  151827     446    17204    38.6 | 26.344 % |
|       815 |  342250   933021 |  167009     773    66488    86.0 | 29.869 % |
|      1323 |  323871   903685 |  183710    1247   161173   129.2 | 29.869 % |
|      2083 |  323897   903685 |  202081    1978   220050   111.2 | 29.901 % |
|      3222 |  323696   903340 |  222290    3093   360604   116.6 | 29.901 % |
|      4930 |  323718   903340 |  244519    4779   724553   151.6 | 29.901 % |
|      7495 |  323488   903082 |  268971    7321  1149701   157.0 | 29.945 % |
|     11340 |  323381   902920 |  295868   11134  1710511   153.6 | 29.976 % |
|     17108 |  323285   902644 |  325455   16657  3222252   193.4 | 30.017 % |
|     25758 |  321596   900550 |  358000   25203  4634108   183.9 | 30.293 % |
|     38732 |  320280   898813 |  393800   38021  6981167   183.6 | 30.476 % |
|     58193 |  320397   898597 |  433180   57219 12657467   221.2 | 30.492 % |
|     87385 |  320492   898504 |  476498   86247 17117871   198.5 | 31.120 % |
|    131175 |  315148   891412 |  524148   92750 17985671   193.9 | 31.534 % |
|    196859 |  309788   884745 |  576563  141761 26214576   184.9 | 33.597 % |
==============================================================================
restarts              : 18
conflicts             : 199580         (3158 /sec)
decisions             : 619114         (9798 /sec)
propagations          : 346567120      (5484598 /sec)
conflict literals     : 35133962       (49.14 % deleted)
Memory used           : 139.80 MB
CPU time              : 63.1892 s

UNSATISFIABLE
