Reading from standard input... Use '-h' or '--help' for help.
==================================[MINISAT]===================================
| Conflicts |     ORIGINAL     |              LEARNT              | Progress |
|           | Clauses Literals |   Limit Clauses Literals  Lit/Cl |          |
==============================================================================
|         0 |  323238   912462 |  107746       0        0     nan |  0.000 % |
|       101 |  323255   912462 |  118520      84    12315   146.6 | 29.709 % |
|       251 |  323259   912462 |  130372     229    78230   341.6 | 29.709 % |
|       476 |  323270   912462 |  143409     442    84678   191.6 | 52.904 % |
|       815 |  235831   806368 |  157750     772    92460   119.8 | 52.904 % |
|      1321 |  235836   806368 |  173526    1273   112075    88.0 | 52.904 % |
|      2080 |  235843   806368 |  190878    2025   138279    68.3 | 52.904 % |
|      3219 |  235815   806338 |  209966    3152   180891    57.4 | 52.908 % |
==============================================================================
restarts              : 8
conflicts             : 4711           (6781 /sec)
decisions             : 17885          (25745 /sec)
propagations          : 6740465        (9702657 /sec)
conflict literals     : 236588         (25.89 % deleted)
Memory used           : 21.86 MB
CPU time              : 0.694703 s

UNSATISFIABLE
