Reading from standard input... Use '-h' or '--help' for help.
==================================[MINISAT]===================================
| Conflicts |     ORIGINAL     |              LEARNT              | Progress |
|           | Clauses Literals |   Limit Clauses Literals  Lit/Cl |          |
==============================================================================
|         0 |  137774   378014 |   45924       0        0     nan |  0.000 % |
|       106 |  137780   378014 |   50516     100     2902    29.0 | 27.852 % |
|       257 |  137790   378014 |   55568     240    11686    48.7 | 27.853 % |
|       483 |  137804   378014 |   61124     447    17115    38.3 | 37.782 % |
|       820 |  137813   378014 |   67237     775    45006    58.1 | 37.782 % |
|      1329 |  121244   355210 |   73961    1256    59129    47.1 | 37.861 % |
|      2088 |  121196   355111 |   81357    1993    96655    48.5 | 37.883 % |
|      3231 |  121225   355078 |   89492    3049   178647    58.6 | 37.892 % |
|      4939 |  121194   354919 |   98442    4603   262737    57.1 | 37.926 % |
|      7501 |  121088   354781 |  108286    7112   455592    64.1 | 37.966 % |
|     11345 |  120336   353795 |  119115   10693   652127    61.0 | 38.290 % |
|     17111 |  120316   353663 |  131026   16380  1170942    71.5 | 38.320 % |
|     25760 |  119163   352193 |  144129   20449  1496564    73.2 | 38.739 % |
|     38737 |  118427   351025 |  158542   32561  2518454    77.3 | 39.091 % |
==============================================================================
restarts              : 14
conflicts             : 39411          (7546 /sec)
decisions             : 111554         (21358 /sec)
propagations          : 56734229       (10862490 /sec)
conflict literals     : 2897544        (49.35 % deleted)
Memory used           : 21.20 MB
CPU time              : 5.22295 s

UNSATISFIABLE
