Reading from standard input... Use '-h' or '--help' for help.
==================================[MINISAT]===================================
| Conflicts |     ORIGINAL     |              LEARNT              | Progress |
|           | Clauses Literals |   Limit Clauses Literals  Lit/Cl |          |
==============================================================================
|         0 |  210616   588620 |   70205       0        0     nan |  0.000 % |
|       100 |  210623   588620 |   77225      93     1039    11.2 | 29.968 % |
|       250 |  210633   588620 |   84948     233     8096    34.7 | 29.968 % |
|       475 |  210643   588620 |   93442     447    18488    41.4 | 47.275 % |
|       814 |  172515   541186 |  102787     747    30178    40.4 | 47.444 % |
|      1320 |  171746   539911 |  113065    1178    65381    55.5 | 47.591 % |
|      2079 |  171042   538783 |  124372    1845   139300    75.5 | 47.653 % |
|      3218 |  169747   536950 |  136809    2930   209249    71.4 | 48.021 % |
|      4926 |  168944   535753 |  150490    4587   343363    74.9 | 48.104 % |
|      7488 |  168606   535207 |  165539    7127   535441    75.1 | 48.202 % |
|     11332 |  166336   531748 |  182093   10866   705713    64.9 | 48.792 % |
==============================================================================
restarts              : 11
conflicts             : 11558          (8444 /sec)
decisions             : 41281          (30159 /sec)
propagations          : 18268070       (13346321 /sec)
conflict literals     : 712732         (40.68 % deleted)
Memory used           : 16.76 MB
CPU time              : 1.36877 s

UNSATISFIABLE
