Reading from standard input... Use '-h' or '--help' for help.
==================================[MINISAT]===================================
| Conflicts |     ORIGINAL     |              LEARNT              | Progress |
|           | Clauses Literals |   Limit Clauses Literals  Lit/Cl |          |
==============================================================================
|         0 |  325212   913389 |  108404       0        0     nan |  0.000 % |
|       100 |  325222   913389 |  119244      90     1165    12.9 | 29.307 % |
|       250 |  325236   913389 |  131168     221     6294    28.5 | 29.315 % |
|       475 |  325246   913389 |  144285     433    24538    56.7 | 29.321 % |
|       812 |  325142   913152 |  158714     677    68506   101.2 | 41.752 % |
|      1322 |  277392   850345 |  174585    1168   149123   127.7 | 41.759 % |
|      2081 |  277342   850228 |  192044    1899   185427    97.6 | 41.809 % |
|      3224 |  277047   849718 |  211248    3015   538885   178.7 | 41.936 % |
|      4932 |  276084   848344 |  232373    4679   716982   153.2 | 42.040 % |
|      7496 |  274438   846079 |  255610    7084   921251   130.0 | 42.357 % |
|     11341 |  272574   843209 |  281172   10825  1143454   105.6 | 42.685 % |
|     17107 |  271951   842027 |  309289   16416  1789856   109.0 | 42.708 % |
|     25760 |  271783   841571 |  340218   24928  2944098   118.1 | 42.742 % |
|     38736 |  270640   839946 |  374240   37401  4610705   123.3 | 42.957 % |
|     58198 |  267651   835161 |  411664   51478  6110387   118.7 | 43.596 % |
==============================================================================
restarts              : 15
conflicts             : 72165          (3088 /sec)
decisions             : 215894         (9239 /sec)
propagations          : 136869699      (5857264 /sec)
conflict literals     : 7680052        (50.34 % deleted)
Memory used           : 51.18 MB
CPU time              : 23.3675 s

UNSATISFIABLE
