Reading from standard input... Use '-h' or '--help' for help.
==================================[MINISAT]===================================
| Conflicts |     ORIGINAL     |              LEARNT              | Progress |
|           | Clauses Literals |   Limit Clauses Literals  Lit/Cl |          |
==============================================================================
|         0 |  322401   909538 |  107467       0        0     nan |  0.000 % |
|       102 |  322415   909538 |  118213      88     1023    11.6 | 29.858 % |
|       252 |  322420   909538 |  130035     233     8710    37.4 | 29.858 % |
|       477 |  322329   909424 |  143038     444    13307    30.0 | 29.874 % |
|       814 |  322351   909424 |  157342     757    65224    86.2 | 42.352 % |
|      1320 |  274918   847760 |  173076    1247   125797   100.9 | 42.353 % |
|      2079 |  274734   847364 |  190384    1880   202104   107.5 | 42.392 % |
|      3218 |  274743   847319 |  209422    2981   397365   133.3 | 42.496 % |
|      4927 |  273995   846014 |  230365    4602   673425   146.3 | 42.553 % |
|      7489 |  273480   845157 |  253401    7097   854066   120.3 | 42.638 % |
|     11334 |  271436   842808 |  278741   10768  1262620   117.3 | 43.001 % |
|     17100 |  269904   840351 |  306615   16350  1750297   107.1 | 43.235 % |
|     25749 |  268619   838380 |  337277   24822  2669267   107.5 | 43.422 % |
|     38725 |  268272   837660 |  371005   37585  3939543   104.8 | 43.492 % |
|     58186 |  265842   833895 |  408105   48480  4855507   100.2 | 43.925 % |
==============================================================================
restarts              : 15
conflicts             : 72700          (3724 /sec)
decisions             : 237912         (12188 /sec)
propagations          : 147896238      (7576351 /sec)
conflict literals     : 6818799        (48.83 % deleted)
Memory used           : 46.18 MB
CPU time              : 19.5208 s

UNSATISFIABLE
