Reading from standard input... Use '-h' or '--help' for help.
==================================[MINISAT]===================================
| Conflicts |     ORIGINAL     |              LEARNT              | Progress |
|           | Clauses Literals |   Limit Clauses Literals  Lit/Cl |          |
==============================================================================
|         0 |  325038   912780 |  108346       0        0     nan |  0.000 % |
|       101 |  325051   912780 |  119180      88     1255    14.3 | 29.377 % |
|       251 |  325055   912780 |  131098     234    12428    53.1 | 29.377 % |
|       478 |  325060   912780 |  144208     455    31139    68.4 | 40.350 % |
|       815 |  282061   855296 |  158629     774    40663    52.5 | 40.356 % |
|      1321 |  281996   855170 |  174492    1257    76061    60.5 | 40.384 % |
|      2080 |  282015   855170 |  191941    1995   146938    73.7 | 40.393 % |
|      3219 |  281844   854975 |  211135    3118   249580    80.0 | 40.393 % |
|      4927 |  280884   853892 |  232249    4765   353664    74.2 | 40.527 % |
|      7493 |  280526   853345 |  255474    7272   574332    79.0 | 40.643 % |
|     11338 |  279992   852462 |  281021   11068  1103108    99.7 | 40.684 % |
|     17104 |  278971   851058 |  309123   16705  1772727   106.1 | 40.895 % |
|     25754 |  277068   848346 |  340036   24573  2740621   111.5 | 41.221 % |
|     38728 |  275897   846459 |  374039   37225  3997513   107.4 | 41.436 % |
|     58192 |  274993   844893 |  411443   56301  5968028   106.0 | 41.601 % |
==============================================================================
restarts              : 15
conflicts             : 82042          (3741 /sec)
decisions             : 244812         (11164 /sec)
propagations          : 185869319      (8475859 /sec)
conflict literals     : 8204439        (52.79 % deleted)
Memory used           : 48.80 MB
CPU time              : 21.9293 s

UNSATISFIABLE
