Reading from standard input... Use '-h' or '--help' for help.
==================================[MINISAT]===================================
| Conflicts |     ORIGINAL     |              LEARNT              | Progress |
|           | Clauses Literals |   Limit Clauses Literals  Lit/Cl |          |
==============================================================================
|         0 |  214550   593834 |   71516       0        0     nan |  0.000 % |
|       102 |  214554   593834 |   78667      96     2081    21.7 | 42.335 % |
|       252 |  214562   593834 |   86534     238    10470    44.0 | 42.335 % |
|       480 |  182616   552441 |   95187     444    21925    49.4 | 42.347 % |
|       818 |  182627   552441 |  104706     771    40447    52.5 | 42.347 % |
|      1324 |  182606   552360 |  115177    1244    67254    54.1 | 42.367 % |
|      2084 |  182632   552360 |  126694    1973   128015    64.9 | 42.448 % |
|      3223 |  181977   551410 |  139364    3041   219035    72.0 | 42.559 % |
|      4933 |  181935   551224 |  153300    4675   343136    73.4 | 42.709 % |
|      7495 |  179278   547180 |  168630    6855   513905    75.0 | 43.342 % |
|     11339 |  177446   544567 |  185494   10386   730644    70.3 | 43.831 % |
|     17107 |  175146   540973 |  204043   15558  1070122    68.8 | 44.653 % |
==============================================================================
restarts              : 12
conflicts             : 23907          (7543 /sec)
decisions             : 82149          (25918 /sec)
propagations          : 34016016       (10732047 /sec)
conflict literals     : 1471320        (44.19 % deleted)
Memory used           : 20.18 MB
CPU time              : 3.16957 s

UNSATISFIABLE
