Reading from standard input... Use '-h' or '--help' for help.
==================================[MINISAT]===================================
| Conflicts |     ORIGINAL     |              LEARNT              | Progress |
|           | Clauses Literals |   Limit Clauses Literals  Lit/Cl |          |
==============================================================================
|         0 |  215849   595982 |   71949       0        0     nan |  0.000 % |
|       101 |  215851   595982 |   79143      99     2590    26.2 | 28.364 % |
|       251 |  215859   595982 |   87058     241    14067    58.4 | 28.364 % |
|       478 |  215872   595982 |   95764     453    28380    62.6 | 28.379 % |
|       817 |  215817   595817 |  105340     752    67812    90.2 | 28.388 % |
|      1324 |  180102   550173 |  115874    1185    90785    76.6 | 43.779 % |
|      2086 |  178907   548448 |  127462    1862   135347    72.7 | 44.124 % |
|      3226 |  178337   547553 |  140208    2955   201484    68.2 | 44.250 % |
|      4935 |  178167   547160 |  154229    4485   295722    65.9 | 44.312 % |
|      7499 |  177350   546092 |  169651    7000   436410    62.3 | 44.531 % |
|     11346 |  177040   545606 |  186617   10777   694019    64.4 | 44.607 % |
|     17112 |  176491   544868 |  205278   16491  1152250    69.9 | 44.791 % |
|     25762 |  175463   543191 |  225806   23604  1741581    73.8 | 45.056 % |
==============================================================================
restarts              : 13
conflicts             : 26812          (5589 /sec)
decisions             : 81626          (17015 /sec)
propagations          : 49258305       (10267961 /sec)
conflict literals     : 1897150        (50.87 % deleted)
Memory used           : 21.91 MB
CPU time              : 4.79728 s

UNSATISFIABLE
