Reading from standard input... Use '-h' or '--help' for help.
==================================[MINISAT]===================================
| Conflicts |     ORIGINAL     |              LEARNT              | Progress |
|           | Clauses Literals |   Limit Clauses Literals  Lit/Cl |          |
==============================================================================
|         0 |  319447   905849 |  106482       0        0     nan |  0.000 % |
|       100 |  319460   905849 |  117130      87      879    10.1 | 30.377 % |
|       252 |  319470   905849 |  128843     229     9679    42.3 | 30.377 % |
|       477 |  319472   905849 |  141727     452    25468    56.3 | 30.377 % |
|       814 |  319496   905849 |  155900     765    72655    95.0 | 30.377 % |
|      1323 |  257725   828459 |  171490    1247    93937    75.3 | 48.304 % |
|      2084 |  255830   825684 |  188639    1972   134357    68.1 | 48.307 % |
|      3224 |  253007   821918 |  207503    2933   235340    80.2 | 48.881 % |
|      4936 |  250821   818841 |  228253    4503   394749    87.7 | 49.235 % |
|      7498 |  250182   817788 |  251078    6967   566901    81.4 | 49.386 % |
|     11342 |  248581   815301 |  276186   10730   790275    73.7 | 49.557 % |
==============================================================================
restarts              : 11
conflicts             : 15140          (5676 /sec)
decisions             : 53320          (19988 /sec)
propagations          : 25664067       (9620669 /sec)
conflict literals     : 962416         (38.45 % deleted)
Memory used           : 23.76 MB
CPU time              : 2.6676 s

UNSATISFIABLE
