Reading from standard input... Use '-h' or '--help' for help.
==================================[MINISAT]===================================
| Conflicts |     ORIGINAL     |              LEARNT              | Progress |
|           | Clauses Literals |   Limit Clauses Literals  Lit/Cl |          |
==============================================================================
|         0 |  320966   907755 |  106988       0        0     nan |  0.000 % |
|       101 |  320979   907755 |  117686      88     1408    16.0 | 30.069 % |
|       256 |  320986   907755 |  129455     236     4033    17.1 | 30.069 % |
|       481 |  320993   907755 |  142401     454    53845   118.6 | 30.069 % |
|       819 |  320966   907749 |  156641     764   107381   140.6 | 30.070 % |
|      1326 |  320972   907749 |  172305    1264   138224   109.4 | 44.152 % |
|      2086 |  269527   842062 |  189535    1996   281442   141.0 | 44.165 % |
|      3225 |  269013   841261 |  208489    3082   387859   125.8 | 44.320 % |
|      4933 |  268613   840505 |  229338    4720   564173   119.5 | 44.335 % |
|      7496 |  268442   840259 |  252272    7247   949684   131.0 | 44.375 % |
|     11340 |  267973   839485 |  277499   10977  1454215   132.5 | 44.462 % |
|     17106 |  267369   838723 |  305249   16700  2309656   138.3 | 44.555 % |
|     25760 |  265917   836635 |  335774   25068  3431981   136.9 | 44.851 % |
|     38735 |  264929   835117 |  369351   37851  4782056   126.3 | 45.008 % |
==============================================================================
restarts              : 14
conflicts             : 53185          (3284 /sec)
decisions             : 163869         (10117 /sec)
propagations          : 99654612       (6152814 /sec)
conflict literals     : 6225322        (49.52 % deleted)
Memory used           : 46.32 MB
CPU time              : 16.1966 s

UNSATISFIABLE
