Reading from standard input... Use '-h' or '--help' for help.
==================================[MINISAT]===================================
| Conflicts |     ORIGINAL     |              LEARNT              | Progress |
|           | Clauses Literals |   Limit Clauses Literals  Lit/Cl |          |
==============================================================================
|         0 |  326694   916532 |  108898       0        0     nan |  0.000 % |
|       100 |  326706   916532 |  119787      88     8095    92.0 | 29.029 % |
|       252 |  326723   916532 |  131766     221    14360    65.0 | 44.675 % |
|       477 |  326731   916532 |  144943     437    50785   116.2 | 44.677 % |
|       815 |  269882   844486 |  159437     760    77824   102.4 | 44.703 % |
|      1323 |  269598   844012 |  175381    1197   135640   113.3 | 44.799 % |
|      2082 |  268891   842938 |  192919    1852   188527   101.8 | 44.862 % |
|      3221 |  268231   841933 |  212211    2879   256812    89.2 | 44.956 % |
|      4929 |  267320   840561 |  233432    4544   510913   112.4 | 45.099 % |
|      7492 |  266366   839258 |  256775    7009   664642    94.8 | 45.265 % |
|     11338 |  262898   834303 |  282453    8909   935441   105.0 | 45.932 % |
|     17107 |  259913   830095 |  310698   13249  1617478   122.1 | 46.599 % |
|     25758 |  258541   827920 |  341768   21685  2445088   112.8 | 46.799 % |
==============================================================================
restarts              : 13
conflicts             : 37934          (4030 /sec)
decisions             : 137509         (14607 /sec)
propagations          : 80390724       (8539603 /sec)
conflict literals     : 3562951        (44.85 % deleted)
Memory used           : 34.19 MB
CPU time              : 9.41387 s

UNSATISFIABLE
