Reading from standard input... Use '-h' or '--help' for help.
==================================[MINISAT]===================================
| Conflicts |     ORIGINAL     |              LEARNT              | Progress |
|           | Clauses Literals |   Limit Clauses Literals  Lit/Cl |          |
==============================================================================
|         0 |  213123   591345 |   71041       0        0     nan |  0.000 % |
|       101 |  213132   591345 |   78145      92     1168    12.7 | 29.220 % |
|       251 |  213156   591345 |   85959     218     3134    14.4 | 29.220 % |
|       477 |  213177   591345 |   94555     420    17765    42.3 | 40.615 % |
|       817 |  184768   554256 |  104011     725    32423    44.7 | 40.636 % |
|      1324 |  184791   554256 |  114412    1209   106489    88.1 | 40.636 % |
|      2084 |  184684   554139 |  125853    1934   148360    76.7 | 40.857 % |
|      3226 |  183842   553044 |  138438    2992   241530    80.7 | 41.201 % |
|      4935 |  181986   550275 |  152282    4610   353908    76.8 | 41.353 % |
|      7501 |  181460   549369 |  167510    7060   565760    80.1 | 41.420 % |
|     11347 |  180935   548694 |  184262   10785   864399    80.1 | 41.570 % |
|     17114 |  179972   546966 |  202688   15599  1242210    79.6 | 41.818 % |
==============================================================================
restarts              : 12
conflicts             : 24091          (8615 /sec)
decisions             : 84657          (30275 /sec)
propagations          : 35018780       (12523345 /sec)
conflict literals     : 1878396        (41.39 % deleted)
Memory used           : 21.90 MB
CPU time              : 2.79628 s

UNSATISFIABLE
