Reading from standard input... Use '-h' or '--help' for help.
==================================[MINISAT]===================================
| Conflicts |     ORIGINAL     |              LEARNT              | Progress |
|           | Clauses Literals |   Limit Clauses Literals  Lit/Cl |          |
==============================================================================
|         0 |  319570   907102 |  106523       0        0     nan |  0.000 % |
|       101 |  319580   907102 |  117175      89     6067    68.2 | 30.354 % |
|       251 |  319591   907102 |  128892     227    11270    49.6 | 53.261 % |
|       476 |  319600   907102 |  141782     441    21399    48.5 | 53.263 % |
|       813 |  234940   804216 |  155960     728    27650    38.0 | 53.286 % |
|      1320 |  234955   804216 |  171556    1220    49433    40.5 | 53.286 % |
|      2079 |  234946   804183 |  188711    1967    81753    41.6 | 53.286 % |
|      3222 |  234950   804183 |  207583    2091    79708    38.1 | 53.312 % |
==============================================================================
restarts              : 8
conflicts             : 4133           (8348 /sec)
decisions             : 17438          (35224 /sec)
propagations          : 6558531        (13247898 /sec)
conflict literals     : 157864         (34.80 % deleted)
Memory used           : 21.71 MB
CPU time              : 0.495062 s

UNSATISFIABLE
