Reading from standard input... Use '-h' or '--help' for help.
==================================[MINISAT]===================================
| Conflicts |     ORIGINAL     |              LEARNT              | Progress |
|           | Clauses Literals |   Limit Clauses Literals  Lit/Cl |          |
==============================================================================
|         0 |  327663   917291 |  109221       0        0     nan |  0.000 % |
|       101 |  327679   917291 |  120143      85     1142    13.4 | 28.820 % |
|       257 |  327694   917291 |  132157     226     3515    15.6 | 28.820 % |
|       482 |  327700   917291 |  145373     445    18447    41.5 | 28.820 % |
|       819 |  327720   917291 |  159910     762    68421    89.8 | 28.820 % |
|      1326 |  327727   917291 |  175901    1262   332955   263.8 | 28.820 % |
|      2085 |  327739   917291 |  193491    2009   460616   229.3 | 28.820 % |
|      3225 |  274375   847996 |  212840    3079   645505   209.6 | 43.346 % |
|      4933 |  270518   843294 |  234124    4632   736921   159.1 | 43.863 % |
|      7498 |  270350   842975 |  257537    7129   997211   139.9 | 43.933 % |
|     11346 |  269568   841725 |  283291   10646  1409364   132.4 | 44.118 % |
|     17112 |  268451   840204 |  311620   16182  2219947   137.2 | 44.319 % |
|     25763 |  267400   838667 |  342782   24590  3378312   137.4 | 44.605 % |
|     38737 |  265720   836117 |  377060   37301  5005015   134.2 | 44.833 % |
==============================================================================
restarts              : 14
conflicts             : 46076          (4041 /sec)
decisions             : 149903         (13146 /sec)
propagations          : 87676860       (7689003 /sec)
conflict literals     : 5721215        (46.36 % deleted)
Memory used           : 43.93 MB
CPU time              : 11.4029 s

UNSATISFIABLE
