Reading from standard input... Use '-h' or '--help' for help.
==================================[MINISAT]===================================
| Conflicts |     ORIGINAL     |              LEARNT              | Progress |
|           | Clauses Literals |   Limit Clauses Literals  Lit/Cl |          |
==============================================================================
|         0 |  215674   595698 |   71891       0        0     nan |  0.000 % |
|       101 |  215678   595698 |   79080      97     9581    98.8 | 28.452 % |
|       251 |  215688   595698 |   86988     237    12622    53.3 | 28.452 % |
|       476 |  215702   595698 |   95686     445    23804    53.5 | 43.800 % |
|       813 |  180069   550204 |  105255     693    32140    46.4 | 43.808 % |
|      1321 |  179872   549874 |  115781    1146    55187    48.2 | 43.864 % |
|      2080 |  179884   549874 |  127359    1891   107915    57.1 | 43.899 % |
|      3219 |  178365   547941 |  140095    2961   189803    64.1 | 44.347 % |
|      4928 |  178248   547776 |  154104    4618   261146    56.5 | 44.371 % |
|      7490 |  178133   547686 |  169515    7112   493839    69.4 | 44.590 % |
|     11336 |  175728   543886 |  186466    9654   860258    89.1 | 44.998 % |
|     17104 |  174893   542740 |  205113   15335  1338372    87.3 | 45.260 % |
|     25756 |  170560   536922 |  225624   11954   893824    74.8 | 46.657 % |
==============================================================================
restarts              : 13
conflicts             : 29169          (7739 /sec)
decisions             : 88921          (23592 /sec)
propagations          : 47108556       (12498393 /sec)
conflict literals     : 2172672        (45.84 % deleted)
Memory used           : 21.90 MB
CPU time              : 3.76917 s

UNSATISFIABLE
