Reading from standard input... Use '-h' or '--help' for help.
==================================[MINISAT]===================================
| Conflicts |     ORIGINAL     |              LEARNT              | Progress |
|           | Clauses Literals |   Limit Clauses Literals  Lit/Cl |          |
==============================================================================
|         0 |  322305   909986 |  107435       0        0     nan |  0.000 % |
|       100 |  322316   909986 |  118178      89      934    10.5 | 29.860 % |
|       258 |  322338   909986 |  129996     221    12931    58.5 | 29.872 % |
|       485 |  322351   909986 |  142995     435    98067   225.4 | 29.872 % |
|       825 |  322287   909797 |  157295     724   119254   164.7 | 44.080 % |
|      1331 |  322305   909797 |  173025    1212   174570   144.0 | 44.080 % |
|      2090 |  270654   843207 |  190327    1927   268881   139.5 | 44.126 % |
|      3231 |  270397   842808 |  209360    3038   393844   129.6 | 44.220 % |
|      4939 |  269384   841310 |  230296    4660   510776   109.6 | 44.466 % |
|      7504 |  267577   838742 |  253326    7105   923876   130.0 | 44.698 % |
|     11348 |  266899   837685 |  278658   10874  1306172   120.1 | 44.773 % |
|     17116 |  262932   832099 |  306524   15836  1773486   112.0 | 45.433 % |
|     25765 |  261586   829888 |  337177   24206  2451001   101.3 | 45.743 % |
|     38740 |  259136   826258 |  370894   36782  3500735    95.2 | 46.037 % |
==============================================================================
restarts              : 14
conflicts             : 39838          (3716 /sec)
decisions             : 155416         (14496 /sec)
propagations          : 75335026       (7026724 /sec)
conflict literals     : 3588584        (45.88 % deleted)
Memory used           : 35.31 MB
CPU time              : 10.7212 s

UNSATISFIABLE
