Reading from standard input... Use '-h' or '--help' for help.
==================================[MINISAT]===================================
| Conflicts |     ORIGINAL     |              LEARNT              | Progress |
|           | Clauses Literals |   Limit Clauses Literals  Lit/Cl |          |
==============================================================================
|         0 |  142745   383785 |   47581       0        0     nan |  0.000 % |
|       100 |  142751   383785 |   52339      94     1624    17.3 | 25.710 % |
|       253 |  142757   383785 |   57573     238     4422    18.6 | 30.623 % |
|       478 |  133264   369171 |   63330     450    13288    29.5 | 30.623 % |
|       815 |  133278   369150 |   69663     764    31085    40.7 | 30.624 % |
|      1321 |  132752   368430 |   76629    1240    80406    64.8 | 30.834 % |
|      2081 |  132769   368430 |   84292    1983   156346    78.8 | 30.834 % |
|      3221 |  132766   368430 |   92721    3094   232771    75.2 | 30.917 % |
|      4929 |  132560   368169 |  101994    4638   393460    84.8 | 30.933 % |
|      7494 |  132203   367707 |  112193    7156   569806    79.6 | 32.160 % |
|     11338 |  127602   361161 |  123412   10031   827621    82.5 | 33.187 % |
|     17105 |  127616   361023 |  135754   15644  1143792    73.1 | 33.234 % |
==============================================================================
restarts              : 12
conflicts             : 21182          (10834 /sec)
decisions             : 82263          (42077 /sec)
propagations          : 26371209       (13488716 /sec)
conflict literals     : 1395924        (43.62 % deleted)
Memory used           : 15.98 MB
CPU time              : 1.95506 s

UNSATISFIABLE
