Reading from standard input... Use '-h' or '--help' for help.
==================================[MINISAT]===================================
| Conflicts |     ORIGINAL     |              LEARNT              | Progress |
|           | Clauses Literals |   Limit Clauses Literals  Lit/Cl |          |
==============================================================================
|         0 |  212321   591249 |   70773       0        0     nan |  0.000 % |
|       102 |  212323   591249 |   77850     100     2145    21.4 | 29.452 % |
|       254 |  212340   591249 |   85635     234    11730    50.1 | 46.703 % |
|       485 |  174194   543837 |   94198     444    23742    53.5 | 46.876 % |
|       822 |  174198   543837 |  103618     777    39301    50.6 | 46.876 % |
|      1328 |  172103   540723 |  113980    1229    69855    56.8 | 47.253 % |
|      2088 |  171666   539973 |  125378    1923   123341    64.1 | 47.331 % |
|      3229 |  170813   538740 |  137916    3012   173433    57.6 | 47.711 % |
|      4940 |  169282   536457 |  151708    4595   285820    62.2 | 47.910 % |
|      7503 |  168487   535164 |  166879    7069   462153    65.4 | 48.206 % |
==============================================================================
restarts              : 10
conflicts             : 11307          (8683 /sec)
decisions             : 44056          (33833 /sec)
propagations          : 18397018       (14128013 /sec)
conflict literals     : 691236         (39.07 % deleted)
Memory used           : 16.67 MB
CPU time              : 1.30217 s

UNSATISFIABLE
