Reading from standard input... Use '-h' or '--help' for help.
==================================[MINISAT]===================================
| Conflicts |     ORIGINAL     |              LEARNT              | Progress |
|           | Clauses Literals |   Limit Clauses Literals  Lit/Cl |          |
==============================================================================
|         0 |  323031   910706 |  107677       0        0     nan |  0.000 % |
|       101 |  323041   910706 |  118444      91      951    10.5 | 29.726 % |
|       251 |  323048   910706 |  130289     233     6958    29.9 | 29.729 % |
|       478 |  323057   910706 |  143318     450    19829    44.1 | 43.754 % |
|       818 |  271249   843663 |  157649     731    33164    45.4 | 43.764 % |
|      1325 |  270520   842570 |  173414    1182    77200    65.3 | 43.854 % |
|      2084 |  270192   842077 |  190756    1917   116296    60.7 | 43.910 % |
|      3223 |  270205   842077 |  209832    2597   202511    78.0 | 44.154 % |
|      4933 |  267611   838852 |  230815    4219   313974    74.4 | 44.364 % |
|      7496 |  267409   838330 |  253896    6639   512339    77.2 | 44.462 % |
|     11341 |  265212   834775 |  279286   10283   828268    80.5 | 44.768 % |
|     17112 |  264554   833683 |  307215   15927  1546488    97.1 | 44.938 % |
|     25762 |  261416   829117 |  337936   24063  2251933    93.6 | 45.438 % |
==============================================================================
restarts              : 13
conflicts             : 35924          (4819 /sec)
decisions             : 138465         (18575 /sec)
propagations          : 62968768       (8447390 /sec)
conflict literals     : 3002669        (45.33 % deleted)
Memory used           : 31.34 MB
CPU time              : 7.45423 s

UNSATISFIABLE
