Reading from standard input... Use '-h' or '--help' for help.
==================================[MINISAT]===================================
| Conflicts |     ORIGINAL     |              LEARNT              | Progress |
|           | Clauses Literals |   Limit Clauses Literals  Lit/Cl |          |
==============================================================================
|         0 |  324698   913359 |  108232       0        0     nan |  0.000 % |
|       100 |  324710   913359 |  119055      88     1041    11.8 | 29.409 % |
|       250 |  324723   913359 |  130960     223    25445   114.1 | 29.414 % |
|       477 |  324727   913359 |  144056     446    42283    94.8 | 29.414 % |
|       814 |  324691   913260 |  158462     763    69027    90.5 | 29.414 % |
|      1322 |  324722   913260 |  174308    1240   154516   124.6 | 29.414 % |
|      2084 |  324737   913260 |  191739    1987   283822   142.8 | 29.414 % |
|      3223 |  270219   842551 |  210913    3038   343923   113.2 | 43.928 % |
|      4932 |  270057   842323 |  232004    4705   451147    95.9 | 44.022 % |
|      7495 |  268628   839731 |  255205    6329   525658    83.1 | 44.212 % |
|     11341 |  266457   836479 |  280725    9774   794922    81.3 | 44.901 % |
|     17107 |  264367   833540 |  308798   13116  1131349    86.3 | 45.017 % |
|     25757 |  263455   832253 |  339678   21582  1945328    90.1 | 45.203 % |
|     38732 |  262905   831461 |  373646   34349  3197156    93.1 | 45.364 % |
==============================================================================
restarts              : 14
conflicts             : 53532          (4211 /sec)
decisions             : 177365         (13952 /sec)
propagations          : 102222249      (8041033 /sec)
conflict literals     : 4727096        (49.80 % deleted)
Memory used           : 37.91 MB
CPU time              : 12.7126 s

UNSATISFIABLE
