Reading from standard input... Use '-h' or '--help' for help.
==================================[MINISAT]===================================
| Conflicts |     ORIGINAL     |              LEARNT              | Progress |
|           | Clauses Literals |   Limit Clauses Literals  Lit/Cl |          |
==============================================================================
|         0 |  322638   909877 |  107546       0        0     nan |  0.000 % |
|       100 |  322652   909877 |  118300      86     1196    13.9 | 29.827 % |
|       250 |  322658   909877 |  130130     230     5918    25.7 | 29.827 % |
|       476 |  322667   909877 |  143143     446    19144    42.9 | 29.829 % |
|       813 |  322673   909877 |  157458     777    39617    51.0 | 29.829 % |
|      1319 |  322667   909844 |  173203    1260   128561   102.0 | 29.829 % |
|      2082 |  275547   848565 |  190524    2006   239856   119.6 | 42.258 % |
|      3223 |  274548   847440 |  209576    3103   310991   100.2 | 42.435 % |
|      4931 |  274350   847170 |  230534    4786   467712    97.7 | 42.472 % |
|      7493 |  273838   846331 |  253587    7248   728094   100.5 | 42.563 % |
|     11337 |  273622   845917 |  278946   11007  1097354    99.7 | 42.654 % |
|     17104 |  273211   845230 |  306841   16641  1671346   100.4 | 42.733 % |
|     25753 |  270667   841207 |  337525   24078  2572892   106.9 | 43.146 % |
|     38730 |  269215   838723 |  371277   36759  3937064   107.1 | 43.397 % |
|     58192 |  267834   836470 |  408405   55986  5913151   105.6 | 43.574 % |
==============================================================================
restarts              : 15
conflicts             : 75162          (3266 /sec)
decisions             : 241748         (10503 /sec)
propagations          : 161273575      (7006832 /sec)
conflict literals     : 7375241        (51.09 % deleted)
Memory used           : 51.29 MB
CPU time              : 23.0166 s

UNSATISFIABLE
