Reading from standard input... Use '-h' or '--help' for help.
==================================[MINISAT]===================================
| Conflicts |     ORIGINAL     |              LEARNT              | Progress |
|           | Clauses Literals |   Limit Clauses Literals  Lit/Cl |          |
==============================================================================
|         0 |  137609   378340 |   45869       0        0     nan |  0.000 % |
|       100 |  137615   378340 |   50455      94     1328    14.1 | 27.925 % |
|       251 |  137625   378340 |   55501     235    16050    68.3 | 27.925 % |
|       479 |  137632   378340 |   61051     456    25660    56.3 | 27.925 % |
|       816 |  137640   378340 |   67156     785    38729    49.3 | 27.925 % |
|      1322 |  137667   378340 |   73872    1264    76154    60.2 | 27.925 % |
|      2081 |  137672   378340 |   81259    2018   117759    58.4 | 27.925 % |
|      3220 |  137679   378340 |   89385    3150   196964    62.5 | 27.925 % |
|      4930 |  137622   378238 |   98324    4826   343783    71.2 | 27.958 % |
|      7493 |  112389   344694 |  108156    7235   542740    75.0 | 43.159 % |
|     11337 |  111889   343721 |  118972   10620   753231    70.9 | 43.416 % |
|     17105 |  111029   342254 |  130869   16158  1000008    61.9 | 43.755 % |
==============================================================================
restarts              : 12
conflicts             : 17295          (7731 /sec)
decisions             : 58454          (26131 /sec)
propagations          : 24655558       (11021771 /sec)
conflict literals     : 1024402        (47.90 % deleted)
Memory used           : 14.11 MB
CPU time              : 2.23699 s

UNSATISFIABLE
