Reading from standard input... Use '-h' or '--help' for help.
==================================[MINISAT]===================================
| Conflicts |     ORIGINAL     |              LEARNT              | Progress |
|           | Clauses Literals |   Limit Clauses Literals  Lit/Cl |          |
==============================================================================
|         0 |  325154   912946 |  108384       0        0     nan |  0.000 % |
|       103 |  325161   912946 |  119222      96     1341    14.0 | 29.375 % |
|       253 |  325179   912946 |  131144     222     6688    30.1 | 40.184 % |
|       478 |  325188   912946 |  144259     437    20704    47.4 | 40.186 % |
|       815 |  282095   855798 |  158685     713    39239    55.0 | 40.189 % |
|      1323 |  282104   855798 |  174553    1211    93292    77.0 | 40.191 % |
|      2082 |  282110   855765 |  192008    1930   137886    71.4 | 40.202 % |
|      3221 |  281296   854559 |  211209    2963   244443    82.5 | 40.312 % |
|      4929 |  280925   853986 |  232330    4608   401279    87.1 | 40.402 % |
|      7492 |  280061   852578 |  255563    7087   594776    83.9 | 40.549 % |
|     11337 |  279447   851653 |  281120   10816  1042556    96.4 | 40.621 % |
|     17105 |  279211   851203 |  309232   16516  1784174   108.0 | 40.665 % |
|     25754 |  276722   847819 |  340155   24643  3008111   122.1 | 41.174 % |
|     38729 |  276153   846910 |  374170   37459  4478751   119.6 | 41.231 % |
|     58190 |  276047   846538 |  411588   56750  6767393   119.2 | 41.286 % |
==============================================================================
restarts              : 15
conflicts             : 82411          (3045 /sec)
decisions             : 273938         (10120 /sec)
propagations          : 177636952      (6562585 /sec)
conflict literals     : 9238515        (51.73 % deleted)
Memory used           : 59.80 MB
CPU time              : 27.0681 s

UNSATISFIABLE
