Reading from standard input... Use '-h' or '--help' for help.
==================================[MINISAT]===================================
| Conflicts |     ORIGINAL     |              LEARNT              | Progress |
|           | Clauses Literals |   Limit Clauses Literals  Lit/Cl |          |
==============================================================================
|         0 |  333213   924556 |  111071       0        0     nan |  0.000 % |
|       100 |  333225   924556 |  122178      88     1055    12.0 | 27.824 % |
|       250 |  333237   924556 |  134395     224     4228    18.9 | 27.842 % |
|       475 |  333251   924556 |  147835     435    41317    95.0 | 27.842 % |
|       812 |  333155   924409 |  162619     724    56504    78.0 | 40.209 % |
|      1319 |  285139   860979 |  178880    1143   119794   104.8 | 40.279 % |
|      2079 |  284495   860085 |  196769    1866   184524    98.9 | 40.321 % |
|      3218 |  283868   859302 |  216445    2956   344995   116.7 | 40.435 % |
|      4927 |  279758   854176 |  238090    4307   481914   111.9 | 41.314 % |
|      7489 |  277646   851528 |  261899    6796   740427   109.0 | 41.613 % |
|     11333 |  276927   850306 |  288089   10548  1099700   104.3 | 41.864 % |
|     17100 |  274628   847310 |  316898   16168  1855052   114.7 | 42.277 % |
|     25751 |  272944   845033 |  348588   24636  3024973   122.8 | 42.436 % |
|     38725 |  272158   843935 |  383447   37436  4644712   124.1 | 42.551 % |
|     58189 |  271917   843479 |  421791   56730  7216713   127.2 | 43.000 % |
|     87381 |  269998   839900 |  463971   75959 10388444   136.8 | 43.023 % |

*** INTERRUPTED ***
restarts              : 16
conflicts             : 88965          (3017 /sec)
decisions             : 285443         (9682 /sec)
propagations          : 204540271      (6937523 /sec)
conflict literals     : 11577094       (47.20 % deleted)
Memory used           : 64.50 MB
CPU time              : 29.4832 s

*** INTERRUPTED ***
