Reading from standard input... Use '-h' or '--help' for help.
==================================[MINISAT]===================================
| Conflicts |     ORIGINAL     |              LEARNT              | Progress |
|           | Clauses Literals |   Limit Clauses Literals  Lit/Cl |          |
==============================================================================
|         0 |  214855   593693 |   71618       0        0     nan |  0.000 % |
|       102 |  214860   593693 |   78779      97     2916    30.1 | 28.669 % |
|       253 |  214871   593693 |   86657     236    13548    57.4 | 28.670 % |
|       478 |  214892   593693 |   95323     439    27496    62.6 | 40.136 % |
|       818 |  186321   556115 |  104855     754    48118    63.8 | 40.568 % |
|      1325 |  185562   554734 |  115341    1226    82794    67.5 | 40.570 % |
|      2084 |  185565   554734 |  126875    1943   127818    65.8 | 40.676 % |
|      3224 |  185270   554329 |  139563    3021   247294    81.9 | 40.709 % |
|      4932 |  181774   548369 |  153519    4358   395898    90.8 | 41.809 % |
|      7494 |  181301   547701 |  168871    6774   556009    82.1 | 41.952 % |
|     11338 |  181314   547611 |  185758   10536   863047    81.9 | 42.023 % |
|     17104 |  180856   546990 |  204334   16186  1376340    85.0 | 42.300 % |
|     25753 |  179077   543744 |  224767   22103  2029627    91.8 | 42.571 % |
==============================================================================
restarts              : 13
conflicts             : 28023          (7721 /sec)
decisions             : 90822          (25024 /sec)
propagations          : 36827061       (10146999 /sec)
conflict literals     : 2275127        (48.00 % deleted)
Memory used           : 23.17 MB
CPU time              : 3.62935 s

UNSATISFIABLE
