Reading from standard input... Use '-h' or '--help' for help.
==================================[MINISAT]===================================
| Conflicts |     ORIGINAL     |              LEARNT              | Progress |
|           | Clauses Literals |   Limit Clauses Literals  Lit/Cl |          |
==============================================================================
|         0 |  321304   909579 |  107101       0        0     nan |  0.000 % |
|       100 |  321320   909579 |  117811      84     1138    13.5 | 29.989 % |
|       251 |  321325   909579 |  129592     230    17995    78.2 | 29.989 % |
|       478 |  321345   909579 |  142551     437    46697   106.9 | 29.989 % |
|       827 |  257808   828707 |  156806     762    65464    85.9 | 48.319 % |
|      1333 |  257697   828482 |  172487    1251   156407   125.0 | 48.484 % |
|      2092 |  256158   826379 |  189735    1891   209326   110.7 | 48.641 % |
|      3231 |  254821   824293 |  208709    2788   294208   105.5 | 48.809 % |
|      4940 |  251676   820381 |  229580    4417   450519   102.0 | 49.493 % |
|      7504 |  248394   815478 |  252538    6850   607065    88.6 | 49.858 % |
|     11348 |  247293   813682 |  277792   10544   764406    72.5 | 50.077 % |
==============================================================================
restarts              : 11
conflicts             : 11777          (6246 /sec)
decisions             : 65454          (34712 /sec)
propagations          : 22670109       (12022514 /sec)
conflict literals     : 788644         (35.94 % deleted)
Memory used           : 23.02 MB
CPU time              : 1.88564 s

UNSATISFIABLE
