Reading from standard input... Use '-h' or '--help' for help.
==================================[MINISAT]===================================
| Conflicts |     ORIGINAL     |              LEARNT              | Progress |
|           | Clauses Literals |   Limit Clauses Literals  Lit/Cl |          |
==============================================================================
|         0 |  136534   376569 |   45511       0        0     nan |  0.000 % |
|       100 |  136539   376569 |   50062      95     3457    36.4 | 28.403 % |
|       250 |  136546   376569 |   55068     238    17945    75.4 | 28.403 % |
|       475 |  136556   376569 |   60575     453    35056    77.4 | 28.403 % |
|       813 |  136572   376569 |   66632     775    56096    72.4 | 28.403 % |
|      1321 |  115297   348506 |   73295    1147    71274    62.1 | 42.201 % |
|      2082 |  113922   346564 |   80625    1797    94685    52.7 | 42.349 % |
|      3221 |  113528   345910 |   88688    2883   147111    51.0 | 42.506 % |
|      4934 |  113274   345481 |   97556    4549   222202    48.8 | 42.628 % |
|      7496 |  112349   344113 |  107312    7034   365216    51.9 | 42.989 % |
|     11340 |  111383   342733 |  118043   10782   567287    52.6 | 43.428 % |
==============================================================================
restarts              : 11
conflicts             : 16870          (10003 /sec)
decisions             : 54481          (32305 /sec)
propagations          : 23197859       (13755512 /sec)
conflict literals     : 845862         (44.41 % deleted)
Memory used           : 13.38 MB
CPU time              : 1.68644 s

UNSATISFIABLE
