Reading from standard input... Use '-h' or '--help' for help.
==================================[MINISAT]===================================
| Conflicts |     ORIGINAL     |              LEARNT              | Progress |
|           | Clauses Literals |   Limit Clauses Literals  Lit/Cl |          |
==============================================================================
|         0 |  214373   594087 |   71457       0        0     nan |  0.000 % |
|       101 |  214375   594087 |   78602      99     1708    17.3 | 28.754 % |
|       251 |  214384   594087 |   86462     240    20307    84.6 | 28.754 % |
|       478 |  214394   594087 |   95109     457    31059    68.0 | 28.754 % |
|       815 |  214405   594087 |  104620     783    49705    63.5 | 28.754 % |
|      1322 |  214382   594081 |  115082    1256    95976    76.4 | 47.124 % |
|      2081 |  172086   540825 |  126590    1940   169882    87.6 | 47.706 % |
|      3221 |  169956   537493 |  139249    2950   259552    88.0 | 48.076 % |
|      4929 |  167174   532873 |  153174    2893   267687    92.5 | 48.802 % |
|      7491 |  165013   529474 |  168491    5341   428077    80.1 | 49.361 % |
==============================================================================
restarts              : 10
conflicts             : 10530          (9258 /sec)
decisions             : 47633          (41881 /sec)
propagations          : 15316584       (13466999 /sec)
conflict literals     : 731618         (35.08 % deleted)
Memory used           : 16.00 MB
CPU time              : 1.13734 s

UNSATISFIABLE
