Reading from standard input... Use '-h' or '--help' for help.
==================================[MINISAT]===================================
| Conflicts |     ORIGINAL     |              LEARNT              | Progress |
|           | Clauses Literals |   Limit Clauses Literals  Lit/Cl |          |
==============================================================================
|         0 |  323900   913248 |  107966       0        0     nan |  0.000 % |
|       104 |  323910   913248 |  118762      91     7438    81.7 | 53.098 % |
|       256 |  323915   913248 |  130638     237    14223    60.0 | 53.099 % |
|       481 |  323926   913248 |  143702     451    19087    42.3 | 53.099 % |
|       818 |  234271   803426 |  158073     671    25812    38.5 | 53.324 % |
|      1325 |  234276   803426 |  173880    1172    40963    35.0 | 53.336 % |
|      2084 |  234210   803228 |  191268    1821    63306    34.8 | 53.336 % |
|      3224 |  234221   803228 |  210395    2950   110561    37.5 | 53.336 % |
|      4933 |  234237   803228 |  231434    4643   176930    38.1 | 53.336 % |
==============================================================================
restarts              : 9
conflicts             : 5461           (7599 /sec)
decisions             : 19745          (27476 /sec)
propagations          : 8107044        (11281312 /sec)
conflict literals     : 197598         (32.03 % deleted)
Memory used           : 21.60 MB
CPU time              : 0.718626 s

UNSATISFIABLE
