Reading from standard input... Use '-h' or '--help' for help.
==================================[MINISAT]===================================
| Conflicts |     ORIGINAL     |              LEARNT              | Progress |
|           | Clauses Literals |   Limit Clauses Literals  Lit/Cl |          |
==============================================================================
|         0 |  319182   905875 |  106394       0        0     nan |  0.000 % |
|       100 |  319197   905875 |  117033      83     4873    58.7 | 53.041 % |
|       250 |  319207   905875 |  128736     223     7169    32.1 | 53.041 % |
|       475 |  319214   905875 |  141610     440    11426    26.0 | 53.042 % |
|       813 |  319225   905875 |  155771     767    19941    26.0 | 53.042 % |
|      1320 |  235108   804076 |  171348    1245    44337    35.6 | 53.109 % |
|      2080 |  235120   804076 |  188483    1992    79356    39.8 | 53.231 % |
|      3222 |  234211   802318 |  207331    2975   122664    41.2 | 53.231 % |
|      4930 |  234229   802318 |  228064    4665   188440    40.4 | 53.231 % |
==============================================================================
restarts              : 9
conflicts             : 5362           (7775 /sec)
decisions             : 19991          (28986 /sec)
propagations          : 8104958        (11751885 /sec)
conflict literals     : 206455         (32.46 % deleted)
Memory used           : 21.70 MB
CPU time              : 0.689673 s

UNSATISFIABLE
