Reading from standard input... Use '-h' or '--help' for help.
==================================[MINISAT]===================================
| Conflicts |     ORIGINAL     |              LEARNT              | Progress |
|           | Clauses Literals |   Limit Clauses Literals  Lit/Cl |          |
==============================================================================
|         0 |  325658   913606 |  108552       0        0     nan |  0.000 % |
|       101 |  325671   913606 |  119407      88     1566    17.8 | 29.251 % |
|       251 |  325677   913606 |  131347     232    10901    47.0 | 29.251 % |
|       478 |  325688   913606 |  144482     448    43835    97.8 | 29.251 % |
|       816 |  325705   913606 |  158930     769    74000    96.2 | 29.251 % |
|      1324 |  325714   913606 |  174824    1268   111749    88.1 | 29.251 % |
|      2085 |  281678   854591 |  192306    1980   263732   133.2 | 40.263 % |
|      3225 |  281708   854591 |  211537    3085   348815   113.1 | 40.273 % |
|      4934 |  281558   854429 |  232690    4769   483556   101.4 | 40.328 % |
|      7497 |  280992   853703 |  255959    7309  1382403   189.1 | 40.404 % |
|     11342 |  281021   853634 |  281555   11060  1981109   179.1 | 40.526 % |
|     17112 |  280444   852553 |  309711   16679  2837612   170.1 | 40.570 % |
|     25761 |  273675   843421 |  340682   23431  3712377   158.4 | 41.814 % |
|     38735 |  272623   841672 |  374750   35866  5333652   148.7 | 42.043 % |
|     58196 |  271399   839488 |  412226   53736  7230356   134.6 | 42.261 % |
==============================================================================
restarts              : 15
conflicts             : 67177          (3464 /sec)
decisions             : 249353         (12857 /sec)
propagations          : 120792504      (6228350 /sec)
conflict literals     : 8288979        (46.73 % deleted)
Memory used           : 54.09 MB
CPU time              : 19.394 s

UNSATISFIABLE
