Reading from standard input... Use '-h' or '--help' for help.
==================================[MINISAT]===================================
| Conflicts |     ORIGINAL     |              LEARNT              | Progress |
|           | Clauses Literals |   Limit Clauses Literals  Lit/Cl |          |
==============================================================================
|         0 |  321127   907820 |  107042       0        0     nan |  0.000 % |
|       101 |  321137   907820 |  117746      91     1472    16.2 | 30.081 % |
|       252 |  321145   907820 |  129520     234    10228    43.7 | 30.081 % |
|       477 |  269483   841598 |  142472     449    51897   115.6 | 44.101 % |
|       814 |  269513   841598 |  156720     754    78747   104.4 | 44.118 % |
|      1321 |  269526   841598 |  172392    1248   110471    88.5 | 44.118 % |
|      2080 |  269388   841370 |  189631    1976   169145    85.6 | 44.173 % |
|      3223 |  269414   841370 |  208594    3087   349549   113.2 | 44.240 % |
|      4932 |  268228   839459 |  229454    4550   454291    99.8 | 44.431 % |
|      7494 |  266997   837545 |  252399    7011   666847    95.1 | 44.550 % |
|     11339 |  265458   835532 |  277639   10709   970365    90.6 | 44.879 % |
|     17105 |  263253   832145 |  305403   15715  1465379    93.2 | 45.263 % |
|     25758 |  261100   828716 |  335943   24109  2224450    92.3 | 45.542 % |
|     38732 |  260809   828056 |  369538   36826  3360249    91.2 | 45.624 % |
==============================================================================
restarts              : 14
conflicts             : 42040          (4761 /sec)
decisions             : 152502         (17270 /sec)
propagations          : 79512732       (9004171 /sec)
conflict literals     : 3608413        (46.47 % deleted)
Memory used           : 35.10 MB
CPU time              : 8.83066 s

UNSATISFIABLE
