Reading from standard input... Use '-h' or '--help' for help.
==================================[MINISAT]===================================
| Conflicts |     ORIGINAL     |              LEARNT              | Progress |
|           | Clauses Literals |   Limit Clauses Literals  Lit/Cl |          |
==============================================================================
|         0 |  327637   917271 |  109212       0        0     nan |  0.000 % |
|       100 |  327650   917271 |  120133      87     1103    12.7 | 28.802 % |
|       253 |  327655   917271 |  132146     235     9299    39.6 | 28.802 % |
|       481 |  327669   917271 |  145361     449    42346    94.3 | 28.802 % |
|       820 |  327707   917214 |  159897     713    61549    86.3 | 28.828 % |
|      1327 |  327719   917214 |  175887    1207   104207    86.3 | 43.026 % |
|      2086 |  275148   848530 |  193475    1916   144408    75.4 | 43.068 % |
|      3226 |  274539   847978 |  212823    2890   295588   102.3 | 43.119 % |
|      4935 |  274227   847435 |  234105    4398   401577    91.3 | 43.167 % |
|      7498 |  271648   843599 |  257516    6847   566597    82.8 | 43.712 % |
|     11342 |  270911   842581 |  283267   10605  1054563    99.4 | 43.868 % |
|     17108 |  267892   838775 |  311594   16156  1672310   103.5 | 44.414 % |
|     25760 |  267245   837768 |  342754   24659  2709256   109.9 | 44.535 % |
|     38734 |  267234   837588 |  377029   37522  3948134   105.2 | 44.548 % |
==============================================================================
restarts              : 14
conflicts             : 43841          (3986 /sec)
decisions             : 156450         (14225 /sec)
propagations          : 76690241       (6973074 /sec)
conflict literals     : 4282408        (51.25 % deleted)
Memory used           : 37.45 MB
CPU time              : 10.9981 s

UNSATISFIABLE
