Reading from standard input... Use '-h' or '--help' for help.
==================================[MINISAT]===================================
| Conflicts |     ORIGINAL     |              LEARNT              | Progress |
|           | Clauses Literals |   Limit Clauses Literals  Lit/Cl |          |
==============================================================================
|         0 |  330972   920752 |  110324       0        0     nan |  0.000 % |
|       101 |  330981   920752 |  121356      92      881     9.6 | 28.250 % |
|       253 |  330991   920752 |  133492     233     8459    36.3 | 38.982 % |
|       479 |  330992   920752 |  146841     458    54867   119.8 | 38.982 % |
|       816 |  331011   920752 |  161525     775    88299   113.9 | 38.982 % |
|      1325 |  287735   863089 |  177677    1255   151051   120.4 | 39.007 % |
|      2084 |  287236   862498 |  195445    1918   212856   111.0 | 39.052 % |
|      3223 |  287279   862498 |  214990    3012   361334   120.0 | 39.055 % |
|      4932 |  286919   861925 |  236489    4685   613624   131.0 | 39.108 % |
|      7494 |  286102   860815 |  260138    7166   817909   114.1 | 39.458 % |
|     11338 |  284230   858553 |  286152   10867  1079501    99.3 | 39.668 % |
|     17108 |  280392   853136 |  314767   12980  1696278   130.7 | 40.516 % |
|     25757 |  276114   847345 |  346243   20708  2562417   123.7 | 41.089 % |
|     38734 |  275807   846733 |  380868   33524  4411196   131.6 | 41.209 % |
|     58196 |  273490   843229 |  418955   52572  6774700   128.9 | 41.555 % |

*** INTERRUPTED ***
restarts              : 15
conflicts             : 83799          (2838 /sec)
decisions             : 291082         (9858 /sec)
propagations          : 194659407      (6592148 /sec)
conflict literals     : 10158387       (48.67 % deleted)
Memory used           : 61.04 MB
CPU time              : 29.529 s

*** INTERRUPTED ***
