Reading from standard input... Use '-h' or '--help' for help.
==================================[MINISAT]===================================
| Conflicts |     ORIGINAL     |              LEARNT              | Progress |
|           | Clauses Literals |   Limit Clauses Literals  Lit/Cl |          |
==============================================================================
|         0 |  319681   905954 |  106560       0        0     nan |  0.000 % |
|       100 |  319697   905954 |  117216      84    10610   126.3 | 30.355 % |
|       250 |  319698   905954 |  128937     233    24954   107.1 | 30.356 % |
|       475 |  319717   905954 |  141831     432    36448    84.4 | 46.024 % |
|       813 |  319739   905954 |  156014     748    59016    78.9 | 46.024 % |
|      1320 |  263409   834927 |  171615    1231   101174    82.2 | 46.024 % |
|      2079 |  263426   834927 |  188777    1973   244672   124.0 | 46.024 % |
|      3220 |  263034   834345 |  207655    3032   343546   113.3 | 46.367 % |
|      4929 |  261381   831765 |  228420    4551   510246   112.1 | 46.437 % |
|      7493 |  260889   830943 |  251262    7025   803011   114.3 | 46.731 % |
|     11337 |  258631   827595 |  276389   10620  1163577   109.6 | 46.904 % |
|     17105 |  256463   824118 |  304028   16102  1582016    98.2 | 47.289 % |
==============================================================================
restarts              : 12
conflicts             : 21835          (4914 /sec)
decisions             : 89670          (20181 /sec)
propagations          : 38947249       (8765256 /sec)
conflict literals     : 1892363        (42.39 % deleted)
Memory used           : 27.61 MB
CPU time              : 4.44337 s

UNSATISFIABLE
