Reading from standard input... Use '-h' or '--help' for help.
==================================[MINISAT]===================================
| Conflicts |     ORIGINAL     |              LEARNT              | Progress |
|           | Clauses Literals |   Limit Clauses Literals  Lit/Cl |          |
==============================================================================
|         0 |  212784   591613 |   70928       0        0     nan |  0.000 % |
|       101 |  212788   591613 |   78020      97     4323    44.6 | 29.277 % |
|       253 |  212798   591613 |   85822     239    18573    77.7 | 29.277 % |
|       478 |  212807   591613 |   94405     455    42912    94.3 | 29.277 % |
|       817 |  212815   591613 |  103845     786   125811   160.1 | 29.277 % |
|      1323 |  172936   541939 |  114230    1255   182027   145.0 | 47.088 % |
|      2083 |  171888   540370 |  125653    1989   245984   123.7 | 47.234 % |
|      3222 |  170028   538074 |  138218    3074   368099   119.7 | 47.757 % |
|      4930 |  168209   535443 |  152040    4719   465296    98.6 | 48.130 % |
|      7493 |  167846   534819 |  167244    6496   496336    76.4 | 48.206 % |
|     11337 |  166866   533247 |  183968   10201   681285    66.8 | 48.470 % |
==============================================================================
restarts              : 11
conflicts             : 12577          (8331 /sec)
decisions             : 43114          (28560 /sec)
propagations          : 21641038       (14335516 /sec)
conflict literals     : 808843         (35.61 % deleted)
Memory used           : 16.77 MB
CPU time              : 1.50961 s

UNSATISFIABLE
