Reading from standard input... Use '-h' or '--help' for help.
==================================[MINISAT]===================================
| Conflicts |     ORIGINAL     |              LEARNT              | Progress |
|           | Clauses Literals |   Limit Clauses Literals  Lit/Cl |          |
==============================================================================
|         0 | 3916780  9827620 | 1305593       0        0     nan |  0.000 % |
|       109 | 3916781  9827620 | 1436152     108    28583   264.7 |  8.641 % |
|       260 | 3916785  9827620 | 1579767     254    56295   221.6 |  8.641 % |
|       485 | 3916787  9827620 | 1737744     477    82484   172.9 |  8.641 % |
|       822 | 3916790  9827620 | 1911518     810   193833   239.3 |  8.641 % |
|      1328 | 3916790  9827620 | 2102670    1316   324197   246.4 |  8.641 % |
|      2087 | 3916797  9827620 | 2312937    2068   579727   280.3 |  8.641 % |
|      3227 | 3916820  9827620 | 2544231    3181   797044   250.6 | 17.436 % |
|      4937 | 3605215  9500571 | 2798654    4003   865802   216.3 | 17.436 % |
==============================================================================
restarts              : 9
conflicts             : 6299           (2557 /sec)
decisions             : 77170          (31323 /sec)
propagations          : 17251434       (7002246 /sec)
conflict literals     : 1317164        (13.31 % deleted)
Memory used           : 196.68 MB
CPU time              : 2.4637 s

UNSATISFIABLE
