Reading from standard input... Use '-h' or '--help' for help.
==================================[MINISAT]===================================
| Conflicts |     ORIGINAL     |              LEARNT              | Progress |
|           | Clauses Literals |   Limit Clauses Literals  Lit/Cl |          |
==============================================================================
|         0 | 3918039  9829610 | 1306013       0        0     nan |  0.000 % |
|       107 | 3918057  9829610 | 1436614      75    11515   153.5 | 17.151 % |
|       257 | 3918066  9829610 | 1580275     216    18575    86.0 | 17.151 % |
|       482 | 3918114  9829610 | 1738303     393    40480   103.0 | 17.151 % |
|       819 | 3918129  9829610 | 1912133     714    42777    59.9 | 17.151 % |
|      1329 | 3918154  9829610 | 2103346    1198    63542    53.0 | 17.175 % |
==============================================================================
restarts              : 6
conflicts             : 1625           (1411 /sec)
decisions             : 13676          (11871 /sec)
propagations          : 5100777        (4427512 /sec)
conflict literals     : 77609          (38.72 % deleted)
Memory used           : 194.68 MB
CPU time              : 1.15206 s

UNSATISFIABLE
