Reading from standard input... Use '-h' or '--help' for help.
==================================[MINISAT]===================================
| Conflicts |     ORIGINAL     |              LEARNT              | Progress |
|           | Clauses Literals |   Limit Clauses Literals  Lit/Cl |          |
==============================================================================
|         0 |  217058   598131 |   72352       0        0     nan |  0.000 % |
|       101 |  217063   598131 |   79587      96     9307    96.9 | 28.069 % |
|       251 |  217065   598131 |   87545     244    19762    81.0 | 28.069 % |
|       478 |  178007   549351 |   96300     454    33044    72.8 | 45.338 % |
|       815 |  177956   549312 |  105930     765    50951    66.6 | 45.347 % |
|      1321 |  177886   549129 |  116523    1123    92544    82.4 | 45.453 % |
|      2080 |  176098   546645 |  128175    1777   137747    77.5 | 45.818 % |
|      3220 |  175189   545463 |  140993    2857   199314    69.8 | 46.000 % |
|      4928 |  173443   542790 |  155092    4491   320321    71.3 | 46.502 % |
|      7491 |  173458   542790 |  170602    7037   565426    80.4 | 46.516 % |
|     11335 |  169494   537433 |  187662   10195   878937    86.2 | 47.524 % |
|     17103 |  163258   529267 |  206428    4900   274958    56.1 | 49.204 % |
==============================================================================
restarts              : 12
conflicts             : 17346          (6795 /sec)
decisions             : 53600          (20996 /sec)
propagations          : 29088069       (11394016 /sec)
conflict literals     : 1242740        (38.48 % deleted)
Memory used           : 18.62 MB
CPU time              : 2.55293 s

UNSATISFIABLE
