Reading from standard input... Use '-h' or '--help' for help.
==================================[MINISAT]===================================
| Conflicts |     ORIGINAL     |              LEARNT              | Progress |
|           | Clauses Literals |   Limit Clauses Literals  Lit/Cl |          |
==============================================================================
|         0 |  323033   910549 |  107677       0        0     nan |  0.000 % |
|       100 |  323047   910549 |  118444      86      950    11.0 | 29.725 % |
|       251 |  323062   910549 |  130289     218     6547    30.0 | 43.498 % |
|       476 |  323086   910549 |  143318     418    33679    80.6 | 43.499 % |
|       813 |  323093   910549 |  157649     747    53975    72.3 | 43.505 % |
|      1319 |  271836   845251 |  173414    1149   112476    97.9 | 43.535 % |
|      2079 |  271605   844887 |  190756    1871   166586    89.0 | 43.569 % |
|      3218 |  270752   843755 |  209832    2970   235043    79.1 | 43.805 % |
|      4926 |  269007   840905 |  230815    4579   361574    79.0 | 43.986 % |
|      7489 |  266321   836932 |  253896    6979   517638    74.2 | 44.456 % |
|     11333 |  265634   835849 |  279286   10720   808280    75.4 | 44.749 % |
|     17101 |  261490   829621 |  307215   11344  1048534    92.4 | 45.383 % |
|     25750 |  260334   827911 |  337936   19751  1974399   100.0 | 45.531 % |
|     38726 |  260006   827326 |  371730   32502  3162621    97.3 | 45.596 % |
==============================================================================
restarts              : 14
conflicts             : 51866          (4138 /sec)
decisions             : 186446         (14874 /sec)
propagations          : 102270206      (8158985 /sec)
conflict literals     : 4487973        (47.94 % deleted)
Memory used           : 37.18 MB
CPU time              : 12.5347 s

UNSATISFIABLE
