Reading from standard input... Use '-h' or '--help' for help.
==================================[MINISAT]===================================
| Conflicts |     ORIGINAL     |              LEARNT              | Progress |
|           | Clauses Literals |   Limit Clauses Literals  Lit/Cl |          |
==============================================================================
|         0 |  330093   918532 |  110031       0        0     nan |  0.000 % |
|       101 |  330106   918532 |  121034      88      855     9.7 | 28.478 % |
|       251 |  330108   918532 |  133137     236    11521    48.8 | 28.478 % |
|       476 |  330117   918532 |  146451     450    19436    43.2 | 35.494 % |
|       813 |  330130   918532 |  161096     773    99233   128.4 | 35.498 % |
|      1320 |  299057   874459 |  177206    1263   137178   108.6 | 35.498 % |
|      2081 |  299072   874459 |  194926    2009   205594   102.3 | 35.498 % |
|      3221 |  299046   874372 |  214419    3111   371303   119.4 | 35.525 % |
|      4929 |  298357   873181 |  235861    4667   487775   104.5 | 35.620 % |
|      7491 |  297590   872173 |  259447    7155   747978   104.5 | 35.765 % |
|     11335 |  296310   870565 |  285392   10892  1164357   106.9 | 35.970 % |
|     17104 |  295619   869497 |  313931   16543  1918948   116.0 | 36.040 % |
|     25753 |  295600   869404 |  345324   25146  3221326   128.1 | 36.121 % |
|     38728 |  291159   863760 |  379856   36265  4749526   131.0 | 36.874 % |
|     58189 |  290426   862617 |  417842   53506  7617967   142.4 | 36.984 % |
|     87382 |  290068   861897 |  459626   82419 11691539   141.9 | 37.058 % |

*** INTERRUPTED ***
restarts              : 16
conflicts             : 89265          (3029 /sec)
decisions             : 345203         (11714 /sec)
propagations          : 179460839      (6090005 /sec)
conflict literals     : 12555363       (51.62 % deleted)
Memory used           : 70.73 MB
CPU time              : 29.4681 s

*** INTERRUPTED ***
