Reading from standard input... Use '-h' or '--help' for help.
==================================[MINISAT]===================================
| Conflicts |     ORIGINAL     |              LEARNT              | Progress |
|           | Clauses Literals |   Limit Clauses Literals  Lit/Cl |          |
==============================================================================
|         0 |  141284   382324 |   47094       0        0     nan |  0.000 % |
|       100 |  141289   382324 |   51803      95     3032    31.9 | 26.271 % |
|       252 |  141303   382324 |   56983     233    16678    71.6 | 26.271 % |
|       481 |  126222   360822 |   62682     444    23954    54.0 | 34.870 % |
|       819 |  126245   360822 |   68950     756    36200    47.9 | 34.879 % |
|      1325 |  126057   360420 |   75845    1219    57945    47.5 | 34.940 % |
|      2085 |  126033   360336 |   83429    1945   103318    53.1 | 35.019 % |
|      3227 |  125650   359739 |   91772    3027   150890    49.8 | 35.283 % |
|      4936 |  124497   358260 |  100950    4467   239568    53.6 | 36.391 % |
|      7499 |  118260   349972 |  111045    6119   332895    54.4 | 38.419 % |
|     11343 |  117669   349072 |  122149    9596   522510    54.5 | 38.694 % |
|     17110 |  117582   348760 |  134364   15204   897352    59.0 | 38.837 % |
==============================================================================
restarts              : 12
conflicts             : 22419          (9776 /sec)
decisions             : 86916          (37901 /sec)
propagations          : 25762007       (11233773 /sec)
conflict literals     : 1216092        (41.46 % deleted)
Memory used           : 15.05 MB
CPU time              : 2.29326 s

UNSATISFIABLE
