Reading from standard input... Use '-h' or '--help' for help.
==================================[MINISAT]===================================
| Conflicts |     ORIGINAL     |              LEARNT              | Progress |
|           | Clauses Literals |   Limit Clauses Literals  Lit/Cl |          |
==============================================================================
|         0 |  343425   934364 |  114475       0        0     nan |  0.000 % |
|       104 |  343438   934364 |  125922      91     1766    19.4 | 26.121 % |
|       254 |  343441   934364 |  138514     238    14181    59.6 | 26.121 % |
|       481 |  343464   934364 |  152366     441    37162    84.3 | 29.761 % |
|       820 |  324131   903487 |  167602     756    57688    76.3 | 29.769 % |
|      1327 |  324148   903487 |  184363    1245   141509   113.7 | 29.787 % |
|      2087 |  324047   903283 |  202799    1983   274419   138.4 | 29.787 % |
|      3226 |  323902   903088 |  223079    3085   465645   150.9 | 29.833 % |
|      4935 |  323795   902905 |  245387    4766  1397344   293.2 | 29.888 % |
|      7497 |  323056   901975 |  269926    7294  1647832   225.9 | 29.964 % |
|     11341 |  323098   901975 |  296918   11096  2524983   227.6 | 29.964 % |
|     17109 |  322925   901648 |  326610   16805  3562013   212.0 | 30.108 % |
|     25762 |  321281   899299 |  359271   24920  5250338   210.7 | 30.322 % |
|     38736 |  320694   898141 |  395198   36787  8601461   233.8 | 30.675 % |
|     58202 |  305856   878523 |  434718   47583  8884979   186.7 | 33.221 % |
==============================================================================
restarts              : 15
conflicts             : 63958          (3987 /sec)
decisions             : 268121         (16715 /sec)
propagations          : 110922843      (6915173 /sec)
conflict literals     : 11630282       (41.39 % deleted)
Memory used           : 62.82 MB
CPU time              : 16.0405 s

UNSATISFIABLE
