Reading from standard input... Use '-h' or '--help' for help.
==================================[MINISAT]===================================
| Conflicts |     ORIGINAL     |              LEARNT              | Progress |
|           | Clauses Literals |   Limit Clauses Literals  Lit/Cl |          |
==============================================================================
|         0 |  324593   913759 |  108197       0        0     nan |  0.000 % |
|       103 |  324605   913759 |  119016      91     1596    17.5 | 29.365 % |
|       255 |  324620   913759 |  130918     228    10348    45.4 | 29.365 % |
|       480 |  324625   913714 |  144010     421    21033    50.0 | 47.242 % |
|       817 |  324632   913714 |  158411     749    55389    74.0 | 47.282 % |
|      1323 |  261474   833986 |  174252    1160   121507   104.7 | 47.318 % |
|      2082 |  260700   832987 |  191677    1891   205648   108.8 | 47.414 % |
|      3221 |  260021   831856 |  210845    2921   276218    94.6 | 47.596 % |
|      4929 |  254686   824421 |  231929    3151   405125   128.6 | 48.795 % |
|      7494 |  251325   819265 |  255122    5211   667389   128.1 | 49.249 % |
|     11339 |  248273   814540 |  280635    8936  1071501   119.9 | 49.833 % |
==============================================================================
restarts              : 11
conflicts             : 16419          (4822 /sec)
decisions             : 66742          (19603 /sec)
propagations          : 30518957       (8963662 /sec)
conflict literals     : 1528338        (36.39 % deleted)
Memory used           : 25.32 MB
CPU time              : 3.40474 s

UNSATISFIABLE
