Reading from standard input... Use '-h' or '--help' for help.
==================================[MINISAT]===================================
| Conflicts |     ORIGINAL     |              LEARNT              | Progress |
|           | Clauses Literals |   Limit Clauses Literals  Lit/Cl |          |
==============================================================================
|         0 |  338100   927822 |  112700       0        0     nan |  0.000 % |
|       102 |  338113   927822 |  123970      89     1055    11.9 | 27.034 % |
|       253 |  338123   927822 |  136367     230    10096    43.9 | 27.034 % |
|       478 |  338134   927822 |  150003     444    28074    63.2 | 27.034 % |
|       816 |  312746   889806 |  165004     756    45961    60.8 | 32.199 % |
|      1322 |  312778   889806 |  181504    1228    79970    65.1 | 32.225 % |
|      2083 |  312539   889309 |  199654    1864   149820    80.4 | 32.241 % |
|      3222 |  312502   889303 |  219620    2984   220275    73.8 | 32.402 % |
|      4930 |  311019   887599 |  241582    4647   400419    86.2 | 32.506 % |
|      7492 |  310622   886999 |  265740    7116   740942   104.1 | 32.562 % |
|     11336 |  310257   886504 |  292314   10878  1323014   121.6 | 32.670 % |
|     17105 |  307371   882886 |  321546   16170  2001998   123.8 | 33.101 % |
|     25755 |  307155   882493 |  353700   24670  3110275   126.1 | 33.395 % |
|     38730 |  305235   879928 |  389070   37204  5065613   136.2 | 33.562 % |
|     58192 |  303946   877888 |  427978   56267  7812632   138.8 | 33.866 % |
==============================================================================
restarts              : 15
conflicts             : 60199          (3179 /sec)
decisions             : 258780         (13666 /sec)
propagations          : 128025657      (6761036 /sec)
conflict literals     : 8072217        (47.18 % deleted)
Memory used           : 54.57 MB
CPU time              : 18.9358 s

UNSATISFIABLE
