Reading from standard input... Use '-h' or '--help' for help.
==================================[MINISAT]===================================
| Conflicts |     ORIGINAL     |              LEARNT              | Progress |
|           | Clauses Literals |   Limit Clauses Literals  Lit/Cl |          |
==============================================================================
|         0 |  210354   588035 |   70118       0        0     nan |  0.000 % |
|       101 |  210361   588035 |   77129      94     2243    23.9 | 30.045 % |
|       252 |  210366   588035 |   84842     240     5335    22.2 | 30.045 % |
|       477 |  210378   588035 |   93327     451    14371    31.9 | 47.687 % |
|       814 |  171469   539390 |  102659     770    36171    47.0 | 47.690 % |
|      1320 |  171431   539384 |  112925    1249    75563    60.5 | 47.701 % |
|      2079 |  170977   538718 |  124218    1945   108802    55.9 | 47.929 % |
|      3219 |  170313   537599 |  136640    2711   189470    69.9 | 48.096 % |
|      4927 |  167952   534041 |  150304    4159   306044    73.6 | 48.594 % |
|      7489 |  165692   530540 |  165334    6630   465452    70.2 | 49.116 % |
==============================================================================
restarts              : 10
conflicts             : 9918           (9430 /sec)
decisions             : 37355          (35515 /sec)
propagations          : 14142612       (13446078 /sec)
conflict literals     : 591644         (40.88 % deleted)
Memory used           : 15.99 MB
CPU time              : 1.0518 s

UNSATISFIABLE
