Reading from standard input... Use '-h' or '--help' for help.
==================================[MINISAT]===================================
| Conflicts |     ORIGINAL     |              LEARNT              | Progress |
|           | Clauses Literals |   Limit Clauses Literals  Lit/Cl |          |
==============================================================================
|         0 |  322978   910387 |  107659       0        0     nan |  0.000 % |
|       101 |  322994   910387 |  118424      85      651     7.7 | 29.721 % |
|       251 |  323001   910387 |  130267     224     5828    26.0 | 43.533 % |
|       478 |  323009   910387 |  143294     441    11448    26.0 | 43.549 % |
|       819 |  271608   844866 |  157623     706    24175    34.2 | 43.599 % |
|      1325 |  271625   844866 |  173385    1195    52660    44.1 | 43.599 % |
|      2084 |  271407   844578 |  190724    1932   113813    58.9 | 43.599 % |
|      3223 |  271427   844545 |  209796    3031   227902    75.2 | 43.642 % |
|      4931 |  270842   843563 |  230776    4662   400958    86.0 | 43.763 % |
|      7493 |  270447   843028 |  253854    7198   643270    89.4 | 43.769 % |
|     11338 |  270324   842782 |  279239   10956  1082313    98.8 | 43.818 % |
|     17104 |  269117   840957 |  307163   16481  1745165   105.9 | 44.100 % |
|     25753 |  268271   839634 |  337880   25015  2811672   112.4 | 44.259 % |
|     38730 |  267673   838533 |  371668   37825  4331196   114.5 | 44.414 % |
==============================================================================
restarts              : 14
conflicts             : 44987          (3902 /sec)
decisions             : 148193         (12855 /sec)
propagations          : 85337795       (7402389 /sec)
conflict literals     : 4915394        (53.74 % deleted)
Memory used           : 41.06 MB
CPU time              : 11.5284 s

UNSATISFIABLE
