Reading from standard input... Use '-h' or '--help' for help.
==================================[MINISAT]===================================
| Conflicts |     ORIGINAL     |              LEARNT              | Progress |
|           | Clauses Literals |   Limit Clauses Literals  Lit/Cl |          |
==============================================================================
|         0 | 3916184  9826221 | 1305394       0        0     nan |  0.000 % |
|       109 | 3916185  9826221 | 1435933     108    28583   264.7 |  8.655 % |
|       259 | 3916189  9826221 | 1579526     253    54741   216.4 |  8.655 % |
|       486 | 3916189  9826221 | 1737479     480   213486   444.8 |  8.655 % |
|       823 | 3916191  9826221 | 1911227     813   229023   281.7 |  8.655 % |
|      1330 | 3916193  9826221 | 2102350    1318  1071659   813.1 |  8.655 % |
|      2092 | 3916195  9826221 | 2312585    2077  2996028  1442.5 |  8.655 % |
|      3232 | 3916184  9826166 | 2543843    3195  3545735  1109.8 |  8.655 % |
==============================================================================
restarts              : 8
conflicts             : 4133           (561 /sec)
decisions             : 93112          (12642 /sec)
propagations          : 19263770       (2615402 /sec)
conflict literals     : 3644378        (8.94 % deleted)
Memory used           : 207.55 MB
CPU time              : 7.36551 s

UNSATISFIABLE
