Reading from standard input... Use '-h' or '--help' for help.
==================================[MINISAT]===================================
| Conflicts |     ORIGINAL     |              LEARNT              | Progress |
|           | Clauses Literals |   Limit Clauses Literals  Lit/Cl |          |
==============================================================================
|         0 |  320559   907896 |  106853       0        0     nan |  0.000 % |
|       101 |  320570   907896 |  117538      90      782     8.7 | 30.177 % |
|       251 |  320573   907896 |  129292     237    25182   106.3 | 30.177 % |
|       476 |  320585   907896 |  142221     450   154720   343.8 | 30.177 % |
|       813 |  259263   831097 |  156443     761   205939   270.6 | 47.849 % |
|      1319 |  259184   830971 |  172087    1209   271057   224.2 | 47.866 % |
|      2078 |  259221   830971 |  189296    1919   388468   202.4 | 47.934 % |
|      3217 |  258404   829705 |  208226    2803   483073   172.3 | 48.019 % |
|      4926 |  258063   829105 |  229048    4464   662558   148.4 | 48.109 % |
|      7488 |  257550   828294 |  251953    6989  1087787   155.6 | 48.144 % |
|     11334 |  253606   822434 |  277149   10718  1481239   138.2 | 48.824 % |
==============================================================================
restarts              : 11
conflicts             : 16800          (4374 /sec)
decisions             : 62836          (16359 /sec)
propagations          : 30132379       (7844729 /sec)
conflict literals     : 1935665        (39.98 % deleted)
Memory used           : 27.72 MB
CPU time              : 3.8411 s

UNSATISFIABLE
