Reading from standard input... Use '-h' or '--help' for help.
==================================[MINISAT]===================================
| Conflicts |     ORIGINAL     |              LEARNT              | Progress |
|           | Clauses Literals |   Limit Clauses Literals  Lit/Cl |          |
==============================================================================
|         0 |  334638   925216 |  111546       0        0     nan |  0.000 % |
|       100 |  334651   925216 |  122700      87     1527    17.6 | 27.546 % |
|       250 |  334668   925216 |  134970     217    16961    78.2 | 37.249 % |
|       475 |  334682   925216 |  148467     426    31687    74.4 | 37.255 % |
|       813 |  294484   869881 |  163314     736    83025   112.8 | 37.256 % |
|      1321 |  294493   869881 |  179645    1234   150174   121.7 | 37.265 % |
|      2085 |  294444   869797 |  197610    1983   293159   147.8 | 37.315 % |
|      3226 |  294190   869485 |  217371    3101   568918   183.5 | 37.315 % |
|      4935 |  294139   869365 |  239108    4776   723962   151.6 | 37.325 % |
|      7497 |  294052   869230 |  263019    7302   996897   136.5 | 37.346 % |
|     11342 |  289147   863116 |  289321   10959  1344816   122.7 | 38.341 % |
|     17108 |  287990   861499 |  318253   16324  1953819   119.7 | 38.519 % |
|     25757 |  279541   850673 |  350079   22765  2815092   123.7 | 40.125 % |
|     38732 |  276780   846490 |  385087   34367  3992527   116.2 | 40.705 % |
|     58193 |  275728   844567 |  423595   53476  6094301   114.0 | 40.880 % |
==============================================================================
restarts              : 15
conflicts             : 65448          (4529 /sec)
decisions             : 252773         (17493 /sec)
propagations          : 116586007      (8068102 /sec)
conflict literals     : 7003086        (47.80 % deleted)
Memory used           : 49.05 MB
CPU time              : 14.4502 s

UNSATISFIABLE
