Reading from standard input... Use '-h' or '--help' for help.
==================================[MINISAT]===================================
| Conflicts |     ORIGINAL     |              LEARNT              | Progress |
|           | Clauses Literals |   Limit Clauses Literals  Lit/Cl |          |
==============================================================================
|         0 |  326668   916473 |  108889       0        0     nan |  0.000 % |
|       103 |  326680   916473 |  119777      91     5969    65.6 | 29.007 % |
|       253 |  326686   916473 |  131755     234    60588   258.9 | 29.007 % |
|       478 |  326695   916473 |  144931     449    65219   145.3 | 44.812 % |
|       816 |  269698   843983 |  159424     758    94189   124.3 | 44.815 % |
|      1323 |  269719   843983 |  175366    1244   192631   154.8 | 44.815 % |
|      2082 |  269049   843131 |  192903    1959   271447   138.6 | 44.931 % |
|      3221 |  267312   840520 |  212193    3059   362818   118.6 | 45.254 % |
|      4929 |  266038   838729 |  233413    4571   507849   111.1 | 45.448 % |
|      7495 |  262675   833970 |  256754    6939   784984   113.1 | 46.053 % |
|     11340 |  261523   832047 |  282430   10724  1154694   107.7 | 46.267 % |
|     17107 |  256839   825388 |  310673   16217  1521800    93.8 | 47.154 % |
|     25756 |  250638   819081 |  341740   17704  1374615    77.6 | 48.162 % |
==============================================================================
restarts              : 13
conflicts             : 28027          (5252 /sec)
decisions             : 104057         (19499 /sec)
propagations          : 54781382       (10265470 /sec)
conflict literals     : 2217754        (43.01 % deleted)
Memory used           : 28.43 MB
CPU time              : 5.33647 s

UNSATISFIABLE
