Reading from standard input... Use '-h' or '--help' for help.
==================================[MINISAT]===================================
| Conflicts |     ORIGINAL     |              LEARNT              | Progress |
|           | Clauses Literals |   Limit Clauses Literals  Lit/Cl |          |
==============================================================================
|         0 |  328665   917053 |  109555       0        0     nan |  0.000 % |
|       101 |  328679   917053 |  120510      87      958    11.0 | 28.657 % |
|       253 |  328688   917053 |  132561     228     4322    19.0 | 38.260 % |
|       479 |  328695   917053 |  145817     447    40200    89.9 | 38.260 % |
|       816 |  328719   917053 |  160399     760    54298    71.4 | 38.260 % |
|      1322 |  289304   863233 |  176439    1255   105857    84.3 | 38.278 % |
|      2082 |  289147   862987 |  194083    1958   158992    81.2 | 38.322 % |
|      3221 |  288769   862348 |  213491    3069   251865    82.1 | 38.368 % |
|      4930 |  288807   862348 |  234840    4740   490701   103.5 | 38.368 % |
|      7492 |  288149   861158 |  258324    7249   822950   113.5 | 38.678 % |
|     11337 |  285263   857594 |  284157   10945  1415390   129.3 | 39.149 % |
|     17105 |  284743   856697 |  312573   16558  2606590   157.4 | 39.205 % |
|     25757 |  284852   856607 |  343830   25038  4172218   166.6 | 39.304 % |
|     38731 |  280913   850927 |  378213   36340  5714688   157.3 | 39.916 % |
==============================================================================
restarts              : 14
conflicts             : 53782          (3755 /sec)
decisions             : 205045         (14316 /sec)
propagations          : 78897746       (5508672 /sec)
conflict literals     : 7400967        (47.34 % deleted)
Memory used           : 50.81 MB
CPU time              : 14.3225 s

UNSATISFIABLE
