Reading from standard input... Use '-h' or '--help' for help.
==================================[MINISAT]===================================
| Conflicts |     ORIGINAL     |              LEARNT              | Progress |
|           | Clauses Literals |   Limit Clauses Literals  Lit/Cl |          |
==============================================================================
|         0 |  325472   913989 |  108490       0        0     nan |  0.000 % |
|       100 |  325484   913989 |  119339      88     1106    12.6 | 29.206 % |
|       252 |  325491   913989 |  131272     233    14286    61.3 | 29.206 % |
|       477 |  325503   913989 |  144400     446    24155    54.2 | 29.206 % |
|       814 |  325439   913899 |  158840     772    69755    90.4 | 29.219 % |
|      1321 |  325466   913899 |  174724    1252   240451   192.1 | 29.219 % |
|      2080 |  325477   913899 |  192196    2000   303565   151.8 | 29.219 % |
|      3219 |  272596   845231 |  211416    3077   411931   133.9 | 43.505 % |
|      4927 |  269617   841361 |  232557    4651   515877   110.9 | 43.928 % |
|      7489 |  268216   839133 |  255813    7131   967504   135.7 | 44.211 % |
|     11334 |  264623   834379 |  281395   10752  1315625   122.4 | 44.931 % |
|     17101 |  262975   832181 |  309534   16262  1776513   109.2 | 45.194 % |
|     25750 |  261181   829480 |  340488   24000  2489115   103.7 | 45.599 % |
==============================================================================
restarts              : 13
conflicts             : 36493          (4480 /sec)
decisions             : 149524         (18357 /sec)
propagations          : 62176467       (7633331 /sec)
conflict literals     : 3403281        (45.27 % deleted)
Memory used           : 32.97 MB
CPU time              : 8.14539 s

UNSATISFIABLE
