Reading from standard input... Use '-h' or '--help' for help.
==================================[MINISAT]===================================
| Conflicts |     ORIGINAL     |              LEARNT              | Progress |
|           | Clauses Literals |   Limit Clauses Literals  Lit/Cl |          |
==============================================================================
|         0 |  335390   925515 |  111796       0        0     nan |  0.000 % |
|       100 |  335408   925515 |  122975      82      984    12.0 | 27.415 % |
|       250 |  335412   925515 |  135273     227    12344    54.4 | 27.416 % |
|       475 |  335414   925515 |  148800     450    18281    40.6 | 27.416 % |
|       813 |  335385   925509 |  163680     764    42671    55.9 | 27.416 % |
|      1321 |  298700   874146 |  180048    1229    61104    49.7 | 35.915 % |
|      2080 |  298039   873054 |  198053    1609   114976    71.5 | 36.092 % |
|      3219 |  297615   872535 |  217858    2721   221115    81.3 | 36.250 % |
|      4930 |  296901   871383 |  239644    4318   387911    89.8 | 36.263 % |
|      7492 |  294583   868629 |  263609    6801   586888    86.3 | 36.638 % |
|     11336 |  292280   865221 |  289970   10114   922919    91.3 | 37.192 % |
|     17102 |  290467   862881 |  318967   15600  1630319   104.5 | 37.371 % |
|     25752 |  276266   841232 |  350863   18133  2148862   118.5 | 40.321 % |
|     38727 |  275592   840059 |  385950   30852  3414383   110.7 | 40.672 % |
==============================================================================
restarts              : 14
conflicts             : 53326          (4448 /sec)
decisions             : 210143         (17528 /sec)
propagations          : 79236576       (6609035 /sec)
conflict literals     : 4996162        (43.05 % deleted)
Memory used           : 38.60 MB
CPU time              : 11.9891 s

UNSATISFIABLE
