Reading from standard input... Use '-h' or '--help' for help.
==================================[MINISAT]===================================
| Conflicts |     ORIGINAL     |              LEARNT              | Progress |
|           | Clauses Literals |   Limit Clauses Literals  Lit/Cl |          |
==============================================================================
|         0 |  322400   909535 |  107466       0        0     nan |  0.000 % |
|       100 |  322415   909535 |  118212      85     1113    13.1 | 29.855 % |
|       250 |  322429   909535 |  130033     218     5562    25.5 | 42.264 % |
|       475 |  322448   909535 |  143037     424    20209    47.7 | 42.264 % |
|       812 |  275379   847921 |  157340     727    40140    55.2 | 42.308 % |
|      1319 |  275397   847921 |  173075    1215    77530    63.8 | 42.353 % |
|      2082 |  274559   846645 |  190382    1957   141043    72.1 | 42.407 % |
|      3221 |  274297   846624 |  209420    3072   291797    95.0 | 42.452 % |
|      4929 |  273544   845592 |  230362    4676   519729   111.1 | 42.572 % |
|      7494 |  272791   844533 |  253399    7201   710909    98.7 | 42.675 % |
|     11338 |  271816   842901 |  278739   10908  1056841    96.9 | 42.869 % |
|     17104 |  270543   840579 |  306613   15030  1475442    98.2 | 43.231 % |
|     25754 |  268287   837473 |  337274   22570  2294935   101.7 | 43.580 % |
|     38729 |  267303   835844 |  371001   35264  3606520   102.3 | 43.857 % |
==============================================================================
restarts              : 14
conflicts             : 42645          (5678 /sec)
decisions             : 166656         (22190 /sec)
propagations          : 78423948       (10442228 /sec)
conflict literals     : 4078232        (45.14 % deleted)
Memory used           : 35.93 MB
CPU time              : 7.51027 s

UNSATISFIABLE
