Reading from standard input... Use '-h' or '--help' for help.
==================================[MINISAT]===================================
| Conflicts |     ORIGINAL     |              LEARNT              | Progress |
|           | Clauses Literals |   Limit Clauses Literals  Lit/Cl |          |
==============================================================================
|         0 |  322479   910135 |  107493       0        0     nan |  0.000 % |
|       103 |  322493   910135 |  118242      89      909    10.2 | 29.816 % |
|       253 |  322511   910135 |  130066     221     6313    28.6 | 29.816 % |
|       478 |  322533   910135 |  143073     424    41765    98.5 | 29.816 % |
|       816 |  271009   843004 |  157380     743    73793    99.3 | 43.949 % |
|      1322 |  270938   842866 |  173118    1182   108574    91.9 | 43.956 % |
|      2082 |  270962   842866 |  190430    1918   216941   113.1 | 43.956 % |
|      3223 |  270994   842866 |  209473    3027   464347   153.4 | 43.956 % |
|      4931 |  269304   840715 |  230420    4617   654371   141.7 | 44.318 % |
|      7493 |  267059   837409 |  253462    6875   901871   131.2 | 44.689 % |
|     11337 |  266469   836530 |  278809   10552  1232277   116.8 | 44.816 % |
|     17103 |  266279   836074 |  306690   16205  1862597   114.9 | 44.855 % |
|     25752 |  266364   836008 |  337359   24703  2766452   112.0 | 44.866 % |
|     38727 |  266510   836008 |  371094   37512  3908185   104.2 | 44.867 % |
==============================================================================
restarts              : 14
conflicts             : 41540          (4578 /sec)
decisions             : 163411         (18010 /sec)
propagations          : 75901886       (8365308 /sec)
conflict literals     : 4067867        (48.86 % deleted)
Memory used           : 36.49 MB
CPU time              : 9.07341 s

UNSATISFIABLE
