Reading from standard input... Use '-h' or '--help' for help.
==================================[MINISAT]===================================
| Conflicts |     ORIGINAL     |              LEARNT              | Progress |
|           | Clauses Literals |   Limit Clauses Literals  Lit/Cl |          |
==============================================================================
|         0 |  142989   384961 |   47663       0        0     nan |  0.000 % |
|       100 |  142993   384961 |   52429      96     5148    53.6 | 25.551 % |
|       256 |  142998   384961 |   57672     246    12010    48.8 | 35.461 % |
|       482 |  125950   361091 |   63439     444    24383    54.9 | 35.480 % |
|       820 |  125857   361019 |   69783     767    44650    58.2 | 35.485 % |
|      1328 |  125589   360650 |   76761    1255    61675    49.1 | 35.574 % |
|      2087 |  125565   360599 |   84437    1985   118172    59.5 | 35.595 % |
|      3227 |  125492   360458 |   92881    3080   183310    59.5 | 35.779 % |
|      4935 |  124241   358802 |  102169    4731   286878    60.6 | 36.192 % |
|      7498 |  123263   357476 |  112386    7149   454847    63.6 | 36.587 % |
|     11346 |  121519   355265 |  123625   10605   738305    69.6 | 37.346 % |
|     17113 |  120615   354002 |  135988   16240  1257021    77.4 | 37.697 % |
|     25763 |  118847   351536 |  149586   24407  2123824    87.0 | 38.491 % |
|     38737 |  118826   351413 |  164545   37297  3499494    93.8 | 38.523 % |
|     58199 |  118830   351278 |  181000   56642  5024663    88.7 | 38.556 % |
==============================================================================
restarts              : 15
conflicts             : 70427          (6446 /sec)
decisions             : 200193         (18324 /sec)
propagations          : 106667408      (9763506 /sec)
conflict literals     : 5987060        (50.91 % deleted)
Memory used           : 35.78 MB
CPU time              : 10.9251 s

UNSATISFIABLE
