Reading from standard input... Use '-h' or '--help' for help.
==================================[MINISAT]===================================
| Conflicts |     ORIGINAL     |              LEARNT              | Progress |
|           | Clauses Literals |   Limit Clauses Literals  Lit/Cl |          |
==============================================================================
|         0 |  320698   907310 |  106899       0        0     nan |  0.000 % |
|       100 |  320712   907310 |  117588      86      695     8.1 | 30.208 % |
|       250 |  320723   907310 |  129347     214     6939    32.4 | 42.610 % |
|       477 |  320735   907310 |  142282     427    36649    85.8 | 42.622 % |
|       814 |  273852   845556 |  156510     666    63471    95.3 | 42.628 % |
|      1321 |  272940   844398 |  172161    1142    91195    79.9 | 42.789 % |
|      2080 |  272739   844125 |  189378    1863   132295    71.0 | 42.826 % |
|      3220 |  272422   843639 |  208315    2958   208251    70.4 | 42.891 % |
|      4932 |  272082   843201 |  229147    4626   362791    78.4 | 42.934 % |
|      7494 |  270675   841335 |  252062    7083   607506    85.8 | 43.152 % |
|     11340 |  269758   839859 |  277268   10797   930060    86.1 | 43.310 % |
|     17107 |  269613   839544 |  304995   16451  1556928    94.6 | 43.342 % |
|     25756 |  268426   837588 |  335494   24879  2442064    98.2 | 43.545 % |
|     38730 |  267886   836544 |  369044   37649  3686001    97.9 | 43.639 % |
==============================================================================
restarts              : 14
conflicts             : 52599          (3802 /sec)
decisions             : 196331         (14193 /sec)
propagations          : 102172677      (7385926 /sec)
conflict literals     : 4871269        (49.17 % deleted)
Memory used           : 41.17 MB
CPU time              : 13.8334 s

UNSATISFIABLE
