Reading from standard input... Use '-h' or '--help' for help.
==================================[MINISAT]===================================
| Conflicts |     ORIGINAL     |              LEARNT              | Progress |
|           | Clauses Literals |   Limit Clauses Literals  Lit/Cl |          |
==============================================================================
|         0 |  323530   910829 |  107843       0        0     nan |  0.000 % |
|       100 |  323549   910829 |  118627      81      828    10.2 | 29.633 % |
|       250 |  323570   910829 |  130490     208     6107    29.4 | 29.637 % |
|       478 |  276136   849029 |  143539     353    20552    58.2 | 41.979 % |
|       816 |  276140   849029 |  157892     681    66942    98.3 | 42.056 % |
|      1323 |  276152   849029 |  173682    1176   115175    97.9 | 42.056 % |
|      2083 |  275394   847780 |  191050    1897   193202   101.8 | 42.056 % |
|      3223 |  275252   847363 |  210155    3000   291295    97.1 | 42.150 % |
|      4937 |  275047   847019 |  231171    4656   450491    96.8 | 42.356 % |
|      7500 |  272864   843962 |  254288    6986   741783   106.2 | 42.634 % |
|     11344 |  267170   835023 |  279716    9992  1056789   105.8 | 43.826 % |
|     17111 |  265732   833019 |  307688   15413  1629344   105.7 | 43.990 % |
|     25760 |  264999   831825 |  338457   23864  2412387   101.1 | 44.114 % |
==============================================================================
restarts              : 13
conflicts             : 34954          (5274 /sec)
decisions             : 148233         (22368 /sec)
propagations          : 51498788       (7770913 /sec)
conflict literals     : 3214994        (46.11 % deleted)
Memory used           : 33.50 MB
CPU time              : 6.62712 s

UNSATISFIABLE
