Reading from standard input... Use '-h' or '--help' for help.
==================================[MINISAT]===================================
| Conflicts |     ORIGINAL     |              LEARNT              | Progress |
|           | Clauses Literals |   Limit Clauses Literals  Lit/Cl |          |
==============================================================================
|         0 |  325907   913563 |  108635       0        0     nan |  0.000 % |
|       100 |  325920   913563 |  119498      87     1533    17.6 | 29.186 % |
|       250 |  325923   913563 |  131448     234    18495    79.0 | 29.186 % |
|       478 |  282905   856690 |  144593     442    23850    54.0 | 39.958 % |
|       816 |  282906   856690 |  159052     778    43006    55.3 | 39.986 % |
|      1322 |  282624   856201 |  174957    1254   220092   175.5 | 39.994 % |
|      2081 |  282625   856081 |  192453    1937   268522   138.6 | 40.028 % |
|      3222 |  282648   856081 |  211698    3050   357110   117.1 | 40.069 % |
|      4930 |  282134   855208 |  232868    4587   546350   119.1 | 40.176 % |
|      7494 |  281390   854257 |  256155    7034   842096   119.7 | 40.623 % |
|     11339 |  277766   849385 |  281771   10531  1132739   107.6 | 40.901 % |
|     17105 |  274141   844638 |  309948   15809  1477493    93.5 | 41.605 % |
|     25755 |  273392   843264 |  340943   23596  2748928   116.5 | 41.742 % |
|     38731 |  272975   842469 |  375037   36396  4122455   113.3 | 41.818 % |
|     58192 |  272694   841896 |  412541   55602  6256415   112.5 | 41.898 % |
==============================================================================
restarts              : 15
conflicts             : 72414          (3366 /sec)
decisions             : 250652         (11650 /sec)
propagations          : 137530566      (6392441 /sec)
conflict literals     : 7626235        (50.91 % deleted)
Memory used           : 52.85 MB
CPU time              : 21.5146 s

UNSATISFIABLE
