Reading from standard input... Use '-h' or '--help' for help.
==================================[MINISAT]===================================
| Conflicts |     ORIGINAL     |              LEARNT              | Progress |
|           | Clauses Literals |   Limit Clauses Literals  Lit/Cl |          |
==============================================================================
|         0 |  331400   920850 |  110466       0        0     nan |  0.000 % |
|       102 |  331416   920850 |  121512      86     1009    11.7 | 28.147 % |
|       252 |  331434   920850 |  133663     217     3453    15.9 | 28.149 % |
|       478 |  331439   920850 |  147030     438    32115    73.3 | 28.149 % |
|       815 |  331445   920817 |  161733     754    51475    68.3 | 37.752 % |
|      1321 |  331478   920817 |  177906    1226    74616    60.9 | 37.754 % |
|      2082 |  290050   864155 |  195697    1839   127859    69.5 | 38.073 % |
|      3222 |  289718   863933 |  215266    2931   182431    62.2 | 38.111 % |
|      4930 |  288826   862901 |  236793    4561   344609    75.6 | 38.306 % |
|      7492 |  287777   861499 |  260473    7037   567073    80.6 | 38.520 % |
|     11337 |  285668   858096 |  286520   10262   884738    86.2 | 39.022 % |
|     17105 |  284690   856626 |  315172   15904  1505893    94.7 | 39.152 % |
|     25755 |  281234   851690 |  346689   21577  2440301   113.1 | 39.840 % |
|     38731 |  280637   850682 |  381358   34361  4505464   131.1 | 39.942 % |
|     58192 |  280122   849551 |  419494   53489  7260041   135.7 | 40.062 % |
==============================================================================
restarts              : 15
conflicts             : 73482          (3532 /sec)
decisions             : 283887         (13646 /sec)
propagations          : 128362843      (6170059 /sec)
conflict literals     : 9042095        (50.25 % deleted)
Memory used           : 55.79 MB
CPU time              : 20.8042 s

UNSATISFIABLE
