Reading from standard input... Use '-h' or '--help' for help.
==================================[MINISAT]===================================
| Conflicts |     ORIGINAL     |              LEARNT              | Progress |
|           | Clauses Literals |   Limit Clauses Literals  Lit/Cl |          |
==============================================================================
|         0 |  325196   913567 |  108398       0        0     nan |  0.000 % |
|       102 |  325211   913567 |  119237      87     1187    13.6 | 29.277 % |
|       252 |  325228   913567 |  131161     217    12241    56.4 | 29.283 % |
|       477 |  325236   913567 |  144277     434    61235   141.1 | 29.283 % |
|       814 |  325225   913468 |  158705     703    74683   106.2 | 43.284 % |
|      1320 |  272431   845565 |  174576    1146   115344   100.6 | 43.319 % |
|      2082 |  271896   844599 |  192033    1844   166214    90.1 | 43.397 % |
|      3221 |  271905   844599 |  211237    2973   391756   131.8 | 43.405 % |
|      4934 |  271903   844539 |  232360    4639   701947   151.3 | 43.486 % |
|      7496 |  271570   844053 |  255596    7134  1122356   157.3 | 43.528 % |
|     11341 |  271230   843582 |  281156   10954  1936294   176.8 | 43.621 % |
|     17112 |  265063   835228 |  309272   16402  2449407   149.3 | 44.767 % |
|     25765 |  264121   833665 |  340199   24901  3666892   147.3 | 44.930 % |
|     38741 |  262618   831187 |  374219   37612  4859916   129.2 | 45.148 % |
==============================================================================
restarts              : 14
conflicts             : 51763          (4284 /sec)
decisions             : 170559         (14116 /sec)
propagations          : 98795363       (8176486 /sec)
conflict literals     : 5868313        (45.49 % deleted)
Memory used           : 43.00 MB
CPU time              : 12.0829 s

UNSATISFIABLE
