Reading from standard input... Use '-h' or '--help' for help.
==================================[MINISAT]===================================
| Conflicts |     ORIGINAL     |              LEARNT              | Progress |
|           | Clauses Literals |   Limit Clauses Literals  Lit/Cl |          |
==============================================================================
|         0 |  322583   910036 |  107527       0        0     nan |  0.000 % |
|       101 |  322597   910036 |  118279      87      953    11.0 | 29.847 % |
|       251 |  322612   910036 |  130107     222     8519    38.4 | 29.847 % |
|       476 |  322621   910036 |  143118     438    32358    73.9 | 29.847 % |
|       816 |  322634   910036 |  157430     765    72083    94.2 | 29.847 % |
|      1329 |  322595   909904 |  173173    1231   120464    97.9 | 29.874 % |
|      2088 |  322611   909904 |  190490    1974   348674   176.6 | 29.874 % |
|      3227 |  322493   909748 |  209539    3093   457888   148.0 | 29.874 % |
|      4935 |  274147   846353 |  230493    4732   682811   144.3 | 42.352 % |
|      7499 |  273419   845289 |  253543    7166   865830   120.8 | 42.466 % |
|     11344 |  271970   842916 |  278897   10876  1199370   110.3 | 42.772 % |
|     17110 |  271528   842199 |  306787   16544  1755932   106.1 | 42.846 % |
|     25759 |  269813   840007 |  337465   24866  2864117   115.2 | 43.225 % |
|     38733 |  268390   837505 |  371212   37473  4227393   112.8 | 43.503 % |
==============================================================================
restarts              : 14
conflicts             : 47821          (3798 /sec)
decisions             : 168118         (13353 /sec)
propagations          : 88191097       (7004463 /sec)
conflict literals     : 4967285        (48.66 % deleted)
Memory used           : 41.09 MB
CPU time              : 12.5907 s

UNSATISFIABLE
