Reading from standard input... Use '-h' or '--help' for help.
==================================[MINISAT]===================================
| Conflicts |     ORIGINAL     |              LEARNT              | Progress |
|           | Clauses Literals |   Limit Clauses Literals  Lit/Cl |          |
==============================================================================
|         0 |  322429   910322 |  107476       0        0     nan |  0.000 % |
|       100 |  322441   910322 |  118223      88     1477    16.8 | 29.798 % |
|       251 |  322452   910322 |  130045     228    22152    97.2 | 29.798 % |
|       476 |  322471   910322 |  143050     433    45324   104.7 | 45.568 % |
|       814 |  266263   839036 |  157355     743    61048    82.2 | 45.592 % |
|      1320 |  265894   838313 |  173091    1144   144168   126.0 | 45.640 % |
|      2079 |  265915   838313 |  190400    1881   195863   104.1 | 45.651 % |
|      3220 |  264201   835788 |  209440    2956   280935    95.0 | 45.986 % |
|      4928 |  263127   834399 |  230384    4591   400334    87.2 | 46.422 % |
|      7491 |  259701   829953 |  253422    6966   596246    85.6 | 46.827 % |
|     11336 |  258414   827952 |  278765   10703   906279    84.7 | 46.983 % |
|     17102 |  256052   824016 |  306641   14124  1237176    87.6 | 47.599 % |
==============================================================================
restarts              : 12
conflicts             : 25653          (4165 /sec)
decisions             : 104073         (16898 /sec)
propagations          : 47771988       (7756711 /sec)
conflict literals     : 2008068        (44.07 % deleted)
Memory used           : 26.96 MB
CPU time              : 6.15879 s

UNSATISFIABLE
