Reading from standard input... Use '-h' or '--help' for help.
==================================[MINISAT]===================================
| Conflicts |     ORIGINAL     |              LEARNT              | Progress |
|           | Clauses Literals |   Limit Clauses Literals  Lit/Cl |          |
==============================================================================
|         0 |  327892   916294 |  109297       0        0     nan |  0.000 % |
|       100 |  327906   916294 |  120226      86     1093    12.7 | 28.836 % |
|       250 |  327912   916294 |  132249     230    11305    49.2 | 28.836 % |
|       476 |  327932   916294 |  145474     434    43460   100.1 | 28.864 % |
|       813 |  288133   861886 |  160021     712    59209    83.2 | 38.611 % |
|      1320 |  288149   861886 |  176023    1198    83018    69.3 | 38.640 % |
|      2080 |  287939   861593 |  193626    1887   105314    55.8 | 38.686 % |
|      3221 |  287314   861023 |  212988    2921   212962    72.9 | 38.795 % |
|      4930 |  286893   860399 |  234287    4563   323887    71.0 | 38.851 % |
|      7496 |  286241   859454 |  257716    7059   500305    70.9 | 38.999 % |
|     11342 |  285444   858380 |  283488   10803   778736    72.1 | 39.280 % |
|     17108 |  283147   855496 |  311837   16415  1449551    88.3 | 39.460 % |
|     25757 |  282274   854161 |  343020   24918  2283344    91.6 | 39.608 % |
|     38731 |  280631   851572 |  377322   37378  3843942   102.8 | 39.891 % |
|     58197 |  277560   847290 |  415055   55541  6056441   109.0 | 40.482 % |
==============================================================================
restarts              : 15
conflicts             : 79470          (3872 /sec)
decisions             : 282571         (13768 /sec)
propagations          : 156898980      (7645009 /sec)
conflict literals     : 8289862        (54.03 % deleted)
Memory used           : 55.50 MB
CPU time              : 20.5231 s

UNSATISFIABLE
