Reading from standard input... Use '-h' or '--help' for help.
==================================[MINISAT]===================================
| Conflicts |     ORIGINAL     |              LEARNT              | Progress |
|           | Clauses Literals |   Limit Clauses Literals  Lit/Cl |          |
==============================================================================
|         0 |  339210   929386 |  113070       0        0     nan |  0.000 % |
|       100 |  339222   929386 |  124377      88     1146    13.0 | 26.871 % |
|       252 |  339231   929386 |  136814     231     9167    39.7 | 26.871 % |
|       477 |  339245   929386 |  150496     442    31226    70.6 | 26.871 % |
|       816 |  339247   929386 |  165545     779    66903    85.9 | 26.871 % |
|      1322 |  339280   929386 |  182100    1252   100630    80.4 | 26.871 % |
|      2082 |  339295   929386 |  200310    1997   268037   134.2 | 26.871 % |
|      3222 |  339324   929386 |  220341    3108   353503   113.7 | 26.871 % |
|      4930 |  317621   896139 |  242375    4732   637768   134.8 | 31.115 % |
|      7492 |  317569   896007 |  266613    7257  1115385   153.7 | 31.126 % |
|     11339 |  317364   895734 |  293274   11070  1643090   148.4 | 31.151 % |
|     17107 |  316569   894693 |  322601   16766  2163965   129.1 | 31.308 % |
|     25756 |  316121   893790 |  354862   25239  3556675   140.9 | 31.380 % |
|     38732 |  315361   892784 |  390348   38065  5752584   151.1 | 31.547 % |
|     58193 |  314296   891245 |  429383   57154 10272198   179.7 | 33.105 % |
==============================================================================
restarts              : 15
conflicts             : 82512          (4124 /sec)
decisions             : 351769         (17581 /sec)
propagations          : 145670671      (7280595 /sec)
conflict literals     : 15291795       (43.37 % deleted)
Memory used           : 68.73 MB
CPU time              : 20.0081 s

UNSATISFIABLE
