Reading from standard input... Use '-h' or '--help' for help.
==================================[MINISAT]===================================
| Conflicts |     ORIGINAL     |              LEARNT              | Progress |
|           | Clauses Literals |   Limit Clauses Literals  Lit/Cl |          |
==============================================================================
|         0 |  321249   908417 |  107083       0        0     nan |  0.000 % |
|       101 |  321260   908417 |  117791      90     1966    21.8 | 30.031 % |
|       251 |  321267   908417 |  129570     230    15521    67.5 | 30.041 % |
|       477 |  321287   908417 |  142527     435    29766    68.4 | 45.846 % |
|       817 |  264525   836265 |  156780     737    62356    84.6 | 45.848 % |
|      1323 |  264452   836172 |  172458    1220    88421    72.5 | 45.875 % |
|      2083 |  263427   834522 |  189704    1945   141434    72.7 | 46.012 % |
|      3222 |  263282   834306 |  208674    3060   222639    72.8 | 46.266 % |
|      4930 |  260002   829484 |  229541    4518   313154    69.3 | 46.739 % |
|      7495 |  258072   826750 |  252496    6952   459393    66.1 | 47.072 % |
|     11339 |  256227   823618 |  277745    8116   607999    74.9 | 47.420 % |
|     17105 |  255875   822979 |  305520   13748  1148494    83.5 | 47.495 % |
==============================================================================
restarts              : 12
conflicts             : 23740          (5979 /sec)
decisions             : 91997          (23170 /sec)
propagations          : 37073358       (9336954 /sec)
conflict literals     : 1883942        (47.01 % deleted)
Memory used           : 26.85 MB
CPU time              : 3.9706 s

UNSATISFIABLE
