Reading from standard input... Use '-h' or '--help' for help.
==================================[MINISAT]===================================
| Conflicts |     ORIGINAL     |              LEARNT              | Progress |
|           | Clauses Literals |   Limit Clauses Literals  Lit/Cl |          |
==============================================================================
|         0 |  328094   916018 |  109364       0        0     nan |  0.000 % |
|       100 |  328107   916018 |  120300      87     3652    42.0 | 28.799 % |
|       250 |  328118   916018 |  132330     225     8638    38.4 | 37.104 % |
|       476 |  328125   916018 |  145563     444    25504    57.4 | 37.104 % |
|       814 |  328156   916018 |  160119     751    42443    56.5 | 37.104 % |
|      1321 |  292887   867413 |  176131    1224    84994    69.4 | 37.173 % |
|      2081 |  292624   866939 |  193744    1944   168800    86.8 | 37.173 % |
|      3222 |  292599   866834 |  213119    3035   392230   129.2 | 37.276 % |
|      4932 |  292206   866320 |  234431    4685   545541   116.4 | 37.598 % |
|      7498 |  290439   864099 |  257874    7187   859056   119.5 | 37.608 % |
|     11343 |  290476   864000 |  283662   10927  1988535   182.0 | 37.696 % |
|     17111 |  290025   863113 |  312028   16524  2604052   157.6 | 37.722 % |
|     25763 |  289813   862675 |  343231   25063  4205459   167.8 | 37.728 % |
|     38737 |  289910   862591 |  377554   37866  6390753   168.8 | 37.740 % |
|     58198 |  285043   854064 |  415309   56365  8927566   158.4 | 38.922 % |
==============================================================================
restarts              : 15
conflicts             : 61126          (4394 /sec)
decisions             : 209782         (15081 /sec)
propagations          : 91126682       (6550873 /sec)
conflict literals     : 9285375        (47.40 % deleted)
Memory used           : 58.82 MB
CPU time              : 13.9106 s

UNSATISFIABLE
