Reading from standard input... Use '-h' or '--help' for help.
==================================[MINISAT]===================================
| Conflicts |     ORIGINAL     |              LEARNT              | Progress |
|           | Clauses Literals |   Limit Clauses Literals  Lit/Cl |          |
==============================================================================
|         0 |  215831   595691 |   71943       0        0     nan |  0.000 % |
|       101 |  215832   595691 |   79137     100     6452    64.5 | 28.397 % |
|       254 |  215837   595691 |   87051     246    17868    72.6 | 41.726 % |
|       480 |  215840   595691 |   95756     469    25712    54.8 | 41.726 % |
|       819 |  183980   554744 |  105331     785    50718    64.6 | 41.729 % |
|      1329 |  183994   554744 |  115864    1281    75262    58.8 | 41.729 % |
|      2089 |  184014   554711 |  127451    2007   146126    72.8 | 41.746 % |
|      3228 |  183708   554228 |  140196    3108   211296    68.0 | 41.800 % |
|      4936 |  183698   554222 |  154216    4775   394440    82.6 | 41.800 % |
|      7498 |  181362   551201 |  169637    7071   628458    88.9 | 42.523 % |
|     11342 |  180469   550034 |  186601   10775   960099    89.1 | 42.683 % |
|     17108 |  179788   549011 |  205261   16430  1504984    91.6 | 42.876 % |
|     25758 |  178747   547264 |  225787   24900  2248588    90.3 | 43.141 % |
|     38732 |  178532   546937 |  248366   37785  3544253    93.8 | 43.169 % |
==============================================================================
restarts              : 14
conflicts             : 52648          (4517 /sec)
decisions             : 154132         (13224 /sec)
propagations          : 95442484       (8188756 /sec)
conflict literals     : 4621490        (50.23 % deleted)
Memory used           : 33.94 MB
CPU time              : 11.6553 s

UNSATISFIABLE
