Reading from standard input... Use '-h' or '--help' for help.
==================================[MINISAT]===================================
| Conflicts |     ORIGINAL     |              LEARNT              | Progress |
|           | Clauses Literals |   Limit Clauses Literals  Lit/Cl |          |
==============================================================================
|         0 |  215834   595822 |   71944       0        0     nan |  0.000 % |
|       101 |  215837   595822 |   79138      97     4638    47.8 | 28.398 % |
|       251 |  215849   595822 |   87052     235    22586    96.1 | 28.398 % |
|       478 |  215856   595822 |   95757     455    60946   133.9 | 28.398 % |
|       815 |  215810   595747 |  105333     774    97137   125.5 | 28.398 % |
|      1321 |  215838   595747 |  115866    1252   126314   100.9 | 28.398 % |
|      2080 |  215787   595666 |  127453    1988   190596    95.9 | 28.415 % |
|      3219 |  215808   595666 |  140198    3106   381719   122.9 | 28.415 % |
|      4927 |  215861   595666 |  154218    4761   689235   144.8 | 28.415 % |
|      7489 |  215746   595492 |  169640    7284   960481   131.9 | 28.499 % |
|     11333 |  176661   545638 |  186604   10822  1190689   110.0 | 44.764 % |
|     17099 |  176347   545182 |  205264   16517  1688929   102.3 | 44.880 % |
==============================================================================
restarts              : 12
conflicts             : 25507          (5732 /sec)
decisions             : 88955          (19990 /sec)
propagations          : 45116562       (10138603 /sec)
conflict literals     : 2180815        (49.14 % deleted)
Memory used           : 22.59 MB
CPU time              : 4.44998 s

UNSATISFIABLE
