Reading from standard input... Use '-h' or '--help' for help.
==================================[MINISAT]===================================
| Conflicts |     ORIGINAL     |              LEARNT              | Progress |
|           | Clauses Literals |   Limit Clauses Literals  Lit/Cl |          |
==============================================================================
|         0 |  324702   913102 |  108234       0        0     nan |  0.000 % |
|       101 |  324717   913102 |  119057      86      847     9.8 | 29.427 % |
|       252 |  324728   913102 |  130963     224     6506    29.0 | 29.439 % |
|       477 |  324734   913102 |  144059     443    41416    93.5 | 29.439 % |
|       814 |  324755   913102 |  158465     759    90753   119.6 | 29.439 % |
|      1321 |  324707   912904 |  174311    1191   127338   106.9 | 29.450 % |
|      2082 |  272659   845879 |  191743    1914   225642   117.9 | 43.417 % |
|      3222 |  272624   845729 |  210917    2983   309974   103.9 | 43.476 % |
|      4930 |  272352   845251 |  232009    4631   633533   136.8 | 43.513 % |
|      7492 |  272211   845005 |  255210    7135   860115   120.5 | 43.569 % |
|     11338 |  269970   841771 |  280731   10841  1200475   110.7 | 43.896 % |
|     17104 |  266689   837536 |  308804   16224  1603656    98.8 | 44.477 % |
|     25753 |  266548   837194 |  339684   24765  2506161   101.2 | 44.527 % |
|     38731 |  265790   835886 |  373653   37593  3818820   101.6 | 45.181 % |
|     58192 |  262226   830519 |  411018   50448  4923741    97.6 | 45.356 % |
==============================================================================
restarts              : 15
conflicts             : 70227          (2928 /sec)
decisions             : 226418         (9440 /sec)
propagations          : 149221473      (6221472 /sec)
conflict literals     : 6574222        (53.64 % deleted)
Memory used           : 45.34 MB
CPU time              : 23.9849 s

UNSATISFIABLE
