Reading from standard input... Use '-h' or '--help' for help.
==================================[MINISAT]===================================
| Conflicts |     ORIGINAL     |              LEARNT              | Progress |
|           | Clauses Literals |   Limit Clauses Literals  Lit/Cl |          |
==============================================================================
|         0 |  220906   601794 |   73635       0        0     nan |  0.000 % |
|       102 |  220913   601794 |   80998      95     5199    54.7 | 26.953 % |
|       252 |  220915   601794 |   89098     243    17059    70.2 | 26.953 % |
|       479 |  220932   601794 |   98008     453    58220   128.5 | 26.953 % |
|       816 |  220893   601788 |  107809     780    96522   123.7 | 26.954 % |
|      1323 |  220905   601788 |  118589    1275   134273   105.3 | 26.954 % |
|      2082 |  220870   601713 |  130448    2002   212520   106.2 | 38.703 % |
|      3221 |  190102   560975 |  143493    3038   279392    92.0 | 38.836 % |
|      4929 |  189281   559940 |  157843    4625   359927    77.8 | 39.052 % |
|      7492 |  188180   558209 |  173627    7082   536976    75.8 | 39.290 % |
|     11337 |  187113   556778 |  190990   10801   800969    74.2 | 39.647 % |
|     17105 |  184391   552735 |  210089   11178   812680    72.7 | 40.405 % |
|     25755 |  184391   552633 |  231098   19710  1631080    82.8 | 40.440 % |
|     38730 |  184070   552075 |  254207   32488  2940926    90.5 | 40.612 % |
|     58197 |  182408   549754 |  279628   51340  4631682    90.2 | 41.065 % |
==============================================================================
restarts              : 15
conflicts             : 68980          (4195 /sec)
decisions             : 209888         (12765 /sec)
propagations          : 130253373      (7921556 /sec)
conflict literals     : 5810424        (53.05 % deleted)
Memory used           : 37.41 MB
CPU time              : 16.4429 s

UNSATISFIABLE
