Reading from standard input... Use '-h' or '--help' for help.
==================================[MINISAT]===================================
| Conflicts |     ORIGINAL     |              LEARNT              | Progress |
|           | Clauses Literals |   Limit Clauses Literals  Lit/Cl |          |
==============================================================================
|         0 |  321805   910020 |  107268       0        0     nan |  0.000 % |
|       101 |  321818   910020 |  117994      88     1261    14.3 | 29.917 % |
|       251 |  321826   910020 |  129794     226    13401    59.3 | 29.969 % |
|       477 |  321840   910020 |  142773     437    50230   114.9 | 29.969 % |
|       815 |  321480   909633 |  157051     746    64774    86.8 | 47.660 % |
|      1321 |  321505   909633 |  172756    1226   112494    91.8 | 47.817 % |
|      2082 |  259276   831125 |  190031    1809   175683    97.1 | 47.957 % |
|      3221 |  256520   826983 |  209034    2906   278677    95.9 | 48.420 % |
|      4929 |  254413   823643 |  229938    3278   412661   125.9 | 48.833 % |
|      7491 |  252058   820343 |  252932    5707   677609   118.7 | 49.070 % |
|     11335 |  251633   819809 |  278225    9482  1197266   126.3 | 49.247 % |
|     17101 |  246847   812431 |  306048   15055  1560553   103.7 | 51.075 % |
==============================================================================
restarts              : 12
conflicts             : 17437          (4581 /sec)
decisions             : 71999          (18917 /sec)
propagations          : 31787390       (8351760 /sec)
conflict literals     : 1670575        (37.71 % deleted)
Memory used           : 26.39 MB
CPU time              : 3.80607 s

UNSATISFIABLE
