Reading from standard input... Use '-h' or '--help' for help.
==================================[MINISAT]===================================
| Conflicts |     ORIGINAL     |              LEARNT              | Progress |
|           | Clauses Literals |   Limit Clauses Literals  Lit/Cl |          |
==============================================================================
|         0 |  211518   589144 |   70506       0        0     nan |  0.000 % |
|       100 |  211529   589144 |   77556      89     1169    13.1 | 29.753 % |
|       251 |  211542   589144 |   85312     227     6419    28.3 | 29.753 % |
|       476 |  211546   589144 |   93843     448    23881    53.3 | 29.753 % |
|       815 |  211548   589111 |  103227     754    48099    63.8 | 29.768 % |
|      1321 |  211425   588844 |  113550    1140    85506    75.0 | 41.300 % |
|      2080 |  211455   588844 |  124905    1858   123476    66.5 | 41.567 % |
|      3221 |  181038   549063 |  137396    2903   227021    78.2 | 41.699 % |
|      4929 |  180552   548451 |  151135    4536   377250    83.2 | 41.820 % |
|      7493 |  180409   548142 |  166249    7025   582456    82.9 | 41.851 % |
|     11338 |  180160   547644 |  182874   10779   839217    77.9 | 41.941 % |
|     17106 |  178968   545814 |  201161   16040  1181757    73.7 | 42.251 % |
==============================================================================
restarts              : 12
conflicts             : 22803          (9544 /sec)
decisions             : 89737          (37560 /sec)
propagations          : 29056954       (12162052 /sec)
conflict literals     : 1506436        (43.91 % deleted)
Memory used           : 20.39 MB
CPU time              : 2.38915 s

UNSATISFIABLE
