Reading from standard input... Use '-h' or '--help' for help.
==================================[MINISAT]===================================
| Conflicts |     ORIGINAL     |              LEARNT              | Progress |
|           | Clauses Literals |   Limit Clauses Literals  Lit/Cl |          |
==============================================================================
|         0 |  326666   916210 |  108888       0        0     nan |  0.000 % |
|       100 |  326680   916210 |  119776      86     1128    13.1 | 29.060 % |
|       251 |  326686   916210 |  131754     230    37169   161.6 | 29.062 % |
|       477 |  326694   916210 |  144929     448    78169   174.5 | 29.062 % |
|       814 |  326694   916177 |  159422     770   111226   144.4 | 29.062 % |
|      1320 |  274775   849308 |  175365    1248   149048   119.4 | 43.004 % |
|      2086 |  274788   849308 |  192901    2000   204019   102.0 | 43.005 % |
|      3228 |  274809   849308 |  212191    3110   362129   116.4 | 43.039 % |
|      4937 |  273188   847046 |  233411    4409   490117   111.2 | 43.297 % |
|      7500 |  271461   844646 |  256752    6877   726758   105.7 | 43.579 % |
|     11344 |  270239   842858 |  282427   10607  1331209   125.5 | 43.978 % |
|     17110 |  267259   839116 |  310670   16271  2298551   141.3 | 44.333 % |
|     25760 |  265163   836039 |  341737   24739  3300982   133.4 | 44.674 % |
|     38734 |  264172   834512 |  375910   37543  4767948   127.0 | 44.808 % |
|     58195 |  262958   832838 |  413501   56797  7098311   125.0 | 44.967 % |

*** INTERRUPTED ***
restarts              : 15
conflicts             : 84368          (2858 /sec)
decisions             : 238943         (8094 /sec)
propagations          : 185995563      (6300364 /sec)
conflict literals     : 9694249        (51.73 % deleted)
Memory used           : 60.75 MB
CPU time              : 29.5214 s

*** INTERRUPTED ***
