Reading from standard input... Use '-h' or '--help' for help.
==================================[MINISAT]===================================
| Conflicts |     ORIGINAL     |              LEARNT              | Progress |
|           | Clauses Literals |   Limit Clauses Literals  Lit/Cl |          |
==============================================================================
|         0 |  332828   924060 |  110942       0        0     nan |  0.000 % |
|       100 |  332840   924060 |  122036      88     1733    19.7 | 27.916 % |
|       252 |  332843   924060 |  134239     237    20994    88.6 | 27.916 % |
|       477 |  332856   924060 |  147663     449    29906    66.6 | 27.916 % |
|       814 |  332867   924060 |  162430     775   124856   161.1 | 27.916 % |
|      1321 |  332884   924060 |  178673    1265   177904   140.6 | 27.916 % |
|      2080 |  284851   860565 |  196540    1900   208595   109.8 | 40.362 % |
|      3219 |  284455   859845 |  216194    2850   314147   110.2 | 40.411 % |
|      4928 |  284122   859271 |  237814    4482   494212   110.3 | 40.455 % |
|      7490 |  284160   859271 |  261595    7005   974580   139.1 | 40.463 % |
|     11334 |  283457   858446 |  287754   10787  2073863   192.3 | 40.568 % |
|     17103 |  283494   858446 |  316530   16519  3939113   238.5 | 40.568 % |
|     25753 |  281215   855411 |  348183   24578  5654481   230.1 | 41.106 % |
|     38728 |  275182   847454 |  383001   34353  6555368   190.8 | 42.271 % |
|     58190 |  273112   844488 |  421302   53527  9194338   171.8 | 42.563 % |
|     87384 |  272121   842796 |  463432   82417 12582974   152.7 | 42.727 % |

*** INTERRUPTED ***
restarts              : 16
conflicts             : 98827          (3348 /sec)
decisions             : 307592         (10420 /sec)
propagations          : 192767306      (6530161 /sec)
conflict literals     : 15341464       (45.64 % deleted)
Memory used           : 79.16 MB
CPU time              : 29.5195 s

*** INTERRUPTED ***
