Reading from standard input... Use '-h' or '--help' for help.
==================================[MINISAT]===================================
| Conflicts |     ORIGINAL     |              LEARNT              | Progress |
|           | Clauses Literals |   Limit Clauses Literals  Lit/Cl |          |
==============================================================================
|         0 |  320960   907506 |  106986       0        0     nan |  0.000 % |
|       100 |  320970   907506 |  117684      90     1032    11.5 | 30.180 % |
|       250 |  320978   907506 |  129453     229    12673    55.3 | 30.188 % |
|       478 |  320996   907506 |  142398     437    30961    70.8 | 42.446 % |
|       816 |  273943   846019 |  156638     725    49384    68.1 | 42.446 % |
|      1323 |  273964   846019 |  172302    1209    86298    71.4 | 42.491 % |
|      2082 |  273526   845380 |  189532    1935   189926    98.2 | 42.512 % |
|      3221 |  273507   845296 |  208485    3038   284096    93.5 | 42.527 % |
|      4930 |  272925   844378 |  229333    4703   411969    87.6 | 42.618 % |
|      7493 |  272561   843751 |  252267    7141   684335    95.8 | 42.674 % |
|     11337 |  272238   843244 |  277494   10925  1108558   101.5 | 42.725 % |
|     17105 |  271334   841795 |  305243   16598  1649770    99.4 | 42.878 % |
|     25754 |  270879   840820 |  335767   25075  2518943   100.5 | 42.957 % |
|     38728 |  270576   840211 |  369344   37866  3743053    98.8 | 43.037 % |
==============================================================================
restarts              : 14
conflicts             : 53082          (3956 /sec)
decisions             : 193120         (14394 /sec)
propagations          : 110490372      (8235456 /sec)
conflict literals     : 4984677        (50.86 % deleted)
Memory used           : 41.59 MB
CPU time              : 13.4164 s

UNSATISFIABLE
