Reading from standard input... Use '-h' or '--help' for help.
==================================[MINISAT]===================================
| Conflicts |     ORIGINAL     |              LEARNT              | Progress |
|           | Clauses Literals |   Limit Clauses Literals  Lit/Cl |          |
==============================================================================
|         0 |  211732   589850 |   70577       0        0     nan |  0.000 % |
|       100 |  211738   589850 |   77634      94     2080    22.1 | 29.631 % |
|       250 |  211750   589850 |   85398     232     9072    39.1 | 29.631 % |
|       476 |  211764   589850 |   93937     441    22777    51.6 | 29.646 % |
|       814 |  211713   589685 |  103331     737    39618    53.8 | 29.646 % |
|      1321 |  211718   589685 |  113664    1239    95679    77.2 | 29.646 % |
|      2080 |  211733   589685 |  125031    1983   159859    80.6 | 29.646 % |
|      3220 |  174183   541831 |  137534    3049   225719    74.0 | 45.434 % |
|      4928 |  173520   540748 |  151288    4710   396851    84.3 | 45.667 % |
|      7490 |  172185   538831 |  166416    7190   541963    75.4 | 45.867 % |
|     11334 |  172233   538831 |  183058   10976   804221    73.3 | 45.891 % |
|     17100 |  170377   535600 |  201364   14738  1028833    69.8 | 46.460 % |
==============================================================================
restarts              : 12
conflicts             : 22804          (6868 /sec)
decisions             : 72132          (21723 /sec)
propagations          : 32847044       (9892288 /sec)
conflict literals     : 1431318        (41.54 % deleted)
Memory used           : 19.50 MB
CPU time              : 3.32047 s

UNSATISFIABLE
