Reading from standard input... Use '-h' or '--help' for help.
==================================[MINISAT]===================================
| Conflicts |     ORIGINAL     |              LEARNT              | Progress |
|           | Clauses Literals |   Limit Clauses Literals  Lit/Cl |          |
==============================================================================
|         0 |  327505   915937 |  109168       0        0     nan |  0.000 % |
|       101 |  327517   915937 |  120084      89     1057    11.9 | 28.960 % |
|       251 |  327527   915937 |  132093     229     2421    10.6 | 28.960 % |
|       478 |  327539   915937 |  145302     443    14637    33.0 | 28.962 % |
|       816 |  327484   915898 |  159832     730    35976    49.3 | 38.457 % |
|      1322 |  327518   915898 |  175816    1202    60085    50.0 | 38.457 % |
|      2081 |  288452   862849 |  193397    1927   201583   104.6 | 38.463 % |
|      3220 |  288437   862750 |  212737    2984   317370   106.4 | 38.463 % |
|      4933 |  288421   862690 |  234011    4658   543902   116.8 | 38.472 % |
|      7495 |  288334   862504 |  257412    7159   869522   121.5 | 38.497 % |
|     11341 |  288401   862504 |  283153   10938  1317091   120.4 | 38.497 % |
|     17112 |  287782   861395 |  311469   16599  1873093   112.8 | 38.912 % |
|     25763 |  283893   856160 |  342615   24954  2794993   112.0 | 39.267 % |
|     38737 |  282070   853097 |  376877   32011  3887560   121.4 | 39.680 % |
|     58198 |  280652   850847 |  414565   50550  6204109   122.7 | 39.861 % |

*** INTERRUPTED ***
restarts              : 15
conflicts             : 86167          (2932 /sec)
decisions             : 294366         (10016 /sec)
propagations          : 198802753      (6764354 /sec)
conflict literals     : 11053007       (48.79 % deleted)
Memory used           : 63.84 MB
CPU time              : 29.3898 s

*** INTERRUPTED ***
