Reading from standard input... Use '-h' or '--help' for help.
==================================[MINISAT]===================================
| Conflicts |     ORIGINAL     |              LEARNT              | Progress |
|           | Clauses Literals |   Limit Clauses Literals  Lit/Cl |          |
==============================================================================
|         0 |  328262   917106 |  109420       0        0     nan |  0.000 % |
|       101 |  328277   917106 |  120362      86     1169    13.6 | 28.718 % |
|       251 |  328284   917106 |  132398     229     3361    14.7 | 28.718 % |
|       481 |  328290   917106 |  145638     452    21953    48.6 | 28.724 % |
|       820 |  328268   917007 |  160201     731    63004    86.2 | 28.724 % |
|      1326 |  328289   917007 |  176222    1216   120146    98.8 | 28.724 % |
|      2086 |  328251   917001 |  193844    1956   222544   113.8 | 28.731 % |
|      3225 |  284030   857290 |  213228    3015   285050    94.5 | 39.898 % |
|      4933 |  283731   856933 |  234551    4668   441853    94.7 | 40.147 % |
|      7496 |  281203   852934 |  258006    6508   640519    98.4 | 40.325 % |
|     11341 |  279067   850057 |  283807   10205  1096891   107.5 | 40.907 % |
|     17107 |  277905   848275 |  312188   15857  1828821   115.3 | 41.001 % |
|     25756 |  276462   845857 |  343406   21774  2570948   118.1 | 41.295 % |
|     38733 |  272971   841332 |  377747   33697  4250828   126.1 | 41.997 % |
|     58195 |  272509   840329 |  415522   52804  6386233   120.9 | 42.123 % |
==============================================================================
restarts              : 15
conflicts             : 59915          (3788 /sec)
decisions             : 238861         (15100 /sec)
propagations          : 100523088      (6354560 /sec)
conflict literals     : 6836607        (48.80 % deleted)
Memory used           : 48.05 MB
CPU time              : 15.819 s

UNSATISFIABLE
