Reading from standard input... Use '-h' or '--help' for help.
==================================[MINISAT]===================================
| Conflicts |     ORIGINAL     |              LEARNT              | Progress |
|           | Clauses Literals |   Limit Clauses Literals  Lit/Cl |          |
==============================================================================
|         0 |  321263   907938 |  107087       0        0     nan |  0.000 % |
|       102 |  321280   907938 |  117795      85     1149    13.5 | 30.099 % |
|       253 |  321286   907938 |  129575     226    19789    87.6 | 30.107 % |
|       480 |  273382   844973 |  142532     422    24711    58.6 | 42.579 % |
|       820 |  273404   844973 |  156786     727    32225    44.3 | 43.170 % |
|      1326 |  273433   844973 |  172464    1203    66847    55.6 | 43.196 % |
|      2085 |  270147   840537 |  189711    1775   116431    65.6 | 43.281 % |
|      3225 |  269262   839364 |  208682    2834   187399    66.1 | 43.408 % |
|      4935 |  267749   837378 |  229550    4458   298592    67.0 | 43.614 % |
|      7497 |  267689   837117 |  252505    6898   517904    75.1 | 43.691 % |
|     11342 |  265500   833553 |  277756   10555   845555    80.1 | 44.002 % |
|     17109 |  264630   832026 |  305531   16097  1234381    76.7 | 44.118 % |
|     25758 |  264501   831681 |  336084   24597  1961189    79.7 | 44.151 % |
==============================================================================
restarts              : 13
conflicts             : 34454          (4799 /sec)
decisions             : 131997         (18387 /sec)
propagations          : 53994782       (7521344 /sec)
conflict literals     : 2615116        (48.82 % deleted)
Memory used           : 31.24 MB
CPU time              : 7.17887 s

UNSATISFIABLE
