Reading from standard input... Use '-h' or '--help' for help.
==================================[MINISAT]===================================
| Conflicts |     ORIGINAL     |              LEARNT              | Progress |
|           | Clauses Literals |   Limit Clauses Literals  Lit/Cl |          |
==============================================================================
|         0 |  319525   905715 |  106508       0        0     nan |  0.000 % |
|       100 |  319538   905715 |  117158      87     1219    14.0 | 30.410 % |
|       254 |  319543   905715 |  128874     236    31425   133.2 | 30.410 % |
|       480 |  319579   905715 |  141762     419    39029    93.1 | 44.578 % |
|       817 |  267321   838565 |  155938     701    72081   102.8 | 44.578 % |
|      1324 |  267242   838463 |  171532    1186   119923   101.1 | 44.631 % |
|      2084 |  266459   837335 |  188685    1911   192729   100.9 | 44.965 % |
|      3223 |  266489   837335 |  207553    3020   318132   105.3 | 44.965 % |
|      4933 |  265003   834587 |  228309    4638   462309    99.7 | 45.040 % |
|      7498 |  263853   832712 |  251140    7112   694476    97.6 | 45.238 % |
|     11343 |  263479   832070 |  276254   10872  1063513    97.8 | 45.326 % |
|     17111 |  261921   829493 |  303879   16349  1540978    94.3 | 45.520 % |
|     25760 |  260769   827555 |  334267   24705  2068200    83.7 | 46.840 % |
==============================================================================
restarts              : 13
conflicts             : 27984          (5224 /sec)
decisions             : 108416         (20240 /sec)
propagations          : 43956193       (8205949 /sec)
conflict literals     : 2235973        (47.71 % deleted)
Memory used           : 29.24 MB
CPU time              : 5.35663 s

UNSATISFIABLE
