Reading from standard input... Use '-h' or '--help' for help.
==================================[MINISAT]===================================
| Conflicts |     ORIGINAL     |              LEARNT              | Progress |
|           | Clauses Literals |   Limit Clauses Literals  Lit/Cl |          |
==============================================================================
|         0 |  321789   909881 |  107263       0        0     nan |  0.000 % |
|       103 |  321799   909881 |  117989      91    25349   278.6 | 29.923 % |
|       255 |  321801   909881 |  129788     240    36675   152.8 | 52.847 % |
|       480 |  321807   909881 |  142767     459    42520    92.6 | 52.847 % |
|       817 |  321821   909881 |  157043     782    71889    91.9 | 52.847 % |
|      1324 |  235535   805820 |  172748    1271    96745    76.1 | 52.847 % |
|      2084 |  235528   805817 |  190022    2013   123081    61.1 | 52.848 % |
|      3225 |  235539   805817 |  209025    3143   173993    55.4 | 52.848 % |
|      4933 |  235546   805817 |  229927    4844   235328    48.6 | 52.848 % |
==============================================================================
restarts              : 9
conflicts             : 6908           (7066 /sec)
decisions             : 20743          (21218 /sec)
propagations          : 11049198       (11302406 /sec)
conflict literals     : 308769         (32.06 % deleted)
Memory used           : 21.73 MB
CPU time              : 0.977597 s

UNSATISFIABLE
