Reading from standard input... Use '-h' or '--help' for help.
==================================[MINISAT]===================================
| Conflicts |     ORIGINAL     |              LEARNT              | Progress |
|           | Clauses Literals |   Limit Clauses Literals  Lit/Cl |          |
==============================================================================
|         0 |  319720   907410 |  106573       0        0     nan |  0.000 % |
|       102 |  319734   907410 |  117230      85     5095    59.9 | 53.371 % |
|       252 |  319761   907410 |  128953     200     7337    36.7 | 53.401 % |
|       477 |  319774   907410 |  141848     408    12353    30.3 | 53.477 % |
|       818 |  233872   802014 |  156033     630    21609    34.3 | 53.607 % |
|      1326 |  233882   802014 |  171636    1127    41999    37.3 | 53.736 % |
|      2088 |  233139   800568 |  188800    1841    70776    38.4 | 53.744 % |
|      3228 |  233109   800532 |  207680    2970   113562    38.2 | 53.752 % |
==============================================================================
restarts              : 8
conflicts             : 4096           (7929 /sec)
decisions             : 17813          (34483 /sec)
propagations          : 5627165        (10893410 /sec)
conflict literals     : 140377         (32.45 % deleted)
Memory used           : 21.71 MB
CPU time              : 0.516566 s

UNSATISFIABLE
