Reading from standard input... Use '-h' or '--help' for help.
==================================[MINISAT]===================================
| Conflicts |     ORIGINAL     |              LEARNT              | Progress |
|           | Clauses Literals |   Limit Clauses Literals  Lit/Cl |          |
==============================================================================
|         0 |  319481   905773 |  106493       0        0     nan |  0.000 % |
|       100 |  319496   905773 |  117142      85      836     9.8 | 30.419 % |
|       255 |  319507   905773 |  128856     229     2577    11.3 | 30.419 % |
|       480 |  319543   905773 |  141742     412     8372    20.3 | 44.605 % |
|       823 |  268042   838859 |  155916     602    40900    67.9 | 44.605 % |
|      1331 |  268048   838859 |  171508    1104    93592    84.8 | 44.605 % |
|      2090 |  268023   838772 |  188658    1821   124566    68.4 | 44.637 % |
|      3231 |  267660   838238 |  207524    2936   184367    62.8 | 44.679 % |
|      4939 |  267636   838136 |  228277    4596   384790    83.7 | 44.681 % |
|      7504 |  267129   837398 |  251104    7063   633741    89.7 | 44.794 % |
|     11348 |  266200   835907 |  276215   10360   934810    90.2 | 44.954 % |
|     17114 |  264639   833138 |  303836   14081  1430132   101.6 | 45.272 % |
|     25767 |  263683   831581 |  334220   22379  2129693    95.2 | 45.403 % |
==============================================================================
restarts              : 13
conflicts             : 35090          (4749 /sec)
decisions             : 115563         (15639 /sec)
propagations          : 64807622       (8770311 /sec)
conflict literals     : 2898126        (49.95 % deleted)
Memory used           : 31.41 MB
CPU time              : 7.38943 s

UNSATISFIABLE
