Reading from standard input... Use '-h' or '--help' for help.
==================================[MINISAT]===================================
| Conflicts |     ORIGINAL     |              LEARNT              | Progress |
|           | Clauses Literals |   Limit Clauses Literals  Lit/Cl |          |
==============================================================================
|         0 |  322836   909556 |  107612       0        0     nan |  0.000 % |
|       102 |  322850   909556 |  118373      88     1105    12.6 | 29.838 % |
|       252 |  322879   909556 |  130210     209     4183    20.0 | 29.838 % |
|       477 |  322889   909556 |  143231     424    19543    46.1 | 29.838 % |
|       817 |  283189   855279 |  157554     719    32369    45.0 | 39.638 % |
|      1324 |  283201   855279 |  173310    1213    64024    52.8 | 39.640 % |
|      2083 |  282958   854856 |  190641    1905    91270    47.9 | 39.661 % |
|      3224 |  282992   854856 |  209705    3009   222401    73.9 | 39.674 % |
|      4933 |  282610   854442 |  230675    4664   490154   105.1 | 39.743 % |
|      7495 |  281481   852858 |  253743    7172   732577   102.1 | 40.051 % |
|     11339 |  280057   851235 |  279117   10883  1067114    98.1 | 40.144 % |
|     17107 |  279981   850947 |  307029   16518  1893191   114.6 | 40.164 % |
|     25756 |  279973   850791 |  337732   25004  3165906   126.6 | 40.218 % |
|     38731 |  278403   848487 |  371505   37702  4882406   129.5 | 40.777 % |
|     58192 |  275876   844353 |  408656   53723  7223612   134.5 | 40.890 % |
==============================================================================
restarts              : 15
conflicts             : 76886          (3783 /sec)
decisions             : 248429         (12223 /sec)
propagations          : 147151086      (7239937 /sec)
conflict literals     : 9368248        (50.46 % deleted)
Memory used           : 58.67 MB
CPU time              : 20.3249 s

UNSATISFIABLE
