Reading from standard input... Use '-h' or '--help' for help.
==================================[MINISAT]===================================
| Conflicts |     ORIGINAL     |              LEARNT              | Progress |
|           | Clauses Literals |   Limit Clauses Literals  Lit/Cl |          |
==============================================================================
|         0 |  321504   908216 |  107168       0        0     nan |  0.000 % |
|       100 |  321520   908216 |  117884      84     1143    13.6 | 29.999 % |
|       250 |  321527   908216 |  129673     227    20589    90.7 | 29.999 % |
|       476 |  321541   908216 |  142640     439    42209    96.1 | 29.999 % |
|       813 |  321491   908018 |  156904     719    54650    76.0 | 44.261 % |
|      1321 |  268152   839434 |  172595    1136    89504    78.8 | 44.281 % |
|      2080 |  267282   838258 |  189854    1835   134006    73.0 | 44.440 % |
|      3219 |  266745   837748 |  208840    2857   243433    85.2 | 44.554 % |
|      4928 |  266774   837748 |  229724    4533   660884   145.8 | 44.577 % |
|      7492 |  266489   837295 |  252696    7056  1140585   161.6 | 44.590 % |
|     11337 |  262201   830901 |  277966   10615  1617159   152.3 | 45.450 % |
|     17103 |  261588   829917 |  305762   16261  2281723   140.3 | 45.640 % |
|     25752 |  259537   826419 |  336339   24557  3091846   125.9 | 45.847 % |
==============================================================================
restarts              : 13
conflicts             : 28899          (5597 /sec)
decisions             : 109221         (21151 /sec)
propagations          : 43883049       (8498287 /sec)
conflict literals     : 3323707        (42.47 % deleted)
Memory used           : 33.55 MB
CPU time              : 5.16375 s

UNSATISFIABLE
