Reading from standard input... Use '-h' or '--help' for help.
==================================[MINISAT]===================================
| Conflicts |     ORIGINAL     |              LEARNT              | Progress |
|           | Clauses Literals |   Limit Clauses Literals  Lit/Cl |          |
==============================================================================
|         0 |  141109   382342 |   47036       0        0     nan |  0.000 % |
|       102 |  141118   382342 |   51739      93     2273    24.4 | 26.364 % |
|       252 |  141129   382342 |   56913     228    11474    50.3 | 36.267 % |
|       478 |  141137   382342 |   62604     446    21218    47.6 | 36.267 % |
|       818 |  124084   358632 |   68865     761    33447    44.0 | 36.345 % |
|      1324 |  123996   358551 |   75751    1244    55113    44.3 | 36.416 % |
|      2087 |  123879   358293 |   83327    1940    96883    49.9 | 36.639 % |
|      3226 |  123144   357264 |   91659    2991   153930    51.5 | 36.841 % |
|      4934 |  119905   352881 |  100825    3991   201857    50.6 | 37.984 % |
|      7497 |  119777   352650 |  110908    6508   352833    54.2 | 38.051 % |
|     11342 |  117872   349891 |  121999    7274   391221    53.8 | 38.915 % |
|     17108 |  117909   349891 |  134199   13002   879754    67.7 | 38.931 % |

*** INTERRUPTED ***
restarts              : 12
conflicts             : 22575          (957 /sec)
decisions             : 88662          (3759 /sec)
propagations          : 32816168       (1391427 /sec)
conflict literals     : 1486197        (45.25 % deleted)
Memory used           : 15.51 MB
CPU time              : 23.5845 s

*** INTERRUPTED ***
