Reading from standard input... Use '-h' or '--help' for help.
==================================[MINISAT]===================================
| Conflicts |     ORIGINAL     |              LEARNT              | Progress |
|           | Clauses Literals |   Limit Clauses Literals  Lit/Cl |          |
==============================================================================
|         0 |  217765   598668 |   72588       0        0     nan |  0.000 % |
|       105 |  217773   598668 |   79846      97     3275    33.8 | 27.830 % |
|       255 |  217792   598668 |   87831     228     6350    27.9 | 27.830 % |
|       481 |  217799   598668 |   96614     446    11902    26.7 | 43.716 % |
|       818 |  180676   551129 |  106276     741    22176    29.9 | 43.847 % |
|      1324 |  180035   550115 |  116903    1091    42383    38.8 | 44.537 % |
|      2085 |  177922   547388 |  128594    1663   132077    79.4 | 44.641 % |
|      3225 |  177117   546350 |  141453    2758   253264    91.8 | 44.746 % |
|      4933 |  175929   544655 |  155598    4408   428891    97.3 | 45.087 % |
|      7496 |  173942   541646 |  171158    6757   619693    91.7 | 45.514 % |
|     11341 |  172531   539137 |  188274    8732   720606    82.5 | 45.960 % |
|     17108 |  171376   537401 |  207102   14335  1072741    74.8 | 46.254 % |
==============================================================================
restarts              : 12
conflicts             : 22396          (2390 /sec)
decisions             : 79287          (8460 /sec)
propagations          : 36490916       (3893732 /sec)
conflict literals     : 1478623        (37.66 % deleted)
Memory used           : 19.43 MB
CPU time              : 9.37171 s

UNSATISFIABLE
