Reading from standard input... Use '-h' or '--help' for help.
==================================[MINISAT]===================================
| Conflicts |     ORIGINAL     |              LEARNT              | Progress |
|           | Clauses Literals |   Limit Clauses Literals  Lit/Cl |          |
==============================================================================
|         0 |  325799   913280 |  108599       0        0     nan |  0.000 % |
|       100 |  325811   913280 |  119458      88     1043    11.9 | 29.220 % |
|       252 |  325824   913280 |  131404     227    10812    47.6 | 29.220 % |
|       477 |  325842   913280 |  144545     434    27633    63.7 | 29.220 % |
|       817 |  286678   859889 |  158999     755    49001    64.9 | 38.803 % |
|      1323 |  286702   859889 |  174899    1237   129310   104.5 | 38.803 % |
|      2083 |  285848   858420 |  192389    1836   161518    88.0 | 39.331 % |
|      3222 |  285900   858420 |  211628    2917   229916    78.8 | 39.641 % |
|      4932 |  280679   852151 |  232791    4464   340310    76.2 | 39.856 % |
|      7494 |  278503   848965 |  256070    6838   502923    73.5 | 40.811 % |
|     11338 |  274819   843688 |  281677    9025   771177    85.4 | 41.012 % |
|     17106 |  274100   842533 |  309845   14597  1327173    90.9 | 41.090 % |
|     25755 |  273523   841519 |  340830   22990  2071546    90.1 | 41.183 % |
|     38732 |  273081   840814 |  374913   35741  2971706    83.1 | 41.260 % |
==============================================================================
restarts              : 14
conflicts             : 39618          (5523 /sec)
decisions             : 156206         (21778 /sec)
propagations          : 54676460       (7622847 /sec)
conflict literals     : 3103273        (48.70 % deleted)
Memory used           : 33.15 MB
CPU time              : 7.17271 s

UNSATISFIABLE
