Reading from standard input... Use '-h' or '--help' for help.
==================================[MINISAT]===================================
| Conflicts |     ORIGINAL     |              LEARNT              | Progress |
|           | Clauses Literals |   Limit Clauses Literals  Lit/Cl |          |
==============================================================================
|         0 |  327916   917571 |  109305       0        0     nan |  0.000 % |
|       100 |  327934   917571 |  120235      82      882    10.8 | 28.761 % |
|       251 |  327945   917571 |  132259     216    13175    61.0 | 28.796 % |
|       477 |  327955   917571 |  145484     432    32219    74.6 | 28.796 % |
|       816 |  327769   917127 |  160033     748    71166    95.1 | 28.806 % |
|      1322 |  274550   847683 |  176036    1220   122729   100.6 | 43.014 % |
|      2082 |  273136   845985 |  193640    1888   185154    98.1 | 43.261 % |
|      3222 |  272654   845328 |  213004    2925   283874    97.1 | 43.378 % |
|      4930 |  268159   839630 |  234304    4438   381781    86.0 | 44.155 % |
|      7492 |  266542   837311 |  257735    6899   509711    73.9 | 44.544 % |
|     11336 |  262056   830237 |  283509    8437   712838    84.5 | 45.275 % |
|     17103 |  260726   828288 |  311859   13906  1201032    86.4 | 45.528 % |
|     25755 |  258775   825174 |  343045   20167  1875512    93.0 | 45.914 % |
|     38730 |  257906   823578 |  377350   32936  2916297    88.5 | 46.097 % |
==============================================================================
restarts              : 14
conflicts             : 40909          (4264 /sec)
decisions             : 168037         (17513 /sec)
propagations          : 68156054       (7103200 /sec)
conflict literals     : 3337786        (45.23 % deleted)
Memory used           : 33.13 MB
CPU time              : 9.59512 s

UNSATISFIABLE
