Reading from standard input... Use '-h' or '--help' for help.
==================================[MINISAT]===================================
| Conflicts |     ORIGINAL     |              LEARNT              | Progress |
|           | Clauses Literals |   Limit Clauses Literals  Lit/Cl |          |
==============================================================================
|         0 |  322890   910666 |  107630       0        0     nan |  0.000 % |
|       100 |  322911   910666 |  118393      79     1883    23.8 | 29.702 % |
|       253 |  322926   910666 |  130232     215    11601    54.0 | 29.712 % |
|       478 |  322932   910666 |  143255     434    40862    94.2 | 29.711 % |
|       815 |  322881   910501 |  157581     729    98619   135.3 | 29.712 % |
|      1323 |  265946   838164 |  173339    1187   129698   109.3 | 45.969 % |
|      2084 |  262694   834306 |  190673    1903   193876   101.9 | 46.189 % |
|      3226 |  261835   833205 |  209740    2992   316997   105.9 | 46.663 % |
|      4934 |  258693   828537 |  230714    4627   442087    95.5 | 46.923 % |
|      7498 |  256691   825398 |  253785    6971   598104    85.8 | 47.249 % |
|     11343 |  255751   823742 |  279164   10683   862731    80.8 | 47.431 % |
|     17109 |  254356   821465 |  307080   16266  1269085    78.0 | 47.629 % |
==============================================================================
restarts              : 12
conflicts             : 22057          (5305 /sec)
decisions             : 81298          (19555 /sec)
propagations          : 38708644       (9310585 /sec)
conflict literals     : 1584465        (40.24 % deleted)
Memory used           : 26.11 MB
CPU time              : 4.15749 s

UNSATISFIABLE
