Reading from standard input... Use '-h' or '--help' for help.
==================================[MINISAT]===================================
| Conflicts |     ORIGINAL     |              LEARNT              | Progress |
|           | Clauses Literals |   Limit Clauses Literals  Lit/Cl |          |
==============================================================================
|         0 |  321017   909439 |  107005       0        0     nan |  0.000 % |
|       100 |  321028   909439 |  117705      89     3852    43.3 | 30.064 % |
|       250 |  321033   909439 |  129476     234    24106   103.0 | 30.064 % |
|       476 |  321040   909439 |  142423     452    30530    67.5 | 53.201 % |
|       814 |  235233   805220 |  156666     773    39820    51.5 | 53.204 % |
|      1321 |  235261   805220 |  172332    1252    67829    54.2 | 53.204 % |
|      2083 |  235253   805187 |  189565    1915   109632    57.2 | 53.204 % |
|      3222 |  235272   805187 |  208522    3035   185226    61.0 | 53.204 % |
|      4931 |  235276   805187 |  229374    4740   287773    60.7 | 53.204 % |
==============================================================================
restarts              : 9
conflicts             : 5873           (7230 /sec)
decisions             : 20736          (25528 /sec)
propagations          : 8354697        (10285400 /sec)
conflict literals     : 331910         (29.05 % deleted)
Memory used           : 21.72 MB
CPU time              : 0.812287 s

UNSATISFIABLE
