Reading from standard input... Use '-h' or '--help' for help.
==================================[MINISAT]===================================
| Conflicts |     ORIGINAL     |              LEARNT              | Progress |
|           | Clauses Literals |   Limit Clauses Literals  Lit/Cl |          |
==============================================================================
|         0 |  333593   925100 |  111197       0        0     nan |  0.000 % |
|       102 |  333608   925100 |  122316      87     1096    12.6 | 27.750 % |
|       252 |  333620   925100 |  134548     224    18416    82.2 | 27.752 % |
|       477 |  333623   925100 |  148003     445   126787   284.9 | 27.753 % |
|       814 |  333624   925067 |  162803     751   143085   190.5 | 40.231 % |
|      1321 |  333661   925067 |  179083    1221   173667   142.2 | 40.231 % |
|      2081 |  284989   860664 |  196992    1967   237312   120.6 | 40.250 % |
|      3221 |  284878   860421 |  216691    3010   379358   126.0 | 40.277 % |
|      4929 |  284651   859992 |  238360    4631   619433   133.8 | 40.378 % |
|      7491 |  283801   858846 |  262196    7120  1071738   150.5 | 40.464 % |
|     11337 |  278258   851757 |  288416   10207  1301286   127.5 | 41.402 % |
|     17103 |  272657   844469 |  317258   15267  1964880   128.7 | 42.478 % |
|     25753 |  272195   843731 |  348983   23780  3156043   132.7 | 42.625 % |
|     38728 |  270703   841625 |  383882   36519  4988243   136.6 | 42.795 % |
|     58190 |  268969   839121 |  422270   55386  7210997   130.2 | 43.126 % |
|     87382 |  267080   835629 |  464497   78888  9767969   123.8 | 43.556 % |
==============================================================================
restarts              : 16
conflicts             : 95115          (3300 /sec)
decisions             : 306945         (10650 /sec)
propagations          : 207002766      (7182383 /sec)
conflict literals     : 11123497       (48.09 % deleted)
Memory used           : 65.27 MB
CPU time              : 28.8209 s

UNSATISFIABLE
