Reading from standard input... Use '-h' or '--help' for help.
==================================[MINISAT]===================================
| Conflicts |     ORIGINAL     |              LEARNT              | Progress |
|           | Clauses Literals |   Limit Clauses Literals  Lit/Cl |          |
==============================================================================
|         0 |  322787   909774 |  107595       0        0     nan |  0.000 % |
|       100 |  322800   909774 |  118354      87     2098    24.1 | 29.804 % |
|       251 |  322806   909774 |  130189     232     7233    31.2 | 29.804 % |
|       477 |  322827   909774 |  143208     433    21826    50.4 | 40.658 % |
|       814 |  279736   852467 |  157529     704    33250    47.2 | 40.822 % |
|      1324 |  278565   851261 |  173282    1172    66644    56.9 | 40.848 % |
|      2083 |  278080   850469 |  190611    1843   147839    80.2 | 41.013 % |
|      3225 |  277097   849404 |  209672    2776   233839    84.2 | 41.215 % |
|      4935 |  276692   848817 |  230639    4420   422005    95.5 | 41.232 % |
|      7501 |  272819   842891 |  253703    6514   721189   110.7 | 41.989 % |
|     11345 |  272054   841751 |  279073   10251  1184964   115.6 | 42.103 % |
|     17111 |  270612   839501 |  306981   15501  1694967   109.3 | 42.325 % |
|     25760 |  270578   839153 |  337679   23908  2546177   106.5 | 42.371 % |
==============================================================================
restarts              : 13
conflicts             : 34877          (6481 /sec)
decisions             : 141884         (26365 /sec)
propagations          : 49043965       (9113553 /sec)
conflict literals     : 3372272        (45.88 % deleted)
Memory used           : 34.02 MB
CPU time              : 5.38143 s

UNSATISFIABLE
