Reading from standard input... Use '-h' or '--help' for help.
==================================[MINISAT]===================================
| Conflicts |     ORIGINAL     |              LEARNT              | Progress |
|           | Clauses Literals |   Limit Clauses Literals  Lit/Cl |          |
==============================================================================
|         0 |  322669   910395 |  107556       0        0     nan |  0.000 % |
|       100 |  322687   910395 |  118311      82     4110    50.1 | 29.760 % |
|       250 |  322700   910395 |  130142     219    15619    71.3 | 29.760 % |
|       476 |  322715   910395 |  143157     429    78732   183.5 | 29.762 % |
|       813 |  322723   910362 |  157472     712    92716   130.2 | 45.452 % |
|      1319 |  322744   910362 |  173220    1197   139521   116.6 | 45.452 % |
|      2078 |  265985   838849 |  190542    1835   206126   112.3 | 45.515 % |
|      3217 |  265471   838131 |  209596    2920   291359    99.8 | 45.576 % |
|      4925 |  265337   837878 |  230555    4571   434632    95.1 | 45.684 % |
|      7487 |  264454   836801 |  253611    7096   745013   105.0 | 45.796 % |
|     11333 |  263260   835370 |  278972   10850  1071134    98.7 | 46.018 % |
|     17101 |  263157   835133 |  306869   16527  1535198    92.9 | 46.035 % |
|     25750 |  244138   811131 |  337556    9297   774458    83.3 | 49.273 % |
==============================================================================
restarts              : 13
conflicts             : 25923          (5250 /sec)
decisions             : 98987          (20049 /sec)
propagations          : 44338698       (8980226 /sec)
conflict literals     : 2103128        (50.07 % deleted)
Memory used           : 27.32 MB
CPU time              : 4.93737 s

UNSATISFIABLE
