Reading from standard input... Use '-h' or '--help' for help.
==================================[MINISAT]===================================
| Conflicts |     ORIGINAL     |              LEARNT              | Progress |
|           | Clauses Literals |   Limit Clauses Literals  Lit/Cl |          |
==============================================================================
|         0 |  327283   916275 |  109094       0        0     nan |  0.000 % |
|       101 |  327294   916275 |  120003      90     1194    13.3 | 28.903 % |
|       251 |  327303   916275 |  132003     229    13198    57.6 | 28.909 % |
|       477 |  327310   916275 |  145204     448    82295   183.7 | 28.908 % |
|       817 |  327282   916176 |  159724     755   208344   276.0 | 28.939 % |
|      1331 |  327310   916176 |  175696    1240   241315   194.6 | 41.315 % |
|      2091 |  279908   853918 |  193266    1987   382677   192.6 | 41.315 % |
|      3230 |  279831   853791 |  212593    3103   491945   158.5 | 41.329 % |
|      4939 |  279681   853536 |  233852    4768   614947   129.0 | 41.464 % |
|      7502 |  278867   852120 |  257237    7131   829127   116.3 | 41.564 % |
|     11349 |  277537   850535 |  282961   10938  1171694   107.1 | 41.737 % |
|     17116 |  274531   846187 |  311257   16528  1812824   109.7 | 42.296 % |
|     25767 |  271685   842329 |  342383   23645  2494188   105.5 | 42.706 % |
|     38744 |  271500   841882 |  376622   36454  3973852   109.0 | 42.773 % |
|     58205 |  270612   840604 |  414284   55771  6105391   109.5 | 42.894 % |
|     87397 |  266968   834865 |  455712   79250  8264330   104.3 | 43.560 % |

*** INTERRUPTED ***
restarts              : 16
conflicts             : 87593          (2974 /sec)
decisions             : 259684         (8817 /sec)
propagations          : 193877325      (6582977 /sec)
conflict literals     : 8916695        (50.05 % deleted)
Memory used           : 56.15 MB
CPU time              : 29.4513 s

*** INTERRUPTED ***
