Reading from standard input... Use '-h' or '--help' for help.
==================================[MINISAT]===================================
| Conflicts |     ORIGINAL     |              LEARNT              | Progress |
|           | Clauses Literals |   Limit Clauses Literals  Lit/Cl |          |
==============================================================================
|         0 |  324890   912914 |  108296       0        0     nan |  0.000 % |
|       101 |  324906   912914 |  119125      85      738     8.7 | 29.391 % |
|       251 |  324915   912914 |  131038     226     8658    38.3 | 29.391 % |
|       479 |  324928   912914 |  144141     438    16328    37.3 | 41.610 % |
|       816 |  278263   851877 |  158556     715    28294    39.6 | 41.631 % |
|      1327 |  278046   851532 |  174411    1181    65585    55.5 | 41.646 % |
|      2087 |  278072   851532 |  191852    1913   126272    66.0 | 41.849 % |
|      3228 |  276519   849720 |  211038    2996   233105    77.8 | 41.925 % |
|      4938 |  276364   849431 |  232142    4661   383481    82.3 | 42.001 % |
|      7500 |  274756   847203 |  255356    7099   562603    79.3 | 42.181 % |
|     11345 |  274301   846762 |  280891   10857   950667    87.6 | 42.270 % |
|     17112 |  273764   846050 |  308981   16538  1640752    99.2 | 42.381 % |
|     25761 |  273758   845975 |  339879   25124  2528378   100.6 | 42.536 % |
|     38740 |  270597   841331 |  373867   34736  3706347   106.7 | 43.012 % |
|     58201 |  270279   840650 |  411253   54057  5586830   103.4 | 43.064 % |
|     87394 |  270225   840485 |  452379   83134  9312217   112.0 | 43.086 % |

*** INTERRUPTED ***
restarts              : 16
conflicts             : 98886          (3346 /sec)
decisions             : 289609         (9800 /sec)
propagations          : 213306732      (7218021 /sec)
conflict literals     : 10833019       (54.30 % deleted)
Memory used           : 66.26 MB
CPU time              : 29.552 s

*** INTERRUPTED ***
