Reading from standard input... Use '-h' or '--help' for help.
==================================[MINISAT]===================================
| Conflicts |     ORIGINAL     |              LEARNT              | Progress |
|           | Clauses Literals |   Limit Clauses Literals  Lit/Cl |          |
==============================================================================
|         0 |  330582   920868 |  110194       0        0     nan |  0.000 % |
|       100 |  330599   920868 |  121213      83     1148    13.8 | 28.278 % |
|       251 |  330614   920868 |  133334     218     2848    13.1 | 40.701 % |
|       477 |  330622   920868 |  146668     435    21647    49.8 | 40.704 % |
|       814 |  282455   857125 |  161335     728    51952    71.4 | 40.767 % |
|      1320 |  281555   855887 |  177468    1132   143683   126.9 | 40.863 % |
|      2079 |  281489   855770 |  195215    1865   220156   118.0 | 40.876 % |
|      3219 |  281526   855704 |  214736    2899   425622   146.8 | 41.290 % |
|      4929 |  279184   852907 |  236210    4523   575036   127.1 | 41.408 % |
|      7491 |  277531   850531 |  259831    6888   887963   128.9 | 41.602 % |
|     11335 |  274515   846610 |  285814   10559  1353444   128.2 | 42.226 % |
|     17101 |  270197   840977 |  314396   16085  1989468   123.7 | 42.955 % |
|     25750 |  269983   840527 |  345835   24624  3110428   126.3 | 42.997 % |
|     38725 |  269750   840122 |  380419   37471  4490459   119.8 | 43.047 % |
|     58187 |  269590   839699 |  418461   56759  6775717   119.4 | 43.151 % |
==============================================================================
restarts              : 15
conflicts             : 78883          (3298 /sec)
decisions             : 246326         (10298 /sec)
propagations          : 156978072      (6562727 /sec)
conflict literals     : 8700744        (49.99 % deleted)
Memory used           : 56.64 MB
CPU time              : 23.9196 s

UNSATISFIABLE
