Reading from standard input... Use '-h' or '--help' for help.
==================================[MINISAT]===================================
| Conflicts |     ORIGINAL     |              LEARNT              | Progress |
|           | Clauses Literals |   Limit Clauses Literals  Lit/Cl |          |
==============================================================================
|         0 |  320597   907846 |  106865       0        0     nan |  0.000 % |
|       101 |  320609   907846 |  117551      89     2175    24.4 | 30.166 % |
|       251 |  320627   907846 |  129306     221    13001    58.8 | 30.166 % |
|       477 |  320654   907846 |  142237     420    38314    91.2 | 30.166 % |
|       814 |  320664   907846 |  156461     747    85438   114.4 | 30.166 % |
|      1322 |  260239   833139 |  172107    1224   213360   174.3 | 47.633 % |
|      2083 |  260262   833139 |  189317    1959   368842   188.3 | 47.639 % |
|      3223 |  259493   831825 |  208249    3015   494305   163.9 | 47.639 % |
|      4931 |  259298   831447 |  229074    4692   705052   150.3 | 47.734 % |
|      7493 |  256047   826872 |  251982    7171   953691   133.0 | 48.267 % |
|     11339 |  253505   822996 |  277180   10898  1349566   123.8 | 48.662 % |
==============================================================================
restarts              : 11
conflicts             : 15223          (4509 /sec)
decisions             : 70821          (20976 /sec)
propagations          : 28703519       (8501429 /sec)
conflict literals     : 1656316        (42.25 % deleted)
Memory used           : 26.58 MB
CPU time              : 3.37632 s

UNSATISFIABLE
