Reading from standard input... Use '-h' or '--help' for help.
==================================[MINISAT]===================================
| Conflicts |     ORIGINAL     |              LEARNT              | Progress |
|           | Clauses Literals |   Limit Clauses Literals  Lit/Cl |          |
==============================================================================
|         0 |  321050   907987 |  107016       0        0     nan |  0.000 % |
|       100 |  321066   907987 |  117717      84     1069    12.7 | 30.053 % |
|       250 |  321071   907987 |  129489     229    22130    96.6 | 30.053 % |
|       476 |  321082   907987 |  142438     443    47955   108.3 | 30.053 % |
|       814 |  321096   907987 |  156682     763    87397   114.5 | 44.367 % |
|      1320 |  269031   840801 |  172350    1205   106569    88.4 | 44.369 % |
|      2079 |  269015   840795 |  189585    1924   147978    76.9 | 44.370 % |
|      3218 |  268999   840714 |  208543    3023   245951    81.4 | 44.407 % |
|      4926 |  268871   840465 |  229398    4695   369649    78.7 | 44.407 % |
|      7488 |  268882   840375 |  252338    7180   678284    94.5 | 44.519 % |
|     11332 |  265780   835770 |  277571   10787  1138032   105.5 | 44.953 % |
|     17098 |  265552   835245 |  305329   16290  1798579   110.4 | 45.055 % |
|     25748 |  264973   834165 |  335862   24799  2773410   111.8 | 45.705 % |
==============================================================================
restarts              : 13
conflicts             : 31548          (4985 /sec)
decisions             : 108417         (17132 /sec)
propagations          : 51199150       (8090238 /sec)
conflict literals     : 3270156        (49.64 % deleted)
Memory used           : 33.52 MB
CPU time              : 6.32851 s

UNSATISFIABLE
