Reading from standard input... Use '-h' or '--help' for help.
==================================[MINISAT]===================================
| Conflicts |     ORIGINAL     |              LEARNT              | Progress |
|           | Clauses Literals |   Limit Clauses Literals  Lit/Cl |          |
==============================================================================
|         0 |  320461   907673 |  106820       0        0     nan |  0.000 % |
|       100 |  320472   907673 |  117502      87    30139   346.4 | 30.170 % |
|       250 |  320489   907673 |  129252     219    34286   156.6 | 52.851 % |
|       475 |  320506   907673 |  142177     425    39415    92.7 | 52.853 % |
|       813 |  235597   805891 |  156395     716    51078    71.3 | 52.853 % |
|      1323 |  235603   805891 |  172034    1220    69823    57.2 | 52.853 % |
|      2093 |  235614   805891 |  189238    1979   105903    53.5 | 52.853 % |
|      3236 |  235363   805327 |  208161    3051   186534    61.1 | 52.900 % |
|      4945 |  235370   805327 |  228978    4753   286373    60.3 | 52.900 % |
==============================================================================
restarts              : 9
conflicts             : 5550           (7422 /sec)
decisions             : 19799          (26476 /sec)
propagations          : 8123429        (10862871 /sec)
conflict literals     : 310942         (29.45 % deleted)
Memory used           : 21.71 MB
CPU time              : 0.747816 s

UNSATISFIABLE
