Reading from standard input... Use '-h' or '--help' for help.
==================================[MINISAT]===================================
| Conflicts |     ORIGINAL     |              LEARNT              | Progress |
|           | Clauses Literals |   Limit Clauses Literals  Lit/Cl |          |
==============================================================================
|         0 |  327705   916766 |  109235       0        0     nan |  0.000 % |
|       102 |  327720   916766 |  120158      87      880    10.1 | 28.818 % |
|       252 |  327730   916766 |  132174     223    22146    99.3 | 28.828 % |
|       477 |  327756   916766 |  145391     419    36752    87.7 | 41.305 % |
|       814 |  279868   853683 |  159930     640    59475    92.9 | 41.310 % |
|      1320 |  279777   853626 |  175924    1138   186109   163.5 | 41.318 % |
|      2079 |  279797   853626 |  193516    1875   255812   136.4 | 41.458 % |
|      3219 |  279120   852667 |  212868    2982   436503   146.4 | 41.522 % |
|      4927 |  278127   851431 |  234154    4593   565222   123.1 | 41.811 % |
|      7490 |  275256   847415 |  257570    6641   778653   117.2 | 42.138 % |
|     11334 |  274229   845819 |  283327   10379  1076725   103.7 | 42.358 % |
|     17101 |  271206   841081 |  311660   11744  1316935   112.1 | 42.987 % |
|     25750 |  268509   837351 |  342826   18582  2150044   115.7 | 43.457 % |
|     38726 |  266693   834737 |  377108   31129  3594188   115.5 | 43.748 % |
|     58187 |  266195   833810 |  414819   50268  5376697   107.0 | 43.859 % |
==============================================================================
restarts              : 15
conflicts             : 65732          (4150 /sec)
decisions             : 236886         (14957 /sec)
propagations          : 133865871      (8452227 /sec)
conflict literals     : 6565783        (49.19 % deleted)
Memory used           : 45.95 MB
CPU time              : 15.8379 s

UNSATISFIABLE
