Reading from standard input... Use '-h' or '--help' for help.
==================================[MINISAT]===================================
| Conflicts |     ORIGINAL     |              LEARNT              | Progress |
|           | Clauses Literals |   Limit Clauses Literals  Lit/Cl |          |
==============================================================================
|         0 |  322416   909818 |  107472       0        0     nan |  0.000 % |
|       102 |  322431   909818 |  118219      87     1037    11.9 | 29.831 % |
|       254 |  322436   909818 |  130041     234    16426    70.2 | 29.831 % |
|       480 |  322452   909818 |  143045     444    74595   168.0 | 29.831 % |
|       817 |  275829   848506 |  157349     745   126555   169.9 | 42.358 % |
|      1323 |  275853   848506 |  173084    1220   167315   137.1 | 42.526 % |
|      2082 |  274295   846697 |  190393    1888   213869   113.3 | 42.590 % |
|      3221 |  274251   846597 |  209432    2999   317996   106.0 | 42.602 % |
|      4929 |  273014   844865 |  230375    4642   487383   105.0 | 42.843 % |
|      7491 |  271201   842438 |  253413    6996   699524   100.0 | 43.237 % |
|     11336 |  270476   841280 |  278754   10752   960392    89.3 | 43.334 % |
|     17106 |  269259   839237 |  306630   16289  1439764    88.4 | 43.487 % |
|     25757 |  268793   838424 |  337293   24780  2254361    91.0 | 43.561 % |
|     38732 |  267111   835835 |  371022   36506  3237631    88.7 | 43.825 % |
==============================================================================
restarts              : 14
conflicts             : 45929          (4389 /sec)
decisions             : 168531         (16103 /sec)
propagations          : 83515989       (7980123 /sec)
conflict literals     : 3923408        (51.03 % deleted)
Memory used           : 36.34 MB
CPU time              : 10.4655 s

UNSATISFIABLE
