Reading from standard input... Use '-h' or '--help' for help.
==================================[MINISAT]===================================
| Conflicts |     ORIGINAL     |              LEARNT              | Progress |
|           | Clauses Literals |   Limit Clauses Literals  Lit/Cl |          |
==============================================================================
|         0 |  322519   910204 |  107506       0        0     nan |  0.000 % |
|       100 |  322534   910204 |  118256      85     1208    14.2 | 29.808 % |
|       250 |  322536   910204 |  130082     233    25068   107.6 | 29.808 % |
|       476 |  322542   910204 |  143090     453    47638   105.2 | 29.808 % |
|       813 |  322554   910204 |  157399     778   110103   141.5 | 29.808 % |
|      1320 |  322568   910204 |  173139    1271   151311   119.0 | 29.808 % |
|      2079 |  270592   843266 |  190453    2004   298694   149.0 | 43.875 % |
|      3219 |  270105   842489 |  209498    3078   482426   156.7 | 43.955 % |
|      4929 |  270047   842405 |  230448    4764   605297   127.1 | 43.970 % |
|      7491 |  269304   841265 |  253493    7266   891753   122.7 | 44.140 % |
|     11337 |  267207   838502 |  278842   10925  1240955   113.6 | 44.583 % |
|     17103 |  265596   835928 |  306727   16588  1902278   114.7 | 44.818 % |
|     25753 |  264300   833702 |  337399   25067  2935476   117.1 | 45.028 % |
|     38727 |  261391   828899 |  371139   31438  3662811   116.5 | 45.614 % |
==============================================================================
restarts              : 14
conflicts             : 39666          (4179 /sec)
decisions             : 136431         (14374 /sec)
propagations          : 79602544       (8386855 /sec)
conflict literals     : 4210054        (42.45 % deleted)
Memory used           : 35.51 MB
CPU time              : 9.49135 s

UNSATISFIABLE
