Reading from standard input... Use '-h' or '--help' for help.
==================================[MINISAT]===================================
| Conflicts |     ORIGINAL     |              LEARNT              | Progress |
|           | Clauses Literals |   Limit Clauses Literals  Lit/Cl |          |
==============================================================================
|         0 |  218693   598983 |   72897       0        0     nan |  0.000 % |
|       100 |  218697   598983 |   80186      96     2431    25.3 | 27.545 % |
|       250 |  218702   598983 |   88205     240    18666    77.8 | 27.545 % |
|       476 |  218563   598872 |   97025     461    46544   101.0 | 27.567 % |
|       813 |  218581   598872 |  106728     779    63762    81.9 | 39.344 % |
|      1319 |  189498   559995 |  117401    1258    95706    76.1 | 39.375 % |
|      2078 |  189280   559875 |  129141    1987   189735    95.5 | 39.398 % |
|      3220 |  189214   559764 |  142055    3104   340379   109.7 | 39.411 % |
|      4930 |  188651   559038 |  156261    4704   420839    89.5 | 39.643 % |
|      7495 |  187746   557587 |  171887    6967   607729    87.2 | 39.825 % |
|     11340 |  178714   544431 |  189076    8781   781950    89.1 | 42.565 % |
|     17106 |  176199   539988 |  207983   10805   826746    76.5 | 43.181 % |
|     25755 |  175672   539013 |  228782   19200  1292243    67.3 | 43.358 % |
==============================================================================
restarts              : 13
conflicts             : 26179          (7682 /sec)
decisions             : 107695         (31604 /sec)
propagations          : 35903373       (10536140 /sec)
conflict literals     : 1708608        (36.84 % deleted)
Memory used           : 19.66 MB
CPU time              : 3.40764 s

UNSATISFIABLE
