Reading from standard input... Use '-h' or '--help' for help.
==================================[MINISAT]===================================
| Conflicts |     ORIGINAL     |              LEARNT              | Progress |
|           | Clauses Literals |   Limit Clauses Literals  Lit/Cl |          |
==============================================================================
|         0 |  135626   375124 |   45208       0        0     nan |  0.000 % |
|       100 |  135631   375124 |   49728      95     1297    13.7 | 28.828 % |
|       250 |  135641   375124 |   54701     235     7520    32.0 | 28.828 % |
|       475 |  135643   375124 |   60171     458    17039    37.2 | 28.828 % |
|       812 |  135661   375124 |   66189     777    58473    75.3 | 28.828 % |
|      1319 |  135678   375124 |   72807    1267    96619    76.3 | 28.828 % |
|      2078 |  117009   349883 |   80088    1993   144071    72.3 | 40.585 % |
|      3220 |  116902   349679 |   88097    2986   206159    69.0 | 40.618 % |
|      4929 |  116812   349577 |   96907    4667   309145    66.2 | 40.643 % |
|      7491 |  116781   349463 |  106598    7172   452290    63.1 | 40.672 % |
|     11335 |  115023   346873 |  117257    7202   510167    70.8 | 41.283 % |
|     17103 |  112627   342919 |  128983   10543   743279    70.5 | 42.280 % |
==============================================================================
restarts              : 12
conflicts             : 19865          (10444 /sec)
decisions             : 67136          (35298 /sec)
propagations          : 26366994       (13863072 /sec)
conflict literals     : 1219198        (43.82 % deleted)
Memory used           : 13.58 MB
CPU time              : 1.90196 s

UNSATISFIABLE
