Reading from standard input... Use '-h' or '--help' for help.
==================================[MINISAT]===================================
| Conflicts |     ORIGINAL     |              LEARNT              | Progress |
|           | Clauses Literals |   Limit Clauses Literals  Lit/Cl |          |
==============================================================================
|         0 |  327402   916373 |  109134       0        0     nan |  0.000 % |
|       101 |  327418   916373 |  120047      85     1182    13.9 | 28.898 % |
|       252 |  327422   916373 |  132052     232    12516    53.9 | 28.898 % |
|       477 |  327431   916373 |  145257     448    80020   178.6 | 28.898 % |
|       815 |  280309   854727 |  159783     759   107833   142.1 | 41.202 % |
|      1323 |  279106   853278 |  175761    1226   143420   117.0 | 41.399 % |
|      2084 |  278289   852519 |  193337    1940   185392    95.6 | 41.522 % |
|      3224 |  277924   851925 |  212671    2715   250648    92.3 | 41.631 % |
|      4933 |  277298   851004 |  233938    4269   380230    89.1 | 41.705 % |
|      7504 |  276322   849546 |  257332    6752   581403    86.1 | 41.858 % |
|     11348 |  275200   848023 |  283065   10499   919076    87.5 | 42.083 % |
|     17114 |  274273   846698 |  311372   16162  1743007   107.8 | 42.363 % |
|     25764 |  273034   845062 |  342509   24527  3226438   131.5 | 42.624 % |
|     38738 |  271828   843271 |  376760   37365  4933230   132.0 | 42.775 % |
|     58200 |  270636   841243 |  414436   56511  7519979   133.1 | 42.907 % |
|     87398 |  268690   838340 |  455879   85217 11079659   130.0 | 43.265 % |

*** INTERRUPTED ***
restarts              : 16
conflicts             : 95590          (3235 /sec)
decisions             : 313530         (10611 /sec)
propagations          : 196935286      (6665210 /sec)
conflict literals     : 11920873       (49.16 % deleted)
Memory used           : 70.62 MB
CPU time              : 29.5468 s

*** INTERRUPTED ***
