Reading from standard input... Use '-h' or '--help' for help.
==================================[MINISAT]===================================
| Conflicts |     ORIGINAL     |              LEARNT              | Progress |
|           | Clauses Literals |   Limit Clauses Literals  Lit/Cl |          |
==============================================================================
|         0 |  319584   907094 |  106528       0        0     nan |  0.000 % |
|       100 |  319595   907094 |  117180      87    17444   200.5 | 30.351 % |
|       250 |  319601   907094 |  128898     230    22422    97.5 | 53.249 % |
|       477 |  319605   907094 |  141788     452    26920    59.6 | 53.250 % |
|       815 |  235080   804517 |  155967     759    35455    46.7 | 53.258 % |
|      1323 |  235103   804517 |  171564    1237    52211    42.2 | 53.434 % |
|      2082 |  233823   802129 |  188720    1723    76945    44.7 | 53.514 % |
|      3224 |  233831   802129 |  207592    2855   116897    40.9 | 53.517 % |
|      4933 |  231506   799936 |  228352    2238    90392    40.4 | 53.825 % |
==============================================================================
restarts              : 9
conflicts             : 5372           (7126 /sec)
decisions             : 20644          (27385 /sec)
propagations          : 7750459        (10281196 /sec)
conflict literals     : 189189         (34.91 % deleted)
Memory used           : 21.71 MB
CPU time              : 0.753848 s

UNSATISFIABLE
