Reading from standard input... Use '-h' or '--help' for help.
==================================[MINISAT]===================================
| Conflicts |     ORIGINAL     |              LEARNT              | Progress |
|           | Clauses Literals |   Limit Clauses Literals  Lit/Cl |          |
==============================================================================
|         0 |  324020   912901 |  108006       0        0     nan |  0.000 % |
|       103 |  324034   912901 |  118806      89     5086    57.1 | 29.512 % |
|       254 |  324047   912901 |  130687     222     9823    44.2 | 45.401 % |
|       481 |  267177   840911 |  143755     404    41627   103.0 | 45.466 % |
|       819 |  267201   840911 |  158131     715    69471    97.2 | 45.491 % |
|      1328 |  266685   840248 |  173944    1177    99917    84.9 | 45.644 % |
|      2089 |  265624   838655 |  191339    1884   231393   122.8 | 45.761 % |
|      3229 |  264716   837260 |  210473    2959   345657   116.8 | 45.854 % |
|      4937 |  263101   834830 |  231520    4601   476262   103.5 | 46.112 % |
|      7500 |  260919   831422 |  254672    7054   666418    94.5 | 46.583 % |
|     11348 |  256634   825475 |  280139    9804   896700    91.5 | 47.143 % |
|     17115 |  255003   823039 |  308153   15413  1420274    92.1 | 47.448 % |
|     25769 |  254180   821896 |  338969   23925  2154723    90.1 | 47.589 % |
==============================================================================
restarts              : 13
conflicts             : 30818          (4193 /sec)
decisions             : 106141         (14442 /sec)
propagations          : 58207967       (7919787 /sec)
conflict literals     : 2520748        (44.02 % deleted)
Memory used           : 30.34 MB
CPU time              : 7.34969 s

UNSATISFIABLE
