Reading from standard input... Use '-h' or '--help' for help.
==================================[MINISAT]===================================
| Conflicts |     ORIGINAL     |              LEARNT              | Progress |
|           | Clauses Literals |   Limit Clauses Literals  Lit/Cl |          |
==============================================================================
|         0 |  322309   909988 |  107436       0        0     nan |  0.000 % |
|       101 |  322327   909988 |  118179      83      877    10.6 | 29.849 % |
|       254 |  322338   909988 |  129997     223    19535    87.6 | 29.863 % |
|       479 |  322358   909988 |  142997     427    37764    88.4 | 43.963 % |
|       816 |  270419   843261 |  157297     681    52955    77.8 | 44.028 % |
|      1326 |  268978   841290 |  173026    1130    71887    63.6 | 44.209 % |
|      2086 |  268999   841290 |  190329    1869   115432    61.8 | 44.209 % |
|      3225 |  268638   840918 |  209362    2987   363573   121.7 | 44.247 % |
|      4935 |  268651   840918 |  230298    4683   554465   118.4 | 44.259 % |
|      7497 |  268393   840585 |  253328    7178   714028    99.5 | 44.297 % |
|     11344 |  266263   837531 |  278661    9377   922440    98.4 | 44.679 % |
|     17110 |  263997   833935 |  306527   14481  1481241   102.3 | 45.134 % |
|     25759 |  262430   831202 |  337180   18618  1994654   107.1 | 45.464 % |
|     38733 |  262116   830803 |  370898   31449  3195308   101.6 | 45.514 % |
==============================================================================
restarts              : 14
conflicts             : 48753          (4405 /sec)
decisions             : 162258         (14661 /sec)
propagations          : 85685739       (7742192 /sec)
conflict literals     : 4435300        (51.55 % deleted)
Memory used           : 36.55 MB
CPU time              : 11.0674 s

UNSATISFIABLE
