Reading from standard input... Use '-h' or '--help' for help.
==================================[MINISAT]===================================
| Conflicts |     ORIGINAL     |              LEARNT              | Progress |
|           | Clauses Literals |   Limit Clauses Literals  Lit/Cl |          |
==============================================================================
|         0 |  211815   589819 |   70605       0        0     nan |  0.000 % |
|       100 |  211822   589819 |   77665      93     1290    13.9 | 29.611 % |
|       250 |  211826   589819 |   85432     239     4216    17.6 | 29.611 % |
|       475 |  211840   589819 |   93975     450    11811    26.2 | 29.611 % |
|       813 |  211431   589315 |  103372     753    57538    76.4 | 42.971 % |
|      1319 |  179909   549151 |  113710    1218    85026    69.8 | 43.007 % |
|      2078 |  179940   549151 |  125081    1945   142404    73.2 | 43.016 % |
|      3218 |  179932   549052 |  137589    2954   224924    76.1 | 43.035 % |
|      4926 |  179763   548878 |  151348    4619   318644    69.0 | 43.055 % |
|      7490 |  179307   548152 |  166482    7099   466779    65.8 | 43.208 % |
|     11335 |  178929   547528 |  183131   10831   752174    69.4 | 43.299 % |
|     17106 |  178519   546841 |  201444   16485  1145694    69.5 | 43.393 % |
|     25756 |  178156   546217 |  221588   25010  1819597    72.8 | 43.529 % |
==============================================================================
restarts              : 13
conflicts             : 29110          (7146 /sec)
decisions             : 94306          (23150 /sec)
propagations          : 41821051       (10265918 /sec)
conflict literals     : 2027335        (48.75 % deleted)
Memory used           : 22.85 MB
CPU time              : 4.07378 s

UNSATISFIABLE
