Reading from standard input... Use '-h' or '--help' for help.
==================================[MINISAT]===================================
| Conflicts |     ORIGINAL     |              LEARNT              | Progress |
|           | Clauses Literals |   Limit Clauses Literals  Lit/Cl |          |
==============================================================================
|         0 |  322692   909928 |  107564       0        0     nan |  0.000 % |
|       101 |  322705   909928 |  118320      88     1096    12.5 | 29.834 % |
|       251 |  322710   909928 |  130152     233    11220    48.2 | 29.834 % |
|       477 |  322726   909928 |  143167     442    49253   111.4 | 42.251 % |
|       816 |  275172   847338 |  157484     743    69691    93.8 | 42.292 % |
|      1322 |  274843   846855 |  173232    1155    99410    86.1 | 42.333 % |
|      2082 |  274864   846855 |  190556    1891   145466    76.9 | 42.346 % |
|      3222 |  274692   846612 |  209611    2947   318360   108.0 | 42.357 % |
|      4930 |  274734   846612 |  230572    4611   653226   141.7 | 42.426 % |
|      7493 |  273194   844395 |  253630    6447   819204   127.1 | 42.736 % |
|     11337 |  271472   841771 |  278993   10131  1173558   115.8 | 42.956 % |
|     17105 |  268483   837463 |  306892   15499  1762762   113.7 | 43.466 % |
|     25757 |  267601   836059 |  337581   23775  2555900   107.5 | 43.654 % |
|     38732 |  266531   834535 |  371340   36596  4015002   109.7 | 43.785 % |
==============================================================================
restarts              : 14
conflicts             : 57371          (4099 /sec)
decisions             : 214726         (15343 /sec)
propagations          : 104917825      (7496978 /sec)
conflict literals     : 5648039        (47.36 % deleted)
Memory used           : 43.29 MB
CPU time              : 13.9947 s

UNSATISFIABLE
