Reading from standard input... Use '-h' or '--help' for help.
==================================[MINISAT]===================================
| Conflicts |     ORIGINAL     |              LEARNT              | Progress |
|           | Clauses Literals |   Limit Clauses Literals  Lit/Cl |          |
==============================================================================
|         0 |  329828   921053 |  109942       0        0     nan |  0.000 % |
|       104 |  329843   921053 |  120936      89      998    11.2 | 28.420 % |
|       256 |  329870   921053 |  133029     214     5688    26.6 | 28.420 % |
|       481 |  271510   845602 |  146332     394    20916    53.1 | 44.431 % |
|       819 |  271528   845602 |  160966     713    59287    83.2 | 44.438 % |
|      1325 |  270411   843823 |  177062    1032    83393    80.8 | 45.006 % |
|      2084 |  268084   840896 |  194768    1674   202965   121.2 | 45.137 % |
|      3223 |  267393   839924 |  214245    2784   370761   133.2 | 45.153 % |
|      4935 |  266948   839236 |  235670    4442   566399   127.5 | 45.248 % |
|      7498 |  264128   835228 |  259237    6659   687664   103.3 | 45.790 % |
|     11343 |  260635   830776 |  285161   10382  1135214   109.3 | 46.459 % |
|     17110 |  259648   829263 |  313677   16032  1845341   115.1 | 46.601 % |
|     25762 |  255481   823066 |  345045   24295  2692059   110.8 | 47.290 % |
==============================================================================
restarts              : 13
conflicts             : 32741          (3681 /sec)
decisions             : 130133         (14629 /sec)
propagations          : 65388884       (7350752 /sec)
conflict literals     : 3348829        (42.64 % deleted)
Memory used           : 33.70 MB
CPU time              : 8.89554 s

UNSATISFIABLE
