Reading from standard input... Use '-h' or '--help' for help.
==================================[MINISAT]===================================
| Conflicts |     ORIGINAL     |              LEARNT              | Progress |
|           | Clauses Literals |   Limit Clauses Literals  Lit/Cl |          |
==============================================================================
|         0 |  339508   930371 |  113169       0        0     nan |  0.000 % |
|       100 |  339524   930371 |  124485      84     1218    14.5 | 26.751 % |
|       250 |  339533   930371 |  136934     225    15972    71.0 | 26.751 % |
|       476 |  339554   930371 |  150627     430    30749    71.5 | 26.751 % |
|       813 |  314857   892978 |  165690     747    57310    76.7 | 32.114 % |
|      1319 |  314187   891859 |  182259    1219    76609    62.8 | 32.171 % |
|      2078 |  314212   891859 |  200485    1953   203189   104.0 | 32.171 % |
|      3217 |  314039   891604 |  220534    3056   327506   107.2 | 32.215 % |
|      4925 |  313923   891388 |  242587    4733   523132   110.5 | 32.281 % |
|      7488 |  313179   890350 |  266846    7108   793854   111.7 | 32.352 % |
|     11332 |  313056   890182 |  293531   10914  1189953   109.0 | 32.448 % |
|     17098 |  312353   889312 |  322884   16595  2157555   130.0 | 32.498 % |
|     25747 |  312266   889102 |  355172   25188  3457021   137.2 | 32.515 % |
|     38722 |  312571   889102 |  390690   37858  6348396   167.7 | 32.515 % |
|     58183 |  311761   887965 |  429759   57128  9024320   158.0 | 32.666 % |
|     87376 |  311693   887695 |  472734   86195 14835411   172.1 | 32.666 % |
|    131170 |  311770   887689 |  520008  129903 24611373   189.5 | 32.697 % |
|    196855 |  311557   887254 |  572009  195353 38921770   199.2 | 32.728 % |
|    295381 |  311326   886883 |  629210  293773 60936601   207.4 | 32.778 % |
|    443173 |  311297   886772 |  692131  441510 87176802   197.5 | 32.787 % |
==============================================================================
restarts              : 20
conflicts             : 601812         (1262 /sec)
decisions             : 1455336        (3053 /sec)
propagations          : 1733560688     (3636155 /sec)
conflict literals     : 117092349      (63.06 % deleted)
Memory used           : 504.09 MB
CPU time              : 476.756 s

UNSATISFIABLE
