Reading from standard input... Use '-h' or '--help' for help.
==================================[MINISAT]===================================
| Conflicts |     ORIGINAL     |              LEARNT              | Progress |
|           | Clauses Literals |   Limit Clauses Literals  Lit/Cl |          |
==============================================================================
|         0 |  324477   913098 |  108159       0        0     nan |  0.000 % |
|       100 |  324493   913098 |  118974      84     1508    18.0 | 29.386 % |
|       250 |  324496   913098 |  130872     231     9986    43.2 | 29.386 % |
|       476 |  324504   913098 |  143959     446    69457   155.7 | 43.676 % |
|       814 |  272332   845419 |  158355     737    82473   111.9 | 43.709 % |
|      1323 |  271985   844867 |  174191    1144   117442   102.7 | 43.718 % |
|      2082 |  271943   844780 |  191610    1876   165974    88.5 | 43.844 % |
|      3221 |  271352   843778 |  210771    2869   269133    93.8 | 43.882 % |
|      4929 |  269731   841293 |  231848    3817   391177   102.5 | 44.172 % |
|      7491 |  269169   840435 |  255033    6272   617829    98.5 | 44.344 % |
|     11335 |  266636   836436 |  280536    9187   896740    97.6 | 44.775 % |
|     17102 |  263113   831485 |  308590   13385  1351150   100.9 | 45.652 % |
|     25752 |  261150   828724 |  339449   21802  2450322   112.4 | 45.887 % |
|     38726 |  258062   824441 |  373394   32122  3595039   111.9 | 46.433 % |
==============================================================================
restarts              : 14
conflicts             : 52898          (3623 /sec)
decisions             : 205350         (14064 /sec)
propagations          : 101536996      (6953975 /sec)
conflict literals     : 5177818        (45.34 % deleted)
Memory used           : 40.34 MB
CPU time              : 14.6013 s

UNSATISFIABLE
