Reading from standard input... Use '-h' or '--help' for help.
==================================[MINISAT]===================================
| Conflicts |     ORIGINAL     |              LEARNT              | Progress |
|           | Clauses Literals |   Limit Clauses Literals  Lit/Cl |          |
==============================================================================
|         0 |  327146   916261 |  109048       0        0     nan |  0.000 % |
|       100 |  327154   916261 |  119952      92     7270    79.0 | 28.930 % |
|       251 |  327161   916261 |  131948     236    34086   144.4 | 28.930 % |
|       476 |  327170   916261 |  145142     447    41815    93.5 | 41.465 % |
|       814 |  327186   916261 |  159657     769   145560   189.3 | 41.465 % |
|      1320 |  279545   854226 |  175622    1226   170372   139.0 | 41.467 % |
|      2079 |  279361   853895 |  193185    1937   210571   108.7 | 41.494 % |
|      3220 |  279215   853667 |  212503    2990   329072   110.1 | 41.534 % |
|      4928 |  278924   853256 |  233754    4659   464550    99.7 | 41.602 % |
|      7490 |  277028   850846 |  257129    7128   672996    94.4 | 42.057 % |
|     11335 |  275389   848424 |  282842   10887  1057310    97.1 | 42.248 % |
|     17101 |  272259   844324 |  311126   15982  1880068   117.6 | 42.741 % |
|     25750 |  270836   842250 |  342239   24076  2618202   108.7 | 43.155 % |
|     38728 |  269750   840297 |  376463   36859  4169811   113.1 | 43.215 % |
|     58189 |  268718   838539 |  414109   53304  5938197   111.4 | 43.395 % |
|     87383 |  266703   835200 |  455520   77287  8219401   106.3 | 43.766 % |

*** INTERRUPTED ***
restarts              : 16
conflicts             : 92677          (3141 /sec)
decisions             : 263422         (8929 /sec)
propagations          : 204001410      (6914979 /sec)
conflict literals     : 9491480        (52.30 % deleted)
Memory used           : 57.07 MB
CPU time              : 29.5014 s

*** INTERRUPTED ***
