Reading from standard input... Use '-h' or '--help' for help.
==================================[MINISAT]===================================
| Conflicts |     ORIGINAL     |              LEARNT              | Progress |
|           | Clauses Literals |   Limit Clauses Literals  Lit/Cl |          |
==============================================================================
|         0 |  325913   913333 |  108637       0        0     nan |  0.000 % |
|       100 |  325927   913333 |  119500      86      922    10.7 | 29.214 % |
|       251 |  325938   913333 |  131450     225     3652    16.2 | 29.216 % |
|       477 |  325948   913333 |  144595     440    20363    46.3 | 29.218 % |
|       814 |  325944   913267 |  159055     728    41131    56.5 | 38.778 % |
|      1321 |  325969   913267 |  174960    1210    67231    55.6 | 38.778 % |
|      2081 |  286665   859719 |  192457    1919   153820    80.2 | 39.073 % |
|      3221 |  285837   858436 |  211702    3042   302646    99.5 | 39.099 % |
|      4929 |  285620   857998 |  232873    4624   474913   102.7 | 39.157 % |
|      7492 |  283720   855429 |  256160    6840   693664   101.4 | 39.440 % |
|     11341 |  277923   846520 |  281776    9479  1155199   121.9 | 40.654 % |
|     17107 |  277294   845461 |  309954   15076  1813174   120.3 | 40.767 % |
|     25756 |  276568   844021 |  340949   23411  2808818   120.0 | 40.896 % |
|     38731 |  272287   838438 |  375044   34945  4166572   119.2 | 41.645 % |
==============================================================================
restarts              : 14
conflicts             : 45943          (4795 /sec)
decisions             : 184162         (19222 /sec)
propagations          : 64900652       (6773883 /sec)
conflict literals     : 5018546        (45.61 % deleted)
Memory used           : 40.69 MB
CPU time              : 9.58101 s

UNSATISFIABLE
