Reading from standard input... Use '-h' or '--help' for help.
==================================[MINISAT]===================================
| Conflicts |     ORIGINAL     |              LEARNT              | Progress |
|           | Clauses Literals |   Limit Clauses Literals  Lit/Cl |          |
==============================================================================
|         0 |  322620   910448 |  107540       0        0     nan |  0.000 % |
|       101 |  322634   910448 |  118294      87     5614    64.5 | 29.791 % |
|       253 |  322639   910448 |  130123     234    70245   300.2 | 29.791 % |
|       478 |  322648   910448 |  143135     450    90784   201.7 | 29.791 % |
|       815 |  322606   910442 |  157449     774   123984   160.2 | 29.791 % |
|      1321 |  322464   910154 |  173194    1144   168036   146.9 | 29.842 % |
|      2080 |  322467   910154 |  190513    1900   243684   128.3 | 29.842 % |
|      3220 |  262132   833632 |  209565    2681   267096    99.6 | 46.154 % |
|      4928 |  261044   832033 |  230521    4277   396613    92.7 | 46.275 % |
|      7492 |  260761   831439 |  253573    6753   632304    93.6 | 46.342 % |
|     11336 |  260404   830923 |  278931   10515   957288    91.0 | 46.408 % |
|     17102 |  257399   826376 |  306824   16074  1501307    93.4 | 46.955 % |
|     25751 |  255080   822614 |  337506   21972  2051475    93.4 | 47.402 % |
==============================================================================
restarts              : 13
conflicts             : 26970          (4463 /sec)
decisions             : 104816         (17347 /sec)
propagations          : 54526181       (9023993 /sec)
conflict literals     : 2309868        (46.44 % deleted)
Memory used           : 28.84 MB
CPU time              : 6.04236 s

UNSATISFIABLE
