Reading from standard input... Use '-h' or '--help' for help.
==================================[MINISAT]===================================
| Conflicts |     ORIGINAL     |              LEARNT              | Progress |
|           | Clauses Literals |   Limit Clauses Literals  Lit/Cl |          |
==============================================================================
|         0 |  323038   909600 |  107679       0        0     nan |  0.000 % |
|       102 |  323051   909600 |  118446      89     1153    13.0 | 29.814 % |
|       253 |  323056   909600 |  130291     235     5947    25.3 | 29.815 % |
|       478 |  323076   909600 |  143320     440    58252   132.4 | 29.814 % |
|       816 |  283875   856281 |  157652     733    91107   124.3 | 39.364 % |
|      1322 |  283895   856281 |  173418    1218   159932   131.3 | 39.369 % |
|      2083 |  283852   856191 |  190759    1970   254411   129.1 | 39.369 % |
|      3223 |  283791   856089 |  209835    3076   424048   137.9 | 39.427 % |
|      4933 |  283454   855735 |  230819    4764   592905   124.5 | 39.452 % |
|      7495 |  283307   855465 |  253901    7277   885419   121.7 | 39.464 % |
|     11340 |  283237   855270 |  279291   11026  1245377   112.9 | 39.551 % |
|     17106 |  282927   854637 |  307220   16670  1970356   118.2 | 39.568 % |
|     25755 |  282977   854514 |  337942   25183  3346981   132.9 | 39.662 % |
|     38732 |  281863   852723 |  371737   37727  5066457   134.3 | 39.771 % |
==============================================================================
restarts              : 14
conflicts             : 49153          (4641 /sec)
decisions             : 185828         (17547 /sec)
propagations          : 76342776       (7208708 /sec)
conflict literals     : 6043355        (48.72 % deleted)
Memory used           : 43.07 MB
CPU time              : 10.5904 s

UNSATISFIABLE
