Reading from standard input... Use '-h' or '--help' for help.
==================================[MINISAT]===================================
| Conflicts |     ORIGINAL     |              LEARNT              | Progress |
|           | Clauses Literals |   Limit Clauses Literals  Lit/Cl |          |
==============================================================================
|         0 |  211458   589137 |   70486       0        0     nan |  0.000 % |
|       100 |  211469   589137 |   77534      89     1044    11.7 | 29.770 % |
|       251 |  211479   589137 |   85288     229     9817    42.9 | 29.770 % |
|       478 |  211495   589137 |   93816     439    15350    35.0 | 41.267 % |
|       815 |  183198   552304 |  103198     762    21901    28.7 | 41.267 % |
|      1331 |  183210   552304 |  113518    1265    63986    50.6 | 41.281 % |
|      2091 |  183199   552226 |  124870    1979   111254    56.2 | 41.281 % |
|      3230 |  182190   550999 |  137357    3057   255650    83.6 | 41.620 % |
|      4938 |  181859   550195 |  151093    4325   358849    83.0 | 41.646 % |
|      7500 |  180710   548509 |  166202    6746   511362    75.8 | 41.876 % |
|     11344 |  180538   548197 |  182822   10434   738304    70.8 | 41.963 % |
|     17111 |  179096   545953 |  201104   15977  1078103    67.5 | 42.315 % |
==============================================================================
restarts              : 12
conflicts             : 24448          (9881 /sec)
decisions             : 89548          (36191 /sec)
propagations          : 30486610       (12321332 /sec)
conflict literals     : 1567536        (44.53 % deleted)
Memory used           : 19.47 MB
CPU time              : 2.4743 s

UNSATISFIABLE
