Reading from standard input... Use '-h' or '--help' for help.
==================================[MINISAT]===================================
| Conflicts |     ORIGINAL     |              LEARNT              | Progress |
|           | Clauses Literals |   Limit Clauses Literals  Lit/Cl |          |
==============================================================================
|         0 |  324391   913167 |  108130       0        0     nan |  0.000 % |
|       101 |  324401   913167 |  118943      91     9224   101.4 | 29.468 % |
|       255 |  324405   913167 |  130837     241    35505   147.3 | 29.468 % |
|       481 |  324415   913167 |  143921     457    55302   121.0 | 29.468 % |
|       818 |  324422   913167 |  158313     787    91661   116.5 | 29.468 % |
|      1325 |  324452   913167 |  174144    1264   159728   126.4 | 29.468 % |
|      2084 |  324472   913167 |  191558    2003   357056   178.3 | 29.468 % |
|      3224 |  324493   913167 |  210714    3122   503451   161.3 | 29.468 % |
|      4933 |  324484   913161 |  231786    4785   752059   157.2 | 29.491 % |
|      7495 |  261809   832833 |  254964    7024   934203   133.0 | 46.331 % |
|     11339 |  259975   830289 |  280461   10697  1205511   112.7 | 46.583 % |
|     17105 |  258918   828786 |  308507   16346  1661830   101.7 | 46.786 % |
|     25754 |  257777   826722 |  339358   24741  2256012    91.2 | 46.963 % |
==============================================================================
restarts              : 13
conflicts             : 32322          (3645 /sec)
decisions             : 113326         (12780 /sec)
propagations          : 67155048       (7573203 /sec)
conflict literals     : 2649699        (47.39 % deleted)
Memory used           : 30.95 MB
CPU time              : 8.86746 s

UNSATISFIABLE
