Reading from standard input... Use '-h' or '--help' for help.
==================================[MINISAT]===================================
| Conflicts |     ORIGINAL     |              LEARNT              | Progress |
|           | Clauses Literals |   Limit Clauses Literals  Lit/Cl |          |
==============================================================================
|         0 |  322222   910274 |  107407       0        0     nan |  0.000 % |
|       100 |  322235   910274 |  118147      87      927    10.7 | 29.864 % |
|       251 |  322257   910274 |  129962     206    23660   114.9 | 47.240 % |
|       476 |  322278   910274 |  142958     404    36554    90.5 | 47.287 % |
|       813 |  261147   833728 |  157254     576    54402    94.4 | 47.423 % |
|      1320 |  259265   831160 |  172980    1052    80643    76.7 | 47.595 % |
|      2079 |  259295   831160 |  190278    1777   165245    93.0 | 47.651 % |
|      3220 |  256614   827088 |  209305    2873   320426   111.5 | 48.073 % |
|      4931 |  255010   824591 |  230236    4532   469299   103.6 | 48.293 % |
|      7495 |  251381   819122 |  253260    7016   757119   107.9 | 48.883 % |
|     11340 |  248903   815503 |  278586   10769   999609    92.8 | 49.439 % |
==============================================================================
restarts              : 11
conflicts             : 14130          (4525 /sec)
decisions             : 60689          (19434 /sec)
propagations          : 26421073       (8460556 /sec)
conflict literals     : 1139327        (37.73 % deleted)
Memory used           : 24.59 MB
CPU time              : 3.12285 s

UNSATISFIABLE
