Reading from standard input... Use '-h' or '--help' for help.
==================================[MINISAT]===================================
| Conflicts |     ORIGINAL     |              LEARNT              | Progress |
|           | Clauses Literals |   Limit Clauses Literals  Lit/Cl |          |
==============================================================================
|         0 |  328397   916789 |  109465       0        0     nan |  0.000 % |
|       100 |  328413   916789 |  120411      84     1228    14.6 | 28.734 % |
|       250 |  328422   916789 |  132452     222    19183    86.4 | 28.744 % |
|       475 |  328436   916789 |  145697     433    33855    78.2 | 28.744 % |
|       812 |  289107   863268 |  160267     703    81036   115.3 | 38.259 % |
|      1318 |  289063   863130 |  176294    1166   131786   113.0 | 38.279 % |
|      2080 |  289073   863130 |  193923    1918   309794   161.5 | 38.279 % |
|      3221 |  289055   863124 |  213316    3017   396145   131.3 | 38.279 % |
|      4929 |  289066   863040 |  234647    4661   521192   111.8 | 38.318 % |
|      7491 |  288009   861420 |  258112    7128   759889   106.6 | 38.625 % |
|     11335 |  285948   858777 |  283924   10838  1162690   107.3 | 38.950 % |
|     17101 |  283690   855615 |  312316   16376  1770275   108.1 | 39.280 % |
|     25750 |  279896   850307 |  343548   23196  2596161   111.9 | 39.917 % |
|     38724 |  279531   849572 |  377902   35922  4216854   117.4 | 40.329 % |
|     58189 |  277956   847469 |  415693   55044  6863345   124.7 | 40.354 % |
==============================================================================
restarts              : 15
conflicts             : 85362          (3002 /sec)
decisions             : 330768         (11633 /sec)
propagations          : 158846269      (5586809 /sec)
conflict literals     : 9586652        (49.50 % deleted)
Memory used           : 59.60 MB
CPU time              : 28.4324 s

UNSATISFIABLE
