Reading from standard input... Use '-h' or '--help' for help.
==================================[MINISAT]===================================
| Conflicts |     ORIGINAL     |              LEARNT              | Progress |
|           | Clauses Literals |   Limit Clauses Literals  Lit/Cl |          |
==============================================================================
|         0 |  319477   906244 |  106492       0        0     nan |  0.000 % |
|       101 |  319496   906244 |  117141      82     9483   115.6 | 30.363 % |
|       251 |  319501   906244 |  128855     226    12306    54.5 | 52.911 % |
|       478 |  319507   906244 |  141740     447    18410    41.2 | 52.911 % |
|       816 |  235483   805241 |  155914     771    28006    36.3 | 52.911 % |
|      1322 |  235442   805235 |  171506    1263    51819    41.0 | 52.911 % |
|      2082 |  235444   805235 |  188657    2021    79396    39.3 | 52.911 % |
|      3221 |  235447   805235 |  207522    3157   118405    37.5 | 52.911 % |
|      4930 |  234798   804026 |  228275    4771   171835    36.0 | 53.016 % |
==============================================================================
restarts              : 9
conflicts             : 5122           (7775 /sec)
decisions             : 19625          (29791 /sec)
propagations          : 7311109        (11098390 /sec)
conflict literals     : 180378         (32.49 % deleted)
Memory used           : 21.71 MB
CPU time              : 0.658754 s

UNSATISFIABLE
