Reading from standard input... Use '-h' or '--help' for help.
==================================[MINISAT]===================================
| Conflicts |     ORIGINAL     |              LEARNT              | Progress |
|           | Clauses Literals |   Limit Clauses Literals  Lit/Cl |          |
==============================================================================
|         0 |  140655   381391 |   46885       0        0     nan |  0.000 % |
|       101 |  140663   381391 |   51573      93     1457    15.7 | 26.629 % |
|       251 |  140666   381391 |   56730     240     8088    33.7 | 26.629 % |
|       476 |  140681   381391 |   62403     450    28682    63.7 | 26.629 % |
|       814 |  140693   381391 |   68644     776    49269    63.5 | 26.629 % |
|      1324 |  140725   381391 |   75508    1254    88845    70.8 | 26.629 % |
|      2083 |  140742   381391 |   83059    1996   116490    58.4 | 26.629 % |
|      3223 |  140701   381385 |   91365    3132   168057    53.7 | 26.630 % |
|      4933 |  140710   381385 |  100502    4833   237514    49.1 | 26.630 % |
|      7497 |  140764   381385 |  110552    7343   583858    79.5 | 26.630 % |
|     11342 |  140723   381286 |  121607   11136   807458    72.5 | 33.796 % |
|     17108 |  126625   361338 |  133768   16705  1172962    70.2 | 34.081 % |
|     25758 |  126627   361200 |  147145   25245  1997759    79.1 | 34.111 % |
|     38732 |  126469   360843 |  161859   38134  3383645    88.7 | 34.168 % |
|     58194 |  126328   360612 |  178045   57516  5301796    92.2 | 34.282 % |
|     87388 |  126243   360396 |  195850   86600  7835421    90.5 | 34.318 % |
==============================================================================
restarts              : 16
conflicts             : 108697         (5354 /sec)
decisions             : 260738         (12843 /sec)
propagations          : 162696159      (8013911 /sec)
conflict literals     : 9676528        (55.65 % deleted)
Memory used           : 51.79 MB
CPU time              : 20.3017 s

UNSATISFIABLE
