Reading from standard input... Use '-h' or '--help' for help.
==================================[MINISAT]===================================
| Conflicts |     ORIGINAL     |              LEARNT              | Progress |
|           | Clauses Literals |   Limit Clauses Literals  Lit/Cl |          |
==============================================================================
|         0 |  324968   913753 |  108322       0        0     nan |  0.000 % |
|       100 |  324978   913753 |  119154      90     1057    11.7 | 29.308 % |
|       250 |  324998   913753 |  131069     220     7775    35.3 | 29.308 % |
|       475 |  325004   913753 |  144176     438    27596    63.0 | 29.313 % |
|       812 |  324992   913654 |  158594     711    61558    86.6 | 45.166 % |
|      1325 |  267457   840297 |  174453    1168   126782   108.5 | 45.201 % |
|      2085 |  266784   839259 |  191899    1876   194871   103.9 | 45.321 % |
|      3227 |  265352   837099 |  211088    2957   279134    94.4 | 45.568 % |
|      4935 |  263145   834188 |  232197    4563   453186    99.3 | 46.054 % |
|      7497 |  259267   828503 |  255417    6968   656434    94.2 | 46.686 % |
|     11341 |  256399   824277 |  280959   10594   927417    87.5 | 47.229 % |
|     17107 |  254961   822456 |  309055   16195  1373249    84.8 | 47.452 % |
|     25756 |  253479   820128 |  339960   24599  1976703    80.4 | 47.664 % |
==============================================================================
restarts              : 13
conflicts             : 27355          (5098 /sec)
decisions             : 108695         (20257 /sec)
propagations          : 50837036       (9474065 /sec)
conflict literals     : 2065136        (45.12 % deleted)
Memory used           : 28.63 MB
CPU time              : 5.36592 s

UNSATISFIABLE
