Reading from standard input... Use '-h' or '--help' for help.
==================================[MINISAT]===================================
| Conflicts |     ORIGINAL     |              LEARNT              | Progress |
|           | Clauses Literals |   Limit Clauses Literals  Lit/Cl |          |
==============================================================================
|         0 |  334885   924559 |  111628       0        0     nan |  0.000 % |
|       100 |  334900   924559 |  122790      85      837     9.8 | 27.583 % |
|       250 |  334914   924559 |  135069     221    18871    85.4 | 27.583 % |
|       475 |  334943   924559 |  148576     415    26605    64.1 | 34.695 % |
|       812 |  302852   878747 |  163434     732    41436    56.6 | 34.728 % |
|      1321 |  301957   877385 |  179778    1147    78059    68.1 | 34.850 % |
|      2080 |  301985   877385 |  197755    1878   146321    77.9 | 34.850 % |
|      3219 |  301731   877058 |  217531    2989   295384    98.8 | 34.896 % |
|      4927 |  301748   877058 |  239284    4680   391081    83.6 | 34.896 % |
|      7490 |  301686   876965 |  263212    7228   570759    79.0 | 34.907 % |
|     11335 |  299765   874388 |  289534   10938   914840    83.6 | 35.373 % |
|     17101 |  298741   872984 |  318487   16423  1496937    91.1 | 35.478 % |
|     25751 |  296401   869915 |  350336   24123  2591471   107.4 | 35.948 % |
|     38725 |  296409   869777 |  385370   36913  4068473   110.2 | 35.948 % |
|     58186 |  296374   869609 |  423907   56254  7797231   138.6 | 35.965 % |

*** INTERRUPTED ***
restarts              : 15
conflicts             : 86825          (2949 /sec)
decisions             : 319157         (10839 /sec)
propagations          : 184580955      (6268457 /sec)
conflict literals     : 14087618       (47.62 % deleted)
Memory used           : 78.66 MB
CPU time              : 29.446 s

*** INTERRUPTED ***
