Reading from standard input... Use '-h' or '--help' for help.
==================================[MINISAT]===================================
| Conflicts |     ORIGINAL     |              LEARNT              | Progress |
|           | Clauses Literals |   Limit Clauses Literals  Lit/Cl |          |
==============================================================================
|         0 |  327818   916091 |  109272       0        0     nan |  0.000 % |
|       100 |  327834   916091 |  120199      84      910    10.8 | 28.866 % |
|       250 |  327844   916091 |  132219     219     3661    16.7 | 38.307 % |
|       478 |  327865   916091 |  145441     425    28167    66.3 | 38.311 % |
|       815 |  327876   916091 |  159985     751    49155    65.5 | 38.311 % |
|      1321 |  289187   863454 |  175983    1202    82220    68.4 | 38.331 % |
|      2080 |  289029   863286 |  193582    1948   223255   114.6 | 38.331 % |
|      3219 |  289049   863286 |  212940    3067   288680    94.1 | 38.331 % |
|      4927 |  288346   862389 |  234234    4732   435692    92.1 | 38.447 % |
|      7489 |  287644   861486 |  257657    7217   694635    96.2 | 38.583 % |
|     11333 |  287296   860964 |  283423   11003   977619    88.9 | 38.697 % |
|     17100 |  286590   860082 |  311765   16624  1486153    89.4 | 38.848 % |
|     25750 |  285555   858384 |  342942   25120  2930664   116.7 | 38.936 % |
|     38724 |  283869   856116 |  377236   37814  4261640   112.7 | 39.202 % |
|     58186 |  284049   856116 |  414960   57086  7645048   133.9 | 39.210 % |
|     87380 |  283811   855570 |  456456   81464 11560536   141.9 | 39.289 % |

*** INTERRUPTED ***
restarts              : 16
conflicts             : 96168          (3251 /sec)
decisions             : 341818         (11554 /sec)
propagations          : 247149634      (8353744 /sec)
conflict literals     : 13057900       (48.76 % deleted)
Memory used           : 72.79 MB
CPU time              : 29.5855 s

*** INTERRUPTED ***
