Reading from standard input... Use '-h' or '--help' for help.
==================================[MINISAT]===================================
| Conflicts |     ORIGINAL     |              LEARNT              | Progress |
|           | Clauses Literals |   Limit Clauses Literals  Lit/Cl |          |
==============================================================================
|         0 |  319540   905972 |  106513       0        0     nan |  0.000 % |
|       101 |  319558   905972 |  117164      83     5147    62.0 | 30.362 % |
|       251 |  319564   905972 |  128880     227    17866    78.7 | 30.362 % |
|       477 |  319574   905972 |  141768     435    64926   149.3 | 30.397 % |
|       816 |  319396   905528 |  155945     739    91562   123.9 | 30.401 % |
|      1326 |  263182   834379 |  171540    1211   140521   116.0 | 46.067 % |
|      2087 |  262610   833509 |  188694    1936   180630    93.3 | 46.473 % |
|      3226 |  260557   830446 |  207563    3027   227259    75.1 | 46.556 % |
|      4934 |  258495   826884 |  228320    4584   305557    66.7 | 46.984 % |
|      7496 |  255227   821631 |  251152    5908   411173    69.6 | 47.621 % |
|     11341 |  252937   818151 |  276267    9584   616476    64.3 | 47.893 % |
==============================================================================
restarts              : 11
conflicts             : 16387          (6996 /sec)
decisions             : 67394          (28770 /sec)
propagations          : 26450945       (11291788 /sec)
conflict literals     : 919320         (41.13 % deleted)
Memory used           : 23.41 MB
CPU time              : 2.34249 s

UNSATISFIABLE
