Reading from standard input... Use '-h' or '--help' for help.
==================================[MINISAT]===================================
| Conflicts |     ORIGINAL     |              LEARNT              | Progress |
|           | Clauses Literals |   Limit Clauses Literals  Lit/Cl |          |
==============================================================================
|         0 | 3915785  9825576 | 1305261       0        0     nan |  0.000 % |
|       100 | 3915798  9825576 | 1435787      72    11332   157.4 | 17.533 % |
|       250 | 3915845  9825576 | 1579365     174    20480   117.7 | 17.559 % |
|       475 | 3915855  9825576 | 1737302     389    30152    77.5 | 17.559 % |
|       812 | 3915863  9825576 | 1911032     716    50486    70.5 | 17.559 % |
|      1321 | 3915995  9825576 | 2102135    1085    71714    66.1 | 17.675 % |
==============================================================================
restarts              : 6
conflicts             : 1413           (850 /sec)
decisions             : 20513          (12345 /sec)
propagations          : 6148694        (3700236 /sec)
conflict literals     : 73232          (44.10 % deleted)
Memory used           : 194.68 MB
CPU time              : 1.6617 s

UNSATISFIABLE
