Reading from standard input... Use '-h' or '--help' for help.
==================================[MINISAT]===================================
| Conflicts |     ORIGINAL     |              LEARNT              | Progress |
|           | Clauses Literals |   Limit Clauses Literals  Lit/Cl |          |
==============================================================================
|         0 |  330642   919114 |  110214       0        0     nan |  0.000 % |
|       101 |  330666   919114 |  121235      77      628     8.2 | 28.350 % |
|       254 |  330681   919114 |  133358     211     5682    26.9 | 28.395 % |
|       481 |  330688   919114 |  146694     431    48575   112.7 | 28.395 % |
|       821 |  330435   918505 |  161364     731   100785   137.9 | 28.395 % |
|      1329 |  330440   918505 |  177500    1234   153808   124.6 | 28.395 % |
|      2091 |  330449   918448 |  195250    1961   317561   161.9 | 28.405 % |
|      3233 |  330471   918448 |  214775    3081   445978   144.8 | 28.405 % |
|      4941 |  298407   873543 |  236253    4739   652794   137.7 | 35.653 % |
|      7503 |  297409   872370 |  259878    7228  1005377   139.1 | 35.821 % |
|     11348 |  297092   871821 |  285866   11004  1559370   141.7 | 35.919 % |
|     17115 |  295662   869725 |  314453   16618  2303723   138.6 | 36.225 % |
|     25766 |  294931   868660 |  345898   25115  3366588   134.0 | 36.267 % |
|     38745 |  294115   867328 |  380488   37638  5667275   150.6 | 36.419 % |
|     58206 |  293587   866281 |  418537   56716  8614755   151.9 | 36.538 % |
|     87399 |  293803   866194 |  460391   85619 13133174   153.4 | 36.642 % |

*** INTERRUPTED ***
restarts              : 16
conflicts             : 89768          (3038 /sec)
decisions             : 377834         (12787 /sec)
propagations          : 176103429      (5959862 /sec)
conflict literals     : 13452408       (45.76 % deleted)
Memory used           : 75.31 MB
CPU time              : 29.5482 s

*** INTERRUPTED ***
