Reading from standard input... Use '-h' or '--help' for help.
==================================[MINISAT]===================================
| Conflicts |     ORIGINAL     |              LEARNT              | Progress |
|           | Clauses Literals |   Limit Clauses Literals  Lit/Cl |          |
==============================================================================
|         0 |  320730   907914 |  106910       0        0     nan |  0.000 % |
|       100 |  320740   907914 |  117601      90     7104    78.9 | 30.087 % |
|       250 |  320749   907914 |  129361     230    16572    72.1 | 30.088 % |
|       476 |  320752   907914 |  142297     451    31325    69.5 | 46.169 % |
|       815 |  264142   836331 |  156526     749    63880    85.3 | 46.174 % |
|      1322 |  263604   835464 |  172179    1217    87045    71.5 | 46.260 % |
|      2081 |  263513   835221 |  189397    1880   148888    79.2 | 46.324 % |
|      3221 |  262897   834321 |  208337    2933   230454    78.6 | 46.385 % |
|      4930 |  262909   834321 |  229171    4630   679890   146.8 | 46.385 % |
|      7498 |  260683   830901 |  252088    7100   869859   122.5 | 46.770 % |
|     11342 |  259272   828765 |  277297   10846  1143280   105.4 | 47.033 % |
|     17110 |  257163   825237 |  305026   15308  1614007   105.4 | 47.582 % |
|     25759 |  244221   810546 |  335529   10372   749242    72.2 | 49.588 % |
==============================================================================
restarts              : 13
conflicts             : 26786          (5737 /sec)
decisions             : 93654          (20058 /sec)
propagations          : 46072230       (9867537 /sec)
conflict literals     : 2287833        (43.87 % deleted)
Memory used           : 28.30 MB
CPU time              : 4.66907 s

UNSATISFIABLE
