Reading from standard input... Use '-h' or '--help' for help.
==================================[MINISAT]===================================
| Conflicts |     ORIGINAL     |              LEARNT              | Progress |
|           | Clauses Literals |   Limit Clauses Literals  Lit/Cl |          |
==============================================================================
|         0 |  326440   916701 |  108813       0        0     nan |  0.000 % |
|       104 |  326466   916701 |  119694      78      901    11.6 | 29.067 % |
|       254 |  326482   916701 |  131663     212    13647    64.4 | 29.067 % |
|       479 |  326508   916701 |  144830     408    26491    64.9 | 29.075 % |
|       816 |  326476   916569 |  159313     701    50234    71.7 | 29.086 % |
|      1324 |  326411   916452 |  175244    1174   110643    94.2 | 29.100 % |
|      2083 |  325835   915762 |  192768    1909   247238   129.5 | 29.219 % |
|      3224 |  325850   915762 |  212045    3035   398519   131.3 | 29.219 % |
|      4932 |  325652   915267 |  233250    4653   600513   129.1 | 29.221 % |
|      7496 |  325647   915234 |  256575    7185   873276   121.5 | 29.221 % |
|     11340 |  325682   915234 |  282232   10994  1317796   119.9 | 29.221 % |
==============================================================================
restarts              : 11
conflicts             : 15591          (2756 /sec)
decisions             : 63232          (11177 /sec)
propagations          : 29817345       (5270677 /sec)
conflict literals     : 1633704        (64.41 % deleted)
Memory used           : 27.32 MB
CPU time              : 5.65721 s

UNSATISFIABLE
