Reading from standard input... Use '-h' or '--help' for help.
==================================[MINISAT]===================================
| Conflicts |     ORIGINAL     |              LEARNT              | Progress |
|           | Clauses Literals |   Limit Clauses Literals  Lit/Cl |          |
==============================================================================
|         0 |  325796   913671 |  108598       0        0     nan |  0.000 % |
|       101 |  325809   913671 |  119457      88      902    10.2 | 29.190 % |
|       251 |  325827   913671 |  131403     216     2113     9.8 | 40.261 % |
|       477 |  325842   913671 |  144543     425    59809   140.7 | 40.280 % |
|       815 |  281890   854549 |  158998     664    69968   105.4 | 40.316 % |
|      1324 |  281913   854549 |  174898    1150    99635    86.6 | 40.316 % |
|      2083 |  281728   854225 |  192387    1866   187832   100.7 | 40.390 % |
|      3222 |  280101   852101 |  211626    2963   246350    83.1 | 40.671 % |
|      4930 |  279690   851568 |  232789    4629   409275    88.4 | 40.765 % |
|      7493 |  277033   848056 |  256068    6855   598740    87.3 | 41.388 % |
|     11338 |  271910   840698 |  281675   10247   984013    96.0 | 42.325 % |
|     17104 |  271765   840362 |  309842   15835  1552065    98.0 | 42.419 % |
|     25755 |  270432   838058 |  340827   24268  2530030   104.3 | 42.613 % |
|     38729 |  268189   834668 |  374909   36206  3461290    95.6 | 42.924 % |
==============================================================================
restarts              : 14
conflicts             : 41845          (5090 /sec)
decisions             : 156655         (19054 /sec)
propagations          : 60865351       (7403024 /sec)
conflict literals     : 3793068        (43.26 % deleted)
Memory used           : 35.92 MB
CPU time              : 8.22169 s

UNSATISFIABLE
