Reading from standard input... Use '-h' or '--help' for help.
==================================[MINISAT]===================================
| Conflicts |     ORIGINAL     |              LEARNT              | Progress |
|           | Clauses Literals |   Limit Clauses Literals  Lit/Cl |          |
==============================================================================
|         0 |  323523   911068 |  107841       0        0     nan |  0.000 % |
|       102 |  323542   911068 |  118625      83      779     9.4 | 29.587 % |
|       252 |  323558   911068 |  130487     216     5943    27.5 | 29.589 % |
|       486 |  323568   911068 |  143536     439    28701    65.4 | 43.554 % |
|       823 |  271675   844542 |  157890     748    44954    60.1 | 43.554 % |
|      1329 |  271706   844542 |  173679    1223    98387    80.4 | 43.554 % |
|      2089 |  271655   844455 |  191046    1964   143067    72.8 | 43.579 % |
|      3229 |  271347   843894 |  210151    3053   258363    84.6 | 43.676 % |
|      4938 |  270762   843066 |  231166    4618   463274   100.3 | 43.767 % |
|      7500 |  266740   837707 |  254283    7003   872674   124.6 | 44.519 % |
|     11345 |  265130   835563 |  279711   10715  1490320   139.1 | 44.886 % |
|     17112 |  261007   829135 |  307682   15695  2197976   140.0 | 45.655 % |
|     25764 |  259956   827506 |  338451   24049  3094624   128.7 | 45.844 % |
==============================================================================
restarts              : 13
conflicts             : 31244          (4738 /sec)
decisions             : 136057         (20633 /sec)
propagations          : 47854130       (7257072 /sec)
conflict literals     : 3518724        (42.49 % deleted)
Memory used           : 34.26 MB
CPU time              : 6.59414 s

UNSATISFIABLE
