Reading from standard input... Use '-h' or '--help' for help.
==================================[MINISAT]===================================
| Conflicts |     ORIGINAL     |              LEARNT              | Progress |
|           | Clauses Literals |   Limit Clauses Literals  Lit/Cl |          |
==============================================================================
|         0 |  142664   383899 |   47554       0        0     nan |  0.000 % |
|       100 |  142673   383899 |   52309      90     4483    49.8 | 25.783 % |
|       251 |  142700   383899 |   57540     214     7970    37.2 | 25.783 % |
|       476 |  142590   383749 |   63294     428    16294    38.1 | 25.804 % |
|       813 |  131581   367174 |   69623     722    38632    53.5 | 31.580 % |
|      1319 |  131592   367174 |   76586    1217   101122    83.1 | 31.580 % |
|      2081 |  131549   367063 |   84244    1940   135488    69.8 | 31.611 % |
|      3220 |  131553   367063 |   92669    3075   229607    74.7 | 31.611 % |
|      4930 |  131588   367063 |  101936    4750   403060    84.9 | 31.611 % |
|      7493 |  131421   366823 |  112129    7288   900321   123.5 | 31.701 % |
|     11337 |  131381   366703 |  123342   11083  1201098   108.4 | 31.791 % |
|     17103 |  131054   366199 |  135677   16726  1674326   100.1 | 32.008 % |
|     25752 |  130048   364597 |  149244   23695  2213679    93.4 | 32.270 % |
|     38727 |  129902   364276 |  164169   36515  3764233   103.1 | 32.378 % |
==============================================================================
restarts              : 14
conflicts             : 56490          (6707 /sec)
decisions             : 175755         (20867 /sec)
propagations          : 78606558       (9333000 /sec)
conflict literals     : 5816766        (46.94 % deleted)
Memory used           : 34.40 MB
CPU time              : 8.42243 s

UNSATISFIABLE
