Reading from standard input... Use '-h' or '--help' for help.
==================================[MINISAT]===================================
| Conflicts |     ORIGINAL     |              LEARNT              | Progress |
|           | Clauses Literals |   Limit Clauses Literals  Lit/Cl |          |
==============================================================================
|         0 |  323580   910433 |  107860       0        0     nan |  0.000 % |
|       100 |  323596   910433 |  118646      84      971    11.6 | 29.645 % |
|       250 |  323606   910433 |  130510     222    15135    68.2 | 29.655 % |
|       476 |  323618   910433 |  143561     436    41148    94.4 | 29.655 % |
|       815 |  323582   910268 |  157917     723    65155    90.1 | 40.513 % |
|      1323 |  279980   852684 |  173709    1203    95239    79.2 | 40.629 % |
|      2082 |  280011   852684 |  191080    1926   180210    93.6 | 40.665 % |
|      3221 |  278350   850501 |  210188    3006   349666   116.3 | 40.929 % |
|      4929 |  278285   850321 |  231207    4658   528824   113.5 | 41.066 % |
|      7497 |  277072   848722 |  254328    7148   781992   109.4 | 42.021 % |
|     11341 |  271707   840414 |  279761   10113  1080386   106.8 | 42.227 % |
|     17107 |  270859   838992 |  307737   15687  1636618   104.3 | 42.440 % |
|     25757 |  268438   835437 |  338510   23546  2295431    97.5 | 42.773 % |
==============================================================================
restarts              : 13
conflicts             : 35522          (4794 /sec)
decisions             : 149492         (20173 /sec)
propagations          : 51814838       (6992227 /sec)
conflict literals     : 3062318        (42.88 % deleted)
Memory used           : 32.50 MB
CPU time              : 7.41035 s

UNSATISFIABLE
