Reading from standard input... Use '-h' or '--help' for help.
==================================[MINISAT]===================================
| Conflicts |     ORIGINAL     |              LEARNT              | Progress |
|           | Clauses Literals |   Limit Clauses Literals  Lit/Cl |          |
==============================================================================
|         0 |  327318   915819 |  109106       0        0     nan |  0.000 % |
|       101 |  327331   915819 |  120016      88      903    10.3 | 28.965 % |
|       251 |  327339   915819 |  132018     229    41670   182.0 | 28.967 % |
|       479 |  327346   915819 |  145220     448    65060   145.2 | 38.733 % |
|       817 |  287583   861301 |  159742     767    84801   110.6 | 38.751 % |
|      1325 |  287617   861301 |  175716    1241   116634    94.0 | 38.751 % |
|      2085 |  287646   861301 |  193287    1966   188790    96.0 | 38.762 % |
|      3225 |  287434   861031 |  212616    3096   276869    89.4 | 38.818 % |
|      4935 |  286682   859774 |  233878    4742   487524   102.8 | 39.000 % |
|      7498 |  284945   857270 |  257266    6886   687869    99.9 | 39.262 % |
|     11344 |  284407   856358 |  282992   10479  1171157   111.8 | 39.345 % |
|     17117 |  282088   853469 |  311292   15774  2271472   144.0 | 39.946 % |
|     25766 |  278356   848418 |  342421   23731  3508124   147.8 | 40.507 % |
|     38741 |  276287   844470 |  376663   31058  4501662   144.9 | 41.042 % |
==============================================================================
restarts              : 14
conflicts             : 44312          (4003 /sec)
decisions             : 185246         (16734 /sec)
propagations          : 75976122       (6863380 /sec)
conflict literals     : 5603431        (44.42 % deleted)
Memory used           : 41.31 MB
CPU time              : 11.0698 s

UNSATISFIABLE
