Reading from standard input... Use '-h' or '--help' for help.
==================================[MINISAT]===================================
| Conflicts |     ORIGINAL     |              LEARNT              | Progress |
|           | Clauses Literals |   Limit Clauses Literals  Lit/Cl |          |
==============================================================================
|         0 |  326441   916240 |  108813       0        0     nan |  0.000 % |
|       100 |  326454   916240 |  119694      87     1346    15.5 | 29.098 % |
|       252 |  326468   916240 |  131663     221     7559    34.2 | 44.895 % |
|       478 |  326475   916240 |  144830     439    14142    32.2 | 44.899 % |
|       816 |  269074   843230 |  159313     731    64462    88.2 | 44.899 % |
|      1326 |  269007   843074 |  175244    1171   103276    88.2 | 45.017 % |
|      2085 |  267707   841156 |  192768    1905   183139    96.1 | 45.135 % |
|      3227 |  267719   841156 |  212045    3035   244720    80.6 | 45.135 % |
|      4936 |  267222   840476 |  233250    4678   443805    94.9 | 45.228 % |
|      7498 |  267075   840289 |  256575    7195   869129   120.8 | 45.315 % |
|     11344 |  265791   838362 |  282232   10918  1214666   111.3 | 45.457 % |
|     17112 |  264893   837258 |  310456   16606  1892705   114.0 | 45.719 % |
|     25761 |  264230   836199 |  341501   25149  2771928   110.2 | 45.868 % |
|     38736 |  261223   831762 |  375651   37906  4117986   108.6 | 46.292 % |
==============================================================================
restarts              : 14
conflicts             : 43256          (3621 /sec)
decisions             : 132292         (11075 /sec)
propagations          : 91180676       (7633540 /sec)
conflict literals     : 4423888        (50.35 % deleted)
Memory used           : 38.59 MB
CPU time              : 11.9447 s

UNSATISFIABLE
