Reading from standard input... Use '-h' or '--help' for help.
==================================[MINISAT]===================================
| Conflicts |     ORIGINAL     |              LEARNT              | Progress |
|           | Clauses Literals |   Limit Clauses Literals  Lit/Cl |          |
==============================================================================
|         0 |  323257   910689 |  107752       0        0     nan |  0.000 % |
|       100 |  323270   910689 |  118527      87      858     9.9 | 29.655 % |
|       250 |  323280   910689 |  130379     224    17488    78.1 | 29.665 % |
|       476 |  323285   910689 |  143417     445    49747   111.8 | 29.665 % |
|       816 |  323249   910524 |  157759     727    65944    90.7 | 43.544 % |
|      1324 |  323276   910524 |  173535    1208   107818    89.3 | 43.544 % |
|      2085 |  271033   843399 |  190889    1937   160677    83.0 | 43.623 % |
|      3225 |  271060   843399 |  209978    3041   213732    70.3 | 43.899 % |
|      4933 |  267681   838937 |  230975    4548   310262    68.2 | 44.227 % |
|      7497 |  266021   836698 |  254073    6681   485550    72.7 | 44.589 % |
|     11341 |  263007   832619 |  279480   10285   783887    76.2 | 45.115 % |
|     17110 |  261873   830708 |  307429   15851  1335277    84.2 | 45.350 % |
|     25761 |  261000   829331 |  338171   24327  2106552    86.6 | 45.423 % |
==============================================================================
restarts              : 13
conflicts             : 35013          (4306 /sec)
decisions             : 156016         (19189 /sec)
propagations          : 60837507       (7482681 /sec)
conflict literals     : 2869900        (47.09 % deleted)
Memory used           : 31.82 MB
CPU time              : 8.13044 s

UNSATISFIABLE
