Reading from standard input... Use '-h' or '--help' for help.
==================================[MINISAT]===================================
| Conflicts |     ORIGINAL     |              LEARNT              | Progress |
|           | Clauses Literals |   Limit Clauses Literals  Lit/Cl |          |
==============================================================================
|         0 |  325917   913781 |  108639       0        0     nan |  0.000 % |
|       100 |  325934   913781 |  119502      83      830    10.0 | 29.178 % |
|       250 |  325945   913781 |  131453     221     8204    37.1 | 29.184 % |
|       476 |  325952   913781 |  144598     439    41734    95.1 | 29.185 % |
|       815 |  325938   913682 |  159058     734    64958    88.5 | 40.178 % |
|      1321 |  325950   913682 |  174964    1228    96467    78.6 | 40.178 % |
|      2080 |  282206   855082 |  192460    1945   143933    74.0 | 40.196 % |
|      3220 |  282070   854860 |  211706    3032   259813    85.7 | 40.213 % |
|      4931 |  281243   853921 |  232877    4695   390450    83.2 | 40.326 % |
|      7494 |  279372   851254 |  256165    7033   564616    80.3 | 41.077 % |
|     11340 |  276293   847152 |  281781   10557   836050    79.2 | 41.245 % |
|     17106 |  275713   846177 |  309959   16156  1526504    94.5 | 41.311 % |
|     25755 |  271788   838980 |  340955   23447  2187611    93.3 | 42.210 % |
==============================================================================
restarts              : 13
conflicts             : 35739          (5560 /sec)
decisions             : 145203         (22589 /sec)
propagations          : 52324726       (8139914 /sec)
conflict literals     : 3101629        (46.17 % deleted)
Memory used           : 32.64 MB
CPU time              : 6.42817 s

UNSATISFIABLE
