Reading from standard input... Use '-h' or '--help' for help.
==================================[MINISAT]===================================
| Conflicts |     ORIGINAL     |              LEARNT              | Progress |
|           | Clauses Literals |   Limit Clauses Literals  Lit/Cl |          |
==============================================================================
|         0 |  321502   908190 |  107167       0        0     nan |  0.000 % |
|       101 |  321523   908190 |  117883      80      850    10.6 | 30.001 % |
|       251 |  321527   908190 |  129672     226     8346    36.9 | 30.001 % |
|       476 |  321533   908190 |  142639     445    88505   198.9 | 30.001 % |
|       813 |  321496   908184 |  156903     763   137847   180.7 | 43.961 % |
|      1319 |  321518   908184 |  172593    1244   171905   138.2 | 44.003 % |
|      2079 |  269435   841224 |  189852    1907   209707   110.0 | 44.040 % |
|      3219 |  269047   840591 |  208838    2900   319894   110.3 | 44.094 % |
|      4928 |  268739   840120 |  229721    4542   443980    97.7 | 44.282 % |
|      7492 |  268754   840120 |  252694    7091   749442   105.7 | 44.282 % |
|     11337 |  265988   836103 |  277963   10818  1212547   112.1 | 44.704 % |
|     17104 |  264704   834261 |  305759   16454  1913321   116.3 | 44.956 % |
|     25753 |  263935   832965 |  336335   24852  2710449   109.1 | 45.552 % |
==============================================================================
restarts              : 13
conflicts             : 31757          (4982 /sec)
decisions             : 125772         (19729 /sec)
propagations          : 46759681       (7334964 /sec)
conflict literals     : 3148710        (48.80 % deleted)
Memory used           : 33.04 MB
CPU time              : 6.3749 s

UNSATISFIABLE
