Reading from standard input... Use '-h' or '--help' for help.
==================================[MINISAT]===================================
| Conflicts |     ORIGINAL     |              LEARNT              | Progress |
|           | Clauses Literals |   Limit Clauses Literals  Lit/Cl |          |
==============================================================================
|         0 |  327658   917304 |  109219       0        0     nan |  0.000 % |
|       100 |  327670   917304 |  120140      88     1480    16.8 | 28.826 % |
|       250 |  327682   917304 |  132154     226    18130    80.2 | 28.826 % |
|       475 |  327704   917304 |  145370     428    54077   126.3 | 43.008 % |
|       814 |  274581   848258 |  159907     732   101241   138.3 | 43.014 % |
|      1321 |  274598   848258 |  175898    1220   176282   144.5 | 43.027 % |
|      2081 |  274528   848036 |  193488    1887   220966   117.1 | 43.041 % |
|      3222 |  272005   844936 |  212836    2942   312784   106.3 | 43.563 % |
|      4933 |  271243   843956 |  234120    4622   469280   101.5 | 43.756 % |
|      7495 |  269711   841840 |  257532    7082   667493    94.3 | 43.924 % |
|     11339 |  268528   840200 |  283285   10781   999359    92.7 | 44.209 % |
|     17105 |  266749   837893 |  311614   16399  1832784   111.8 | 44.577 % |
|     25756 |  263782   833595 |  342776   24650  3034350   123.1 | 45.077 % |
|     38732 |  258711   826005 |  377053   28353  3493859   123.2 | 46.071 % |
==============================================================================
restarts              : 14
conflicts             : 48782          (4141 /sec)
decisions             : 181505         (15408 /sec)
propagations          : 85706300       (7275822 /sec)
conflict literals     : 5132060        (45.18 % deleted)
Memory used           : 37.96 MB
CPU time              : 11.7796 s

UNSATISFIABLE
