Reading from standard input... Use '-h' or '--help' for help.
==================================[MINISAT]===================================
| Conflicts |     ORIGINAL     |              LEARNT              | Progress |
|           | Clauses Literals |   Limit Clauses Literals  Lit/Cl |          |
==============================================================================
|         0 |  322159   910027 |  107386       0        0     nan |  0.000 % |
|       101 |  322170   910027 |  118124      90      841     9.3 | 29.871 % |
|       251 |  322184   910027 |  129937     225     6398    28.4 | 45.807 % |
|       476 |  322193   910027 |  142930     439    19367    44.1 | 45.810 % |
|       813 |  265736   838257 |  157223     744    31263    42.0 | 45.844 % |
|      1319 |  265766   838257 |  172946    1219    63020    51.7 | 45.847 % |
|      2080 |  264890   836982 |  190240    1867    96385    51.6 | 45.972 % |
|      3221 |  264631   836667 |  209264    2994   158610    53.0 | 45.985 % |
|      4929 |  264159   836049 |  230191    4682   249668    53.3 | 46.090 % |
|      7493 |  264025   835805 |  253210    7209   624507    86.6 | 46.194 % |
|     11340 |  261264   832093 |  278531   10904   932427    85.5 | 46.696 % |
|     17106 |  259535   829633 |  306384   16521  1465916    88.7 | 46.946 % |
|     25756 |  256428   824419 |  337023   20192  1908240    94.5 | 47.536 % |
==============================================================================
restarts              : 13
conflicts             : 33946          (4555 /sec)
decisions             : 119127         (15986 /sec)
propagations          : 65925665       (8846996 /sec)
conflict literals     : 2797359        (49.84 % deleted)
Memory used           : 30.71 MB
CPU time              : 7.45176 s

UNSATISFIABLE
