Reading from standard input... Use '-h' or '--help' for help.
==================================[MINISAT]===================================
| Conflicts |     ORIGINAL     |              LEARNT              | Progress |
|           | Clauses Literals |   Limit Clauses Literals  Lit/Cl |          |
==============================================================================
|         0 |  322615   909884 |  107538       0        0     nan |  0.000 % |
|       100 |  322631   909884 |  118291      84      877    10.4 | 29.831 % |
|       254 |  322645   909884 |  130120     224    10210    45.6 | 29.831 % |
|       479 |  322652   909884 |  143133     440    18869    42.9 | 42.322 % |
|       816 |  322677   909884 |  157446     752    34583    46.0 | 42.322 % |
|      1329 |  275663   848889 |  173191    1257    60881    48.4 | 42.322 % |
|      2088 |  275672   848889 |  190510    2007   120025    59.8 | 42.322 % |
|      3227 |  275633   848820 |  209561    3123   265888    85.1 | 42.330 % |
|      4938 |  275605   848669 |  230517    4766   417068    87.5 | 42.363 % |
|      7500 |  274270   846646 |  253568    7260   632117    87.1 | 42.622 % |
|     11345 |  273512   845299 |  278925   10933   925283    84.6 | 42.708 % |
|     17112 |  273444   845119 |  306818   15524  1524067    98.2 | 42.763 % |
|     25762 |  272877   844225 |  337500   24058  2409837   100.2 | 42.844 % |
|     38736 |  272858   844090 |  371250   36910  3954860   107.1 | 42.866 % |
|     58197 |  272408   843259 |  408375   56175  5944598   105.8 | 42.956 % |
==============================================================================
restarts              : 15
conflicts             : 73628          (4025 /sec)
decisions             : 230920         (12625 /sec)
propagations          : 152437620      (8334160 /sec)
conflict literals     : 7429231        (55.38 % deleted)
Memory used           : 50.97 MB
CPU time              : 18.2907 s

UNSATISFIABLE
