Reading from standard input... Use '-h' or '--help' for help.
==================================[MINISAT]===================================
| Conflicts |     ORIGINAL     |              LEARNT              | Progress |
|           | Clauses Literals |   Limit Clauses Literals  Lit/Cl |          |
==============================================================================
|         0 |  214626   593688 |   71542       0        0     nan |  0.000 % |
|       100 |  214635   593688 |   78696      91     1307    14.4 | 28.735 % |
|       250 |  214650   593688 |   86565     222    12573    56.6 | 42.013 % |
|       476 |  214659   593688 |   95222     436    19243    44.1 | 42.087 % |
|       813 |  182384   551777 |  104744     716    46819    65.4 | 42.090 % |
|      1321 |  182323   551672 |  115219    1163    80448    69.2 | 42.099 % |
|      2080 |  182286   551573 |  126741    1885   154111    81.8 | 42.183 % |
|      3222 |  181813   550926 |  139415    2973   232503    78.2 | 42.487 % |
|      4930 |  180988   549821 |  153356    4622   306061    66.2 | 42.534 % |
|      7493 |  180439   549077 |  168692    7091   456389    64.4 | 42.683 % |
|     11339 |  179575   547916 |  185561   10841   743589    68.6 | 42.974 % |
|     17105 |  178076   545466 |  204117   16262  1124824    69.2 | 43.676 % |
|     25759 |  176745   543084 |  224529   19664  1546383    78.6 | 43.758 % |
==============================================================================
restarts              : 13
conflicts             : 33081          (5381 /sec)
decisions             : 111956         (18211 /sec)
propagations          : 52462402       (8533515 /sec)
conflict literals     : 2350832        (44.33 % deleted)
Memory used           : 22.85 MB
CPU time              : 6.14781 s

UNSATISFIABLE
