Reading from standard input... Use '-h' or '--help' for help.
==================================[MINISAT]===================================
| Conflicts |     ORIGINAL     |              LEARNT              | Progress |
|           | Clauses Literals |   Limit Clauses Literals  Lit/Cl |          |
==============================================================================
|         0 |  214547   593500 |   71515       0        0     nan |  0.000 % |
|       101 |  214552   593500 |   78666      95     1899    20.0 | 28.815 % |
|       252 |  214557   593500 |   86533     241    43120   178.9 | 28.815 % |
|       480 |  214574   593500 |   95186     449    52590   117.1 | 40.549 % |
|       817 |  185707   555173 |  104705     778    91384   117.5 | 40.549 % |
|      1329 |  185516   555080 |  115175    1257   128596   102.3 | 40.586 % |
|      2089 |  185474   555005 |  126693    2003   159359    79.6 | 40.600 % |
|      3229 |  185013   554477 |  139362    3102   279659    90.2 | 40.691 % |
|      4937 |  184558   553826 |  153298    4760   351019    73.7 | 40.839 % |
|      7501 |  183406   552101 |  168628    7230   470846    65.1 | 41.166 % |
|     11345 |  181705   549837 |  185491   10745   801986    74.6 | 41.597 % |
|     17111 |  178791   544240 |  204040   12904  1059791    82.1 | 42.502 % |
==============================================================================
restarts              : 12
conflicts             : 23025          (7046 /sec)
decisions             : 80587          (24660 /sec)
propagations          : 32321930       (9890483 /sec)
conflict literals     : 1673786        (41.53 % deleted)
Memory used           : 19.69 MB
CPU time              : 3.26798 s

UNSATISFIABLE
