Reading from standard input... Use '-h' or '--help' for help.
==================================[MINISAT]===================================
| Conflicts |     ORIGINAL     |              LEARNT              | Progress |
|           | Clauses Literals |   Limit Clauses Literals  Lit/Cl |          |
==============================================================================
|         0 |  217838   598553 |   72612       0        0     nan |  0.000 % |
|       100 |  217844   598553 |   79873      94     1727    18.4 | 27.826 % |
|       250 |  217854   598553 |   87860     229    11307    49.4 | 43.512 % |
|       476 |  217861   598553 |   96646     448    32181    71.8 | 43.512 % |
|       814 |  180732   551524 |  106311     759    55439    73.0 | 43.512 % |
|      1320 |  180667   551380 |  116942    1226    79654    65.0 | 43.532 % |
|      2079 |  179868   550246 |  128636    1919   110678    57.7 | 43.727 % |
|      3218 |  178359   547996 |  141500    2967   182849    61.6 | 44.125 % |
|      4926 |  177311   546828 |  155650    4583   252504    55.1 | 44.384 % |
|      7488 |  174483   542497 |  171215    5713   404892    70.9 | 45.250 % |
|     11334 |  173093   540259 |  188336    9369   768384    82.0 | 45.588 % |
|     17100 |  171804   538435 |  207170   14960  1262091    84.4 | 45.978 % |
==============================================================================
restarts              : 12
conflicts             : 23741          (6729 /sec)
decisions             : 93480          (26497 /sec)
propagations          : 38752260       (10984453 /sec)
conflict literals     : 1735805        (41.74 % deleted)
Memory used           : 20.57 MB
CPU time              : 3.52792 s

UNSATISFIABLE
