Reading from standard input... Use '-h' or '--help' for help.
==================================[MINISAT]===================================
| Conflicts |     ORIGINAL     |              LEARNT              | Progress |
|           | Clauses Literals |   Limit Clauses Literals  Lit/Cl |          |
==============================================================================
|         0 |  328130   917900 |  109376       0        0     nan |  0.000 % |
|       101 |  328146   917900 |  120313      85     1294    15.2 | 28.707 % |
|       251 |  328154   917900 |  132344     227     7183    31.6 | 28.707 % |
|       476 |  328158   917900 |  145579     448    25097    56.0 | 28.707 % |
|       813 |  328168   917900 |  160137     775    55307    71.4 | 28.707 % |
|      1321 |  328173   917900 |  176151    1278    76335    59.7 | 28.707 % |
|      2083 |  328155   917894 |  193766    1999   149496    74.8 | 43.341 % |
|      3222 |  271419   843800 |  213142    3073   254161    82.7 | 43.918 % |
|      4930 |  269775   841630 |  234457    4201   421968   100.4 | 43.990 % |
|      7492 |  269049   840670 |  257902    6617   796697   120.4 | 44.087 % |
|     11337 |  264826   835168 |  283693   10122  1119600   110.6 | 44.915 % |
|     17104 |  257337   823648 |  312062   14788  1569664   106.1 | 46.336 % |
|     25753 |  255031   819649 |  343268   21445  1976878    92.2 | 46.733 % |
==============================================================================
restarts              : 13
conflicts             : 28240          (5654 /sec)
decisions             : 115321         (23088 /sec)
propagations          : 41796291       (8367824 /sec)
conflict literals     : 2298335        (38.45 % deleted)
Memory used           : 28.81 MB
CPU time              : 4.99488 s

UNSATISFIABLE
