Reading from standard input... Use '-h' or '--help' for help.
==================================[MINISAT]===================================
| Conflicts |     ORIGINAL     |              LEARNT              | Progress |
|           | Clauses Literals |   Limit Clauses Literals  Lit/Cl |          |
==============================================================================
|         0 |  330306   918418 |  110102       0        0     nan |  0.000 % |
|       100 |  330320   918418 |  121112      86      891    10.4 | 28.467 % |
|       251 |  330331   918418 |  133223     221     8180    37.0 | 34.484 % |
|       478 |  330334   918418 |  146545     444    32759    73.8 | 34.492 % |
|       817 |  302390   877871 |  161200     719    48010    66.8 | 34.500 % |
|      1326 |  302399   877871 |  177320    1219   150273   123.3 | 34.500 % |
|      2086 |  302274   877523 |  195052    1883   233013   123.7 | 34.528 % |
|      3226 |  302290   877523 |  214557    3006   552674   183.9 | 34.529 % |
|      4935 |  302272   877517 |  236013    4678   741982   158.6 | 34.529 % |
|      7498 |  302242   877430 |  259614    7208  1027791   142.6 | 34.649 % |
|     11343 |  300041   874574 |  285576   10897  1432173   131.4 | 34.930 % |
|     17109 |  299860   874232 |  314133   16603  1977729   119.1 | 34.942 % |
|     25758 |  299847   874055 |  345547   25117  3351111   133.4 | 34.958 % |
|     38734 |  299975   873971 |  380101   37887  5493383   145.0 | 34.971 % |
|     58195 |  299668   873035 |  418112   52315  7956333   152.1 | 35.113 % |
==============================================================================
restarts              : 15
conflicts             : 84579          (3352 /sec)
decisions             : 306530         (12147 /sec)
propagations          : 133799786      (5302170 /sec)
conflict literals     : 11231154       (52.43 % deleted)
Memory used           : 61.54 MB
CPU time              : 25.2349 s

UNSATISFIABLE
