Reading from standard input... Use '-h' or '--help' for help.
==================================[MINISAT]===================================
| Conflicts |     ORIGINAL     |              LEARNT              | Progress |
|           | Clauses Literals |   Limit Clauses Literals  Lit/Cl |          |
==============================================================================
|         0 |  324846   913872 |  108282       0        0     nan |  0.000 % |
|       100 |  324862   913872 |  119110      84    19764   235.3 | 29.340 % |
|       250 |  324872   913872 |  131021     221    46285   209.4 | 45.401 % |
|       475 |  324885   913872 |  144123     431    59653   138.4 | 45.465 % |
|       813 |  266290   839238 |  158535     741    93720   126.5 | 45.476 % |
|      1322 |  265028   837255 |  174389    1215   137540   113.2 | 45.694 % |
|      2081 |  264775   836829 |  191828    1781   162662    91.3 | 45.764 % |
|      3220 |  263671   835137 |  211010    2625   237094    90.3 | 45.877 % |
|      4929 |  259917   830065 |  232112    4190   360766    86.1 | 46.645 % |
|      7491 |  258366   828006 |  255323    6600   505467    76.6 | 47.118 % |
|     11338 |  256717   825706 |  280855   10306   755958    73.4 | 47.333 % |
|     17108 |  255493   823648 |  308941   15936  1120210    70.3 | 47.505 % |
==============================================================================
restarts              : 12
conflicts             : 21440          (6525 /sec)
decisions             : 89071          (27108 /sec)
propagations          : 36707737       (11171533 /sec)
conflict literals     : 1375420        (43.32 % deleted)
Memory used           : 25.46 MB
CPU time              : 3.28583 s

UNSATISFIABLE
