Reading from standard input... Use '-h' or '--help' for help.
==================================[MINISAT]===================================
| Conflicts |     ORIGINAL     |              LEARNT              | Progress |
|           | Clauses Literals |   Limit Clauses Literals  Lit/Cl |          |
==============================================================================
|         0 |  324855   913094 |  108285       0        0     nan |  0.000 % |
|       103 |  324865   913094 |  119113      93     1152    12.4 | 29.409 % |
|       254 |  324873   913094 |  131024     236     4698    19.9 | 29.409 % |
|       480 |  324905   913094 |  144127     430    56773   132.0 | 29.409 % |
|       817 |  277468   850596 |  158540     729    67726    92.9 | 41.868 % |
|      1323 |  277154   850122 |  174394    1181    92432    78.3 | 41.886 % |
|      2082 |  277184   850122 |  191833    1910   164367    86.1 | 41.886 % |
|      3221 |  276644   849002 |  211016    2869   290694   101.3 | 41.977 % |
|      4931 |  276033   847991 |  232118    4526   479413   105.9 | 42.123 % |
|      7494 |  275745   847618 |  255330    7026   724276   103.1 | 42.309 % |
|     11338 |  274506   845762 |  280863   10800  1340266   124.1 | 42.417 % |
|     17105 |  274274   845336 |  308949   16476  1955637   118.7 | 42.417 % |
|     25754 |  274023   845207 |  339844   24985  3127100   125.2 | 42.662 % |
|     38729 |  270266   840003 |  373829   36892  4560304   123.6 | 43.171 % |
|     58196 |  269134   838131 |  411212   56058  6670617   119.0 | 43.318 % |
==============================================================================
restarts              : 15
conflicts             : 79937          (3609 /sec)
decisions             : 248175         (11206 /sec)
propagations          : 179317637      (8096850 /sec)
conflict literals     : 8680433        (50.36 % deleted)
Memory used           : 56.73 MB
CPU time              : 22.1466 s

UNSATISFIABLE
