Reading from standard input... Use '-h' or '--help' for help.
==================================[MINISAT]===================================
| Conflicts |     ORIGINAL     |              LEARNT              | Progress |
|           | Clauses Literals |   Limit Clauses Literals  Lit/Cl |          |
==============================================================================
|         0 |  324525   913784 |  108175       0        0     nan |  0.000 % |
|       100 |  324539   913784 |  118992      85     6819    80.2 | 29.399 % |
|       250 |  324556   913784 |  130891     215    16772    78.0 | 47.096 % |
|       475 |  324559   913784 |  143980     436    41887    96.1 | 47.162 % |
|       812 |  324576   913784 |  158379     756    92340   122.1 | 47.162 % |
|      1318 |  262423   835279 |  174216    1240   158784   128.1 | 47.168 % |
|      2078 |  262402   835225 |  191638    1982   261688   132.0 | 47.168 % |
|      3217 |  262382   835141 |  210802    3073   377671   122.9 | 47.257 % |
|      4925 |  259217   830682 |  231882    4717   565036   119.8 | 47.794 % |
|      7488 |  252745   821298 |  255070    5403   570974   105.7 | 49.081 % |
|     11332 |  251431   819348 |  280578    9204   970684   105.5 | 49.362 % |
|     17101 |  248210   814389 |  308635   14836  1434708    96.7 | 49.837 % |
==============================================================================
restarts              : 12
conflicts             : 18641          (5323 /sec)
decisions             : 58255          (16636 /sec)
propagations          : 33828313       (9660325 /sec)
conflict literals     : 1718615        (42.70 % deleted)
Memory used           : 26.10 MB
CPU time              : 3.50178 s

UNSATISFIABLE
