Reading from standard input... Use '-h' or '--help' for help.
==================================[MINISAT]===================================
| Conflicts |     ORIGINAL     |              LEARNT              | Progress |
|           | Clauses Literals |   Limit Clauses Literals  Lit/Cl |          |
==============================================================================
|         0 |  333798   923329 |  111266       0        0     nan |  0.000 % |
|       100 |  333813   923329 |  122392      85     1199    14.1 | 27.771 % |
|       250 |  333829   923329 |  134631     215     7985    37.1 | 34.828 % |
|       475 |  333832   923329 |  148095     436    12865    29.5 | 34.869 % |
|       812 |  302260   878639 |  162904     733    33323    45.5 | 34.869 % |
|      1323 |  302267   878639 |  179195    1237    65874    53.3 | 34.869 % |
|      2083 |  302273   878639 |  197114    1991   134179    67.4 | 34.869 % |
|      3222 |  302282   878639 |  216825    3117   338266   108.5 | 34.870 % |
|      4930 |  301959   878222 |  238508    4775   477700   100.0 | 34.917 % |
|      7495 |  301860   878042 |  262359    7241   873889   120.7 | 34.937 % |
|     11340 |  301935   877829 |  288595   10756  1209034   112.4 | 34.958 % |
|     17106 |  301684   877385 |  317454   16371  1936340   118.3 | 35.006 % |
|     25756 |  300942   876392 |  349200   24875  2804971   112.8 | 35.162 % |
|     38730 |  300633   875846 |  384120   37779  4940580   130.8 | 35.228 % |
|     58192 |  299443   873704 |  422532   55737  8120467   145.7 | 35.477 % |
|     87385 |  297441   871232 |  464785   84745 13897589   164.0 | 35.858 % |

*** INTERRUPTED ***
restarts              : 16
conflicts             : 96508          (3266 /sec)
decisions             : 341316         (11552 /sec)
propagations          : 224076897      (7583690 /sec)
conflict literals     : 15827211       (46.62 % deleted)
Memory used           : 85.76 MB
CPU time              : 29.5472 s

*** INTERRUPTED ***
