Reading from standard input... Use '-h' or '--help' for help.
==================================[MINISAT]===================================
| Conflicts |     ORIGINAL     |              LEARNT              | Progress |
|           | Clauses Literals |   Limit Clauses Literals  Lit/Cl |          |
==============================================================================
|         0 |  321757   908551 |  107252       0        0     nan |  0.000 % |
|       102 |  321768   908551 |  117977      91     1508    16.6 | 29.949 % |
|       252 |  321781   908551 |  129774     228     5961    26.1 | 29.949 % |
|       479 |  321801   908551 |  142752     433    23927    55.3 | 44.085 % |
|       816 |  269493   841276 |  157027     748    43870    58.6 | 44.085 % |
|      1322 |  269171   840707 |  172730    1149    82405    71.7 | 44.185 % |
|      2081 |  267480   838535 |  190003    1846   180159    97.6 | 44.547 % |
|      3223 |  266839   837542 |  209003    2936   268930    91.6 | 44.642 % |
|      4932 |  266857   837542 |  229904    4627   559183   120.9 | 44.642 % |
|      7497 |  263920   833643 |  252894    6954   750149   107.9 | 45.222 % |
|     11342 |  262138   830898 |  278184   10641  1012788    95.2 | 45.508 % |
|     17108 |  262040   830613 |  306002   16271  1500285    92.2 | 45.518 % |
|     25757 |  261337   829314 |  336602   24754  2198550    88.8 | 45.677 % |
==============================================================================
restarts              : 13
conflicts             : 33811          (4817 /sec)
decisions             : 110961         (15807 /sec)
propagations          : 54557206       (7772021 /sec)
conflict literals     : 2854659        (48.87 % deleted)
Memory used           : 32.05 MB
CPU time              : 7.01969 s

UNSATISFIABLE
