Reading from standard input... Use '-h' or '--help' for help.
==================================[MINISAT]===================================
| Conflicts |     ORIGINAL     |              LEARNT              | Progress |
|           | Clauses Literals |   Limit Clauses Literals  Lit/Cl |          |
==============================================================================
|         0 |  210885   588787 |   70295       0        0     nan |  0.000 % |
|       100 |  210890   588787 |   77324      95     1418    14.9 | 29.863 % |
|       251 |  210918   588787 |   85056     214     6178    28.9 | 47.497 % |
|       479 |  171886   540058 |   93562     406    20167    49.7 | 47.619 % |
|       817 |  171904   540058 |  102918     719    30641    42.6 | 47.832 % |
|      1323 |  170591   537859 |  113210    1118    59073    52.8 | 48.001 % |
|      2082 |  169891   537217 |  124531    1831   131384    71.8 | 48.067 % |
|      3222 |  168888   535711 |  136985    2936   231483    78.8 | 48.321 % |
|      4933 |  167207   533182 |  150683    4589   325677    71.0 | 48.795 % |
|      7499 |  165836   531148 |  165751    6872   466589    67.9 | 49.007 % |
==============================================================================
restarts              : 10
conflicts             : 10418          (7685 /sec)
decisions             : 45726          (33732 /sec)
propagations          : 15467575       (11410553 /sec)
conflict literals     : 613841         (36.94 % deleted)
Memory used           : 16.25 MB
CPU time              : 1.35555 s

UNSATISFIABLE
