Reading from standard input... Use '-h' or '--help' for help.
==================================[MINISAT]===================================
| Conflicts |     ORIGINAL     |              LEARNT              | Progress |
|           | Clauses Literals |   Limit Clauses Literals  Lit/Cl |          |
==============================================================================
|         0 |  322887   910253 |  107629       0        0     nan |  0.000 % |
|       100 |  322901   910253 |  118391      86      858    10.0 | 29.778 % |
|       250 |  322907   910253 |  130231     230     4262    18.5 | 29.778 % |
|       475 |  275668   848410 |  143254     439     9556    21.8 | 42.188 % |
|       812 |  275681   848410 |  157579     759    29303    38.6 | 42.213 % |
|      1319 |  275329   847930 |  173337    1198    57211    47.8 | 42.213 % |
|      2078 |  275353   847930 |  190671    1931   116693    60.4 | 42.235 % |
|      3219 |  275197   847645 |  209738    3013   189076    62.8 | 42.309 % |
|      4927 |  274542   846637 |  230712    4596   305748    66.5 | 42.379 % |
|      7494 |  273883   845576 |  253783    7057   516835    73.2 | 42.506 % |
|     11339 |  271581   842593 |  279161   10602   863298    81.4 | 42.909 % |
|     17107 |  270557   841147 |  307078   16258  1540080    94.7 | 43.071 % |
|     25758 |  269263   838975 |  337785   24311  2399129    98.7 | 43.362 % |
|     38733 |  268259   837364 |  371564   37023  3562325    96.2 | 43.631 % |
==============================================================================
restarts              : 14
conflicts             : 50763          (4145 /sec)
decisions             : 173999         (14206 /sec)
propagations          : 100789061      (8228976 /sec)
conflict literals     : 4568387        (51.20 % deleted)
Memory used           : 37.89 MB
CPU time              : 12.2481 s

UNSATISFIABLE
