Reading from standard input... Use '-h' or '--help' for help.
==================================[MINISAT]===================================
| Conflicts |     ORIGINAL     |              LEARNT              | Progress |
|           | Clauses Literals |   Limit Clauses Literals  Lit/Cl |          |
==============================================================================
|         0 |  322890   909529 |  107630       0        0     nan |  0.000 % |
|       100 |  322905   909529 |  118393      85      792     9.3 | 29.829 % |
|       251 |  322919   909529 |  130232     218     3375    15.5 | 39.390 % |
|       477 |  322940   909529 |  143255     423    14537    34.4 | 39.390 % |
|       814 |  322961   909529 |  157581     739    43568    59.0 | 39.390 % |
|      1325 |  284171   857116 |  173339    1204    78749    65.4 | 39.439 % |
|      2084 |  283901   856450 |  190673    1869   128581    68.8 | 39.463 % |
|      3224 |  283641   856039 |  209740    2975   223054    75.0 | 39.483 % |
|      4932 |  283599   855916 |  230714    4631   401224    86.6 | 39.631 % |
|      7494 |  282580   854364 |  253785    7028   742127   105.6 | 39.727 % |
|     11338 |  277001   846938 |  279164   10005  1058849   105.8 | 40.679 % |
|     17104 |  275319   844277 |  307080   15458  1637146   105.9 | 40.952 % |
|     25753 |  273416   841280 |  337789   20693  2268596   109.6 | 41.326 % |
==============================================================================
restarts              : 13
conflicts             : 35793          (5363 /sec)
decisions             : 157847         (23651 /sec)
propagations          : 55206539       (8271815 /sec)
conflict literals     : 3333132        (44.11 % deleted)
Memory used           : 33.23 MB
CPU time              : 6.67405 s

UNSATISFIABLE
