Reading from standard input... Use '-h' or '--help' for help.
==================================[MINISAT]===================================
| Conflicts |     ORIGINAL     |              LEARNT              | Progress |
|           | Clauses Literals |   Limit Clauses Literals  Lit/Cl |          |
==============================================================================
|         0 |  321233   907486 |  107077       0        0     nan |  0.000 % |
|       100 |  321243   907486 |  117784      90      923    10.3 | 30.111 % |
|       250 |  321265   907486 |  129563     212     4980    23.5 | 41.083 % |
|       476 |  321303   907486 |  142519     395    15442    39.1 | 41.151 % |
|       813 |  321308   907486 |  156771     727   118109   162.5 | 41.151 % |
|      1325 |  278099   849699 |  172448    1198   180854   151.0 | 41.153 % |
|      2086 |  278106   849666 |  189693    1928   324148   168.1 | 41.198 % |
|      3227 |  277861   849306 |  208662    3034   448606   147.9 | 41.314 % |
|      4935 |  276715   847473 |  229529    4340   564768   130.1 | 41.418 % |
|      7499 |  275344   846216 |  252481    6788   776476   114.4 | 41.666 % |
|     11343 |  273347   843162 |  277730   10436  1084029   103.9 | 41.980 % |
|     17110 |  272295   841533 |  305503   16009  1635796   102.2 | 42.152 % |
|     25759 |  270866   838938 |  336053   19728  2083347   105.6 | 42.494 % |
|     38734 |  269705   837168 |  369658   32416  3220894    99.4 | 42.693 % |
==============================================================================
restarts              : 14
conflicts             : 40093          (4631 /sec)
decisions             : 159715         (18447 /sec)
propagations          : 67594124       (7807247 /sec)
conflict literals     : 3837934        (45.99 % deleted)
Memory used           : 34.12 MB
CPU time              : 8.65787 s

UNSATISFIABLE
