Reading from standard input... Use '-h' or '--help' for help.
==================================[MINISAT]===================================
| Conflicts |     ORIGINAL     |              LEARNT              | Progress |
|           | Clauses Literals |   Limit Clauses Literals  Lit/Cl |          |
==============================================================================
|         0 |  211210   589785 |   70403       0        0     nan |  0.000 % |
|       101 |  211214   589785 |   77443      97     1094    11.3 | 29.754 % |
|       253 |  211218   589785 |   85187     243     9620    39.6 | 52.484 % |
|       479 |  211229   589785 |   93706     458    19888    43.4 | 52.484 % |
|       817 |  157372   524729 |  103077     786    36717    46.7 | 52.484 % |
|      1323 |  157383   524729 |  113384    1281    50956    39.8 | 52.484 % |
|      2084 |  157379   524726 |  124723    2028    75368    37.2 | 52.484 % |
|      3223 |  157384   524726 |  137195    3162   113127    35.8 | 52.484 % |
|      4932 |  155929   523198 |  150915    2619    82242    31.4 | 53.217 % |
==============================================================================
restarts              : 9
conflicts             : 4951           (9134 /sec)
decisions             : 14874          (27440 /sec)
propagations          : 7057165        (13019134 /sec)
conflict literals     : 169899         (34.65 % deleted)
Memory used           : 14.97 MB
CPU time              : 0.542061 s

UNSATISFIABLE
