Reading from standard input... Use '-h' or '--help' for help.
==================================[MINISAT]===================================
| Conflicts |     ORIGINAL     |              LEARNT              | Progress |
|           | Clauses Literals |   Limit Clauses Literals  Lit/Cl |          |
==============================================================================
|         0 |  327630   917254 |  109210       0        0     nan |  0.000 % |
|       100 |  327644   917254 |  120131      86     1297    15.1 | 28.795 % |
|       251 |  327655   917254 |  132144     226    13624    60.3 | 28.795 % |
|       480 |  327657   917254 |  145358     453    43392    95.8 | 28.795 % |
|       817 |  274783   848798 |  159894     757    81427   107.6 | 43.160 % |
|      1323 |  274814   848798 |  175883    1232   108245    87.9 | 43.160 % |
|      2082 |  273147   846288 |  193472    1797   191187   106.4 | 43.286 % |
|      3221 |  271047   843937 |  212819    2895   238009    82.2 | 43.724 % |
|      4929 |  270992   843823 |  234101    4581   637918   139.3 | 43.787 % |
|      7491 |  270817   843541 |  257511    7088  1356497   191.4 | 43.825 % |
|     11337 |  270607   843166 |  283262   10814  1925433   178.1 | 43.825 % |
|     17103 |  267044   838189 |  311588   16422  2553383   155.5 | 44.910 % |
|     25752 |  263733   833225 |  342747   24109  3338078   138.5 | 45.152 % |
|     38726 |  260545   827555 |  377022   30860  3991902   129.4 | 45.771 % |
==============================================================================
restarts              : 14
conflicts             : 43181          (4620 /sec)
decisions             : 148613         (15899 /sec)
propagations          : 79697853       (8526548 /sec)
conflict literals     : 5176826        (43.45 % deleted)
Memory used           : 38.30 MB
CPU time              : 9.34703 s

UNSATISFIABLE
