Reading from standard input... Use '-h' or '--help' for help.
==================================[MINISAT]===================================
| Conflicts |     ORIGINAL     |              LEARNT              | Progress |
|           | Clauses Literals |   Limit Clauses Literals  Lit/Cl |          |
==============================================================================
|         0 |  324593   912642 |  108197       0        0     nan |  0.000 % |
|       100 |  324606   912642 |  119016      87      941    10.8 | 29.453 % |
|       250 |  324611   912642 |  130918     232    20650    89.0 | 29.453 % |
|       476 |  324628   912642 |  144010     440    31491    71.6 | 41.829 % |
|       813 |  277796   851396 |  158411     764    60199    78.8 | 41.846 % |
|      1320 |  277581   851348 |  174252    1251   127783   102.1 | 41.856 % |
|      2079 |  277588   851348 |  191677    2003   336557   168.0 | 41.856 % |
|      3218 |  277164   850772 |  210845    3096   679029   219.3 | 41.919 % |
|      4926 |  277078   850616 |  231929    4764   991382   208.1 | 41.939 % |
|      7492 |  276143   849152 |  255122    7258  1249932   172.2 | 42.130 % |
|     11337 |  274205   846524 |  280635   11006  1620991   147.3 | 42.453 % |
|     17105 |  273054   844636 |  308698   16654  2217130   133.1 | 42.646 % |
|     25757 |  272117   843147 |  339568   25127  3073593   122.3 | 43.002 % |
|     38733 |  270945   841692 |  373525   37857  4657451   123.0 | 43.009 % |
|     58197 |  270502   840855 |  410877   57104  6934021   121.4 | 43.105 % |
|     87390 |  270345   840423 |  451965   86073  9713696   112.9 | 43.118 % |
==============================================================================
restarts              : 16
conflicts             : 99497          (3448 /sec)
decisions             : 286837         (9941 /sec)
propagations          : 212321308      (7358184 /sec)
conflict literals     : 10730477       (53.14 % deleted)
Memory used           : 66.08 MB
CPU time              : 28.8551 s

UNSATISFIABLE
