Reading from standard input... Use '-h' or '--help' for help.
==================================[MINISAT]===================================
| Conflicts |     ORIGINAL     |              LEARNT              | Progress |
|           | Clauses Literals |   Limit Clauses Literals  Lit/Cl |          |
==============================================================================
|         0 | 3915792  9825575 | 1305264       0        0     nan |  0.000 % |
|       100 | 3915804  9825575 | 1435790      73    11960   163.8 | 17.539 % |
|       263 | 3915827  9825575 | 1579369     213    23809   111.8 | 17.539 % |
|       489 | 3915861  9825575 | 1737306     404    35742    88.5 | 17.539 % |
|       830 | 3915868  9825575 | 1911037     738    52404    71.0 | 17.539 % |
|      1336 | 3915900  9825575 | 2102140    1211    85787    70.8 | 17.540 % |
==============================================================================
restarts              : 6
conflicts             : 1875           (1688 /sec)
decisions             : 23285          (20965 /sec)
propagations          : 7132570        (6421799 /sec)
conflict literals     : 104648         (41.36 % deleted)
Memory used           : 194.68 MB
CPU time              : 1.11068 s

UNSATISFIABLE
