Reading from standard input... Use '-h' or '--help' for help.
==================================[MINISAT]===================================
| Conflicts |     ORIGINAL     |              LEARNT              | Progress |
|           | Clauses Literals |   Limit Clauses Literals  Lit/Cl |          |
==============================================================================
|         0 |  319897   907266 |  106632       0        0     nan |  0.000 % |
|       100 |  319907   907266 |  117295      90     2290    25.4 | 30.247 % |
|       250 |  319911   907266 |  129024     236    19043    80.7 | 30.247 % |
|       475 |  319926   907266 |  141927     446    37018    83.0 | 30.247 % |
|       815 |  259452   831574 |  156119     765    70246    91.8 | 48.096 % |
|      1321 |  259477   831574 |  171731    1246    96086    77.1 | 48.096 % |
|      2082 |  259289   831205 |  188905    1975   178887    90.6 | 48.269 % |
|      3221 |  257636   828694 |  207795    2910   317406   109.1 | 48.380 % |
|      4930 |  256037   826504 |  228575    4576   509304   111.3 | 48.792 % |
|      7493 |  252432   821587 |  251432    6812   719704   105.7 | 49.366 % |
|     11337 |  247437   814087 |  276575   10508   947146    90.1 | 50.131 % |
==============================================================================
restarts              : 11
conflicts             : 15313          (5036 /sec)
decisions             : 59406          (19536 /sec)
propagations          : 28591447       (9402394 /sec)
conflict literals     : 1167505        (38.62 % deleted)
Memory used           : 24.59 MB
CPU time              : 3.04087 s

UNSATISFIABLE
