Reading from standard input... Use '-h' or '--help' for help.
==================================[MINISAT]===================================
| Conflicts |     ORIGINAL     |              LEARNT              | Progress |
|           | Clauses Literals |   Limit Clauses Literals  Lit/Cl |          |
==============================================================================
|         0 |  326910   916832 |  108970       0        0     nan |  0.000 % |
|       100 |  326924   916832 |  119867      86     1462    17.0 | 28.942 % |
|       253 |  326936   916832 |  131853     227    17766    78.3 | 28.942 % |
|       478 |  269886   844175 |  145039     395    41499   105.1 | 44.838 % |
|       824 |  269894   844175 |  159542     729    79100   108.5 | 44.883 % |
|      1330 |  269192   843155 |  175497    1193   127610   107.0 | 44.887 % |
|      2089 |  268871   842609 |  193047    1920   167933    87.5 | 44.956 % |
|      3228 |  268438   841919 |  212351    2985   257022    86.1 | 45.015 % |
|      4936 |  267855   840965 |  233586    4630   429677    92.8 | 45.626 % |
|      7498 |  265103   837542 |  256945    7100   632725    89.1 | 45.691 % |
|     11345 |  264029   836013 |  282640   10872   969034    89.1 | 45.922 % |
|     17112 |  263547   835251 |  310904   16561  1513430    91.4 | 46.087 % |
|     25761 |  262355   833508 |  341994   25081  2273725    90.7 | 46.239 % |
==============================================================================
restarts              : 13
conflicts             : 31237          (3920 /sec)
decisions             : 111006         (13931 /sec)
propagations          : 61815496       (7757556 /sec)
conflict literals     : 2631766        (51.30 % deleted)
Memory used           : 31.02 MB
CPU time              : 7.96842 s

UNSATISFIABLE
