Reading from standard input... Use '-h' or '--help' for help.
==================================[MINISAT]===================================
| Conflicts |     ORIGINAL     |              LEARNT              | Progress |
|           | Clauses Literals |   Limit Clauses Literals  Lit/Cl |          |
==============================================================================
|         0 |  325837   916347 |  108612       0        0     nan |  0.000 % |
|       101 |  325850   916347 |  119473      86    27043   314.5 | 29.193 % |
|       251 |  325870   916347 |  131420     214    33339   155.8 | 52.982 % |
|       476 |  325877   916347 |  144562     432    40139    92.9 | 52.982 % |
|       815 |  325887   916347 |  159018     761    52468    68.9 | 52.982 % |
|      1322 |  235412   805932 |  174920    1261    69868    55.4 | 52.982 % |
|      2083 |  235426   805932 |  192412    2007   111706    55.7 | 52.992 % |
|      3224 |  235371   805767 |  211654    2965   159190    53.7 | 52.992 % |
==============================================================================
restarts              : 8
conflicts             : 4501           (8519 /sec)
decisions             : 17450          (33028 /sec)
propagations          : 6304733        (11933234 /sec)
conflict literals     : 222632         (28.12 % deleted)
Memory used           : 21.73 MB
CPU time              : 0.528334 s

UNSATISFIABLE
