Reading from standard input... Use '-h' or '--help' for help.
==================================[MINISAT]===================================
| Conflicts |     ORIGINAL     |              LEARNT              | Progress |
|           | Clauses Literals |   Limit Clauses Literals  Lit/Cl |          |
==============================================================================
|         0 |  324471   913246 |  108157       0        0     nan |  0.000 % |
|       100 |  324482   913246 |  118972      89    16995   191.0 | 29.430 % |
|       250 |  324483   913246 |  130869     238    24907   104.7 | 29.430 % |
|       476 |  324382   913126 |  143956     453    38088    84.1 | 29.447 % |
|       813 |  324400   913126 |  158352     770    57138    74.2 | 45.288 % |
|      1321 |  267468   840469 |  174187    1231   111865    90.9 | 45.292 % |
|      2081 |  267101   839809 |  191606    1951   221124   113.3 | 45.344 % |
|      3221 |  266567   838977 |  210767    3007   333318   110.8 | 45.535 % |
|      4930 |  265536   837507 |  231844    4661   493406   105.9 | 45.606 % |
|      7493 |  265075   836670 |  255028    7178   906622   126.3 | 45.676 % |
|     11337 |  260993   831431 |  280531   10356  1149956   111.0 | 46.698 % |
|     17106 |  258533   827786 |  308584   14675  1697911   115.7 | 46.958 % |
|     25756 |  256248   824423 |  339442   22425  2419764   107.9 | 47.351 % |
==============================================================================
restarts              : 13
conflicts             : 33847          (3698 /sec)
decisions             : 120618         (13177 /sec)
propagations          : 65201625       (7123218 /sec)
conflict literals     : 3378704        (44.86 % deleted)
Memory used           : 32.29 MB
CPU time              : 9.15339 s

UNSATISFIABLE
