Reading from standard input... Use '-h' or '--help' for help.
==================================[MINISAT]===================================
| Conflicts |     ORIGINAL     |              LEARNT              | Progress |
|           | Clauses Literals |   Limit Clauses Literals  Lit/Cl |          |
==============================================================================
|         0 |  213580   593424 |   71193       0        0     nan |  0.000 % |
|       101 |  213587   593424 |   78312      94     5387    57.3 | 29.030 % |
|       251 |  213611   593424 |   86143     214     7018    32.8 | 52.498 % |
|       476 |  157171   524913 |   94757     369     9918    26.9 | 52.638 % |
|       813 |  157176   524913 |  104233     701    18836    26.9 | 52.638 % |
|      1320 |  156593   523683 |  114657    1162    35761    30.8 | 52.638 % |
|      2081 |  156502   523437 |  126122    1868    60132    32.2 | 52.673 % |
|      3221 |  156430   523395 |  138735    2993    96256    32.2 | 52.723 % |
==============================================================================
restarts              : 8
conflicts             : 3550           (9343 /sec)
decisions             : 15907          (41864 /sec)
propagations          : 5094479        (13407547 /sec)
conflict literals     : 104814         (32.69 % deleted)
Memory used           : 14.99 MB
CPU time              : 0.379971 s

UNSATISFIABLE
