Reading from standard input... Use '-h' or '--help' for help.
==================================[MINISAT]===================================
| Conflicts |     ORIGINAL     |              LEARNT              | Progress |
|           | Clauses Literals |   Limit Clauses Literals  Lit/Cl |          |
==============================================================================
|         0 |  320212   905874 |  106737       0        0     nan |  0.000 % |
|       100 |  320233   905874 |  117410      79      771     9.8 | 30.388 % |
|       251 |  320241   905874 |  129151     218     7541    34.6 | 30.404 % |
|       477 |  320264   905874 |  142066     420    24593    58.6 | 30.406 % |
|       815 |  320278   905874 |  156273     744    81203   109.1 | 30.406 % |
|      1322 |  320172   905577 |  171901    1212   121072    99.9 | 39.671 % |
|      2081 |  320220   905577 |  189091    1922   215604   112.2 | 39.676 % |
|      3222 |  281997   854321 |  208000    3019   358153   118.6 | 39.715 % |
|      4930 |  281833   853820 |  228800    4635   592694   127.9 | 39.715 % |
|      7492 |  281896   853820 |  251680    7127   909790   127.7 | 39.717 % |
|     11336 |  281947   853820 |  276848   10920  1401477   128.3 | 39.717 % |
|     17104 |  281814   853400 |  304533   16636  2187074   131.5 | 39.781 % |
|     25754 |  281645   853226 |  334986   25154  3547687   141.0 | 39.816 % |
|     38728 |  281297   852509 |  368485   37894  5645997   149.0 | 39.872 % |
==============================================================================
restarts              : 14
conflicts             : 57143          (4087 /sec)
decisions             : 190803         (13647 /sec)
propagations          : 86846155       (6211738 /sec)
conflict literals     : 7916483        (51.56 % deleted)
Memory used           : 53.07 MB
CPU time              : 13.981 s

UNSATISFIABLE
