Reading from standard input... Use '-h' or '--help' for help.
==================================[MINISAT]===================================
| Conflicts |     ORIGINAL     |              LEARNT              | Progress |
|           | Clauses Literals |   Limit Clauses Literals  Lit/Cl |          |
==============================================================================
|         0 |  327099   916512 |  109033       0        0     nan |  0.000 % |
|       101 |  327115   916512 |  119936      85      855    10.1 | 28.961 % |
|       251 |  327129   916512 |  131929     219     7421    33.9 | 42.781 % |
|       476 |  327140   916512 |  145122     432    14275    33.0 | 42.816 % |
|       813 |  275015   849503 |  159635     740    29209    39.5 | 43.014 % |
|      1319 |  275024   849503 |  175598    1236    69385    56.1 | 43.037 % |
|      2078 |  273624   847835 |  193158    1960   135721    69.2 | 43.101 % |
|      3218 |  273165   847058 |  212474    3060   193625    63.3 | 43.112 % |
|      4929 |  272734   846368 |  233721    4712   278350    59.1 | 43.231 % |
|      7491 |  269267   841803 |  257094    7026   521823    74.3 | 43.834 % |
|     11337 |  266567   837799 |  282803   10659   819394    76.9 | 44.293 % |
|     17103 |  263889   833270 |  311083   12415  1046864    84.3 | 44.848 % |
|     25753 |  263013   832172 |  342192   19440  1789389    92.0 | 44.963 % |
|     38727 |  262081   830516 |  376411   32135  3094559    96.3 | 45.151 % |
==============================================================================
restarts              : 14
conflicts             : 57868          (3610 /sec)
decisions             : 185885         (11596 /sec)
propagations          : 117202496      (7311555 /sec)
conflict literals     : 5141293        (51.86 % deleted)
Memory used           : 40.61 MB
CPU time              : 16.0298 s

UNSATISFIABLE
