Reading from standard input... Use '-h' or '--help' for help.
==================================[MINISAT]===================================
| Conflicts |     ORIGINAL     |              LEARNT              | Progress |
|           | Clauses Literals |   Limit Clauses Literals  Lit/Cl |          |
==============================================================================
|         0 |  320958   908254 |  106986       0        0     nan |  0.000 % |
|       104 |  320968   908254 |  117684      94     4897    52.1 | 30.100 % |
|       255 |  320977   908254 |  129453     235    12679    54.0 | 30.100 % |
|       482 |  320990   908254 |  142398     448    26359    58.8 | 30.101 % |
|       819 |  320952   908248 |  156638     767    78557   102.4 | 30.101 % |
|      1328 |  320959   908248 |  172302    1269   231734   182.6 | 30.101 % |
|      2089 |  264385   835937 |  189532    1995   344908   172.9 | 46.043 % |
|      3228 |  264013   835280 |  208485    3106   511826   164.8 | 46.057 % |
|      4937 |  263598   835109 |  229333    4760   704192   147.9 | 46.136 % |
|      7500 |  263049   834326 |  252267    7263  1011649   139.3 | 46.389 % |
|     11345 |  259365   829292 |  277494   10758  1354675   125.9 | 46.848 % |
|     17111 |  258234   827357 |  305243   16193  1824210   112.7 | 47.041 % |
|     25761 |  257563   826076 |  335767   24631  2490660   101.1 | 47.185 % |
==============================================================================
restarts              : 13
conflicts             : 27507          (4238 /sec)
decisions             : 89475          (13784 /sec)
propagations          : 51680987       (7961587 /sec)
conflict literals     : 2622585        (47.58 % deleted)
Memory used           : 30.78 MB
CPU time              : 6.49129 s

UNSATISFIABLE
