Reading from standard input... Use '-h' or '--help' for help.
==================================[MINISAT]===================================
| Conflicts |     ORIGINAL     |              LEARNT              | Progress |
|           | Clauses Literals |   Limit Clauses Literals  Lit/Cl |          |
==============================================================================
|         0 |  325231   913866 |  108410       0        0     nan |  0.000 % |
|       100 |  325242   913866 |  119251      89      796     8.9 | 29.287 % |
|       251 |  325252   913866 |  131176     230     6623    28.8 | 29.287 % |
|       490 |  325265   913866 |  144293     455    52986   116.5 | 29.305 % |
|       829 |  325170   913737 |  158723     767    76639    99.9 | 43.458 % |
|      1337 |  325184   913737 |  174595    1261   145888   115.7 | 43.458 % |
|      2096 |  272444   845209 |  192054    1962   203082   103.5 | 43.474 % |
|      3235 |  272380   845065 |  211260    3048   312351   102.5 | 43.530 % |
|      4943 |  271486   843720 |  232386    4685   428497    91.5 | 43.663 % |
|      7505 |  268191   839409 |  255625    7052   755582   107.1 | 44.262 % |
|     11352 |  267423   838271 |  281187   10693  1211859   113.3 | 44.860 % |
|     17118 |  264443   834072 |  309306   16233  1765030   108.7 | 45.036 % |
|     25772 |  263675   832641 |  340237   24737  2650713   107.2 | 45.129 % |
|     38751 |  262678   830991 |  374260   37444  3806232   101.7 | 45.276 % |
==============================================================================
restarts              : 14
conflicts             : 39391          (5088 /sec)
decisions             : 149607         (19323 /sec)
propagations          : 73130369       (9445575 /sec)
conflict literals     : 3854384        (48.06 % deleted)
Memory used           : 36.20 MB
CPU time              : 7.74229 s

UNSATISFIABLE
