Reading from standard input... Use '-h' or '--help' for help.
==================================[MINISAT]===================================
| Conflicts |     ORIGINAL     |              LEARNT              | Progress |
|           | Clauses Literals |   Limit Clauses Literals  Lit/Cl |          |
==============================================================================
|         0 |  321050   907841 |  107016       0        0     nan |  0.000 % |
|       100 |  321060   907841 |  117717      90     1237    13.7 | 30.121 % |
|       250 |  321069   907841 |  129489     231     5944    25.7 | 30.121 % |
|       475 |  321083   907841 |  142438     442    36164    81.8 | 30.121 % |
|       813 |  269912   842176 |  156682     757   100840   133.2 | 44.034 % |
|      1320 |  269926   842176 |  172350    1249   157063   125.8 | 44.042 % |
|      2082 |  269728   841759 |  189585    1935   270788   139.9 | 44.170 % |
|      3222 |  268917   840544 |  208543    2982   392211   131.5 | 44.170 % |
|      4933 |  268919   840484 |  229398    4644   551457   118.7 | 44.177 % |
|      7497 |  268167   839551 |  252338    7158   798361   111.5 | 44.315 % |
|     11343 |  265883   836123 |  277571   10598  1106736   104.4 | 44.740 % |
|     17109 |  265651   835616 |  305329   16232  1654966   102.0 | 44.910 % |
|     25762 |  263622   832427 |  335862   24649  2518079   102.2 | 45.075 % |
|     38739 |  261158   828590 |  369448   37116  3501349    94.3 | 45.461 % |
==============================================================================
restarts              : 14
conflicts             : 42401          (4326 /sec)
decisions             : 148979         (15198 /sec)
propagations          : 85141550       (8685687 /sec)
conflict literals     : 3733188        (48.88 % deleted)
Memory used           : 35.68 MB
CPU time              : 9.80251 s

UNSATISFIABLE
