Reading from standard input... Use '-h' or '--help' for help.
==================================[MINISAT]===================================
| Conflicts |     ORIGINAL     |              LEARNT              | Progress |
|           | Clauses Literals |   Limit Clauses Literals  Lit/Cl |          |
==============================================================================
|         0 |  214326   593040 |   71442       0        0     nan |  0.000 % |
|       100 |  214335   593040 |   78586      91     1365    15.0 | 28.885 % |
|       252 |  214341   593040 |   86444     236     5570    23.6 | 28.886 % |
|       477 |  214343   593040 |   95089     456    18259    40.0 | 28.886 % |
|       814 |  187647   557512 |  104598     761    30074    39.5 | 39.225 % |
|      1321 |  187686   557512 |  115058    1228    95312    77.6 | 39.240 % |
|      2081 |  187090   556702 |  126563    1877   170821    91.0 | 39.356 % |
|      3220 |  186940   556525 |  139220    2978   246182    82.7 | 39.393 % |
|      4930 |  186580   556033 |  153142    4589   360558    78.6 | 39.595 % |
|      7501 |  185892   555052 |  168456    7032   582149    82.8 | 39.678 % |
|     11349 |  185621   554581 |  185302   10763   908237    84.4 | 39.751 % |
|     17116 |  185551   554353 |  203832   16410  1383507    84.3 | 39.792 % |
|     25766 |  185241   553765 |  224215   24896  2144705    86.1 | 39.883 % |
==============================================================================
restarts              : 13
conflicts             : 37838          (8055 /sec)
decisions             : 131319         (27956 /sec)
propagations          : 56203673       (11965041 /sec)
conflict literals     : 3090300        (45.08 % deleted)
Memory used           : 27.12 MB
CPU time              : 4.69732 s

UNSATISFIABLE
