Reading from standard input... Use '-h' or '--help' for help.
==================================[MINISAT]===================================
| Conflicts |     ORIGINAL     |              LEARNT              | Progress |
|           | Clauses Literals |   Limit Clauses Literals  Lit/Cl |          |
==============================================================================
|         0 |  328295   916738 |  109431       0        0     nan |  0.000 % |
|       103 |  328308   916738 |  120374      90      912    10.1 | 28.739 % |
|       253 |  328320   916738 |  132411     226    15034    66.5 | 28.745 % |
|       480 |  328330   916738 |  145652     443    32743    73.9 | 28.745 % |
|       818 |  328333   916738 |  160217     777    68554    88.2 | 38.286 % |
|      1324 |  288942   863156 |  176239    1224    95099    77.7 | 38.286 % |
|      2083 |  288526   862502 |  193863    1955   145438    74.4 | 38.359 % |
|      3222 |  287773   861614 |  213250    3054   224613    73.5 | 38.977 % |
|      4934 |  287792   861614 |  234575    4747   562072   118.4 | 38.977 % |
|      7496 |  284856   857796 |  258032    6653   990355   148.9 | 39.065 % |
|     11340 |  284485   857297 |  283835   10396  1360835   130.9 | 39.857 % |
|     17107 |  278662   848538 |  312219   15605  1722571   110.4 | 40.736 % |
|     25756 |  274089   840888 |  343441   16626  1621640    97.5 | 41.061 % |
|     38732 |  272553   838668 |  377785   29256  2878448    98.4 | 41.363 % |
==============================================================================
restarts              : 14
conflicts             : 44481          (5114 /sec)
decisions             : 167914         (19306 /sec)
propagations          : 66236371       (7615572 /sec)
conflict literals     : 4382283        (44.54 % deleted)
Memory used           : 34.73 MB
CPU time              : 8.69749 s

UNSATISFIABLE
