Reading from standard input... Use '-h' or '--help' for help.
==================================[MINISAT]===================================
| Conflicts |     ORIGINAL     |              LEARNT              | Progress |
|           | Clauses Literals |   Limit Clauses Literals  Lit/Cl |          |
==============================================================================
|         0 |  323660   910879 |  107886       0        0     nan |  0.000 % |
|       101 |  323674   910879 |  118674      87      726     8.3 | 29.580 % |
|       252 |  323678   910879 |  130542     232    11736    50.6 | 41.967 % |
|       477 |  323681   910879 |  143596     453    72586   160.2 | 41.975 % |
|       814 |  323697   910879 |  157955     774    92159   119.1 | 41.975 % |
|      1321 |  276241   848984 |  173751    1248   141341   113.3 | 41.975 % |
|      2080 |  276255   848984 |  191126    1986   204650   103.0 | 42.029 % |
|      3221 |  276300   848984 |  210239    3080   287039    93.2 | 42.065 % |
|      4930 |  275758   848069 |  231263    4710   725112   154.0 | 42.067 % |
|      7492 |  273408   845153 |  254389    7012  1015584   144.8 | 42.543 % |
|     11338 |  272860   844334 |  279828   10728  1524629   142.1 | 43.930 % |
|     17105 |  265930   834577 |  307811   15025  2083307   138.7 | 44.008 % |
|     25755 |  264732   832486 |  338592   23449  2850312   121.6 | 44.266 % |
==============================================================================
restarts              : 13
conflicts             : 36884          (4682 /sec)
decisions             : 143567         (18224 /sec)
propagations          : 55100012       (6994211 /sec)
conflict literals     : 3733434        (42.89 % deleted)
Memory used           : 35.32 MB
CPU time              : 7.87795 s

UNSATISFIABLE
