Reading from standard input... Use '-h' or '--help' for help.
==================================[MINISAT]===================================
| Conflicts |     ORIGINAL     |              LEARNT              | Progress |
|           | Clauses Literals |   Limit Clauses Literals  Lit/Cl |          |
==============================================================================
|         0 |  321554   908406 |  107184       0        0     nan |  0.000 % |
|       100 |  321569   908406 |  117902      85     1019    12.0 | 30.004 % |
|       252 |  321587   908406 |  129692     215     5981    27.8 | 43.931 % |
|       477 |  321601   908406 |  142661     426    23160    54.4 | 43.931 % |
|       814 |  269913   842382 |  156928     723    44997    62.2 | 43.952 % |
|      1321 |  269928   842382 |  172620    1213    67072    55.3 | 43.985 % |
|      2081 |  269649   841848 |  189882    1926   151294    78.6 | 43.991 % |
|      3223 |  269082   840753 |  208871    2930   256256    87.5 | 44.070 % |
|      4931 |  268041   838971 |  229758    4571   385963    84.4 | 44.555 % |
|      7494 |  266361   836542 |  252734    6970   586041    84.1 | 44.661 % |
|     11340 |  265500   835423 |  278007   10703   873342    81.6 | 44.949 % |
|     17106 |  263273   831943 |  305808   15607  1248330    80.0 | 45.201 % |
|     25759 |  262047   829918 |  336389   24047  2027109    84.3 | 45.366 % |
==============================================================================
restarts              : 13
conflicts             : 34379          (4735 /sec)
decisions             : 128444         (17689 /sec)
propagations          : 66221259       (9119657 /sec)
conflict literals     : 2728702        (46.65 % deleted)
Memory used           : 31.49 MB
CPU time              : 7.26138 s

UNSATISFIABLE
