Reading from standard input... Use '-h' or '--help' for help.
==================================[MINISAT]===================================
| Conflicts |     ORIGINAL     |              LEARNT              | Progress |
|           | Clauses Literals |   Limit Clauses Literals  Lit/Cl |          |
==============================================================================
|         0 |  330115   919131 |  110038       0        0     nan |  0.000 % |
|       100 |  330136   919131 |  121041      79      833    10.5 | 28.489 % |
|       250 |  330143   919131 |  133145     222    13867    62.5 | 28.489 % |
|       478 |  330146   919131 |  146460     446    23243    52.1 | 36.706 % |
|       816 |  294570   869825 |  161106     779    38543    49.5 | 36.706 % |
|      1324 |  294599   869825 |  177217    1258    72498    57.6 | 36.706 % |
|      2085 |  294628   869825 |  194939    1990   121115    60.9 | 36.706 % |
|      3226 |  294586   869711 |  214432    3088   232634    75.3 | 36.729 % |
|      4934 |  294394   869324 |  235876    4732   509885   107.8 | 36.770 % |
|      7496 |  294363   869243 |  259463    7240   940197   129.9 | 36.780 % |
|     11343 |  294382   869168 |  285410   10990  2251060   204.8 | 36.789 % |
|     17109 |  292864   867272 |  313951   16430  3149650   191.7 | 37.027 % |
|     25762 |  292110   866051 |  345346   24687  4207527   170.4 | 37.172 % |
|     38737 |  285681   857557 |  379881   35855  6067850   169.2 | 38.302 % |
|     58201 |  285592   857281 |  417869   55178  9133342   165.5 | 38.320 % |
|     87395 |  285115   856417 |  459656   84069 13282288   158.0 | 38.414 % |

*** INTERRUPTED ***
restarts              : 16
conflicts             : 91613          (3107 /sec)
decisions             : 382600         (12977 /sec)
propagations          : 162668719      (5517514 /sec)
conflict literals     : 14107091       (46.23 % deleted)
Memory used           : 79.05 MB
CPU time              : 29.4822 s

*** INTERRUPTED ***
