Reading from standard input... Use '-h' or '--help' for help.
==================================[MINISAT]===================================
| Conflicts |     ORIGINAL     |              LEARNT              | Progress |
|           | Clauses Literals |   Limit Clauses Literals  Lit/Cl |          |
==============================================================================
|         0 |  319482   905956 |  106494       0        0     nan |  0.000 % |
|       101 |  319492   905956 |  117143      91     1916    21.1 | 30.374 % |
|       252 |  319505   905956 |  128857     229    12128    53.0 | 30.374 % |
|       477 |  319536   905956 |  141743     421    27919    66.3 | 46.293 % |
|       815 |  263246   835105 |  155917     712    41900    58.8 | 46.335 % |
|      1322 |  262907   834490 |  171509    1142   106942    93.6 | 46.343 % |
|      2083 |  261810   832828 |  188660    1872   157413    84.1 | 46.556 % |
|      3222 |  261508   832360 |  207526    2986   247590    82.9 | 46.581 % |
|      4930 |  261495   832276 |  228279    4646   396338    85.3 | 46.776 % |
|      7492 |  259605   829327 |  251107    7135   605231    84.8 | 47.026 % |
|     11337 |  258546   827608 |  276218   10889   894312    82.1 | 47.102 % |
|     17103 |  256387   824023 |  303839   14772  1193294    80.8 | 47.788 % |
==============================================================================
restarts              : 12
conflicts             : 23445          (5147 /sec)
decisions             : 100866         (22143 /sec)
propagations          : 42027752       (9226454 /sec)
conflict literals     : 1673914        (44.35 % deleted)
Memory used           : 25.80 MB
CPU time              : 4.55514 s

UNSATISFIABLE
