Reading from standard input... Use '-h' or '--help' for help.
==================================[MINISAT]===================================
| Conflicts |     ORIGINAL     |              LEARNT              | Progress |
|           | Clauses Literals |   Limit Clauses Literals  Lit/Cl |          |
==============================================================================
|         0 |  324776   913584 |  108258       0        0     nan |  0.000 % |
|       100 |  324790   913584 |  119083      86     6600    76.7 | 29.345 % |
|       252 |  324794   913584 |  130992     234    30680   131.1 | 29.345 % |
|       477 |  324815   913584 |  144091     436    51360   117.8 | 45.165 % |
|       814 |  268236   841658 |  158500     753    85112   113.0 | 45.165 % |
|      1323 |  267962   841230 |  174350    1234   120416    97.6 | 45.212 % |
|      2083 |  266500   839280 |  191785    1924   208719   108.5 | 45.881 % |
|      3222 |  264088   836019 |  210964    2930   271576    92.7 | 46.102 % |
|      4930 |  262148   833184 |  232060    4325   413266    95.6 | 46.392 % |
|      7492 |  260427   830908 |  255266    6751   660052    97.8 | 46.887 % |
|     11336 |  259933   830164 |  280793   10494  1075792   102.5 | 46.930 % |
|     17103 |  257695   826540 |  308872   16081  1582450    98.4 | 47.314 % |
==============================================================================
restarts              : 12
conflicts             : 24671          (4592 /sec)
decisions             : 103716         (19305 /sec)
propagations          : 44645360       (8309898 /sec)
conflict literals     : 2189043        (45.20 % deleted)
Memory used           : 28.79 MB
CPU time              : 5.37255 s

UNSATISFIABLE
