Reading from standard input... Use '-h' or '--help' for help.
==================================[MINISAT]===================================
| Conflicts |     ORIGINAL     |              LEARNT              | Progress |
|           | Clauses Literals |   Limit Clauses Literals  Lit/Cl |          |
==============================================================================
|         0 |  330806   920166 |  110268       0        0     nan |  0.000 % |
|       102 |  330817   920166 |  121294      91     1968    21.6 | 28.281 % |
|       253 |  330822   920166 |  133424     237    13986    59.0 | 28.281 % |
|       479 |  330827   920166 |  146766     457    49544   108.4 | 37.899 % |
|       818 |  330852   920166 |  161443     771    62775    81.4 | 37.899 % |
|      1324 |  291365   866117 |  177587    1260    78529    62.3 | 37.905 % |
|      2083 |  291368   866078 |  195346    1979   317859   160.6 | 38.071 % |
|      3222 |  290909   865343 |  214881    3088   520557   168.6 | 38.082 % |
|      4930 |  290190   864281 |  236369    4621   847129   183.3 | 38.215 % |
|      7497 |  288318   862094 |  260006    7102  1089384   153.4 | 38.508 % |
|     11344 |  287591   861035 |  286006   10764  1517140   140.9 | 38.788 % |
|     17110 |  285943   858677 |  314607   16359  2020234   123.5 | 38.971 % |
|     25762 |  285635   858317 |  346068   24887  2961175   119.0 | 39.003 % |
|     38739 |  285518   857849 |  380675   37650  5102277   135.5 | 39.083 % |
|     58202 |  283138   854435 |  418742   56223  7771696   138.2 | 39.512 % |
|     87396 |  281882   852262 |  460616   84060 11751921   139.8 | 39.737 % |

*** INTERRUPTED ***
restarts              : 16
conflicts             : 89197          (3021 /sec)
decisions             : 305813         (10357 /sec)
propagations          : 173041731      (5860252 /sec)
conflict literals     : 12049006       (51.26 % deleted)
Memory used           : 70.45 MB
CPU time              : 29.528 s

*** INTERRUPTED ***
