Reading from standard input... Use '-h' or '--help' for help.
==================================[MINISAT]===================================
| Conflicts |     ORIGINAL     |              LEARNT              | Progress |
|           | Clauses Literals |   Limit Clauses Literals  Lit/Cl |          |
==============================================================================
|         0 |  323315   910612 |  107771       0        0     nan |  0.000 % |
|       100 |  323324   910612 |  118548      91     1126    12.4 | 29.655 % |
|       250 |  323330   910612 |  130402     235     6669    28.4 | 29.655 % |
|       476 |  323353   910612 |  143443     438    26823    61.2 | 29.655 % |
|       813 |  323364   910612 |  157787     764    74699    97.8 | 29.655 % |
|      1319 |  323380   910612 |  173566    1254   120864    96.4 | 29.655 % |
|      2078 |  323392   910612 |  190922    2001   263308   131.6 | 29.655 % |
|      3219 |  323411   910612 |  210015    3123   529043   169.4 | 29.655 % |
|      4927 |  273143   844571 |  231016    4555   661059   145.1 | 42.683 % |
|      7491 |  271546   842531 |  254118    7000   897518   128.2 | 43.001 % |
|     11336 |  271108   841769 |  279530   10674  1245282   116.7 | 43.075 % |
|     17103 |  266941   835479 |  307483   15782  1714240   108.6 | 43.746 % |
|     25752 |  266090   834006 |  338231   23656  2377070   100.5 | 43.881 % |
==============================================================================
restarts              : 13
conflicts             : 36843          (4597 /sec)
decisions             : 154637         (19294 /sec)
propagations          : 62359822       (7780474 /sec)
conflict literals     : 3247683        (46.06 % deleted)
Memory used           : 32.96 MB
CPU time              : 8.01491 s

UNSATISFIABLE
