Reading from standard input... Use '-h' or '--help' for help.
==================================[MINISAT]===================================
| Conflicts |     ORIGINAL     |              LEARNT              | Progress |
|           | Clauses Literals |   Limit Clauses Literals  Lit/Cl |          |
==============================================================================
|         0 |  341059   933105 |  113686       0        0     nan |  0.000 % |
|       100 |  341071   933105 |  125054      88     2137    24.3 | 26.446 % |
|       251 |  341077   933105 |  137560     230    11615    50.5 | 26.452 % |
|       481 |  305419   883063 |  151316     432    56142   130.0 | 34.632 % |
|       818 |  305432   883063 |  166447     755    69412    91.9 | 34.633 % |
|      1324 |  304944   882355 |  183092     811    45151    55.7 | 34.722 % |
|      2083 |  304314   881608 |  201401    1530   114781    75.0 | 34.834 % |
|      3222 |  304329   881608 |  221541    2653   204346    77.0 | 34.845 % |
|      4931 |  303972   880885 |  243696    4265   406733    95.4 | 34.896 % |
|      7496 |  303917   880777 |  268065    6780   753090   111.1 | 34.912 % |
|     11341 |  303630   880378 |  294872   10560  1531842   145.1 | 35.053 % |
|     17107 |  300699   876673 |  324359   15869  2874803   181.2 | 35.494 % |
|     25756 |  296746   871651 |  356795   24203  4789109   197.9 | 36.137 % |
|     38731 |  295473   869932 |  392474   36992  8962801   242.3 | 36.528 % |
|     58192 |  294240   868189 |  431722   56197 12432898   221.2 | 36.631 % |
|     87384 |  293400   866986 |  474894   85205 17794024   208.8 | 36.829 % |
|    131175 |  293058   866449 |  522384  128754 26424308   205.2 | 36.872 % |
|    196863 |  292955   866197 |  574622  194334 39691868   204.2 | 36.878 % |

*** INTERRUPTED ***
restarts              : 18
conflicts             : 283050         (1718 /sec)
decisions             : 761662         (4622 /sec)
propagations          : 768614150      (4663886 /sec)
conflict literals     : 55458636       (57.59 % deleted)
Memory used           : 247.73 MB
CPU time              : 164.801 s

*** INTERRUPTED ***
