Reading from standard input... Use '-h' or '--help' for help.
==================================[MINISAT]===================================
| Conflicts |     ORIGINAL     |              LEARNT              | Progress |
|           | Clauses Literals |   Limit Clauses Literals  Lit/Cl |          |
==============================================================================
|         0 |  213586   593284 |   71195       0        0     nan |  0.000 % |
|       102 |  213592   593284 |   78314      96     4747    49.4 | 29.039 % |
|       253 |  213602   593284 |   86145     237     7664    32.3 | 29.039 % |
|       478 |  213292   592645 |   94760     407    11980    29.4 | 52.437 % |
|       817 |  213322   592645 |  104236     715    21413    29.9 | 52.440 % |
|      1324 |  157092   524667 |  114660    1152    42164    36.6 | 52.447 % |
|      2084 |  157085   524610 |  126126    1887    65503    34.7 | 52.487 % |
|      3224 |  156940   524268 |  138738    2976    96627    32.5 | 52.487 % |
==============================================================================
restarts              : 8
conflicts             : 4121           (11270 /sec)
decisions             : 14216          (38878 /sec)
propagations          : 5960045        (16299507 /sec)
conflict literals     : 128321         (34.53 % deleted)
Memory used           : 14.98 MB
CPU time              : 0.365658 s

UNSATISFIABLE
