Reading from standard input... Use '-h' or '--help' for help.
==================================[MINISAT]===================================
| Conflicts |     ORIGINAL     |              LEARNT              | Progress |
|           | Clauses Literals |   Limit Clauses Literals  Lit/Cl |          |
==============================================================================
|         0 |  334622   924521 |  111540       0        0     nan |  0.000 % |
|       100 |  334634   924521 |  122694      88     8047    91.4 | 27.590 % |
|       250 |  334647   924521 |  134963     220    14247    64.8 | 35.829 % |
|       476 |  334662   924521 |  148459     429    31218    72.8 | 35.841 % |
|       813 |  298952   874976 |  163305     740    80471   108.7 | 35.863 % |
|      1320 |  298961   874976 |  179636    1236   113612    91.9 | 35.874 % |
|      2079 |  298732   874652 |  197599    1967   158536    80.6 | 36.020 % |
|      3218 |  297806   873530 |  217359    3077   231083    75.1 | 36.029 % |
|      4926 |  297613   873335 |  239095    4717   462971    98.1 | 36.057 % |
|      7488 |  297530   873206 |  263005    7236   824798   114.0 | 36.339 % |
|     11332 |  295532   870608 |  289306   10929  1256770   115.0 | 36.446 % |
|     17101 |  294840   869591 |  318236   16513  1884475   114.1 | 36.592 % |
|     25750 |  294398   868730 |  350060   25044  3165105   126.4 | 36.756 % |
|     38724 |  291682   865206 |  385066   36908  5298080   143.5 | 37.235 % |
|     58185 |  289886   862737 |  423572   55600  8053622   144.8 | 37.600 % |

*** INTERRUPTED ***
restarts              : 15
conflicts             : 85815          (2913 /sec)
decisions             : 358092         (12155 /sec)
propagations          : 175343248      (5951957 /sec)
conflict literals     : 13033511       (49.31 % deleted)
Memory used           : 73.92 MB
CPU time              : 29.4598 s

*** INTERRUPTED ***
