Reading from standard input... Use '-h' or '--help' for help.
==================================[MINISAT]===================================
| Conflicts |     ORIGINAL     |              LEARNT              | Progress |
|           | Clauses Literals |   Limit Clauses Literals  Lit/Cl |          |
==============================================================================
|         0 |  327503   916280 |  109167       0        0     nan |  0.000 % |
|       100 |  327517   916280 |  120083      86      819     9.5 | 28.866 % |
|       251 |  327522   916280 |  132092     232    10283    44.3 | 28.866 % |
|       477 |  327531   916280 |  145301     449    28480    63.4 | 28.866 % |
|       816 |  284076   858465 |  159831     749    37395    49.9 | 39.886 % |
|      1322 |  284080   858399 |  175814    1207   147341   122.1 | 39.892 % |
|      2083 |  284114   858399 |  193395    1930   193054   100.0 | 39.898 % |
|      3223 |  284102   858329 |  212735    3000   375311   125.1 | 39.914 % |
|      4931 |  283975   858143 |  234009    4666   508416   109.0 | 40.092 % |
|      7493 |  282758   856459 |  257410    7166   739409   103.2 | 40.151 % |
|     11337 |  280250   853015 |  283151   10752  1090827   101.5 | 40.601 % |
|     17105 |  280099   852610 |  311466   16424  1757264   107.0 | 40.670 % |
|     25755 |  279457   851827 |  342612   24996  3417948   136.7 | 40.834 % |
|     38729 |  279119   851191 |  376874   37520  5024377   133.9 | 40.862 % |
|     58190 |  277712   849559 |  414561   56859  7475128   131.5 | 41.091 % |

*** INTERRUPTED ***
restarts              : 15
conflicts             : 76218          (2587 /sec)
decisions             : 250012         (8486 /sec)
propagations          : 153540174      (5211700 /sec)
conflict literals     : 9507541        (54.25 % deleted)
Memory used           : 60.65 MB
CPU time              : 29.4607 s

*** INTERRUPTED ***
