Reading from standard input... Use '-h' or '--help' for help.
==================================[MINISAT]===================================
| Conflicts |     ORIGINAL     |              LEARNT              | Progress |
|           | Clauses Literals |   Limit Clauses Literals  Lit/Cl |          |
==============================================================================
|         0 |  321783   909840 |  107261       0        0     nan |  0.000 % |
|       101 |  321803   909840 |  117987      81      847    10.5 | 29.927 % |
|       254 |  321818   909840 |  129785     218    16403    75.2 | 29.929 % |
|       480 |  260496   833291 |  142764     425    40433    95.1 | 47.597 % |
|       821 |  260503   833291 |  157040     758    69152    91.2 | 47.762 % |
|      1327 |  259470   831719 |  172744    1229   142002   115.5 | 47.956 % |
|      2086 |  256901   827816 |  190019    1872   193597   103.4 | 48.290 % |
|      3225 |  256914   827816 |  209021    2998   425625   142.0 | 48.290 % |
|      4934 |  256062   826446 |  229923    4411   636808   144.4 | 48.334 % |
|      7497 |  255866   826074 |  252915    6944  1096915   158.0 | 48.485 % |
|     11342 |  253444   821957 |  278207    9815  1473345   150.1 | 49.010 % |
|     17109 |  246717   812458 |  306028   15022  1878769   125.1 | 49.977 % |
==============================================================================
restarts              : 12
conflicts             : 17624          (4471 /sec)
decisions             : 63231          (16042 /sec)
propagations          : 32092897       (8142316 /sec)
conflict literals     : 2033539        (38.05 % deleted)
Memory used           : 27.62 MB
CPU time              : 3.9415 s

UNSATISFIABLE
