Reading from standard input... Use '-h' or '--help' for help.
==================================[MINISAT]===================================
| Conflicts |     ORIGINAL     |              LEARNT              | Progress |
|           | Clauses Literals |   Limit Clauses Literals  Lit/Cl |          |
==============================================================================
|         0 |  322957   910700 |  107652       0        0     nan |  0.000 % |
|       100 |  322971   910700 |  118417      86     1067    12.4 | 29.693 % |
|       251 |  322980   910700 |  130258     226    21765    96.3 | 29.697 % |
|       479 |  322984   910700 |  143284     449    43588    97.1 | 45.290 % |
|       816 |  266742   839647 |  157613     755    55917    74.1 | 45.299 % |
|      1322 |  266475   839233 |  173374    1184    82576    69.7 | 45.329 % |
|      2083 |  266497   839233 |  190712    1922   178326    92.8 | 45.339 % |
|      3222 |  266482   839146 |  209783    3007   310471   103.2 | 45.577 % |
|      4931 |  265223   837157 |  230761    4616   539822   116.9 | 45.577 % |
|      7494 |  263894   835255 |  253837    7094   805958   113.6 | 45.850 % |
|     11339 |  263146   834118 |  279221   10873  1262992   116.2 | 45.957 % |
|     17105 |  261656   832132 |  307143   16514  1894471   114.7 | 46.512 % |
|     25755 |  248416   817079 |  337858   13363  1172827    87.8 | 48.454 % |
==============================================================================
restarts              : 13
conflicts             : 28815          (4048 /sec)
decisions             : 111776         (15701 /sec)
propagations          : 51813625       (7278091 /sec)
conflict literals     : 2879044        (46.10 % deleted)
Memory used           : 30.30 MB
CPU time              : 7.11912 s

UNSATISFIABLE
