Reading from standard input... Use '-h' or '--help' for help.
==================================[MINISAT]===================================
| Conflicts |     ORIGINAL     |              LEARNT              | Progress |
|           | Clauses Literals |   Limit Clauses Literals  Lit/Cl |          |
==============================================================================
|         0 |  320221   907503 |  106740       0        0     nan |  0.000 % |
|       100 |  320235   907503 |  117414      86    10828   125.9 | 30.246 % |
|       250 |  320244   907503 |  129155     225    17014    75.6 | 52.663 % |
|       477 |  320276   907503 |  142070     418    23367    55.9 | 52.665 % |
|       816 |  236156   806761 |  156278     724    34568    47.7 | 52.687 % |
|      1322 |  235872   806164 |  171905    1150    52722    45.8 | 52.833 % |
|      2084 |  235890   806164 |  189096    1894    91453    48.3 | 52.833 % |
|      3224 |  235257   804988 |  208006    2977   132810    44.6 | 52.833 % |
|      4933 |  235061   804532 |  228806    4655   202980    43.6 | 52.887 % |
==============================================================================
restarts              : 9
conflicts             : 5316           (7965 /sec)
decisions             : 19110          (28633 /sec)
propagations          : 7901219        (11838451 /sec)
conflict literals     : 218647         (33.50 % deleted)
Memory used           : 21.71 MB
CPU time              : 0.66742 s

UNSATISFIABLE
