Reading from standard input... Use '-h' or '--help' for help.
==================================[MINISAT]===================================
| Conflicts |     ORIGINAL     |              LEARNT              | Progress |
|           | Clauses Literals |   Limit Clauses Literals  Lit/Cl |          |
==============================================================================
|         0 |  333881   924223 |  111293       0        0     nan |  0.000 % |
|       100 |  333898   924223 |  122422      83      832    10.0 | 27.733 % |
|       250 |  333914   924223 |  134664     214    24006   112.2 | 27.739 % |
|       475 |  333923   924223 |  148130     425    40467    95.2 | 37.222 % |
|       813 |  294554   870135 |  162944     664    70722   106.5 | 37.261 % |
|      1319 |  294572   870135 |  179238    1150   123846   107.7 | 37.268 % |
|      2081 |  294303   869643 |  197162    1848   211784   114.6 | 37.280 % |
|      3221 |  293937   869040 |  216878    2963   351111   118.5 | 37.467 % |
|      4931 |  292894   867849 |  238566    4632   538604   116.3 | 37.496 % |
|      7494 |  292536   867402 |  262423    7172   764750   106.6 | 37.696 % |
|     11338 |  291488   866151 |  288665   10934  1081619    98.9 | 37.758 % |
|     17105 |  289897   863997 |  317531   15670  1515600    96.7 | 38.160 % |
|     25758 |  288751   862221 |  349285   22745  2735903   120.3 | 38.348 % |
|     38733 |  287064   859713 |  384213   35452  4604039   129.9 | 38.613 % |
|     58196 |  285927   858087 |  422634   54736  7753497   141.7 | 38.804 % |
|     87390 |  285663   857685 |  464898   83771 12625180   150.7 | 38.876 % |

*** INTERRUPTED ***
restarts              : 16
conflicts             : 93375          (3165 /sec)
decisions             : 369171         (12514 /sec)
propagations          : 215444596      (7303306 /sec)
conflict literals     : 13693190       (45.53 % deleted)
Memory used           : 76.44 MB
CPU time              : 29.4996 s

*** INTERRUPTED ***
