Reading from standard input... Use '-h' or '--help' for help.
==================================[MINISAT]===================================
| Conflicts |     ORIGINAL     |              LEARNT              | Progress |
|           | Clauses Literals |   Limit Clauses Literals  Lit/Cl |          |
==============================================================================
|         0 |  319794   905698 |  106598       0        0     nan |  0.000 % |
|       100 |  319805   905698 |  117257      89     1385    15.6 | 30.382 % |
|       250 |  319816   905698 |  128983     228     9081    39.8 | 30.382 % |
|       476 |  319818   905698 |  141881     452    20680    45.8 | 30.382 % |
|       813 |  319833   905698 |  156070     774    65396    84.5 | 30.382 % |
|      1319 |  319846   905698 |  171677    1267   136741   107.9 | 30.382 % |
|      2079 |  272510   843890 |  188844    1990   194376    97.7 | 42.939 % |
|      3221 |  271951   843083 |  207729    3081   295649    96.0 | 43.001 % |
|      4929 |  271178   841877 |  228502    4711   444004    94.2 | 43.117 % |
|      7494 |  270310   840497 |  251352    7148   652538    91.3 | 43.247 % |
|     11338 |  270222   840242 |  276487   10900  1290520   118.4 | 43.346 % |
|     17104 |  268985   838124 |  304136   16454  1992269   121.1 | 44.040 % |
|     25754 |  264649   831923 |  334550   22759  2710859   119.1 | 44.288 % |
==============================================================================
restarts              : 13
conflicts             : 35909          (4873 /sec)
decisions             : 143532         (19479 /sec)
propagations          : 56031014       (7604041 /sec)
conflict literals     : 3695373        (44.90 % deleted)
Memory used           : 34.85 MB
CPU time              : 7.36858 s

UNSATISFIABLE
