Reading from standard input... Use '-h' or '--help' for help.
==================================[MINISAT]===================================
| Conflicts |     ORIGINAL     |              LEARNT              | Progress |
|           | Clauses Literals |   Limit Clauses Literals  Lit/Cl |          |
==============================================================================
|         0 |  340596   932024 |  113532       0        0     nan |  0.000 % |
|       102 |  340610   932024 |  124885      88      905    10.3 | 26.550 % |
|       254 |  340614   932024 |  137373     236    27957   118.5 | 26.550 % |
|       479 |  340620   932024 |  151111     455    46313   101.8 | 26.550 % |
|       816 |  309333   887556 |  166222     776    61725    79.5 | 33.401 % |
|      1327 |  309193   887295 |  182844    1258   101052    80.3 | 33.426 % |
|      2088 |  309229   887295 |  201128    1983   239509   120.8 | 33.426 % |
|      3227 |  309165   887199 |  221241    3103   311899   100.5 | 33.453 % |
|      4937 |  309024   887013 |  243365    4770   813326   170.5 | 33.454 % |
|      7499 |  308985   886926 |  267702    7299  1568215   214.9 | 33.463 % |
|     11347 |  308963   886827 |  294472   11076  2100427   189.6 | 33.489 % |
|     17114 |  308427   886143 |  323920   16784  2776340   165.4 | 33.655 % |
|     25763 |  306604   883977 |  356312   25309  3820067   150.9 | 33.999 % |
|     38738 |  305585   882663 |  391943   38163  5538734   145.1 | 34.152 % |
|     58199 |  303296   878952 |  431137   51037  7715388   151.2 | 34.572 % |
|     87393 |  303080   878457 |  474251   68198 11232490   164.7 | 34.681 % |
|    131186 |  302435   877473 |  521676  111779 19458224   174.1 | 34.767 % |
|    196871 |  300781   875211 |  573844  176908 32368400   183.0 | 35.182 % |
|    295398 |  299175   872547 |  631228  274700 50013905   182.1 | 35.407 % |
==============================================================================
restarts              : 19
conflicts             : 356638         (1660 /sec)
decisions             : 930646         (4331 /sec)
propagations          : 859211576      (3998836 /sec)
conflict literals     : 62200145       (58.99 % deleted)
Memory used           : 268.16 MB
CPU time              : 214.865 s

UNSATISFIABLE
