Reading from standard input... Use '-h' or '--help' for help.
==================================[MINISAT]===================================
| Conflicts |     ORIGINAL     |              LEARNT              | Progress |
|           | Clauses Literals |   Limit Clauses Literals  Lit/Cl |          |
==============================================================================
|         0 |  211064   589814 |   70354       0        0     nan |  0.000 % |
|       102 |  211066   589814 |   77389     100     1117    11.2 | 29.788 % |
|       252 |  211071   589814 |   85128     244    26977   110.6 | 29.789 % |
|       478 |  211077   589814 |   93641     463    33617    72.6 | 52.733 % |
|       816 |  157024   524348 |  103005     773    42057    54.4 | 52.733 % |
|      1323 |  157041   524348 |  113305    1263    58578    46.4 | 52.733 % |
|      2087 |  157032   524345 |  124636    1992    79518    39.9 | 52.734 % |
|      3228 |  157046   524345 |  137100    3119   126337    40.5 | 52.734 % |
==============================================================================
restarts              : 8
conflicts             : 4018           (9209 /sec)
decisions             : 15484          (35487 /sec)
propagations          : 5334931        (12226826 /sec)
conflict literals     : 149970         (28.44 % deleted)
Memory used           : 14.97 MB
CPU time              : 0.43633 s

UNSATISFIABLE
