Reading from standard input... Use '-h' or '--help' for help.
==================================[MINISAT]===================================
| Conflicts |     ORIGINAL     |              LEARNT              | Progress |
|           | Clauses Literals |   Limit Clauses Literals  Lit/Cl |          |
==============================================================================
|         0 |  325495   913235 |  108498       0        0     nan |  0.000 % |
|       103 |  325507   913235 |  119347      91     1215    13.4 | 29.278 % |
|       255 |  325517   913235 |  131282     233    23885   102.5 | 29.278 % |
|       480 |  325538   913235 |  144410     436    50875   116.7 | 40.041 % |
|       817 |  282515   856148 |  158851     723    82611   114.3 | 40.056 % |
|      1328 |  282520   856148 |  174737    1229   132053   107.4 | 40.056 % |
|      2087 |  282495   856142 |  192210    1957   229127   117.1 | 40.057 % |
|      3226 |  281974   855419 |  211431    3076   453083   147.3 | 40.170 % |
|      4934 |  281663   855008 |  232575    4754   739197   155.5 | 40.217 % |
|      7497 |  281223   854459 |  255832    7260  1024680   141.1 | 40.310 % |
|     11343 |  280101   852764 |  281415   10980  1362668   124.1 | 40.739 % |
|     17109 |  278155   849830 |  309557   15710  1952018   124.3 | 40.842 % |
|     25758 |  275729   846179 |  340513   21298  2546742   119.6 | 41.729 % |
|     38733 |  271969   840920 |  374564   33232  4219819   127.0 | 42.056 % |
|     58194 |  271411   839981 |  412020   52442  6516135   124.3 | 42.153 % |
==============================================================================
restarts              : 15
conflicts             : 69113          (4111 /sec)
decisions             : 237078         (14102 /sec)
propagations          : 125669469      (7474914 /sec)
conflict literals     : 8026582        (50.56 % deleted)
Memory used           : 52.40 MB
CPU time              : 16.8122 s

UNSATISFIABLE
