Reading from standard input... Use '-h' or '--help' for help.
==================================[MINISAT]===================================
| Conflicts |     ORIGINAL     |              LEARNT              | Progress |
|           | Clauses Literals |   Limit Clauses Literals  Lit/Cl |          |
==============================================================================
|         0 |  325458   912319 |  108486       0        0     nan |  0.000 % |
|       100 |  325471   912319 |  119334      87     1044    12.0 | 29.440 % |
|       251 |  325483   912319 |  131268     226     4231    18.7 | 29.440 % |
|       478 |  325508   912319 |  144394     423    18200    43.0 | 29.462 % |
|       815 |  325319   911848 |  158834     663    37948    57.2 | 29.496 % |
|      1321 |  325342   911848 |  174717    1145   103663    90.5 | 35.490 % |
|      2082 |  297335   870822 |  192189    1863   158650    85.2 | 35.499 % |
|      3224 |  297369   870822 |  211408    2971   277330    93.3 | 35.499 % |
|      4932 |  297346   870816 |  232549    4645   496400   106.9 | 35.501 % |
|      7494 |  297375   870816 |  255804    7178  1212770   169.0 | 35.501 % |
|     11342 |  297284   870645 |  281384   10946  1998088   182.5 | 35.528 % |
|     17113 |  297202   870552 |  309523   16688  3049746   182.8 | 35.529 % |
|     25762 |  297253   870414 |  340475   25101  4439756   176.9 | 35.559 % |
|     38737 |  296898   869565 |  374523   37360  6162434   164.9 | 35.660 % |
==============================================================================
restarts              : 14
conflicts             : 53781          (5011 /sec)
decisions             : 204415         (19046 /sec)
propagations          : 71715072       (6682014 /sec)
conflict literals     : 7768672        (48.73 % deleted)
Memory used           : 50.64 MB
CPU time              : 10.7326 s

UNSATISFIABLE
