Reading from standard input... Use '-h' or '--help' for help.
==================================[MINISAT]===================================
| Conflicts |     ORIGINAL     |              LEARNT              | Progress |
|           | Clauses Literals |   Limit Clauses Literals  Lit/Cl |          |
==============================================================================
|         0 |  211697   590044 |   70565       0        0     nan |  0.000 % |
|       101 |  211700   590044 |   77621      98     1484    15.1 | 29.611 % |
|       251 |  211707   590044 |   85383     240    13311    55.5 | 46.955 % |
|       476 |  211721   590044 |   93922     445    31929    71.8 | 47.064 % |
|       815 |  172913   541606 |  103314     757    54578    72.1 | 47.066 % |
|      1328 |  172741   541300 |  113645    1232    75526    61.3 | 47.379 % |
|      2092 |  170704   538449 |  125010    1857   112296    60.5 | 47.667 % |
|      3232 |  169358   536378 |  137511    2939   198296    67.5 | 47.958 % |
|      4941 |  167087   533051 |  151262    4561   294337    64.5 | 48.497 % |
|      7503 |  166366   531884 |  166388    7069   444119    62.8 | 48.705 % |
==============================================================================
restarts              : 10
conflicts             : 10954          (7882 /sec)
decisions             : 39956          (28752 /sec)
propagations          : 17780963       (12794849 /sec)
conflict literals     : 589850         (37.30 % deleted)
Memory used           : 16.16 MB
CPU time              : 1.3897 s

UNSATISFIABLE
