Reading from standard input... Use '-h' or '--help' for help.
==================================[MINISAT]===================================
| Conflicts |     ORIGINAL     |              LEARNT              | Progress |
|           | Clauses Literals |   Limit Clauses Literals  Lit/Cl |          |
==============================================================================
|         0 |  328162   917560 |  109387       0        0     nan |  0.000 % |
|       102 |  328175   917560 |  120325      89     1021    11.5 | 28.740 % |
|       253 |  328187   917560 |  132358     222     6228    28.1 | 41.399 % |
|       479 |  328209   917560 |  145594     425    14592    34.3 | 41.413 % |
|       816 |  279208   852271 |  160153     707    45712    64.7 | 41.422 % |
|      1323 |  278931   851665 |  176168    1126    70808    62.9 | 41.548 % |
|      2083 |  278943   851665 |  193785    1874   122092    65.2 | 41.548 % |
|      3223 |  278587   851095 |  213164    2928   383389   130.9 | 41.556 % |
|      4933 |  278369   850834 |  234480    4156   445366   107.2 | 41.691 % |
|      7496 |  277219   849439 |  257928    6659   679820   102.1 | 41.862 % |
|     11340 |  275911   847590 |  283721   10435  1403279   134.5 | 42.154 % |
|     17107 |  275834   847449 |  312093   16152  2349294   145.4 | 42.355 % |
|     25756 |  274402   845364 |  343303   24620  3601573   146.3 | 42.458 % |
|     38731 |  273565   844041 |  377633   37393  5175767   138.4 | 42.681 % |
|     58193 |  272699   842607 |  415396   56541  8003039   141.5 | 42.743 % |

*** INTERRUPTED ***
restarts              : 15
conflicts             : 87053          (2954 /sec)
decisions             : 282750         (9594 /sec)
propagations          : 156696658      (5316712 /sec)
conflict literals     : 11632700       (52.85 % deleted)
Memory used           : 68.66 MB
CPU time              : 29.4725 s

*** INTERRUPTED ***
