Reading from standard input... Use '-h' or '--help' for help.
==================================[MINISAT]===================================
| Conflicts |     ORIGINAL     |              LEARNT              | Progress |
|           | Clauses Literals |   Limit Clauses Literals  Lit/Cl |          |
==============================================================================
|         0 |  328494   917118 |  109498       0        0     nan |  0.000 % |
|       100 |  328514   917118 |  120447      80      903    11.3 | 28.716 % |
|       256 |  328518   917118 |  132492     232    24752   106.7 | 28.716 % |
|       482 |  328521   917118 |  145741     454    48388   106.6 | 28.716 % |
|       820 |  328477   917112 |  160316     779    84332   108.3 | 38.507 % |
|      1326 |  328502   917112 |  176347    1259   116906    92.9 | 38.523 % |
|      2086 |  288096   861547 |  193982    1952   191677    98.2 | 38.544 % |
|      3227 |  288137   861547 |  213380    3050   339814   111.4 | 38.558 % |
|      4935 |  288094   861463 |  234718    4714   495520   105.1 | 38.730 % |
|      7497 |  285615   858478 |  258190    7207   762531   105.8 | 39.211 % |
|     11345 |  284293   856843 |  284009   10761  1233669   114.6 | 41.178 % |
|     17111 |  274134   841174 |  312410   14839  1818545   122.6 | 41.291 % |
|     25761 |  273614   840247 |  343651   23233  3039089   130.8 | 41.393 % |
|     38735 |  273837   840247 |  378016   35983  4539399   126.2 | 41.400 % |
|     58196 |  273850   840064 |  415818   55262  6597230   119.4 | 41.415 % |
==============================================================================
restarts              : 15
conflicts             : 62143          (3874 /sec)
decisions             : 223948         (13960 /sec)
propagations          : 85607312       (5336408 /sec)
conflict literals     : 7108011        (47.04 % deleted)
Memory used           : 49.73 MB
CPU time              : 16.0421 s

UNSATISFIABLE
