Reading from standard input... Use '-h' or '--help' for help.
==================================[MINISAT]===================================
| Conflicts |     ORIGINAL     |              LEARNT              | Progress |
|           | Clauses Literals |   Limit Clauses Literals  Lit/Cl |          |
==============================================================================
|         0 |  325150   912938 |  108383       0        0     nan |  0.000 % |
|       101 |  325161   912938 |  119221      90     1355    15.1 | 29.372 % |
|       251 |  325172   912938 |  131143     227    22343    98.4 | 29.376 % |
|       476 |  325178   912938 |  144257     446    59429   133.2 | 29.376 % |
|       813 |  325167   912872 |  158683     749    97303   129.9 | 29.377 % |
|      1319 |  325179   912872 |  174551    1243   167371   134.7 | 29.377 % |
|      2078 |  325148   912866 |  192007    1978   198542   100.4 | 40.125 % |
|      3217 |  282203   856092 |  211207    3062   346232   113.1 | 40.210 % |
|      4926 |  281300   854436 |  232328    4704   609716   129.6 | 40.331 % |
|      7488 |  281039   854088 |  255561    7225   804172   111.3 | 40.401 % |
|     11336 |  280753   853509 |  281117   10990  1220474   111.1 | 40.439 % |
|     17103 |  280833   853509 |  309229   16677  2011618   120.6 | 40.439 % |
|     25752 |  280916   853509 |  340152   25243  3111883   123.3 | 40.439 % |
|     38726 |  280999   853509 |  374167   38134  4754817   124.7 | 40.439 % |
|     58188 |  276276   847410 |  411584   56761  7135912   125.7 | 41.314 % |

*** INTERRUPTED ***
restarts              : 15
conflicts             : 86653          (2937 /sec)
decisions             : 280891         (9522 /sec)
propagations          : 178252748      (6042415 /sec)
conflict literals     : 10291795       (53.61 % deleted)
Memory used           : 64.16 MB
CPU time              : 29.5003 s

*** INTERRUPTED ***
