Reading from standard input... Use '-h' or '--help' for help.
==================================[MINISAT]===================================
| Conflicts |     ORIGINAL     |              LEARNT              | Progress |
|           | Clauses Literals |   Limit Clauses Literals  Lit/Cl |          |
==============================================================================
|         0 |  327772   916467 |  109257       0        0     nan |  0.000 % |
|       100 |  327787   916467 |  120182      85      721     8.5 | 28.808 % |
|       251 |  327791   916467 |  132200     232     7375    31.8 | 28.808 % |
|       478 |  327803   916467 |  145421     447    23387    52.3 | 28.808 % |
|       817 |  284497   858401 |  159963     778    59610    76.6 | 39.838 % |
|      1327 |  284531   858401 |  175959    1254    98998    78.9 | 39.838 % |
|      2093 |  284534   858368 |  193555    1998   155769    78.0 | 39.844 % |
|      3233 |  284292   857951 |  212910    3121   236205    75.7 | 39.908 % |
|      4942 |  284038   857492 |  234202    4783   411168    86.0 | 39.914 % |
|      7504 |  283198   856298 |  257622    7275   565952    77.8 | 40.064 % |
|     11349 |  274709   843452 |  283384    7795   631494    81.0 | 42.017 % |
|     17115 |  270438   836348 |  311722   12041  1055119    87.6 | 42.817 % |
|     25764 |  270036   835496 |  342895   18263  1639635    89.8 | 42.884 % |
|     38740 |  269437   834452 |  377184   31030  2689048    86.7 | 42.992 % |
==============================================================================
restarts              : 14
conflicts             : 40972          (4664 /sec)
decisions             : 170186         (19371 /sec)
propagations          : 64909901       (7388152 /sec)
conflict literals     : 3448803        (47.97 % deleted)
Memory used           : 32.43 MB
CPU time              : 8.78567 s

UNSATISFIABLE
