Reading from standard input... Use '-h' or '--help' for help.
==================================[MINISAT]===================================
| Conflicts |     ORIGINAL     |              LEARNT              | Progress |
|           | Clauses Literals |   Limit Clauses Literals  Lit/Cl |          |
==============================================================================
|         0 |  321163   908348 |  107054       0        0     nan |  0.000 % |
|       101 |  321173   908348 |  117759      91    16911   185.8 | 30.054 % |
|       252 |  321176   908348 |  129535     239    33758   141.2 | 30.054 % |
|       480 |  321188   908348 |  142488     455    66391   145.9 | 30.054 % |
|       818 |  321203   908348 |  156737     778   130279   167.5 | 30.054 % |
|      1325 |  321218   908348 |  172411    1270   178186   140.3 | 30.054 % |
|      2087 |  263187   834184 |  189652    1874   224120   119.6 | 46.545 % |
|      3230 |  260774   830791 |  208617    2970   323276   108.8 | 46.645 % |
|      4938 |  260063   829699 |  229479    4642   447787    96.5 | 46.692 % |
|      7501 |  259272   828715 |  252427    6994   611177    87.4 | 46.849 % |
|     11346 |  258546   827530 |  277670   10727   894049    83.3 | 46.937 % |
|     17114 |  258088   826597 |  305437   16348  1401536    85.7 | 47.007 % |
|     25765 |  256072   823363 |  335981   24723  2008845    81.3 | 47.323 % |
==============================================================================
restarts              : 13
conflicts             : 27177          (4424 /sec)
decisions             : 93303          (15188 /sec)
propagations          : 52788437       (8592903 /sec)
conflict literals     : 2099845        (46.25 % deleted)
Memory used           : 28.66 MB
CPU time              : 6.14326 s

UNSATISFIABLE
