Reading from standard input... Use '-h' or '--help' for help.
==================================[MINISAT]===================================
| Conflicts |     ORIGINAL     |              LEARNT              | Progress |
|           | Clauses Literals |   Limit Clauses Literals  Lit/Cl |          |
==============================================================================
|         0 |  326694   915733 |  108898       0        0     nan |  0.000 % |
|       101 |  326708   915733 |  119787      87     1407    16.2 | 29.053 % |
|       252 |  326714   915733 |  131766     232    11747    50.6 | 29.053 % |
|       477 |  326717   915733 |  144943     454    31581    69.6 | 29.053 % |
|       814 |  279650   854291 |  159437     766    61877    80.8 | 41.387 % |
|      1320 |  279606   854210 |  175381    1249    93453    74.8 | 41.396 % |
|      2079 |  279571   854171 |  192919    1952   144824    74.2 | 41.404 % |
|      3219 |  279493   853973 |  212211    3038   292001    96.1 | 41.468 % |
|      4928 |  277973   852088 |  233432    4655   461851    99.2 | 41.637 % |
|      7492 |  277716   851830 |  256775    7153   915310   128.0 | 41.718 % |
|     11338 |  275806   849174 |  282453   10885  1367106   125.6 | 42.010 % |
|     17104 |  272741   844847 |  310698   16258  2071860   127.4 | 42.632 % |
|     25754 |  271555   842951 |  341768   24722  3064693   124.0 | 42.796 % |
|     38730 |  270970   841964 |  375945   37577  4742663   126.2 | 42.871 % |
|     58192 |  270917   841790 |  413539   56796  6899644   121.5 | 42.915 % |

*** INTERRUPTED ***
restarts              : 15
conflicts             : 82862          (2830 /sec)
decisions             : 296677         (10133 /sec)
propagations          : 181845074      (6210688 /sec)
conflict literals     : 9557845        (48.21 % deleted)
Memory used           : 57.67 MB
CPU time              : 29.2794 s

*** INTERRUPTED ***
