Reading from standard input... Use '-h' or '--help' for help.
==================================[MINISAT]===================================
| Conflicts |     ORIGINAL     |              LEARNT              | Progress |
|           | Clauses Literals |   Limit Clauses Literals  Lit/Cl |          |
==============================================================================
|         0 |  212235   591279 |   70745       0        0     nan |  0.000 % |
|       100 |  212243   591279 |   77819      92    18369   199.7 | 29.461 % |
|       251 |  212260   591279 |   85601     223    20356    91.3 | 52.436 % |
|       478 |  157070   524524 |   94161     383    22200    58.0 | 52.507 % |
|       817 |  157077   524524 |  103577     713    32507    45.6 | 52.535 % |
|      1324 |  156947   524245 |  113935    1191    48430    40.7 | 52.560 % |
|      2083 |  156849   524032 |  125329    1941    69381    35.7 | 52.585 % |
|      3223 |  156756   523819 |  137861    3068   102893    33.5 | 52.610 % |
==============================================================================
restarts              : 8
conflicts             : 3489           (7718 /sec)
decisions             : 14748          (32623 /sec)
propagations          : 4801235        (10620463 /sec)
conflict literals     : 111123         (30.98 % deleted)
Memory used           : 14.98 MB
CPU time              : 0.452074 s

UNSATISFIABLE
