Reading from standard input... Use '-h' or '--help' for help.
==================================[MINISAT]===================================
| Conflicts |     ORIGINAL     |              LEARNT              | Progress |
|           | Clauses Literals |   Limit Clauses Literals  Lit/Cl |          |
==============================================================================
|         0 |  322887   910672 |  107629       0        0     nan |  0.000 % |
|       100 |  322904   910672 |  118391      83     6108    73.6 | 29.705 % |
|       250 |  322912   910672 |  130231     224    13293    59.3 | 45.425 % |
|       476 |  322918   910672 |  143254     444    51790   116.6 | 45.425 % |
|       813 |  266809   839542 |  157579     764    69434    90.9 | 45.425 % |
|      1319 |  266712   839403 |  173337    1251   105285    84.2 | 45.446 % |
|      2078 |  266355   838893 |  190671    1894   165560    87.4 | 45.687 % |
|      3219 |  264122   835836 |  209738    2878   238860    83.0 | 46.041 % |
|      4927 |  262698   834107 |  230712    4532   369411    81.5 | 46.161 % |
|      7490 |  262057   833108 |  253783    7015   569496    81.2 | 46.429 % |
|     11334 |  258379   827543 |  279161   10691   902849    84.4 | 46.896 % |
|     17101 |  256198   824132 |  307078   16128  1371414    85.0 | 47.381 % |
|     25750 |  253297   819230 |  337785   22510  1816742    80.7 | 47.775 % |
==============================================================================
restarts              : 13
conflicts             : 27531          (4411 /sec)
decisions             : 97870          (15679 /sec)
propagations          : 51416317       (8237247 /sec)
conflict literals     : 2063854        (46.22 % deleted)
Memory used           : 27.81 MB
CPU time              : 6.24193 s

UNSATISFIABLE
