Reading from standard input... Use '-h' or '--help' for help.
==================================[MINISAT]===================================
| Conflicts |     ORIGINAL     |              LEARNT              | Progress |
|           | Clauses Literals |   Limit Clauses Literals  Lit/Cl |          |
==============================================================================
|         0 |  330975   920751 |  110325       0        0     nan |  0.000 % |
|       101 |  330985   920751 |  121357      91     1227    13.5 | 28.228 % |
|       253 |  330989   920751 |  133493     239    17754    74.3 | 28.228 % |
|       478 |  331002   920751 |  146842     451    30660    68.0 | 28.228 % |
|       816 |  331003   920751 |  161526     788    57104    72.5 | 28.228 % |
|      1322 |  331013   920751 |  177679    1284   149694   116.6 | 28.228 % |
|      2083 |  331037   920751 |  195447    2021   280458   138.8 | 28.228 % |
|      3224 |  287250   862022 |  214992    3107   363556   117.0 | 39.243 % |
|      4932 |  286890   861398 |  236491    4778   665863   139.4 | 39.265 % |
|      7494 |  286296   860599 |  260140    7295   982971   134.7 | 39.401 % |
|     11339 |  285529   859643 |  286154   11048  1628592   147.4 | 39.537 % |
|     17105 |  283073   856503 |  314770   16672  2512058   150.7 | 40.006 % |
|     25754 |  282814   856074 |  346247   25248  4178783   165.5 | 40.081 % |
|     38729 |  282727   855948 |  380871   38156  6702077   175.6 | 40.081 % |
|     58192 |  282266   855156 |  418959   57505 10854600   188.8 | 40.155 % |

*** INTERRUPTED ***
restarts              : 15
conflicts             : 79249          (2693 /sec)
decisions             : 296069         (10060 /sec)
propagations          : 188021496      (6388673 /sec)
conflict literals     : 14786231       (47.50 % deleted)
Memory used           : 81.10 MB
CPU time              : 29.4304 s

*** INTERRUPTED ***
