Reading from standard input... Use '-h' or '--help' for help.
==================================[MINISAT]===================================
| Conflicts |     ORIGINAL     |              LEARNT              | Progress |
|           | Clauses Literals |   Limit Clauses Literals  Lit/Cl |          |
==============================================================================
|         0 |  326446   916715 |  108815       0        0     nan |  0.000 % |
|       100 |  326458   916715 |  119696      88     1080    12.3 | 29.060 % |
|       250 |  326469   916715 |  131666     227     8407    37.0 | 29.060 % |
|       475 |  264236   838199 |  144832     403    23850    59.2 | 46.774 % |
|       812 |  264243   838199 |  159316     733    83115   113.4 | 46.774 % |
|      1318 |  263874   837597 |  175247    1130   116492   103.1 | 46.974 % |
|      2077 |  262634   836157 |  192772    1824   191906   105.2 | 47.275 % |
|      3218 |  259869   832198 |  212049    2908   422078   145.1 | 47.884 % |
|      4926 |  257403   828734 |  233254    4568   717238   157.0 | 47.981 % |
|      7491 |  257100   828305 |  256580    7092  1031519   145.4 | 48.398 % |
|     11336 |  250701   818510 |  282238   10760  1522769   141.5 | 49.037 % |
|     17105 |  245426   810606 |  310461   14415  1656107   114.9 | 50.139 % |
==============================================================================
restarts              : 12
conflicts             : 17224          (4464 /sec)
decisions             : 59013          (15294 /sec)
propagations          : 29874959       (7742515 /sec)
conflict literals     : 1977628        (37.11 % deleted)
Memory used           : 27.89 MB
CPU time              : 3.85856 s

UNSATISFIABLE
