Reading from standard input... Use '-h' or '--help' for help.
==================================[MINISAT]===================================
| Conflicts |     ORIGINAL     |              LEARNT              | Progress |
|           | Clauses Literals |   Limit Clauses Literals  Lit/Cl |          |
==============================================================================
|         0 |  325851   913528 |  108617       0        0     nan |  0.000 % |
|       101 |  325868   913528 |  119478      84     1004    12.0 | 29.193 % |
|       251 |  325877   913528 |  131426     223     4915    22.0 | 39.986 % |
|       476 |  325881   913528 |  144569     444    18098    40.8 | 39.986 % |
|       814 |  282953   856661 |  159026     745    38329    51.4 | 39.986 % |
|      1326 |  282887   856523 |  174928    1176    80601    68.5 | 39.994 % |
|      2086 |  282854   856433 |  192421    1908   130882    68.6 | 40.077 % |
|      3226 |  282148   855449 |  211663    3001   193086    64.3 | 40.123 % |
|      4935 |  281894   854895 |  232830    4665   421070    90.3 | 40.338 % |
|      7497 |  276871   848497 |  256113    6659   621069    93.3 | 41.180 % |
|     11341 |  275553   846754 |  281724   10336   928022    89.8 | 41.502 % |
|     17108 |  272176   841960 |  309896   14504  1340276    92.4 | 42.001 % |
|     25758 |  270326   838888 |  340886   18788  1913520   101.8 | 42.364 % |
|     38732 |  269768   837871 |  374975   31547  3315464   105.1 | 42.458 % |
==============================================================================
restarts              : 14
conflicts             : 56619          (3938 /sec)
decisions             : 206651         (14373 /sec)
propagations          : 103681660      (7211302 /sec)
conflict literals     : 5574908        (47.27 % deleted)
Memory used           : 41.70 MB
CPU time              : 14.3777 s

UNSATISFIABLE
