Reading from standard input... Use '-h' or '--help' for help.
==================================[MINISAT]===================================
| Conflicts |     ORIGINAL     |              LEARNT              | Progress |
|           | Clauses Literals |   Limit Clauses Literals  Lit/Cl |          |
==============================================================================
|         0 |  322985   909993 |  107661       0        0     nan |  0.000 % |
|       100 |  322998   909993 |  118427      87      700     8.0 | 29.779 % |
|       250 |  323006   909993 |  130269     227    13073    57.6 | 29.785 % |
|       477 |  323017   909993 |  143296     443    48453   109.4 | 29.785 % |
|       814 |  322874   909747 |  157626     735    67543    91.9 | 29.803 % |
|      1325 |  322887   909747 |  173389    1233   111029    90.0 | 29.803 % |
|      2085 |  279483   851782 |  190728    1964   174515    88.9 | 40.883 % |
|      3227 |  279450   851692 |  209800    3052   225152    73.8 | 40.948 % |
|      4935 |  277337   848911 |  230780    4529   327015    72.2 | 41.255 % |
|      7498 |  275844   846694 |  253859    6960   520272    74.8 | 41.490 % |
|     11344 |  275785   846508 |  279244   10704   884830    82.7 | 41.551 % |
|     17111 |  273928   843955 |  307169   16142  1472984    91.3 | 42.074 % |
|     25760 |  269081   836446 |  337886   23510  2144855    91.2 | 42.829 % |
|     38734 |  268191   834841 |  371674   36190  3133944    86.6 | 42.953 % |
==============================================================================
restarts              : 14
conflicts             : 39143          (5090 /sec)
decisions             : 153127         (19912 /sec)
propagations          : 56367520       (7329739 /sec)
conflict literals     : 3216906        (48.13 % deleted)
Memory used           : 33.75 MB
CPU time              : 7.69025 s

UNSATISFIABLE
