Reading from standard input... Use '-h' or '--help' for help.
==================================[MINISAT]===================================
| Conflicts |     ORIGINAL     |              LEARNT              | Progress |
|           | Clauses Literals |   Limit Clauses Literals  Lit/Cl |          |
==============================================================================
|         0 |  213050   591357 |   71016       0        0     nan |  0.000 % |
|       100 |  213053   591357 |   78117      97     2862    29.5 | 29.248 % |
|       250 |  213060   591357 |   85929     239    17183    71.9 | 40.802 % |
|       478 |  213070   591357 |   94522     457    34937    76.4 | 40.802 % |
|       815 |  184731   554432 |  103974     777    46302    59.6 | 40.842 % |
|      1322 |  184749   554432 |  114371    1266    85600    67.6 | 40.842 % |
|      2084 |  184610   554237 |  125809    1998   147569    73.9 | 40.842 % |
|      3230 |  184500   554066 |  138390    3085   289654    93.9 | 40.881 % |
|      4939 |  184293   553712 |  152229    4649   418547    90.0 | 41.506 % |
|      7503 |  181834   550170 |  167452    6866   621932    90.6 | 41.686 % |
|     11349 |  181206   549126 |  184197   10265   907472    88.4 | 41.854 % |
|     17119 |  179848   547164 |  202616   15106  1286895    85.2 | 42.253 % |
|     25770 |  179569   546642 |  222878   23588  1896318    80.4 | 42.280 % |
==============================================================================
restarts              : 13
conflicts             : 28422          (7963 /sec)
decisions             : 95034          (26627 /sec)
propagations          : 37793909       (10589154 /sec)
conflict literals     : 2095926        (45.20 % deleted)
Memory used           : 22.75 MB
CPU time              : 3.56912 s

UNSATISFIABLE
