Reading from standard input... Use '-h' or '--help' for help.
==================================[MINISAT]===================================
| Conflicts |     ORIGINAL     |              LEARNT              | Progress |
|           | Clauses Literals |   Limit Clauses Literals  Lit/Cl |          |
==============================================================================
|         0 |  332993   923728 |  110997       0        0     nan |  0.000 % |
|       103 |  333009   923728 |  122096      87      906    10.4 | 27.874 % |
|       253 |  333020   923728 |  134306     223    20703    92.8 | 27.887 % |
|       478 |  333028   923728 |  147737     440    69888   158.8 | 27.887 % |
|       815 |  332960   923497 |  162510     725    83642   115.4 | 38.773 % |
|      1324 |  332972   923497 |  178761    1221   128299   105.1 | 38.781 % |
|      2084 |  289857   865627 |  196637    1946   183395    94.2 | 38.781 % |
|      3224 |  289554   865134 |  216301    3062   307020   100.3 | 38.825 % |
|      4932 |  289212   864555 |  237931    4721   471577    99.9 | 38.960 % |
|      7494 |  288159   863154 |  261725    7204   658529    91.4 | 39.088 % |
|     11340 |  286982   861403 |  287897   10970   954665    87.0 | 39.261 % |
|     17107 |  284961   858786 |  316687   16541  1613931    97.6 | 39.665 % |
|     25757 |  281889   854829 |  348356   24945  2687815   107.7 | 40.169 % |
|     38732 |  281551   854172 |  383191   37788  4473400   118.4 | 40.222 % |
|     58195 |  281657   854088 |  421510   57076  6675099   117.0 | 40.777 % |

*** INTERRUPTED ***
restarts              : 15
conflicts             : 84858          (2875 /sec)
decisions             : 297113         (10065 /sec)
propagations          : 201702141      (6833023 /sec)
conflict literals     : 10930349       (42.80 % deleted)
Memory used           : 65.78 MB
CPU time              : 29.5187 s

*** INTERRUPTED ***
