Reading from standard input... Use '-h' or '--help' for help.
==================================[MINISAT]===================================
| Conflicts |     ORIGINAL     |              LEARNT              | Progress |
|           | Clauses Literals |   Limit Clauses Literals  Lit/Cl |          |
==============================================================================
|         0 |  328585   917431 |  109528       0        0     nan |  0.000 % |
|       102 |  328594   917431 |  120480      93     1203    12.9 | 28.640 % |
|       253 |  328604   917431 |  132528     231     8072    34.9 | 39.754 % |
|       479 |  328612   917431 |  145781     449    29254    65.2 | 39.754 % |
|       816 |  328617   917431 |  160359     780    55427    71.1 | 39.755 % |
|      1324 |  284335   858199 |  176395    1261    97153    77.0 | 39.772 % |
|      2083 |  284382   858199 |  194035    1973   145776    73.9 | 39.772 % |
|      3223 |  284292   858040 |  213439    3089   230960    74.8 | 39.772 % |
|      4933 |  283377   856390 |  234782    4425   321369    72.6 | 40.527 % |
|      7495 |  280113   852506 |  258261    6752   523466    77.5 | 40.609 % |
|     11340 |  275016   845975 |  284087    9992   818110    81.9 | 42.353 % |
|     17106 |  269448   837976 |  312496   13851  1261250    91.1 | 42.625 % |
|     25756 |  267777   835075 |  343745   22127  1979990    89.5 | 42.980 % |
==============================================================================
restarts              : 13
conflicts             : 37621          (5462 /sec)
decisions             : 150208         (21808 /sec)
propagations          : 54306784       (7884439 /sec)
conflict literals     : 2954766        (42.55 % deleted)
Memory used           : 32.21 MB
CPU time              : 6.88784 s

UNSATISFIABLE
