Reading from standard input... Use '-h' or '--help' for help.
==================================[MINISAT]===================================
| Conflicts |     ORIGINAL     |              LEARNT              | Progress |
|           | Clauses Literals |   Limit Clauses Literals  Lit/Cl |          |
==============================================================================
|         0 |  319884   907446 |  106628       0        0     nan |  0.000 % |
|       100 |  319902   907446 |  117290      82    12100   147.6 | 30.264 % |
|       252 |  319906   907446 |  129019     228    18108    79.4 | 53.068 % |
|       477 |  319912   907446 |  141921     447    23847    53.3 | 53.068 % |
|       814 |  235424   804964 |  156114     758    32383    42.7 | 53.075 % |
|      1320 |  235434   804964 |  171725    1254    49923    39.8 | 53.075 % |
|      2079 |  235402   804832 |  188898    1953    93760    48.0 | 53.077 % |
|      3219 |  235422   804799 |  207787    3022   140485    46.5 | 53.302 % |
==============================================================================
restarts              : 8
conflicts             : 4355           (7263 /sec)
decisions             : 16968          (28298 /sec)
propagations          : 6523237        (10879097 /sec)
conflict literals     : 173882         (31.50 % deleted)
Memory used           : 21.71 MB
CPU time              : 0.599612 s

UNSATISFIABLE
