Reading from standard input... Use '-h' or '--help' for help.
==================================[MINISAT]===================================
| Conflicts |     ORIGINAL     |              LEARNT              | Progress |
|           | Clauses Literals |   Limit Clauses Literals  Lit/Cl |          |
==============================================================================
|         0 |  319660   905629 |  106553       0        0     nan |  0.000 % |
|       101 |  319691   905629 |  117208      70      804    11.5 | 30.404 % |
|       251 |  319717   905629 |  128929     192    13556    70.6 | 30.439 % |
|       476 |  319717   905629 |  141822     417    41534    99.6 | 30.439 % |
|       819 |  319412   905014 |  156004     730    70082    96.0 | 30.459 % |
|      1325 |  319427   905014 |  171604    1221   107819    88.3 | 30.459 % |
|      2085 |  319430   905014 |  188765    1978   157350    79.6 | 30.459 % |
|      3224 |  271603   842651 |  207641    3056   233966    76.6 | 42.960 % |
|      4933 |  271124   841871 |  228405    4731   348127    73.6 | 43.011 % |
|      7495 |  270977   841634 |  251246    7253   522092    72.0 | 43.074 % |
|     11340 |  270537   840881 |  276371   11032   802100    72.7 | 43.102 % |
|     17107 |  269884   839687 |  304008   16648  1203568    72.3 | 43.211 % |
|     25759 |  269747   839234 |  334408   25119  2179279    86.8 | 43.247 % |
|     38734 |  259785   826923 |  367849   19185  1472198    76.7 | 44.958 % |
==============================================================================
restarts              : 14
conflicts             : 39935          (4688 /sec)
decisions             : 133091         (15624 /sec)
propagations          : 66422878       (7797473 /sec)
conflict literals     : 3574255        (47.81 % deleted)
Memory used           : 33.95 MB
CPU time              : 8.51851 s

UNSATISFIABLE
