Reading from standard input... Use '-h' or '--help' for help.
==================================[MINISAT]===================================
| Conflicts |     ORIGINAL     |              LEARNT              | Progress |
|           | Clauses Literals |   Limit Clauses Literals  Lit/Cl |          |
==============================================================================
|         0 |  323235   911166 |  107745       0        0     nan |  0.000 % |
|       100 |  323249   911166 |  118519      86     4177    48.6 | 29.610 % |
|       251 |  323260   911166 |  130371     222     6654    30.0 | 45.569 % |
|       477 |  323271   911166 |  143408     437    26406    60.4 | 45.569 % |
|       814 |  266298   838559 |  157749     746    45494    61.0 | 45.569 % |
|      1320 |  266294   838559 |  173524    1219    79330    65.1 | 45.570 % |
|      2079 |  263596   835073 |  190876    1730   145202    83.9 | 46.420 % |
|      3218 |  261295   831750 |  209964    2792   236942    84.9 | 46.558 % |
|      4926 |  259525   828409 |  230960    4388   386830    88.2 | 47.078 % |
|      7488 |  258425   827104 |  254057    6745   591897    87.8 | 47.234 % |
|     11332 |  257357   825655 |  279462   10475   895158    85.5 | 47.661 % |
|     17099 |  253663   819928 |  307409   16000  1301399    81.3 | 47.981 % |
==============================================================================
restarts              : 12
conflicts             : 20919          (6010 /sec)
decisions             : 78839          (22652 /sec)
propagations          : 34558504       (9929121 /sec)
conflict literals     : 1511933        (43.94 % deleted)
Memory used           : 26.09 MB
CPU time              : 3.48052 s

UNSATISFIABLE
