Reading from standard input... Use '-h' or '--help' for help.
==================================[MINISAT]===================================
| Conflicts |     ORIGINAL     |              LEARNT              | Progress |
|           | Clauses Literals |   Limit Clauses Literals  Lit/Cl |          |
==============================================================================
|         0 |  217892   598766 |   72630       0        0     nan |  0.000 % |
|       100 |  217905   598766 |   79893      87     1172    13.5 | 27.780 % |
|       250 |  217914   598766 |   87882     226    10922    48.3 | 27.797 % |
|       475 |  217923   598766 |   96670     442    55476   125.5 | 27.797 % |
|       814 |  217861   598568 |  106337     733    75998   103.7 | 43.457 % |
|      1321 |  180055   549634 |  116971    1171   110953    94.8 | 43.691 % |
|      2080 |  179750   549132 |  128668    1877   148433    79.1 | 43.752 % |
|      3219 |  178311   547492 |  141535    2939   220731    75.1 | 44.169 % |
|      4928 |  176992   545497 |  155688    4579   296382    64.7 | 44.660 % |
|      7492 |  173554   540667 |  171257    6438   402110    62.5 | 45.492 % |
|     11338 |  172384   538858 |  188383   10120   698948    69.1 | 45.855 % |
|     17106 |  171842   537946 |  207221   15765  1095609    69.5 | 45.985 % |
==============================================================================
restarts              : 12
conflicts             : 21762          (5576 /sec)
decisions             : 80561          (20643 /sec)
propagations          : 35072481       (8987102 /sec)
conflict literals     : 1388647        (43.49 % deleted)
Memory used           : 19.73 MB
CPU time              : 3.90253 s

UNSATISFIABLE
