Reading from standard input... Use '-h' or '--help' for help.
==================================[MINISAT]===================================
| Conflicts |     ORIGINAL     |              LEARNT              | Progress |
|           | Clauses Literals |   Limit Clauses Literals  Lit/Cl |          |
==============================================================================
|         0 |  322771   910817 |  107590       0        0     nan |  0.000 % |
|       100 |  322796   910817 |  118349      75     1192    15.9 | 29.756 % |
|       250 |  322802   910817 |  130183     217     8654    39.9 | 29.795 % |
|       475 |  322820   910817 |  143202     424    40696    96.0 | 29.795 % |
|       816 |  322607   910316 |  157522     739   105364   142.6 | 45.757 % |
|      1322 |  264574   836273 |  173274    1188   132285   111.4 | 45.856 % |
|      2081 |  264186   835658 |  190602    1903   172593    90.7 | 45.905 % |
|      3220 |  263756   834941 |  209662    2964   277346    93.6 | 46.120 % |
|      4929 |  263014   833924 |  230628    4631   450186    97.2 | 46.120 % |
|      7495 |  258762   827766 |  253691    5810   498739    85.8 | 47.005 % |
|     11339 |  257414   825765 |  279060    9473   903264    95.4 | 47.354 % |
|     17105 |  255673   823020 |  306966   15078  1540706   102.2 | 47.473 % |
|     25758 |  255261   822258 |  337663   23614  2271320    96.2 | 47.646 % |
==============================================================================
restarts              : 13
conflicts             : 31652          (4649 /sec)
decisions             : 108020         (15867 /sec)
propagations          : 54176457       (7957886 /sec)
conflict literals     : 2774545        (45.51 % deleted)
Memory used           : 31.17 MB
CPU time              : 6.8079 s

UNSATISFIABLE
