Reading from standard input... Use '-h' or '--help' for help.
==================================[MINISAT]===================================
| Conflicts |     ORIGINAL     |              LEARNT              | Progress |
|           | Clauses Literals |   Limit Clauses Literals  Lit/Cl |          |
==============================================================================
|         0 |  217889   598759 |   72629       0        0     nan |  0.000 % |
|       100 |  217897   598759 |   79891      92     1264    13.7 | 27.781 % |
|       250 |  217912   598759 |   87881     224     8677    38.7 | 27.790 % |
|       477 |  217923   598759 |   96669     440    29686    67.5 | 27.790 % |
|       816 |  217917   598660 |  106336     725    44036    60.7 | 43.602 % |
|      1322 |  180544   550778 |  116969    1177    85578    72.7 | 43.670 % |
|      2081 |  180196   550109 |  128666    1877   137263    73.1 | 43.714 % |
|      3221 |  178775   548087 |  141533    2887   212242    73.5 | 44.085 % |
|      4930 |  178368   547579 |  155686    4547   351498    77.3 | 44.341 % |
|      7493 |  177446   546333 |  171255    7030   502420    71.5 | 44.561 % |
|     11338 |  176254   544551 |  188380   10654   861687    80.9 | 44.741 % |
|     17104 |  175969   544095 |  207219   16298  1301333    79.8 | 44.833 % |
==============================================================================
restarts              : 12
conflicts             : 24149          (7797 /sec)
decisions             : 88458          (28562 /sec)
propagations          : 38023123       (12277254 /sec)
conflict literals     : 1690822        (48.73 % deleted)
Memory used           : 20.49 MB
CPU time              : 3.09704 s

UNSATISFIABLE
