Reading from standard input... Use '-h' or '--help' for help.
==================================[MINISAT]===================================
| Conflicts |     ORIGINAL     |              LEARNT              | Progress |
|           | Clauses Literals |   Limit Clauses Literals  Lit/Cl |          |
==============================================================================
|         0 |  212394   591409 |   70798       0        0     nan |  0.000 % |
|       103 |  212404   591409 |   77877      93     8289    89.1 | 29.404 % |
|       254 |  212410   591409 |   85665     238    27816   116.9 | 29.404 % |
|       479 |  212399   591343 |   94232     438    46608   106.4 | 29.415 % |
|       816 |  212427   591343 |  103655     746   148636   199.2 | 29.421 % |
|      1322 |  212388   591211 |  114020    1127   197768   175.5 | 29.422 % |
|      2084 |  212359   591118 |  125422    1808   261890   144.9 | 29.441 % |
|      3224 |  212360   591118 |  137965    1580   231530   146.5 | 29.469 % |
==============================================================================
restarts              : 8
conflicts             : 4249           (6029 /sec)
decisions             : 15398          (21849 /sec)
propagations          : 6743271        (9568167 /sec)
conflict literals     : 459683         (58.92 % deleted)
Memory used           : 15.89 MB
CPU time              : 0.704761 s

UNSATISFIABLE
