Reading from standard input... Use '-h' or '--help' for help.
==================================[MINISAT]===================================
| Conflicts |     ORIGINAL     |              LEARNT              | Progress |
|           | Clauses Literals |   Limit Clauses Literals  Lit/Cl |          |
==============================================================================
|         0 |  214792   593895 |   71597       0        0     nan |  0.000 % |
|       101 |  214793   593895 |   78756     100     4832    48.3 | 28.661 % |
|       252 |  214801   593895 |   86632     242    16219    67.0 | 41.985 % |
|       477 |  214811   593895 |   95295     457    26725    58.5 | 41.985 % |
|       814 |  182920   552741 |  104825     770    40563    52.7 | 41.985 % |
|      1320 |  182944   552741 |  115307    1252    80696    64.5 | 41.985 % |
|      2080 |  182975   552741 |  126838    1973   150136    76.1 | 41.987 % |
|      3219 |  182913   552603 |  139522    3068   215652    70.3 | 42.142 % |
|      4929 |  182216   551553 |  153474    4736   330454    69.8 | 42.230 % |
|      7491 |  180608   549558 |  168821    7085   490437    69.2 | 43.588 % |
|     11336 |  177489   544470 |  185704   10512   751839    71.5 | 43.745 % |
|     17107 |  176248   542721 |  204274   16046  1129006    70.4 | 44.022 % |
==============================================================================
restarts              : 12
conflicts             : 23504          (7624 /sec)
decisions             : 78469          (25455 /sec)
propagations          : 32052380       (10397468 /sec)
conflict literals     : 1516725        (45.21 % deleted)
Memory used           : 20.27 MB
CPU time              : 3.08271 s

UNSATISFIABLE
