Reading from standard input... Use '-h' or '--help' for help.
==================================[MINISAT]===================================
| Conflicts |     ORIGINAL     |              LEARNT              | Progress |
|           | Clauses Literals |   Limit Clauses Literals  Lit/Cl |          |
==============================================================================
|         0 |  330472   919984 |  110157       0        0     nan |  0.000 % |
|       102 |  330484   919984 |  121172      90     1293    14.4 | 28.353 % |
|       255 |  330495   919984 |  133289     232     5506    23.7 | 28.353 % |
|       480 |  330500   919984 |  146618     452    12374    27.4 | 28.353 % |
|       817 |  330508   919984 |  161280     781    28197    36.1 | 28.353 % |
|      1324 |  330524   919984 |  177408    1272    89134    70.1 | 28.353 % |
|      2084 |  330530   919984 |  195149    2026   209376   103.3 | 28.353 % |
|      3225 |  330566   919984 |  214664    3131   359777   114.9 | 28.353 % |
|      4934 |  330581   919984 |  236131    4825   616423   127.8 | 28.353 % |
|      7497 |  289937   864052 |  259744    7213  1049216   145.5 | 38.356 % |
|     11342 |  285582   858253 |  285718   10420  1515262   145.4 | 39.088 % |
|     17108 |  284922   857280 |  314290   16063  2333275   145.3 | 39.539 % |
|     25757 |  282777   854300 |  345719   24223  3858425   159.3 | 39.676 % |
|     38731 |  282553   853826 |  380291   37037  5783786   156.2 | 39.728 % |
|     58193 |  281316   851555 |  418321   55569  7881976   141.8 | 39.946 % |
==============================================================================
restarts              : 15
conflicts             : 69300          (3123 /sec)
decisions             : 272091         (12262 /sec)
propagations          : 139165812      (6271440 /sec)
conflict literals     : 9145834        (50.68 % deleted)
Memory used           : 58.30 MB
CPU time              : 22.1904 s

UNSATISFIABLE
