Reading from standard input... Use '-h' or '--help' for help.
==================================[MINISAT]===================================
| Conflicts |     ORIGINAL     |              LEARNT              | Progress |
|           | Clauses Literals |   Limit Clauses Literals  Lit/Cl |          |
==============================================================================
|         0 |  323100   910425 |  107700       0        0     nan |  0.000 % |
|       100 |  323118   910425 |  118470      82     1115    13.6 | 29.696 % |
|       251 |  323127   910425 |  130317     224    14986    66.9 | 29.696 % |
|       476 |  323134   910425 |  143348     441    26150    59.3 | 42.118 % |
|       814 |  275870   848630 |  157683     761    46455    61.0 | 42.135 % |
|      1325 |  275891   848630 |  173451    1250    83735    67.0 | 42.210 % |
|      2084 |  275446   847928 |  190797    1957   243143   124.2 | 42.210 % |
|      3225 |  275424   847922 |  209876    3061   399401   130.5 | 42.268 % |
|      4934 |  273445   845353 |  230864    4658   534256   114.7 | 42.621 % |
|      7496 |  271840   843127 |  253950    6974   753934   108.1 | 42.905 % |
|     11340 |  268749   837886 |  279346    9738  1062395   109.1 | 43.596 % |
|     17108 |  267996   836743 |  307280   15366  1819150   118.4 | 43.706 % |
|     25760 |  266162   834268 |  338008   23756  2706714   113.9 | 43.991 % |
|     38734 |  264673   831613 |  371809   35178  3769797   107.2 | 44.303 % |
==============================================================================
restarts              : 14
conflicts             : 40852          (5037 /sec)
decisions             : 144910         (17868 /sec)
propagations          : 61140952       (7538857 /sec)
conflict literals     : 4038126        (47.87 % deleted)
Memory used           : 36.37 MB
CPU time              : 8.11011 s

UNSATISFIABLE
