Reading from standard input... Use '-h' or '--help' for help.
==================================[MINISAT]===================================
| Conflicts |     ORIGINAL     |              LEARNT              | Progress |
|           | Clauses Literals |   Limit Clauses Literals  Lit/Cl |          |
==============================================================================
|         0 |  322710   910467 |  107570       0        0     nan |  0.000 % |
|       101 |  322728   910467 |  118327      83     3563    42.9 | 29.743 % |
|       251 |  322744   910467 |  130159     215    11595    53.9 | 45.414 % |
|       476 |  322749   910467 |  143175     435    47298   108.7 | 45.414 % |
|       813 |  266579   839361 |  157493     757    64015    84.6 | 45.414 % |
|      1319 |  266480   839142 |  173242    1225   110802    90.5 | 45.463 % |
|      2079 |  263383   834591 |  190566    1904   157898    82.9 | 46.021 % |
|      3218 |  261215   831558 |  209623    2963   238346    80.4 | 46.265 % |
|      4927 |  259001   828497 |  230585    4551   348353    76.5 | 46.705 % |
|      7490 |  257963   826982 |  253644    6995   499356    71.4 | 47.010 % |
|     11334 |  256659   824916 |  279008   10596   819556    77.3 | 47.238 % |
|     17100 |  254048   820899 |  306909   15283  1140343    74.6 | 47.662 % |
==============================================================================
restarts              : 12
conflicts             : 23589          (5378 /sec)
decisions             : 94708          (21594 /sec)
propagations          : 39976049       (9114799 /sec)
conflict literals     : 1566600        (44.26 % deleted)
Memory used           : 25.68 MB
CPU time              : 4.38584 s

UNSATISFIABLE
