Reading from standard input... Use '-h' or '--help' for help.
==================================[MINISAT]===================================
| Conflicts |     ORIGINAL     |              LEARNT              | Progress |
|           | Clauses Literals |   Limit Clauses Literals  Lit/Cl |          |
==============================================================================
|         0 |  334125   925105 |  111375       0        0     nan |  0.000 % |
|       102 |  334136   925105 |  122512      91     2194    24.1 | 27.672 % |
|       254 |  334146   925105 |  134763     232    14489    62.5 | 27.672 % |
|       481 |  334150   925105 |  148240     454    30221    66.6 | 38.486 % |
|       818 |  290355   866228 |  163064     767    39510    51.5 | 38.504 % |
|      1324 |  290227   865946 |  179370    1133    98178    86.7 | 38.506 % |
|      2090 |  290107   865763 |  197307    1873   199258   106.4 | 38.544 % |
|      3231 |  290133   865763 |  217038    2987   475273   159.1 | 38.554 % |
|      4940 |  289811   865304 |  238742    4626   686497   148.4 | 38.606 % |
|      7502 |  288976   864274 |  262616    7164   907893   126.7 | 38.827 % |
|     11347 |  289013   864274 |  288878   10971  1458657   133.0 | 38.837 % |
|     17113 |  288347   863344 |  317765   16702  2687101   160.9 | 38.942 % |
|     25762 |  287035   861768 |  349542   25269  4111525   162.7 | 39.121 % |
|     38737 |  282405   855634 |  384496   36608  5982219   163.4 | 40.139 % |
|     58198 |  279044   851024 |  422946   55594  8557873   153.9 | 40.661 % |
|     87390 |  278085   849497 |  465241   73011 12229284   167.5 | 40.734 % |

*** INTERRUPTED ***
restarts              : 16
conflicts             : 93608          (3188 /sec)
decisions             : 322593         (10987 /sec)
propagations          : 194866743      (6636965 /sec)
conflict literals     : 14648202       (46.74 % deleted)
Memory used           : 75.31 MB
CPU time              : 29.3608 s

*** INTERRUPTED ***
