Reading from standard input... Use '-h' or '--help' for help.
==================================[MINISAT]===================================
| Conflicts |     ORIGINAL     |              LEARNT              | Progress |
|           | Clauses Literals |   Limit Clauses Literals  Lit/Cl |          |
==============================================================================
|         0 |  212449   591538 |   70816       0        0     nan |  0.000 % |
|       100 |  212462   591538 |   77897      87    10251   117.8 | 29.383 % |
|       251 |  212470   591538 |   85687     230    48757   212.0 | 29.383 % |
|       476 |  212482   591538 |   94256     443   100171   226.1 | 29.383 % |
|       814 |  157360   524761 |  103681     765   111506   145.8 | 52.446 % |
|      1320 |  157372   524761 |  114049    1259   132791   105.5 | 52.446 % |
|      2079 |  157380   524761 |  125454    2010   157726    78.5 | 52.446 % |
|      3218 |  157384   524728 |  138000    3126   198475    63.5 | 52.452 % |
|      4927 |  157323   524686 |  151800    4769   249310    52.3 | 52.454 % |
==============================================================================
restarts              : 9
conflicts             : 6052           (10142 /sec)
decisions             : 19194          (32167 /sec)
propagations          : 8108091        (13588197 /sec)
conflict literals     : 284290         (29.56 % deleted)
Memory used           : 15.24 MB
CPU time              : 0.596701 s

UNSATISFIABLE
