Reading from standard input... Use '-h' or '--help' for help.
==================================[MINISAT]===================================
| Conflicts |     ORIGINAL     |              LEARNT              | Progress |
|           | Clauses Literals |   Limit Clauses Literals  Lit/Cl |          |
==============================================================================
|         0 |  280708   740867 |   93569       0        0     nan |  0.000 % |
|       100 |  280722   740867 |  102925      85     1574    18.5 | 10.749 % |
|       250 |  280745   740867 |  113218     206     4524    22.0 | 10.803 % |
|       478 |  280565   740429 |  124540     401    12560    31.3 | 10.805 % |
|       815 |  279568   739565 |  136994     683    20809    30.5 | 11.480 % |
|      1322 |  279579   739559 |  150693    1171    40901    34.9 | 11.501 % |
==============================================================================
restarts              : 6
conflicts             : 1975           (6480 /sec)
decisions             : 32255          (105825 /sec)
propagations          : 4983843        (16351459 /sec)
conflict literals     : 54419          (26.87 % deleted)
Memory used           : 20.23 MB
CPU time              : 0.304795 s

UNSATISFIABLE
