Reading from standard input... Use '-h' or '--help' for help.
==================================[MINISAT]===================================
| Conflicts |     ORIGINAL     |              LEARNT              | Progress |
|           | Clauses Literals |   Limit Clauses Literals  Lit/Cl |          |
==============================================================================
|         0 |  328049   917236 |  109349       0        0     nan |  0.000 % |
|       102 |  328062   917236 |  120283      89      793     8.9 | 28.746 % |
|       252 |  328066   917236 |  132312     235    34251   145.7 | 28.746 % |
|       477 |  328069   917236 |  145543     457    50417   110.3 | 28.746 % |
|       817 |  328076   917236 |  160097     790   126406   160.0 | 28.746 % |
|      1323 |  328081   917236 |  176107    1291   169507   131.3 | 28.746 % |
|      2085 |  279740   853362 |  193718    2007   225448   112.3 | 41.261 % |
|      3225 |  279364   852903 |  213090    2996   366893   122.5 | 41.296 % |
|      4934 |  279045   852381 |  234399    4589   534129   116.4 | 41.552 % |
|      7496 |  276560   849446 |  257839    7077   779688   110.2 | 41.835 % |
|     11340 |  275312   847793 |  283623   10851  1339414   123.4 | 42.067 % |
|     17106 |  272703   844134 |  311985   16452  1984607   120.6 | 42.514 % |
|     25755 |  269192   838778 |  343184   22758  2785278   122.4 | 43.100 % |
|     38730 |  268502   837557 |  377502   35479  4276306   120.5 | 43.257 % |
|     58193 |  267232   835955 |  415252   53683  6313980   117.6 | 43.549 % |
==============================================================================
restarts              : 15
conflicts             : 65363          (3306 /sec)
decisions             : 207682         (10503 /sec)
propagations          : 117482692      (5941620 /sec)
conflict literals     : 7417698        (49.46 % deleted)
Memory used           : 49.09 MB
CPU time              : 19.7728 s

UNSATISFIABLE
