Reading from standard input... Use '-h' or '--help' for help.
==================================[MINISAT]===================================
| Conflicts |     ORIGINAL     |              LEARNT              | Progress |
|           | Clauses Literals |   Limit Clauses Literals  Lit/Cl |          |
==============================================================================
|         0 |  330224   919253 |  110074       0        0     nan |  0.000 % |
|       100 |  330237   919253 |  121081      87     1278    14.7 | 28.415 % |
|       251 |  330252   919253 |  133189     222     9475    42.7 | 28.423 % |
|       476 |  330271   919253 |  146508     428    19568    45.7 | 28.423 % |
|       814 |  330225   919121 |  161159     739    34670    46.9 | 28.423 % |
|      1320 |  330231   919121 |  177275    1239   110822    89.4 | 28.423 % |
|      2079 |  294469   869374 |  195002    1969   149740    76.0 | 36.911 % |
|      3220 |  294456   869347 |  214503    3069   308382   100.5 | 36.911 % |
|      4929 |  294343   869170 |  235953    4740   498342   105.1 | 36.934 % |
|      7492 |  294298   869059 |  259548    7268   727084   100.0 | 37.267 % |
|     11343 |  292333   866029 |  285503    9719  1926909   198.3 | 37.267 % |
|     17110 |  292230   865783 |  314053   15373  2731932   177.7 | 37.300 % |
|     25759 |  291611   864793 |  345459   23887  4172177   174.7 | 37.457 % |
|     38734 |  290962   863824 |  380005   36769  6094396   165.7 | 37.520 % |
|     58197 |  290644   863308 |  418005   56098  8932845   159.2 | 37.592 % |
|     87389 |  290244   862180 |  459806   84925 13313160   156.8 | 37.900 % |

*** INTERRUPTED ***
restarts              : 16
conflicts             : 100456         (3394 /sec)
decisions             : 357558         (12082 /sec)
propagations          : 198708084      (6714272 /sec)
conflict literals     : 15141768       (49.86 % deleted)
Memory used           : 83.49 MB
CPU time              : 29.5949 s

*** INTERRUPTED ***
