Reading from standard input... Use '-h' or '--help' for help.
==================================[MINISAT]===================================
| Conflicts |     ORIGINAL     |              LEARNT              | Progress |
|           | Clauses Literals |   Limit Clauses Literals  Lit/Cl |          |
==============================================================================
|         0 |  211557   589955 |   70519       0        0     nan |  0.000 % |
|       100 |  211565   589955 |   77570      92     8262    89.8 | 29.634 % |
|       250 |  211571   589955 |   85327     236    21732    92.1 | 29.634 % |
|       475 |  211588   589955 |   93860     442    61397   138.9 | 29.647 % |
|       812 |  211549   589853 |  103246     763    68626    89.9 | 52.203 % |
|      1320 |  211557   589853 |  113571    1262    83195    65.9 | 52.381 % |
|      2081 |  156927   523919 |  124928    1865   102688    55.1 | 52.381 % |
|      3221 |  156938   523919 |  137421    2994   146348    48.9 | 52.381 % |
==============================================================================
restarts              : 8
conflicts             : 3740           (10977 /sec)
decisions             : 13080          (38391 /sec)
propagations          : 5359910        (15731821 /sec)
conflict literals     : 161881         (25.00 % deleted)
Memory used           : 15.10 MB
CPU time              : 0.340705 s

UNSATISFIABLE
