Reading from standard input... Use '-h' or '--help' for help.
==================================[MINISAT]===================================
| Conflicts |     ORIGINAL     |              LEARNT              | Progress |
|           | Clauses Literals |   Limit Clauses Literals  Lit/Cl |          |
==============================================================================
|         0 |  325624   912905 |  108541       0        0     nan |  0.000 % |
|       100 |  325637   912905 |  119395      87     1034    11.9 | 29.244 % |
|       252 |  325651   912905 |  131334     221     6759    30.6 | 38.627 % |
|       477 |  325673   912905 |  144468     424    34010    80.2 | 38.627 % |
|       814 |  286988   860425 |  158914     691    78026   112.9 | 38.657 % |
|      1320 |  286901   860296 |  174806    1181    97534    82.6 | 38.670 % |
|      2080 |  286693   859978 |  192287    1914   150452    78.6 | 38.704 % |
|      3219 |  286700   859978 |  211515    3046   348715   114.5 | 38.704 % |
|      4927 |  286521   859909 |  232667    4707   569093   120.9 | 38.718 % |
|      7489 |  285350   858340 |  255934    7182   833815   116.1 | 38.958 % |
|     11334 |  283516   855898 |  281527   10865  1360509   125.2 | 39.401 % |
|     17100 |  281188   852654 |  309680   16353  2026663   123.9 | 39.616 % |
|     25755 |  278806   849422 |  340648   24175  3226942   133.5 | 40.079 % |
|     38730 |  276886   846746 |  374712   36704  4812753   131.1 | 40.377 % |
|     58191 |  276877   846527 |  412184   55985  7087289   126.6 | 40.423 % |
==============================================================================
restarts              : 15
conflicts             : 69839          (3735 /sec)
decisions             : 260923         (13953 /sec)
propagations          : 127175866      (6800623 /sec)
conflict literals     : 8518672        (47.28 % deleted)
Memory used           : 55.45 MB
CPU time              : 18.7006 s

UNSATISFIABLE
