Reading from standard input... Use '-h' or '--help' for help.
==================================[MINISAT]===================================
| Conflicts |     ORIGINAL     |              LEARNT              | Progress |
|           | Clauses Literals |   Limit Clauses Literals  Lit/Cl |          |
==============================================================================
|         0 |  322507   909519 |  107502       0        0     nan |  0.000 % |
|       101 |  322521   909519 |  118252      87     1404    16.1 | 29.890 % |
|       252 |  322524   909519 |  130077     235    14760    62.8 | 29.890 % |
|       478 |  322533   909519 |  143085     452    35618    78.8 | 29.890 % |
|       816 |  322559   909486 |  157393     734    46161    62.9 | 41.000 % |
|      1322 |  322582   909486 |  173133    1217   103405    85.0 | 41.000 % |
|      2081 |  279392   851858 |  190446    1856   183592    98.9 | 41.000 % |
|      3221 |  279188   851489 |  209490    2979   261508    87.8 | 41.072 % |
|      4929 |  278967   851145 |  230440    4674   383969    82.1 | 41.084 % |
|      7492 |  278681   850779 |  253484    7185   573129    79.8 | 41.125 % |
|     11340 |  278363   850398 |  278832   10911   887425    81.3 | 41.242 % |
|     17108 |  276908   848214 |  306715   16466  1475196    89.6 | 41.418 % |
|     25759 |  276413   847431 |  337387   24963  2463460    98.7 | 41.494 % |
|     38736 |  276096   846789 |  371126   37755  3945811   104.5 | 41.561 % |
|     58197 |  276277   846702 |  408238   56965  6313618   110.8 | 41.570 % |
==============================================================================
restarts              : 15
conflicts             : 80426          (3861 /sec)
decisions             : 263576         (12653 /sec)
propagations          : 171186251      (8217871 /sec)
conflict literals     : 8574185        (54.26 % deleted)
Memory used           : 55.98 MB
CPU time              : 20.831 s

UNSATISFIABLE
