Reading from standard input... Use '-h' or '--help' for help.
==================================[MINISAT]===================================
| Conflicts |     ORIGINAL     |              LEARNT              | Progress |
|           | Clauses Literals |   Limit Clauses Literals  Lit/Cl |          |
==============================================================================
|         0 |  326504   916190 |  108834       0        0     nan |  0.000 % |
|       100 |  326518   916190 |  119717      86     1192    13.9 | 29.062 % |
|       252 |  326521   916190 |  131689     235    12021    51.2 | 29.062 % |
|       478 |  326532   916190 |  144858     450   157427   349.8 | 29.062 % |
|       816 |  326537   916190 |  159343     783   183515   234.4 | 29.062 % |
|      1322 |  269745   843980 |  175278    1254   235578   187.9 | 44.830 % |
|      2084 |  268931   842708 |  192806    1732   305691   176.5 | 44.900 % |
|      3224 |  267658   840857 |  212086    2771   415138   149.8 | 45.118 % |
|      4935 |  265455   837638 |  233295    4099   507516   123.8 | 45.489 % |
|      7499 |  264218   835676 |  256624    6479   748852   115.6 | 45.781 % |
|     11345 |  261173   831307 |  282287   10119  1147129   113.4 | 46.260 % |
|     17111 |  258636   828076 |  310516   15809  1832320   115.9 | 46.765 % |
|     25760 |  257468   825951 |  341567   22533  2496359   110.8 | 47.096 % |
==============================================================================
restarts              : 13
conflicts             : 37169          (3859 /sec)
decisions             : 144582         (15009 /sec)
propagations          : 74268888       (7709895 /sec)
conflict literals     : 3533281        (45.41 % deleted)
Memory used           : 34.05 MB
CPU time              : 9.63293 s

UNSATISFIABLE
