Reading from standard input... Use '-h' or '--help' for help.
==================================[MINISAT]===================================
| Conflicts |     ORIGINAL     |              LEARNT              | Progress |
|           | Clauses Literals |   Limit Clauses Literals  Lit/Cl |          |
==============================================================================
|         0 |  321938   910295 |  107312       0        0     nan |  0.000 % |
|       101 |  321953   910295 |  118043      86    10284   119.6 | 29.901 % |
|       252 |  321974   910295 |  129847     212    13357    63.0 | 53.047 % |
|       477 |  321993   910295 |  142832     407    18261    44.9 | 53.131 % |
|       816 |  234456   803382 |  157115     658    29899    45.4 | 53.135 % |
|      1323 |  234468   803382 |  172827    1153    47360    41.1 | 53.135 % |
|      2082 |  234404   803310 |  190109    1866    76536    41.0 | 53.135 % |
|      3221 |  234430   803310 |  209120    2979   111142    37.3 | 53.135 % |
|      4930 |  234435   803310 |  230032    3924   140733    35.9 | 53.157 % |
==============================================================================
restarts              : 9
conflicts             : 5190           (8090 /sec)
decisions             : 18276          (28487 /sec)
propagations          : 7666678        (11950019 /sec)
conflict literals     : 179734         (33.44 % deleted)
Memory used           : 21.71 MB
CPU time              : 0.641562 s

UNSATISFIABLE
