Reading from standard input... Use '-h' or '--help' for help.
==================================[MINISAT]===================================
| Conflicts |     ORIGINAL     |              LEARNT              | Progress |
|           | Clauses Literals |   Limit Clauses Literals  Lit/Cl |          |
==============================================================================
|         0 |  324479   913162 |  108159       0        0     nan |  0.000 % |
|       101 |  324497   913162 |  118974      83      865    10.4 | 29.424 % |
|       251 |  324519   913162 |  130872     203    16380    80.7 | 29.459 % |
|       476 |  324520   913162 |  143959     427    94013   220.2 | 29.459 % |
|       814 |  268649   842525 |  158355     735   107567   146.3 | 45.056 % |
|      1321 |  267190   840182 |  174191    1142   134690   117.9 | 45.238 % |
|      2083 |  266082   838613 |  191610    1875   203276   108.4 | 45.418 % |
|      3223 |  265450   837637 |  210771    2984   264067    88.5 | 45.548 % |
|      4932 |  265244   837250 |  231848    4650   363351    78.1 | 45.710 % |
|      7494 |  261615   832343 |  255033    7072   528009    74.7 | 46.161 % |
|     11342 |  259306   829363 |  280536   10810   955209    88.4 | 46.757 % |
|     17111 |  256739   825756 |  308590   16360  1459941    89.2 | 47.158 % |
|     25760 |  254858   822820 |  339449   24829  2190267    88.2 | 47.573 % |
==============================================================================
restarts              : 13
conflicts             : 29486          (4329 /sec)
decisions             : 110060         (16158 /sec)
propagations          : 58256510       (8552436 /sec)
conflict literals     : 2414990        (44.64 % deleted)
Memory used           : 29.63 MB
CPU time              : 6.81169 s

UNSATISFIABLE
