Reading from standard input... Use '-h' or '--help' for help.
==================================[MINISAT]===================================
| Conflicts |     ORIGINAL     |              LEARNT              | Progress |
|           | Clauses Literals |   Limit Clauses Literals  Lit/Cl |          |
==============================================================================
|         0 |  320758   907430 |  106919       0        0     nan |  0.000 % |
|       100 |  320774   907430 |  117610      84     1199    14.3 | 30.176 % |
|       251 |  320786   907430 |  129371     219    12399    56.6 | 44.020 % |
|       476 |  320807   907430 |  142309     419    25749    61.5 | 44.073 % |
|       813 |  268967   840904 |  156540     692    48772    70.5 | 44.102 % |
|      1319 |  268987   840904 |  172194    1178   160645   136.4 | 44.102 % |
|      2078 |  268861   840634 |  189413    1903   250454   131.6 | 44.111 % |
|      3219 |  268731   840433 |  208354    3013   384631   127.7 | 44.199 % |
|      4927 |  267569   838600 |  229190    4654   545364   117.2 | 44.423 % |
|      7493 |  265580   835465 |  252109    7040   752338   106.9 | 44.674 % |
|     11338 |  264613   833944 |  277320   10742  1007775    93.8 | 44.897 % |
|     17107 |  262524   830644 |  305052   16115  1490236    92.5 | 45.198 % |
|     25757 |  261962   829621 |  335557   24568  2236797    91.0 | 45.292 % |
==============================================================================
restarts              : 13
conflicts             : 37364          (4745 /sec)
decisions             : 142794         (18133 /sec)
propagations          : 63765528       (8097236 /sec)
conflict literals     : 3121622        (46.93 % deleted)
Memory used           : 32.91 MB
CPU time              : 7.87498 s

UNSATISFIABLE
