Reading from standard input... Use '-h' or '--help' for help.
==================================[MINISAT]===================================
| Conflicts |     ORIGINAL     |              LEARNT              | Progress |
|           | Clauses Literals |   Limit Clauses Literals  Lit/Cl |          |
==============================================================================
|         0 |  139761   379953 |   46587       0        0     nan |  0.000 % |
|       100 |  139767   379953 |   51245      94     1108    11.8 | 27.163 % |
|       251 |  139777   379953 |   56370     235    11883    50.6 | 27.163 % |
|       476 |  139794   379953 |   62007     443    21235    47.9 | 27.163 % |
|       813 |  139804   379953 |   68208     770    32694    42.5 | 27.163 % |
|      1319 |  139838   379953 |   75028    1242    71647    57.7 | 27.163 % |
|      2081 |  139850   379953 |   82531    1992   103790    52.1 | 27.163 % |
|      3220 |  130281   365207 |   90784    3078   149037    48.4 | 31.862 % |
|      4929 |  130244   365111 |   99863    4736   236447    49.9 | 31.919 % |
|      7491 |  130018   364847 |  109849    7260   476273    65.6 | 31.985 % |
|     11341 |  129974   364640 |  120834   11004   717851    65.2 | 32.033 % |
|     17108 |  129836   364319 |  132918   16673  1089062    65.3 | 32.118 % |
==============================================================================
restarts              : 12
conflicts             : 19782          (9394 /sec)
decisions             : 61324          (29121 /sec)
propagations          : 26195786       (12439584 /sec)
conflict literals     : 1239991        (46.57 % deleted)
Memory used           : 15.02 MB
CPU time              : 2.10584 s

UNSATISFIABLE
