Reading from standard input... Use '-h' or '--help' for help.
==================================[MINISAT]===================================
| Conflicts |     ORIGINAL     |              LEARNT              | Progress |
|           | Clauses Literals |   Limit Clauses Literals  Lit/Cl |          |
==============================================================================
|         0 |  213845   593084 |   71281       0        0     nan |  0.000 % |
|       101 |  213851   593084 |   78409      93     5214    56.1 | 43.976 % |
|       252 |  213858   593084 |   86250     236    14720    62.4 | 43.989 % |
|       478 |  213862   593084 |   94875     457    30240    66.2 | 44.023 % |
|       815 |  179348   549696 |  104362     778    52187    67.1 | 44.037 % |
|      1321 |  179063   549222 |  114798    1260   105077    83.4 | 44.121 % |
|      2080 |  178423   548376 |  126278    1982   148003    74.7 | 44.230 % |
|      3219 |  177930   547683 |  138906    3079   226536    73.6 | 44.328 % |
|      4927 |  177540   547117 |  152797    4728   373472    79.0 | 44.437 % |
|      7491 |  174347   542264 |  168076    7039   543494    77.2 | 45.252 % |
|     11337 |  173470   541292 |  184884   10791   788068    73.0 | 45.491 % |
|     17105 |  172582   539984 |  203373   16367  1216136    74.3 | 45.729 % |
==============================================================================
restarts              : 12
conflicts             : 22789          (6422 /sec)
decisions             : 82997          (23387 /sec)
propagations          : 38660304       (10893765 /sec)
conflict literals     : 1537509        (43.35 % deleted)
Memory used           : 20.46 MB
CPU time              : 3.54885 s

UNSATISFIABLE
