Reading from standard input... Use '-h' or '--help' for help.
==================================[MINISAT]===================================
| Conflicts |     ORIGINAL     |              LEARNT              | Progress |
|           | Clauses Literals |   Limit Clauses Literals  Lit/Cl |          |
==============================================================================
|         0 |  218789   599099 |   72929       0        0     nan |  0.000 % |
|       100 |  218793   599099 |   80221      96     4893    51.0 | 27.510 % |
|       253 |  218800   599099 |   88244     242    11674    48.2 | 27.510 % |
|       480 |  218803   599099 |   97068     465    43486    93.5 | 39.281 % |
|       824 |  188798   559051 |  106775     754    54231    71.9 | 39.566 % |
|      1330 |  188307   558436 |  117452    1194    81558    68.3 | 39.697 % |
|      2089 |  188179   558214 |  129198    1898   115707    61.0 | 39.827 % |
|      3229 |  187670   557395 |  142117    2959   211540    71.5 | 39.945 % |
|      4938 |  180390   546791 |  156329    3978   293797    73.9 | 42.199 % |
|      7500 |  179612   545810 |  171962    6376   455893    71.5 | 42.404 % |
|     11347 |  178851   544886 |  189159   10058   704173    70.0 | 42.566 % |
|     17113 |  178118   543563 |  208074   15488  1029913    66.5 | 42.780 % |
|     25762 |  177988   543296 |  228882   24017  1632542    68.0 | 42.818 % |
==============================================================================
restarts              : 13
conflicts             : 29579          (5605 /sec)
decisions             : 101500         (19232 /sec)
propagations          : 38142010       (7227200 /sec)
conflict literals     : 1910031        (44.96 % deleted)
Memory used           : 22.29 MB
CPU time              : 5.27756 s

UNSATISFIABLE
