Reading from standard input... Use '-h' or '--help' for help.
==================================[MINISAT]===================================
| Conflicts |     ORIGINAL     |              LEARNT              | Progress |
|           | Clauses Literals |   Limit Clauses Literals  Lit/Cl |          |
==============================================================================
|         0 |  319219   905520 |  106406       0        0     nan |  0.000 % |
|       101 |  319240   905520 |  117046      80      940    11.8 | 30.475 % |
|       252 |  319246   905520 |  128751     225    12726    56.6 | 30.475 % |
|       477 |  319265   905520 |  141626     431    47050   109.2 | 30.475 % |
|       814 |  264070   836892 |  155789     731    78029   106.7 | 45.821 % |
|      1321 |  263929   836709 |  171367    1205   102593    85.1 | 45.828 % |
|      2084 |  263951   836709 |  188504    1944   209884   108.0 | 45.840 % |
|      3223 |  263874   836541 |  207355    3054   318030   104.1 | 45.910 % |
|      4932 |  263436   835863 |  228090    4753   684870   144.1 | 45.910 % |
|      7494 |  263443   835794 |  250899    7251   977910   134.9 | 45.919 % |
|     11340 |  262707   835002 |  275989   11016  1362074   123.6 | 46.047 % |
|     17108 |  259393   829938 |  303588   16617  2008567   120.9 | 46.560 % |
|     25757 |  256673   825234 |  333947   22202  2554167   115.0 | 47.095 % |
==============================================================================
restarts              : 13
conflicts             : 28314          (5105 /sec)
decisions             : 109117         (19675 /sec)
propagations          : 52174109       (9407393 /sec)
conflict literals     : 2916728        (44.55 % deleted)
Memory used           : 31.30 MB
CPU time              : 5.54608 s

UNSATISFIABLE
