Reading from standard input... Use '-h' or '--help' for help.
==================================[MINISAT]===================================
| Conflicts |     ORIGINAL     |              LEARNT              | Progress |
|           | Clauses Literals |   Limit Clauses Literals  Lit/Cl |          |
==============================================================================
|         0 |  320537   907514 |  106845       0        0     nan |  0.000 % |
|       100 |  320553   907514 |  117529      84     4072    48.5 | 30.210 % |
|       250 |  320574   907514 |  129282     213    19033    89.4 | 30.210 % |
|       476 |  320579   907514 |  142210     434    35709    82.3 | 30.210 % |
|       813 |  320518   907430 |  156431     762   158227   207.6 | 44.285 % |
|      1320 |  320544   907430 |  172074    1238   194328   157.0 | 44.307 % |
|      2080 |  268850   840436 |  189282    1783   197017   110.5 | 44.438 % |
|      3219 |  268126   839359 |  208210    2849   294595   103.4 | 44.481 % |
|      4929 |  267870   838933 |  229031    4501   416129    92.5 | 44.517 % |
|      7491 |  267565   838414 |  251934    7008   608795    86.9 | 44.605 % |
|     11335 |  265977   835987 |  277128   10685   940419    88.0 | 44.819 % |
|     17101 |  265459   835081 |  304841   16349  1439794    88.1 | 44.935 % |
|     25753 |  264427   833398 |  335325   24828  2263230    91.2 | 45.071 % |
|     38728 |  263295   831601 |  368857   37576  3324831    88.5 | 45.285 % |
==============================================================================
restarts              : 14
conflicts             : 40614          (4814 /sec)
decisions             : 147306         (17459 /sec)
propagations          : 77499821       (9185652 /sec)
conflict literals     : 3473439        (47.46 % deleted)
Memory used           : 34.75 MB
CPU time              : 8.43705 s

UNSATISFIABLE
