Reading from standard input... Use '-h' or '--help' for help.
==================================[MINISAT]===================================
| Conflicts |     ORIGINAL     |              LEARNT              | Progress |
|           | Clauses Literals |   Limit Clauses Literals  Lit/Cl |          |
==============================================================================
|         0 |  133976   372868 |   44658       0        0     nan |  0.000 % |
|       100 |  133986   372868 |   49123      90      817     9.1 | 29.671 % |
|       251 |  133993   372868 |   54036     234    20013    85.5 | 29.671 % |
|       476 |  134001   372868 |   59439     451    31455    69.7 | 29.671 % |
|       815 |  134014   372868 |   65383     777    46073    59.3 | 29.671 % |
|      1321 |  134035   372868 |   71922    1262    86072    68.2 | 29.671 % |
|      2081 |  134065   372868 |   79114    1992   143553    72.1 | 29.671 % |
|      3221 |  134106   372868 |   87025    3091   201348    65.1 | 29.671 % |
|      4930 |  134135   372868 |   95728    4771   296246    62.1 | 29.671 % |
|      7493 |  134172   372868 |  105301    7297   433401    59.4 | 29.671 % |
==============================================================================
restarts              : 10
conflicts             : 9237           (8676 /sec)
decisions             : 30187          (28353 /sec)
propagations          : 12432315       (11676824 /sec)
conflict literals     : 543645         (63.50 % deleted)
Memory used           : 12.29 MB
CPU time              : 1.0647 s

UNSATISFIABLE
