Reading from standard input... Use '-h' or '--help' for help.
==================================[MINISAT]===================================
| Conflicts |     ORIGINAL     |              LEARNT              | Progress |
|           | Clauses Literals |   Limit Clauses Literals  Lit/Cl |          |
==============================================================================
|         0 |  322198   909685 |  107399       0        0     nan |  0.000 % |
|       100 |  322212   909685 |  118138      86      812     9.4 | 29.875 % |
|       250 |  322223   909685 |  129952     221     3075    13.9 | 42.490 % |
|       475 |  322228   909685 |  142948     440    34853    79.2 | 42.495 % |
|       812 |  275257   847631 |  157242     740    53876    72.8 | 42.505 % |
|      1318 |  275160   847427 |  172967    1200   106564    88.8 | 42.572 % |
|      2077 |  274781   846725 |  190263    1869   204267   109.3 | 42.576 % |
|      3216 |  274712   846719 |  209290    2991   318170   106.4 | 42.581 % |
|      4925 |  274626   846593 |  230219    4663   516544   110.8 | 42.630 % |
|      7488 |  273986   845716 |  253241    6983   793514   113.6 | 42.746 % |
|     11332 |  272782   844230 |  278565   10747  1089226   101.4 | 42.934 % |
|     17099 |  272513   843783 |  306421   16410  1855730   113.1 | 42.974 % |
|     25752 |  272473   843591 |  337064   24962  3138165   125.7 | 43.062 % |
|     38729 |  270663   840674 |  370770   37115  4568824   123.1 | 43.345 % |
|     58190 |  267212   834974 |  407847   47484  5956651   125.4 | 43.999 % |
==============================================================================
restarts              : 15
conflicts             : 59133          (4565 /sec)
decisions             : 212598         (16413 /sec)
propagations          : 117884842      (9101136 /sec)
conflict literals     : 6761028        (48.87 % deleted)
Memory used           : 45.43 MB
CPU time              : 12.9528 s

UNSATISFIABLE
