Reading from standard input... Use '-h' or '--help' for help.
==================================[MINISAT]===================================
| Conflicts |     ORIGINAL     |              LEARNT              | Progress |
|           | Clauses Literals |   Limit Clauses Literals  Lit/Cl |          |
==============================================================================
|         0 |  325101   912799 |  108367       0        0     nan |  0.000 % |
|       101 |  325118   912799 |  119203      84     1051    12.5 | 29.339 % |
|       252 |  325121   912799 |  131124     232    17963    77.4 | 29.339 % |
|       477 |  325131   912799 |  144236     446    45076   101.1 | 40.285 % |
|       814 |  325156   912799 |  158660     758    63812    84.2 | 40.285 % |
|      1320 |  282062   855403 |  174526    1253    93104    74.3 | 40.285 % |
|      2079 |  282035   855397 |  191978    1984   147184    74.2 | 40.286 % |
|      3222 |  282030   855394 |  211176    3101   245578    79.2 | 40.320 % |
|      4932 |  281920   855156 |  232294    4748   359862    75.8 | 40.320 % |
|      7495 |  281882   855069 |  255523    7291   589262    80.8 | 40.488 % |
|     11339 |  280592   853527 |  281076   11081  1112785   100.4 | 40.563 % |
|     17105 |  279813   852531 |  309183   16783  1960235   116.8 | 40.696 % |
|     25757 |  278227   850530 |  340102   25290  2991956   118.3 | 41.035 % |
|     38732 |  277478   849237 |  374112   38123  4916655   129.0 | 41.049 % |
|     58195 |  277347   848763 |  411523   57313  7791672   135.9 | 41.092 % |
|     87387 |  277482   848763 |  452675   86354 11637312   134.8 | 41.577 % |
==============================================================================
restarts              : 16
conflicts             : 94810          (3417 /sec)
decisions             : 279186         (10063 /sec)
propagations          : 186607896      (6726199 /sec)
conflict literals     : 12288301       (49.83 % deleted)
Memory used           : 72.12 MB
CPU time              : 27.7434 s

UNSATISFIABLE
