Reading from standard input... Use '-h' or '--help' for help.
==================================[MINISAT]===================================
| Conflicts |     ORIGINAL     |              LEARNT              | Progress |
|           | Clauses Literals |   Limit Clauses Literals  Lit/Cl |          |
==============================================================================
|         0 |  142792   383813 |   47597       0        0     nan |  0.000 % |
|       100 |  142800   383813 |   52356      91     4551    50.0 | 25.729 % |
|       252 |  142809   383813 |   57592     234    12921    55.2 | 25.729 % |
|       477 |  142822   383813 |   63351     446    27256    61.1 | 25.729 % |
|       815 |  142742   383708 |   69686     768    54048    70.4 | 30.474 % |
|      1322 |  133312   369126 |   76655    1221    69759    57.1 | 30.511 % |
|      2083 |  133321   369126 |   84320    1972   104568    53.0 | 30.536 % |
|      3222 |  133173   369054 |   92753    3071   178639    58.2 | 30.536 % |
|      4931 |  133019   368814 |  102028    4757   276620    58.2 | 30.610 % |
|      7493 |  133026   368742 |  112231    7261   512731    70.6 | 30.624 % |
|     11337 |  132911   368560 |  123454   11064   923199    83.4 | 30.664 % |
|     17106 |  132975   368560 |  135799   16736  1503646    89.8 | 30.672 % |
|     25756 |  132866   368266 |  149379   25282  2571171   101.7 | 30.914 % |
==============================================================================
restarts              : 13
conflicts             : 33229          (7996 /sec)
decisions             : 110629         (26621 /sec)
propagations          : 42559216       (10241001 /sec)
conflict literals     : 3311243        (44.87 % deleted)
Memory used           : 23.98 MB
CPU time              : 4.15577 s

UNSATISFIABLE
