Reading from standard input... Use '-h' or '--help' for help.
==================================[MINISAT]===================================
| Conflicts |     ORIGINAL     |              LEARNT              | Progress |
|           | Clauses Literals |   Limit Clauses Literals  Lit/Cl |          |
==============================================================================
|         0 |  324891   913690 |  108297       0        0     nan |  0.000 % |
|       101 |  324900   913690 |  119126      92     1758    19.1 | 29.315 % |
|       251 |  324908   913690 |  131039     228     9804    43.0 | 45.119 % |
|       476 |  267875   840900 |  144143     403    23278    57.8 | 45.149 % |
|       813 |  267895   840900 |  158557     718    58730    81.8 | 45.196 % |
|      1320 |  267311   839875 |  174413    1203    90906    75.6 | 45.329 % |
|      2081 |  266682   839464 |  191854    1898   131917    69.5 | 45.462 % |
|      3221 |  266251   838801 |  211040    3011   225835    75.0 | 45.487 % |
|      4929 |  265335   837490 |  232144    4633   368022    79.4 | 45.812 % |
|      7491 |  263553   834808 |  255358    7121   630169    88.5 | 45.958 % |
|     11336 |  259046   828612 |  280894    9592   949069    98.9 | 47.111 % |
|     17102 |  257246   825924 |  308983   15171  1528613   100.8 | 47.246 % |
|     25752 |  256252   824424 |  339882   23630  2239305    94.8 | 47.442 % |
==============================================================================
restarts              : 13
conflicts             : 32406          (3867 /sec)
decisions             : 115055         (13728 /sec)
propagations          : 62115368       (7411621 /sec)
conflict literals     : 2723044        (47.36 % deleted)
Memory used           : 31.23 MB
CPU time              : 8.38081 s

UNSATISFIABLE
