Reading from standard input... Use '-h' or '--help' for help.
==================================[MINISAT]===================================
| Conflicts |     ORIGINAL     |              LEARNT              | Progress |
|           | Clauses Literals |   Limit Clauses Literals  Lit/Cl |          |
==============================================================================
|         0 |  321886   909715 |  107295       0        0     nan |  0.000 % |
|       100 |  321898   909715 |  118024      88     1173    13.3 | 29.903 % |
|       251 |  321901   909715 |  129826     236    24147   102.3 | 29.903 % |
|       477 |  321912   909715 |  142809     450    43520    96.7 | 29.905 % |
|       814 |  321909   909682 |  157090     768   102563   133.5 | 29.905 % |
|      1320 |  321938   909682 |  172799    1244   176183   141.6 | 45.702 % |
|      2079 |  265724   838539 |  190079    1959   223402   114.0 | 45.744 % |
|      3218 |  265754   838539 |  209087    3068   311625   101.6 | 45.744 % |
|      4928 |  265742   838485 |  229996    4741   465737    98.2 | 45.839 % |
|      7490 |  264765   837046 |  252995    7222   726691   100.6 | 46.199 % |
|     11334 |  260751   831211 |  278295   10980  1019552    92.9 | 46.642 % |
|     17101 |  259988   829951 |  306125   16676  1530216    91.8 | 46.781 % |
|     25757 |  259496   829066 |  336737   25187  2289527    90.9 | 46.865 % |
==============================================================================
restarts              : 13
conflicts             : 30361          (4239 /sec)
decisions             : 99735          (13924 /sec)
propagations          : 58249784       (8132067 /sec)
conflict literals     : 2616688        (49.83 % deleted)
Memory used           : 31.22 MB
CPU time              : 7.16297 s

UNSATISFIABLE
