Reading from standard input... Use '-h' or '--help' for help.
==================================[MINISAT]===================================
| Conflicts |     ORIGINAL     |              LEARNT              | Progress |
|           | Clauses Literals |   Limit Clauses Literals  Lit/Cl |          |
==============================================================================
|         0 |  328028   916507 |  109342       0        0     nan |  0.000 % |
|       100 |  328040   916507 |  120276      88     1084    12.3 | 28.766 % |
|       250 |  328050   916507 |  132303     225    12794    56.9 | 28.773 % |
|       476 |  288687   862850 |  145534     412    21327    51.8 | 38.525 % |
|       814 |  288697   862850 |  160087     739   146286   198.0 | 38.564 % |
|      1324 |  288448   862493 |  176096    1215   187431   154.3 | 38.583 % |
|      2084 |  288477   862493 |  193706    1946   244317   125.5 | 38.583 % |
|      3224 |  288158   862028 |  213076    3045   392905   129.0 | 38.656 % |
|      4932 |  288195   862028 |  234384    4715   581010   123.2 | 38.671 % |
|      7494 |  286943   860193 |  257822    6877  1407737   204.7 | 38.840 % |
|     11343 |  284177   857182 |  283604   10332  1861406   180.2 | 39.361 % |
|     17112 |  279133   848966 |  311965   15311  2469912   161.3 | 40.854 % |
|     25761 |  276057   844865 |  343162   23403  3304136   141.2 | 41.031 % |
|     38737 |  272892   840346 |  377478   34944  4347040   124.4 | 42.185 % |
==============================================================================
restarts              : 14
conflicts             : 44894          (5459 /sec)
decisions             : 181727         (22096 /sec)
propagations          : 66811212       (8123567 /sec)
conflict literals     : 4889601        (42.20 % deleted)
Memory used           : 39.33 MB
CPU time              : 8.22437 s

UNSATISFIABLE
