Reading from standard input... Use '-h' or '--help' for help.
==================================[MINISAT]===================================
| Conflicts |     ORIGINAL     |              LEARNT              | Progress |
|           | Clauses Literals |   Limit Clauses Literals  Lit/Cl |          |
==============================================================================
|         0 |  327599   915554 |  109199       0        0     nan |  0.000 % |
|       102 |  327616   915554 |  120118      85     1431    16.8 | 28.920 % |
|       254 |  327627   915554 |  132130     223     6090    27.3 | 28.930 % |
|       479 |  292410   866495 |  145343     386    17841    46.2 | 37.205 % |
|       817 |  292420   866495 |  159878     714    46504    65.1 | 37.205 % |
|      1323 |  292354   866378 |  175866    1207    67653    56.1 | 37.216 % |
|      2082 |  291854   865562 |  193452    1938   120722    62.3 | 37.356 % |
|      3223 |  291104   864617 |  212797    2942   188657    64.1 | 37.481 % |
|      4932 |  290865   864182 |  234077    4603   348025    75.6 | 37.525 % |
|      7494 |  290934   864182 |  257485    7090   702041    99.0 | 37.868 % |
|     11338 |  288947   861391 |  283234   10089  1321494   131.0 | 37.984 % |
|     17105 |  286794   858604 |  311557   15746  2223430   141.2 | 39.747 % |
|     25754 |  278519   846166 |  342713   22786  3183021   139.7 | 39.849 % |
|     38735 |  278352   845848 |  376984   35502  4557608   128.4 | 39.910 % |
==============================================================================
restarts              : 14
conflicts             : 54934          (4114 /sec)
decisions             : 193471         (14488 /sec)
propagations          : 78714896       (5894642 /sec)
conflict literals     : 5995277        (45.49 % deleted)
Memory used           : 45.34 MB
CPU time              : 13.3536 s

UNSATISFIABLE
