Reading from standard input... Use '-h' or '--help' for help.
==================================[MINISAT]===================================
| Conflicts |     ORIGINAL     |              LEARNT              | Progress |
|           | Clauses Literals |   Limit Clauses Literals  Lit/Cl |          |
==============================================================================
|         0 | 3917482  9828633 | 1305827       0        0     nan |  0.000 % |
|       109 | 3917483  9828633 | 1436409     108    28583   264.7 |  8.620 % |
|       260 | 3917487  9828633 | 1580050     254    56295   221.6 |  8.620 % |
|       485 | 3917489  9828633 | 1738055     477    82484   172.9 |  8.620 % |
|       829 | 3917491  9828633 | 1911861     818   152433   186.3 |  8.620 % |
|      1342 | 3917499  9828633 | 2103047    1323   293851   222.1 |  8.620 % |
|      2101 | 3917501  9828633 | 2313352    2080   394399   189.6 |  8.620 % |
|      3242 | 3917512  9828633 | 2544687    3210   939847   292.8 |  8.620 % |
|      4950 | 3917516  9828615 | 2799156    4896  1789678   365.5 |  8.620 % |
|      7513 | 3917539  9828615 | 3079071    7433  3692770   496.8 |  8.620 % |
|     11358 | 3917581  9828606 | 3386978   11218  6564142   585.1 |  8.622 % |
|     17125 | 3917487  9828480 | 3725676   16946 11856349   699.7 |  8.622 % |
|     25774 | 3917487  9828444 | 4098244   25551 21042683   823.6 |  8.623 % |

*** INTERRUPTED ***
restarts              : 13
conflicts             : 30122          (920 /sec)
decisions             : 312599         (9548 /sec)
propagations          : 100590125      (3072564 /sec)
conflict literals     : 22978234       (7.84 % deleted)
Memory used           : 283.56 MB
CPU time              : 32.7382 s

*** INTERRUPTED ***
