Reading from standard input... Use '-h' or '--help' for help.
==================================[MINISAT]===================================
| Conflicts |     ORIGINAL     |              LEARNT              | Progress |
|           | Clauses Literals |   Limit Clauses Literals  Lit/Cl |          |
==============================================================================
|         0 |  340600   932014 |  113533       0        0     nan |  0.000 % |
|       104 |  340614   932014 |  124886      90     1985    22.1 | 26.547 % |
|       254 |  340617   932014 |  137374     237     9021    38.1 | 26.547 % |
|       479 |  340623   932014 |  151112     456    32301    70.8 | 26.547 % |
|       816 |  340619   931969 |  166223     768    61751    80.4 | 26.582 % |
|      1323 |  340643   931969 |  182846    1249    87658    70.2 | 33.543 % |
|      2083 |  308796   886323 |  201130    1957   142185    72.7 | 33.566 % |
|      3222 |  308649   886116 |  221243    3082   585698   190.0 | 33.566 % |
|      4931 |  308558   885942 |  243368    4768   713227   149.6 | 33.650 % |
|      7497 |  307632   884904 |  267704    7288   941068   129.1 | 33.833 % |
|     11343 |  307071   884148 |  294475   11014  1448369   131.5 | 33.856 % |
|     17112 |  306152   882945 |  323922   16696  2147070   128.6 | 34.030 % |
|     25763 |  300541   875613 |  356315   21730  2684450   123.5 | 35.015 % |

*** INTERRUPTED ***
restarts              : 13
conflicts             : 32270          (5355 /sec)
decisions             : 186906         (31019 /sec)
propagations          : 63847798       (10596093 /sec)
conflict literals     : 4127955        (26.36 % deleted)
Memory used           : 36.07 MB
CPU time              : 6.0256 s

*** INTERRUPTED ***
