Reading from standard input... Use '-h' or '--help' for help.
==================================[MINISAT]===================================
| Conflicts |     ORIGINAL     |              LEARNT              | Progress |
|           | Clauses Literals |   Limit Clauses Literals  Lit/Cl |          |
==============================================================================
|         0 |  320558   907751 |  106852       0        0     nan |  0.000 % |
|       100 |  320572   907751 |  117537      86     1262    14.7 | 30.163 % |
|       251 |  320574   907751 |  129290     235    19975    85.0 | 30.163 % |
|       478 |  320583   907751 |  142220     452    32516    71.9 | 46.050 % |
|       815 |  264694   836192 |  156442     767    67600    88.1 | 46.115 % |
|      1324 |  264712   836192 |  172086    1257   103337    82.2 | 46.131 % |
|      2083 |  264196   835355 |  189294    1898   137231    72.3 | 46.140 % |
|      3222 |  263832   834896 |  208224    3007   208354    69.3 | 46.193 % |
|      4931 |  263331   834134 |  229046    4387   329611    75.1 | 46.529 % |
|      7495 |  261193   830963 |  251951    6889   504708    73.3 | 46.642 % |
|     11340 |  259373   827852 |  277146    8126   670554    82.5 | 47.083 % |
|     17106 |  257033   824822 |  304861   13749  1060115    77.1 | 47.515 % |
==============================================================================
restarts              : 12
conflicts             : 25129          (5229 /sec)
decisions             : 85605          (17813 /sec)
propagations          : 46334287       (9641196 /sec)
conflict literals     : 1745325        (46.25 % deleted)
Memory used           : 26.48 MB
CPU time              : 4.80586 s

UNSATISFIABLE
