Reading from standard input... Use '-h' or '--help' for help.
==================================[MINISAT]===================================
| Conflicts |     ORIGINAL     |              LEARNT              | Progress |
|           | Clauses Literals |   Limit Clauses Literals  Lit/Cl |          |
==============================================================================
|         0 |  211972   590291 |   70657       0        0     nan |  0.000 % |
|       100 |  211978   590291 |   77722      92    10784   117.2 | 46.776 % |
|       250 |  211995   590291 |   85494     224    18130    80.9 | 46.795 % |
|       481 |  211998   590291 |   94044     452    52470   116.1 | 46.795 % |
|       819 |  173420   542516 |  103448     775    86189   111.2 | 46.795 % |
|      1327 |  173432   542450 |  113793    1065    96839    90.9 | 46.880 % |
|      2087 |  170732   538771 |  125173    1758   184953   105.2 | 47.557 % |
|      3229 |  170120   537855 |  137690    2843   278937    98.1 | 48.021 % |
|      4939 |  169058   536514 |  151459    4471   442992    99.1 | 48.037 % |
|      7503 |  167010   533868 |  166605    6556   624426    95.2 | 48.557 % |
==============================================================================
restarts              : 10
conflicts             : 10743          (8829 /sec)
decisions             : 39365          (32353 /sec)
propagations          : 15194225       (12487703 /sec)
conflict literals     : 860648         (38.96 % deleted)
Memory used           : 16.79 MB
CPU time              : 1.21673 s

UNSATISFIABLE
