Reading from standard input... Use '-h' or '--help' for help.
==================================[MINISAT]===================================
| Conflicts |     ORIGINAL     |              LEARNT              | Progress |
|           | Clauses Literals |   Limit Clauses Literals  Lit/Cl |          |
==============================================================================
|         0 |  327821   916997 |  109273       0        0     nan |  0.000 % |
|       100 |  327838   916997 |  120200      83      961    11.6 | 28.793 % |
|       250 |  327844   916997 |  132220     227    16399    72.2 | 28.793 % |
|       475 |  327858   916997 |  145442     438    49001   111.9 | 28.793 % |
|       813 |  280346   854408 |  159986     747   144919   194.0 | 41.192 % |
|      1319 |  280297   854270 |  175985    1204   166928   138.6 | 41.290 % |
|      2078 |  280318   854270 |  193583    1942   220060   113.3 | 41.290 % |
|      3219 |  279565   853297 |  212942    3035   346983   114.3 | 41.355 % |
|      4928 |  279338   852883 |  234236    4677   560848   119.9 | 41.372 % |
|      7490 |  277915   850423 |  257660    7129   837730   117.5 | 41.816 % |
|     11334 |  275516   847203 |  283426   10417  1528961   146.8 | 42.352 % |
|     17100 |  273005   843968 |  311768   15930  2297731   144.2 | 42.668 % |
|     25749 |  272154   842599 |  342945   24434  3471785   142.1 | 43.380 % |
|     38724 |  268481   838073 |  377240   37014  4931000   133.2 | 43.536 % |
|     58186 |  267463   836294 |  414964   56189  6907039   122.9 | 43.719 % |
==============================================================================
restarts              : 15
conflicts             : 59563          (3209 /sec)
decisions             : 214100         (11536 /sec)
propagations          : 111604139      (6013281 /sec)
conflict literals     : 7074663        (49.12 % deleted)
Memory used           : 49.74 MB
CPU time              : 18.5596 s

UNSATISFIABLE
