Reading from standard input... Use '-h' or '--help' for help.
==================================[MINISAT]===================================
| Conflicts |     ORIGINAL     |              LEARNT              | Progress |
|           | Clauses Literals |   Limit Clauses Literals  Lit/Cl |          |
==============================================================================
|         0 |  326549   916800 |  108849       0        0     nan |  0.000 % |
|       102 |  326560   916800 |  119733      91     1304    14.3 | 29.040 % |
|       252 |  326569   916800 |  131707     232    17144    73.9 | 29.040 % |
|       478 |  326576   916767 |  144878     424    36447    86.0 | 29.048 % |
|       816 |  326592   916767 |  159365     743    75888   102.1 | 29.059 % |
|      1324 |  256982   828260 |  175302    1110    97926    88.2 | 48.143 % |
|      2083 |  256783   827984 |  192832    1835   145440    79.3 | 48.193 % |
|      3224 |  255637   826274 |  212115    2922   266663    91.3 | 48.528 % |
|      4932 |  252538   821115 |  233327    3848   346383    90.0 | 48.977 % |
|      7494 |  250889   818658 |  256660    6344   527500    83.1 | 49.303 % |
|     11338 |  246929   813048 |  282326   10007   753546    75.3 | 49.809 % |
==============================================================================
restarts              : 11
conflicts             : 13972          (5460 /sec)
decisions             : 58342          (22798 /sec)
propagations          : 28097887       (10979610 /sec)
conflict literals     : 895773         (38.53 % deleted)
Memory used           : 23.28 MB
CPU time              : 2.5591 s

UNSATISFIABLE
