Reading from standard input... Use '-h' or '--help' for help.
==================================[MINISAT]===================================
| Conflicts |     ORIGINAL     |              LEARNT              | Progress |
|           | Clauses Literals |   Limit Clauses Literals  Lit/Cl |          |
==============================================================================
|         0 |  323943   913429 |  107981       0        0     nan |  0.000 % |
|       103 |  323956   913429 |  118779      88    17215   195.6 | 29.521 % |
|       254 |  323965   913429 |  130657     226    22295    98.7 | 53.004 % |
|       479 |  323990   913429 |  143722     417    26759    64.2 | 53.223 % |
|       816 |  323999   913429 |  158094     744    35784    48.1 | 53.269 % |
|      1323 |  233812   802479 |  173904    1171    47241    40.3 | 53.269 % |
|      2084 |  233820   802479 |  191294    1924    70657    36.7 | 53.269 % |
|      3224 |  233831   802479 |  210424    3053   110118    36.1 | 53.269 % |
==============================================================================
restarts              : 8
conflicts             : 4485           (7543 /sec)
decisions             : 17841          (30005 /sec)
propagations          : 6504826        (10939798 /sec)
conflict literals     : 164969         (30.32 % deleted)
Memory used           : 21.72 MB
CPU time              : 0.594602 s

UNSATISFIABLE
