Reading from standard input... Use '-h' or '--help' for help.
==================================[MINISAT]===================================
| Conflicts |     ORIGINAL     |              LEARNT              | Progress |
|           | Clauses Literals |   Limit Clauses Literals  Lit/Cl |          |
==============================================================================
|         0 |  214096   593605 |   71365       0        0     nan |  0.000 % |
|       100 |  214105   593605 |   78501      91     1289    14.2 | 28.890 % |
|       253 |  214109   593605 |   86351     240    10054    41.9 | 28.890 % |
|       481 |  214124   593605 |   94986     453    27970    61.7 | 28.890 % |
|       818 |  214137   593572 |  104485     726    46733    64.4 | 44.742 % |
|      1324 |  177255   546441 |  114934    1116    61778    55.4 | 44.870 % |
|      2083 |  176844   545910 |  126427    1842    94226    51.2 | 44.886 % |
|      3222 |  176544   545571 |  139070    2945   141877    48.2 | 44.979 % |
|      4930 |  175353   543684 |  152977    4201   227879    54.2 | 45.364 % |
|      7494 |  173969   541690 |  168274    6671   404771    60.7 | 45.656 % |
|     11338 |  172680   539674 |  185102   10401   677295    65.1 | 46.056 % |
|     17109 |  171263   537386 |  203612   15286  1001788    65.5 | 46.395 % |
==============================================================================
restarts              : 12
conflicts             : 21509          (5839 /sec)
decisions             : 74397          (20197 /sec)
propagations          : 35255461       (9570892 /sec)
conflict literals     : 1307052        (46.31 % deleted)
Memory used           : 19.34 MB
CPU time              : 3.68361 s

UNSATISFIABLE
