Reading from standard input... Use '-h' or '--help' for help.
==================================[MINISAT]===================================
| Conflicts |     ORIGINAL     |              LEARNT              | Progress |
|           | Clauses Literals |   Limit Clauses Literals  Lit/Cl |          |
==============================================================================
|         0 |  319701   905548 |  106567       0        0     nan |  0.000 % |
|       100 |  319713   905548 |  117223      88      897    10.2 | 30.394 % |
|       250 |  319733   905548 |  128946     215     8617    40.1 | 42.545 % |
|       477 |  319747   905548 |  141840     419    25424    60.7 | 42.600 % |
|       820 |  319757   905548 |  156024     751    54949    73.2 | 42.608 % |
|      1326 |  272932   844726 |  171627    1173    80384    68.5 | 42.619 % |
|      2085 |  272708   844354 |  188789    1825   153661    84.2 | 42.633 % |
|      3226 |  272724   844354 |  207668    2607   189317    72.6 | 42.655 % |
|      4934 |  272622   844168 |  228435    4266   317338    74.4 | 42.676 % |
|      7496 |  272530   843898 |  251279    6732   524836    78.0 | 42.701 % |
|     11341 |  272504   843886 |  276407   10433   906843    86.9 | 42.716 % |
|     17107 |  272584   843886 |  304048   16115  1570957    97.5 | 42.716 % |
|     25756 |  272405   843430 |  334452   24611  2414513    98.1 | 42.755 % |
==============================================================================
restarts              : 13
conflicts             : 34159          (6073 /sec)
decisions             : 112900         (20072 /sec)
propagations          : 48673367       (8653598 /sec)
conflict literals     : 3082403        (55.51 % deleted)
Memory used           : 33.00 MB
CPU time              : 5.62464 s

UNSATISFIABLE
