Reading from standard input... Use '-h' or '--help' for help.
==================================[MINISAT]===================================
| Conflicts |     ORIGINAL     |              LEARNT              | Progress |
|           | Clauses Literals |   Limit Clauses Literals  Lit/Cl |          |
==============================================================================
|         0 |  321661   908497 |  107220       0        0     nan |  0.000 % |
|       100 |  321673   908497 |  117942      88      909    10.3 | 29.979 % |
|       251 |  321682   908497 |  129736     227    12453    54.9 | 29.989 % |
|       476 |  321687   908497 |  142709     447    42543    95.2 | 29.989 % |
|       814 |  321632   908332 |  156980     742    64558    87.0 | 43.934 % |
|      1321 |  321648   908332 |  172678    1228   107939    87.9 | 43.999 % |
|      2080 |  269606   841511 |  189946    1908   151301    79.3 | 44.023 % |
|      3219 |  268959   840554 |  208941    2996   241051    80.5 | 44.144 % |
|      4927 |  266251   836648 |  229835    4552   330005    72.5 | 44.607 % |
|      7492 |  264043   833615 |  252819    6985   464233    66.5 | 45.070 % |
|     11338 |  258764   825053 |  278101    8664   618813    71.4 | 46.244 % |
|     17105 |  256784   821759 |  305911   12898   986289    76.5 | 46.394 % |
|     25754 |  255878   820292 |  336502   21178  1583398    74.8 | 46.549 % |
==============================================================================
restarts              : 13
conflicts             : 26024          (6067 /sec)
decisions             : 105476         (24590 /sec)
propagations          : 38201983       (8906060 /sec)
conflict literals     : 1810285        (42.50 % deleted)
Memory used           : 26.57 MB
CPU time              : 4.28944 s

UNSATISFIABLE
