Reading from standard input... Use '-h' or '--help' for help.
==================================[MINISAT]===================================
| Conflicts |     ORIGINAL     |              LEARNT              | Progress |
|           | Clauses Literals |   Limit Clauses Literals  Lit/Cl |          |
==============================================================================
|         0 |  325511   912541 |  108503       0        0     nan |  0.000 % |
|       101 |  325526   912541 |  119353      86     2041    23.7 | 29.429 % |
|       251 |  325533   912541 |  131288     224     5312    23.7 | 29.572 % |
|       477 |  325558   912541 |  144417     417    30108    72.2 | 29.738 % |
|       814 |  323555   910267 |  158859     731    62742    85.8 | 29.752 % |
|      1320 |  323577   910267 |  174745    1214   132913   109.5 | 35.691 % |
|      2079 |  295854   869934 |  192219    1930   239106   123.9 | 36.003 % |
|      3219 |  295896   869934 |  211441    3028   347027   114.6 | 36.003 % |
|      4927 |  293406   867180 |  232585    4630   537030   116.0 | 36.072 % |
|      7493 |  293245   866949 |  255844    7129   771939   108.3 | 36.106 % |
|     11337 |  293124   866718 |  281428   10904  1342986   123.2 | 36.209 % |
|     17104 |  291971   865326 |  309571   16430  1901980   115.8 | 36.312 % |
|     25753 |  291877   864974 |  340528   24915  2952219   118.5 | 36.348 % |
|     38727 |  292013   864884 |  374581   37655  4256982   113.1 | 36.348 % |
|     58190 |  292062   864638 |  412039   56871  6461370   113.6 | 36.370 % |
==============================================================================
restarts              : 15
conflicts             : 60549          (4881 /sec)
decisions             : 215049         (17337 /sec)
propagations          : 83813229       (6756975 /sec)
conflict literals     : 6689573        (49.96 % deleted)
Memory used           : 48.98 MB
CPU time              : 12.404 s

UNSATISFIABLE
