Reading from standard input... Use '-h' or '--help' for help.
==================================[MINISAT]===================================
| Conflicts |     ORIGINAL     |              LEARNT              | Progress |
|           | Clauses Literals |   Limit Clauses Literals  Lit/Cl |          |
==============================================================================
|         0 |  320919   907406 |  106973       0        0     nan |  0.000 % |
|       103 |  320933   907406 |  117670      89     1510    17.0 | 30.176 % |
|       253 |  320940   907406 |  129437     232    10510    45.3 | 30.176 % |
|       478 |  320959   907406 |  142381     436    16253    37.3 | 42.229 % |
|       817 |  274458   847483 |  156619     731    30347    41.5 | 42.242 % |
|      1324 |  274478   847483 |  172281    1218    65060    53.4 | 42.242 % |
|      2083 |  274439   847402 |  189509    1952   158480    81.2 | 42.276 % |
|      3222 |  274182   846904 |  208460    2980   312876   105.0 | 42.375 % |
|      4930 |  273324   845893 |  229306    4651   449460    96.6 | 42.439 % |
|      7492 |  273016   845440 |  252236    7163   602895    84.2 | 42.517 % |
|     11336 |  270304   841709 |  277460   10703   915597    85.5 | 42.981 % |
|     17107 |  269185   839783 |  305206   16238  1511444    93.1 | 43.223 % |
|     25757 |  268064   837689 |  335727   22476  2302145   102.4 | 43.337 % |
|     38731 |  267285   836249 |  369299   35207  3454265    98.1 | 43.472 % |
==============================================================================
restarts              : 14
conflicts             : 44197          (4430 /sec)
decisions             : 151466         (15183 /sec)
propagations          : 77424206       (7761046 /sec)
conflict literals     : 4115349        (48.76 % deleted)
Memory used           : 35.63 MB
CPU time              : 9.976 s

UNSATISFIABLE
