Reading from standard input... Use '-h' or '--help' for help.
==================================[MINISAT]===================================
| Conflicts |     ORIGINAL     |              LEARNT              | Progress |
|           | Clauses Literals |   Limit Clauses Literals  Lit/Cl |          |
==============================================================================
|         0 |  211751   590154 |   70583       0        0     nan |  0.000 % |
|       100 |  211755   590154 |   77641      95     1516    16.0 | 29.580 % |
|       250 |  211769   590154 |   85405     231    21096    91.3 | 29.580 % |
|       477 |  211717   590040 |   93945     396    28200    71.2 | 47.094 % |
|       816 |  172458   540901 |  103340     601    39597    65.9 | 47.253 % |
|      1323 |  172413   540823 |  113674    1096    79496    72.5 | 47.457 % |
|      2083 |  172433   540823 |  125042    1834   167100    91.1 | 47.613 % |
|      3222 |  170078   538063 |  137546    2946   235749    80.0 | 47.931 % |
|      4932 |  170133   538063 |  151300    4601   345943    75.2 | 47.931 % |
|      7498 |  168653   535837 |  166431    7130   485703    68.1 | 48.432 % |
==============================================================================
restarts              : 10
conflicts             : 10728          (7301 /sec)
decisions             : 35286          (24016 /sec)
propagations          : 17927278       (12201312 /sec)
conflict literals     : 624689         (41.84 % deleted)
Memory used           : 16.29 MB
CPU time              : 1.46929 s

UNSATISFIABLE
