Reading from standard input... Use '-h' or '--help' for help.
==================================[MINISAT]===================================
| Conflicts |     ORIGINAL     |              LEARNT              | Progress |
|           | Clauses Literals |   Limit Clauses Literals  Lit/Cl |          |
==============================================================================
|         0 |  330912   919845 |  110304       0        0     nan |  0.000 % |
|       100 |  330928   919845 |  121334      84     1074    12.8 | 28.293 % |
|       251 |  330937   919845 |  133467     226     3213    14.2 | 28.293 % |
|       476 |  330955   919845 |  146814     432    14874    34.4 | 28.297 % |
|       815 |  330944   919779 |  161496     716    51583    72.0 | 28.297 % |
|      1322 |  330952   919779 |  177645    1215    99462    81.9 | 28.297 % |
|      2083 |  295419   870348 |  195410    1897   145621    76.8 | 36.646 % |
|      3223 |  295117   869784 |  214951    3011   279720    92.9 | 36.666 % |
|      4932 |  294535   869082 |  236446    4671   498247   106.7 | 37.264 % |
|      7494 |  290824   864600 |  260091    6881   827146   120.2 | 37.375 % |
|     11339 |  290873   864513 |  286100   10607  1225305   115.5 | 37.539 % |
|     17105 |  289540   862608 |  314710   16172  1870816   115.7 | 37.631 % |
|     25757 |  289606   862608 |  346181   24756  3112732   125.7 | 37.638 % |
|     38733 |  288926   861525 |  380799   37561  4938528   131.5 | 37.804 % |
|     58194 |  288401   860715 |  418879   56945  8540570   150.0 | 37.822 % |
|     87387 |  288471   860631 |  460767   85993 12877931   149.8 | 38.331 % |

*** INTERRUPTED ***
restarts              : 16
conflicts             : 93327          (3156 /sec)
decisions             : 326208         (11031 /sec)
propagations          : 214101353      (7240115 /sec)
conflict literals     : 13737192       (49.63 % deleted)
Memory used           : 77.59 MB
CPU time              : 29.5715 s

*** INTERRUPTED ***
