Reading from standard input... Use '-h' or '--help' for help.
==================================[MINISAT]===================================
| Conflicts |     ORIGINAL     |              LEARNT              | Progress |
|           | Clauses Literals |   Limit Clauses Literals  Lit/Cl |          |
==============================================================================
|         0 |  340338   931572 |  113446       0        0     nan |  0.000 % |
|       102 |  340351   931572 |  124790      89      886    10.0 | 26.589 % |
|       253 |  340362   931572 |  137269     228     9131    40.0 | 26.591 % |
|       478 |  340367   931572 |  150996     445    19235    43.2 | 32.018 % |
|       816 |  340378   931572 |  166096     772    44353    57.5 | 32.018 % |
|      1323 |  314906   892376 |  182705    1248    92705    74.3 | 32.018 % |
|      2084 |  314851   892310 |  200976    1941   147069    75.8 | 32.024 % |
|      3223 |  314813   892223 |  221074    3065   243426    79.4 | 32.029 % |
|      4931 |  314795   892139 |  243181    4737   429980    90.8 | 32.040 % |
==============================================================================
restarts              : 9
conflicts             : 5391           (7226 /sec)
decisions             : 55489          (74379 /sec)
propagations          : 10145685       (13599585 /sec)
conflict literals     : 470354         (15.36 % deleted)
Memory used           : 22.59 MB
CPU time              : 0.746029 s

UNSATISFIABLE
